I//system/bin/fsck_msdos(  170): ** Phase 4 - Checking for Lost Files
E/libgenlock(  454): perform_lock_unlock_operation: GENLOCK_IOC_DREADLOCK failed (lockType0x1,err=Invalid argument fd=25)
W/Adreno200-EGLSUB(  454): <GetBackBuffer:1905>: genlock_lock_buffer GENLOCK_WRITE_LOCK failed
E/Adreno200-EGL(  454): <qeglDrvAPI_eglSwapBuffers:3388>: EGL_BAD_ALLOC
I//system/bin/fsck_msdos(  170): 22364 files, 1295408 free (80963 clusters)
E/libgenlock(  454): perform_lock_unlock_operation: GENLOCK_IOC_DREADLOCK failed (lockType0x1,err=Invalid argument fd=25)
W/Adreno200-EGLSUB(  454): <GetBackBuffer:1905>: genlock_lock_buffer GENLOCK_WRITE_LOCK failed
E/Adreno200-EGL(  454): <qeglDrvAPI_eglSwapBuffers:3388>: EGL_BAD_ALLOC
W/WindowManager(  497): App freeze timeout expired.
W/WindowManager(  497): Force clearing freeze: AppWindowToken{40f7db90 token=Token{411c47e8 ActivityRecord{40f7d7d8 com.cyanogenmod.trebuchet/.Launcher}}}
E/libgenlock(  454): perform_lock_unlock_operation: GENLOCK_IOC_DREADLOCK failed (lockType0x1,err=Invalid argument fd=25)
W/Adreno200-EGLSUB(  454): <GetBackBuffer:1905>: genlock_lock_buffer GENLOCK_WRITE_LOCK failed
E/Adreno200-EGL(  454): <qeglDrvAPI_eglSwapBuffers:3388>: EGL_BAD_ALLOC
I/Vold    (  170): Filesystem check completed OK
I/Vold    (  170): Device /dev/block/vold/179:28, target /storage/sdcard0 mounted @ /mnt/secure/staging
D/Vold    (  170): Volume sdcard state changing 3 (Checking) -> 4 (Mounted)
I/PackageManager(  497): Updating external media status from unmounted to mounted
E/libgenlock(  454): perform_lock_unlock_operation: GENLOCK_IOC_DREADLOCK failed (lockType0x1,err=Invalid argument fd=25)
W/Adreno200-EGLSUB(  454): <GetBackBuffer:1905>: genlock_lock_buffer GENLOCK_WRITE_LOCK failed
E/Adreno200-EGL(  454): <qeglDrvAPI_eglSwapBuffers:3388>: EGL_BAD_ALLOC
D/MountService(  497): volume state changed for /storage/sdcard0 (checking -> mounted)
E/VoldConnector(  497): NDC Command {4 volume mount /storage/sdcard0} took too long (3934ms)
D/MountService(  497): sendStorageIntent Intent { act=android.intent.action.MEDIA_MOUNTED dat=file:///storage/sdcard0 (has extras) }
D/VoldCmdListener(  170): asec list
E/libgenlock(  454): perform_lock_unlock_operation: GENLOCK_IOC_DREADLOCK failed (lockType0x1,err=Invalid argument fd=25)
W/Adreno200-EGLSUB(  454): <GetBackBuffer:1905>: genlock_lock_buffer GENLOCK_WRITE_LOCK failed
E/Adreno200-EGL(  454): <qeglDrvAPI_eglSwapBuffers:3388>: EGL_BAD_ALLOC
E/libgenlock(  454): perform_lock_unlock_operation: GENLOCK_IOC_DREADLOCK failed (lockType0x1,err=Invalid argument fd=25)
W/Adreno200-EGLSUB(  454): <GetBackBuffer:1905>: genlock_lock_buffer GENLOCK_WRITE_LOCK failed
E/Adreno200-EGL(  454): <qeglDrvAPI_eglSwapBuffers:3388>: EGL_BAD_ALLOC
E/libgenlock(  454): perform_lock_unlock_operation: GENLOCK_IOC_DREADLOCK failed (lockType0x1,err=Invalid argument fd=25)
W/Adreno200-EGLSUB(  454): <GetBackBuffer:1905>: genlock_lock_buffer GENLOCK_WRITE_LOCK failed
E/Adreno200-EGL(  454): <qeglDrvAPI_eglSwapBuffers:3388>: EGL_BAD_ALLOC
I/PackageManager(  497): No secure containers on sdcard
W/PackageManager(  497): Unknown permission com.google.android.googleapps.permission.GOOGLE_AUTH.mail in package com.android.contacts
W/PackageManager(  497): Unknown permission android.permission.ADD_SYSTEM_SERVICE in package com.android.phone
W/PackageManager(  497): Unknown permission com.google.android.googleapps.permission.GOOGLE_AUTH in package com.android.providers.calendar
W/PackageManager(  497): Unknown permission com.google.android.googleapps.permission.GOOGLE_AUTH.cl in package com.android.providers.calendar
W/PackageManager(  497): Unknown permission com.google.android.googleapps.permission.GOOGLE_AUTH.mail in package com.android.calendar
W/PackageManager(  497): Not granting permission android.permission.SEND_DOWNLOAD_COMPLETED_INTENTS to package com.android.browser (protectionLevel=2 flags=0x9be45)
E/libgenlock(  454): perform_lock_unlock_operation: GENLOCK_IOC_DREADLOCK failed (lockType0x1,err=Invalid argument fd=25)
W/Adreno200-EGLSUB(  454): <GetBackBuffer:1905>: genlock_lock_buffer GENLOCK_WRITE_LOCK failed
E/Adreno200-EGL(  454): <qeglDrvAPI_eglSwapBuffers:3388>: EGL_BAD_ALLOC
W/PackageManager(  497): Unknown permission com.google.android.c2dm.permission.RECEIVE in package com.koushikdutta.rommanager
W/PackageManager(  497): Unknown permission com.android.vending.BILLING in package com.koushikdutta.rommanager
W/PackageManager(  497): Unknown permission com.google.android.googleapps.permission.GOOGLE_AUTH in package com.android.settings
W/PackageManager(  497): Unknown permission com.google.android.googleapps.permission.GOOGLE_AUTH in package com.android.providers.contacts
W/PackageManager(  497): Unknown permission com.google.android.googleapps.permission.GOOGLE_AUTH.cp in package com.android.providers.contacts
W/PackageManager(  497): Unknown permission android.permission.ACCESS_4G_RADIO_DISABLE in package com.android.systemui
W/PackageManager(  497): Unknown permission android.permission.ACCESS_4G_STATE in package com.android.systemui
W/PackageManager(  497): Unknown permission android.permission.CHANGE_4G_STATE in package com.android.systemui
W/PackageManager(  497): Unknown permission com.google.android.googleapps.permission.ACCESS_GOOGLE_PASSWORD in package com.android.development
W/PackageManager(  497): Unknown permission com.google.android.googleapps.permission.GOOGLE_AUTH in package com.android.development
W/PackageManager(  497): Unknown permission com.google.android.googleapps.permission.GOOGLE_AUTH.ALL_SERVICES in package com.android.development
W/PackageManager(  497): Unknown permission com.google.android.googleapps.permission.GOOGLE_AUTH.YouTubeUser in package com.android.development
W/PackageManager(  497): Not granting permission android.permission.DEVICE_POWER to package com.android.deskclock (protectionLevel=2 flags=0x8be45)
E/libgenlock(  454): perform_lock_unlock_operation: GENLOCK_IOC_DREADLOCK failed (lockType0x1,err=Invalid argument fd=25)
W/Adreno200-EGLSUB(  454): <GetBackBuffer:1905>: genlock_lock_buffer GENLOCK_WRITE_LOCK failed
E/Adreno200-EGL(  454): <qeglDrvAPI_eglSwapBuffers:3388>: EGL_BAD_ALLOC
E/libgenlock(  454): perform_lock_unlock_operation: GENLOCK_IOC_DREADLOCK failed (lockType0x1,err=Invalid argument fd=25)
W/Adreno200-EGLSUB(  454): <GetBackBuffer:1905>: genlock_lock_buffer GENLOCK_WRITE_LOCK failed
E/Adreno200-EGL(  454): <qeglDrvAPI_eglSwapBuffers:3388>: EGL_BAD_ALLOC
E/libgenlock(  454): perform_lock_unlock_operation: GENLOCK_IOC_DREADLOCK failed (lockType0x1,err=Invalid argument fd=25)
W/Adreno200-EGLSUB(  454): <GetBackBuffer:1905>: genlock_lock_buffer GENLOCK_WRITE_LOCK failed
E/Adreno200-EGL(  454): <qeglDrvAPI_eglSwapBuffers:3388>: EGL_BAD_ALLOC
E/libgenlock(  454): perform_lock_unlock_operation: GENLOCK_IOC_DREADLOCK failed (lockType0x1,err=Invalid argument fd=25)
W/Adreno200-EGLSUB(  454): <GetBackBuffer:1905>: genlock_lock_buffer GENLOCK_WRITE_LOCK failed
E/Adreno200-EGL(  454): <qeglDrvAPI_eglSwapBuffers:3388>: EGL_BAD_ALLOC
D/AudioHardwareMSM8660(  179): AudioStreamOutMSM8x60::standby()
D/AudioHardwareMSM8660(  179): Deroute pcm stream
D/AudioHardwareMSM8660(  179): deleteFromTable stream 1
E/AudioHardwareMSM8660(  179): value of device and enable is 2 0 ALSA dev id:2
E/libgenlock(  454): perform_lock_unlock_operation: GENLOCK_IOC_DREADLOCK failed (lockType0x1,err=Invalid argument fd=25)
W/Adreno200-EGLSUB(  454): <GetBackBuffer:1905>: genlock_lock_buffer GENLOCK_WRITE_LOCK failed
E/Adreno200-EGL(  454): <qeglDrvAPI_eglSwapBuffers:3388>: EGL_BAD_ALLOC
E/libgenlock(  454): perform_lock_unlock_operation: GENLOCK_IOC_DREADLOCK failed (lockType0x1,err=Invalid argument fd=25)
W/Adreno200-EGLSUB(  454): <GetBackBuffer:1905>: genlock_lock_buffer GENLOCK_WRITE_LOCK failed
E/Adreno200-EGL(  454): <qeglDrvAPI_eglSwapBuffers:3388>: EGL_BAD_ALLOC
E/libgenlock(  454): perform_lock_unlock_operation: GENLOCK_IOC_DREADLOCK failed (lockType0x1,err=Invalid argument fd=25)
W/Adreno200-EGLSUB(  454): <GetBackBuffer:1905>: genlock_lock_buffer GENLOCK_WRITE_LOCK failed
E/Adreno200-EGL(  454): <qeglDrvAPI_eglSwapBuffers:3388>: EGL_BAD_ALLOC
E/libgenlock(  454): perform_lock_unlock_operation: GENLOCK_IOC_DREADLOCK failed (lockType0x1,err=Invalid argument fd=25)
W/Adreno200-EGLSUB(  454): <GetBackBuffer:1905>: genlock_lock_buffer GENLOCK_WRITE_LOCK failed
E/Adreno200-EGL(  454): <qeglDrvAPI_eglSwapBuffers:3388>: EGL_BAD_ALLOC
E/libgenlock(  454): perform_lock_unlock_operation: GENLOCK_IOC_DREADLOCK failed (lockType0x1,err=Invalid argument fd=25)
W/Adreno200-EGLSUB(  454): <GetBackBuffer:1905>: genlock_lock_buffer GENLOCK_WRITE_LOCK failed
E/Adreno200-EGL(  454): <qeglDrvAPI_eglSwapBuffers:3388>: EGL_BAD_ALLOC
E/libgenlock(  454): perform_lock_unlock_operation: GENLOCK_IOC_DREADLOCK failed (lockType0x1,err=Invalid argument fd=25)
W/Adreno200-EGLSUB(  454): <GetBackBuffer:1905>: genlock_lock_buffer GENLOCK_WRITE_LOCK failed
E/Adreno200-EGL(  454): <qeglDrvAPI_eglSwapBuffers:3388>: EGL_BAD_ALLOC
E/libgenlock(  454): perform_lock_unlock_operation: GENLOCK_IOC_DREADLOCK failed (lockType0x1,err=Invalid argument fd=25)
W/Adreno200-EGLSUB(  454): <GetBackBuffer:1905>: genlock_lock_buffer GENLOCK_WRITE_LOCK failed
E/Adreno200-EGL(  454): <qeglDrvAPI_eglSwapBuffers:3388>: EGL_BAD_ALLOC
E/libgenlock(  454): perform_lock_unlock_operation: GENLOCK_IOC_DREADLOCK failed (lockType0x1,err=Invalid argument fd=25)
W/Adreno200-EGLSUB(  454): <GetBackBuffer:1905>: genlock_lock_buffer GENLOCK_WRITE_LOCK failed
E/Adreno200-EGL(  454): <qeglDrvAPI_eglSwapBuffers:3388>: EGL_BAD_ALLOC
E/libgenlock(  454): perform_lock_unlock_operation: GENLOCK_IOC_DREADLOCK failed (lockType0x1,err=Invalid argument fd=25)
W/Adreno200-EGLSUB(  454): <GetBackBuffer:1905>: genlock_lock_buffer GENLOCK_WRITE_LOCK failed
E/Adreno200-EGL(  454): <qeglDrvAPI_eglSwapBuffers:3388>: EGL_BAD_ALLOC
E/libgenlock(  454): perform_lock_unlock_operation: GENLOCK_IOC_DREADLOCK failed (lockType0x1,err=Invalid argument fd=25)
W/Adreno200-EGLSUB(  454): <GetBackBuffer:1905>: genlock_lock_buffer GENLOCK_WRITE_LOCK failed
E/Adreno200-EGL(  454): <qeglDrvAPI_eglSwapBuffers:3388>: EGL_BAD_ALLOC
E/libgenlock(  454): perform_lock_unlock_operation: GENLOCK_IOC_DREADLOCK failed (lockType0x1,err=Invalid argument fd=25)
W/Adreno200-EGLSUB(  454): <GetBackBuffer:1905>: genlock_lock_buffer GENLOCK_WRITE_LOCK failed
E/Adreno200-EGL(  454): <qeglDrvAPI_eglSwapBuffers:3388>: EGL_BAD_ALLOC
E/libgenlock(  454): perform_lock_unlock_operation: GENLOCK_IOC_DREADLOCK failed (lockType0x1,err=Invalid argument fd=25)
W/Adreno200-EGLSUB(  454): <GetBackBuffer:1905>: genlock_lock_buffer GENLOCK_WRITE_LOCK failed
E/Adreno200-EGL(  454): <qeglDrvAPI_eglSwapBuffers:3388>: EGL_BAD_ALLOC
E/libgenlock(  454): perform_lock_unlock_operation: GENLOCK_IOC_DREADLOCK failed (lockType0x1,err=Invalid argument fd=25)
W/Adreno200-EGLSUB(  454): <GetBackBuffer:1905>: genlock_lock_buffer GENLOCK_WRITE_LOCK failed
E/Adreno200-EGL(  454): <qeglDrvAPI_eglSwapBuffers:3388>: EGL_BAD_ALLOC
E/libgenlock(  454): perform_lock_unlock_operation: GENLOCK_IOC_DREADLOCK failed (lockType0x1,err=Invalid argument fd=25)
W/Adreno200-EGLSUB(  454): <GetBackBuffer:1905>: genlock_lock_buffer GENLOCK_WRITE_LOCK failed
E/Adreno200-EGL(  454): <qeglDrvAPI_eglSwapBuffers:3388>: EGL_BAD_ALLOC
E/libgenlock(  454): perform_lock_unlock_operation: GENLOCK_IOC_DREADLOCK failed (lockType0x1,err=Invalid argument fd=25)
W/Adreno200-EGLSUB(  454): <GetBackBuffer:1905>: genlock_lock_buffer GENLOCK_WRITE_LOCK failed
E/Adreno200-EGL(  454): <qeglDrvAPI_eglSwapBuffers:3388>: EGL_BAD_ALLOC
E/libgenlock(  454): perform_lock_unlock_operation: GENLOCK_IOC_DREADLOCK failed (lockType0x1,err=Invalid argument fd=25)
W/Adreno200-EGLSUB(  454): <GetBackBuffer:1905>: genlock_lock_buffer GENLOCK_WRITE_LOCK failed
E/Adreno200-EGL(  454): <qeglDrvAPI_eglSwapBuffers:3388>: EGL_BAD_ALLOC
E/libgenlock(  454): perform_lock_unlock_operation: GENLOCK_IOC_DREADLOCK failed (lockType0x1,err=Invalid argument fd=25)
W/Adreno200-EGLSUB(  454): <GetBackBuffer:1905>: genlock_lock_buffer GENLOCK_WRITE_LOCK failed
E/Adreno200-EGL(  454): <qeglDrvAPI_eglSwapBuffers:3388>: EGL_BAD_ALLOC
E/libgenlock(  454): perform_lock_unlock_operation: GENLOCK_IOC_DREADLOCK failed (lockType0x1,err=Invalid argument fd=25)
W/Adreno200-EGLSUB(  454): <GetBackBuffer:1905>: genlock_lock_buffer GENLOCK_WRITE_LOCK failed
E/Adreno200-EGL(  454): <qeglDrvAPI_eglSwapBuffers:3388>: EGL_BAD_ALLOC
E/libgenlock(  454): perform_lock_unlock_operation: GENLOCK_IOC_DREADLOCK failed (lockType0x1,err=Invalid argument fd=25)
W/Adreno200-EGLSUB(  454): <GetBackBuffer:1905>: genlock_lock_buffer GENLOCK_WRITE_LOCK failed
E/Adreno200-EGL(  454): <qeglDrvAPI_eglSwapBuffers:3388>: EGL_BAD_ALLOC
E/libgenlock(  454): perform_lock_unlock_operation: GENLOCK_IOC_DREADLOCK failed (lockType0x1,err=Invalid argument fd=25)
W/Adreno200-EGLSUB(  454): <GetBackBuffer:1905>: genlock_lock_buffer GENLOCK_WRITE_LOCK failed
E/Adreno200-EGL(  454): <qeglDrvAPI_eglSwapBuffers:3388>: EGL_BAD_ALLOC
E/libgenlock(  454): perform_lock_unlock_operation: GENLOCK_IOC_DREADLOCK failed (lockType0x1,err=Invalid argument fd=25)
W/Adreno200-EGLSUB(  454): <GetBackBuffer:1905>: genlock_lock_buffer GENLOCK_WRITE_LOCK failed
E/Adreno200-EGL(  454): <qeglDrvAPI_eglSwapBuffers:3388>: EGL_BAD_ALLOC
E/libgenlock(  454): perform_lock_unlock_operation: GENLOCK_IOC_DREADLOCK failed (lockType0x1,err=Invalid argument fd=25)
W/Adreno200-EGLSUB(  454): <GetBackBuffer:1905>: genlock_lock_buffer GENLOCK_WRITE_LOCK failed
E/Adreno200-EGL(  454): <qeglDrvAPI_eglSwapBuffers:3388>: EGL_BAD_ALLOC
E/libgenlock(  454): perform_lock_unlock_operation: GENLOCK_IOC_DREADLOCK failed (lockType0x1,err=Invalid argument fd=25)
W/Adreno200-EGLSUB(  454): <GetBackBuffer:1905>: genlock_lock_buffer GENLOCK_WRITE_LOCK failed
E/Adreno200-EGL(  454): <qeglDrvAPI_eglSwapBuffers:3388>: EGL_BAD_ALLOC
E/libgenlock(  454): perform_lock_unlock_operation: GENLOCK_IOC_DREADLOCK failed (lockType0x1,err=Invalid argument fd=25)
W/Adreno200-EGLSUB(  454): <GetBackBuffer:1905>: genlock_lock_buffer GENLOCK_WRITE_LOCK failed
E/Adreno200-EGL(  454): <qeglDrvAPI_eglSwapBuffers:3388>: EGL_BAD_ALLOC
E/libgenlock(  454): perform_lock_unlock_operation: GENLOCK_IOC_DREADLOCK failed (lockType0x1,err=Invalid argument fd=25)
W/Adreno200-EGLSUB(  454): <GetBackBuffer:1905>: genlock_lock_buffer GENLOCK_WRITE_LOCK failed
E/Adreno200-EGL(  454): <qeglDrvAPI_eglSwapBuffers:3388>: EGL_BAD_ALLOC
E/libgenlock(  454): perform_lock_unlock_operation: GENLOCK_IOC_DREADLOCK failed (lockType0x1,err=Invalid argument fd=25)
W/Adreno200-EGLSUB(  454): <GetBackBuffer:1905>: genlock_lock_buffer GENLOCK_WRITE_LOCK failed
E/Adreno200-EGL(  454): <qeglDrvAPI_eglSwapBuffers:3388>: EGL_BAD_ALLOC
E/libgenlock(  454): perform_lock_unlock_operation: GENLOCK_IOC_DREADLOCK failed (lockType0x1,err=Invalid argument fd=25)
W/Adreno200-EGLSUB(  454): <GetBackBuffer:1905>: genlock_lock_buffer GENLOCK_WRITE_LOCK failed
E/Adreno200-EGL(  454): <qeglDrvAPI_eglSwapBuffers:3388>: EGL_BAD_ALLOC
E/libgenlock(  454): perform_lock_unlock_operation: GENLOCK_IOC_DREADLOCK failed (lockType0x1,err=Invalid argument fd=25)
W/Adreno200-EGLSUB(  454): <GetBackBuffer:1905>: genlock_lock_buffer GENLOCK_WRITE_LOCK failed
E/Adreno200-EGL(  454): <qeglDrvAPI_eglSwapBuffers:3388>: EGL_BAD_ALLOC
E/libgenlock(  454): perform_lock_unlock_operation: GENLOCK_IOC_DREADLOCK failed (lockType0x1,err=Invalid argument fd=25)
W/Adreno200-EGLSUB(  454): <GetBackBuffer:1905>: genlock_lock_buffer GENLOCK_WRITE_LOCK failed
E/Adreno200-EGL(  454): <qeglDrvAPI_eglSwapBuffers:3388>: EGL_BAD_ALLOC
E/libgenlock(  454): perform_lock_unlock_operation: GENLOCK_IOC_DREADLOCK failed (lockType0x1,err=Invalid argument fd=25)
W/Adreno200-EGLSUB(  454): <GetBackBuffer:1905>: genlock_lock_buffer GENLOCK_WRITE_LOCK failed
E/Adreno200-EGL(  454): <qeglDrvAPI_eglSwapBuffers:3388>: EGL_BAD_ALLOC
E/libgenlock(  454): perform_lock_unlock_operation: GENLOCK_IOC_DREADLOCK failed (lockType0x1,err=Invalid argument fd=25)
W/Adreno200-EGLSUB(  454): <GetBackBuffer:1905>: genlock_lock_buffer GENLOCK_WRITE_LOCK failed
E/Adreno200-EGL(  454): <qeglDrvAPI_eglSwapBuffers:3388>: EGL_BAD_ALLOC
E/libgenlock(  454): perform_lock_unlock_operation: GENLOCK_IOC_DREADLOCK failed (lockType0x1,err=Invalid argument fd=25)
W/Adreno200-EGLSUB(  454): <GetBackBuffer:1905>: genlock_lock_buffer GENLOCK_WRITE_LOCK failed
E/Adreno200-EGL(  454): <qeglDrvAPI_eglSwapBuffers:3388>: EGL_BAD_ALLOC
E/libgenlock(  454): perform_lock_unlock_operation: GENLOCK_IOC_DREADLOCK failed (lockType0x1,err=Invalid argument fd=25)
W/Adreno200-EGLSUB(  454): <GetBackBuffer:1905>: genlock_lock_buffer GENLOCK_WRITE_LOCK failed
E/Adreno200-EGL(  454): <qeglDrvAPI_eglSwapBuffers:3388>: EGL_BAD_ALLOC
E/libgenlock(  454): perform_lock_unlock_operation: GENLOCK_IOC_DREADLOCK failed (lockType0x1,err=Invalid argument fd=25)
W/Adreno200-EGLSUB(  454): <GetBackBuffer:1905>: genlock_lock_buffer GENLOCK_WRITE_LOCK failed
E/Adreno200-EGL(  454): <qeglDrvAPI_eglSwapBuffers:3388>: EGL_BAD_ALLOC
E/libgenlock(  454): perform_lock_unlock_operation: GENLOCK_IOC_DREADLOCK failed (lockType0x1,err=Invalid argument fd=25)
W/Adreno200-EGLSUB(  454): <GetBackBuffer:1905>: genlock_lock_buffer GENLOCK_WRITE_LOCK failed
E/Adreno200-EGL(  454): <qeglDrvAPI_eglSwapBuffers:3388>: EGL_BAD_ALLOC
E/libgenlock(  454): perform_lock_unlock_operation: GENLOCK_IOC_DREADLOCK failed (lockType0x1,err=Invalid argument fd=25)
W/Adreno200-EGLSUB(  454): <GetBackBuffer:1905>: genlock_lock_buffer GENLOCK_WRITE_LOCK failed
E/Adreno200-EGL(  454): <qeglDrvAPI_eglSwapBuffers:3388>: EGL_BAD_ALLOC
E/libgenlock(  454): perform_lock_unlock_operation: GENLOCK_IOC_DREADLOCK failed (lockType0x1,err=Invalid argument fd=25)
W/Adreno200-EGLSUB(  454): <GetBackBuffer:1905>: genlock_lock_buffer GENLOCK_WRITE_LOCK failed
E/Adreno200-EGL(  454): <qeglDrvAPI_eglSwapBuffers:3388>: EGL_BAD_ALLOC
E/libgenlock(  454): perform_lock_unlock_operation: GENLOCK_IOC_DREADLOCK failed (lockType0x1,err=Invalid argument fd=25)
W/Adreno200-EGLSUB(  454): <GetBackBuffer:1905>: genlock_lock_buffer GENLOCK_WRITE_LOCK failed
E/Adreno200-EGL(  454): <qeglDrvAPI_eglSwapBuffers:3388>: EGL_BAD_ALLOC
E/libgenlock(  454): perform_lock_unlock_operation: GENLOCK_IOC_DREADLOCK failed (lockType0x1,err=Invalid argument fd=25)
W/Adreno200-EGLSUB(  454): <GetBackBuffer:1905>: genlock_lock_buffer GENLOCK_WRITE_LOCK failed
E/Adreno200-EGL(  454): <qeglDrvAPI_eglSwapBuffers:3388>: EGL_BAD_ALLOC
E/libgenlock(  454): perform_lock_unlock_operation: GENLOCK_IOC_DREADLOCK failed (lockType0x1,err=Invalid argument fd=25)
W/Adreno200-EGLSUB(  454): <GetBackBuffer:1905>: genlock_lock_buffer GENLOCK_WRITE_LOCK failed
E/Adreno200-EGL(  454): <qeglDrvAPI_eglSwapBuffers:3388>: EGL_BAD_ALLOC
E/libgenlock(  454): perform_lock_unlock_operation: GENLOCK_IOC_DREADLOCK failed (lockType0x1,err=Invalid argument fd=25)
W/Adreno200-EGLSUB(  454): <GetBackBuffer:1905>: genlock_lock_buffer GENLOCK_WRITE_LOCK failed
E/Adreno200-EGL(  454): <qeglDrvAPI_eglSwapBuffers:3388>: EGL_BAD_ALLOC
E/libgenlock(  454): perform_lock_unlock_operation: GENLOCK_IOC_DREADLOCK failed (lockType0x1,err=Invalid argument fd=25)
W/Adreno200-EGLSUB(  454): <GetBackBuffer:1905>: genlock_lock_buffer GENLOCK_WRITE_LOCK failed
E/Adreno200-EGL(  454): <qeglDrvAPI_eglSwapBuffers:3388>: EGL_BAD_ALLOC
E/libgenlock(  454): perform_lock_unlock_operation: GENLOCK_IOC_DREADLOCK failed (lockType0x1,err=Invalid argument fd=25)
W/Adreno200-EGLSUB(  454): <GetBackBuffer:1905>: genlock_lock_buffer GENLOCK_WRITE_LOCK failed
E/Adreno200-EGL(  454): <qeglDrvAPI_eglSwapBuffers:3388>: EGL_BAD_ALLOC
E/libgenlock(  454): perform_lock_unlock_operation: GENLOCK_IOC_DREADLOCK failed (lockType0x1,err=Invalid argument fd=25)
W/Adreno200-EGLSUB(  454): <GetBackBuffer:1905>: genlock_lock_buffer GENLOCK_WRITE_LOCK failed
E/Adreno200-EGL(  454): <qeglDrvAPI_eglSwapBuffers:3388>: EGL_BAD_ALLOC
E/libgenlock(  454): perform_lock_unlock_operation: GENLOCK_IOC_DREADLOCK failed (lockType0x1,err=Invalid argument fd=25)
W/Adreno200-EGLSUB(  454): <GetBackBuffer:1905>: genlock_lock_buffer GENLOCK_WRITE_LOCK failed
E/Adreno200-EGL(  454): <qeglDrvAPI_eglSwapBuffers:3388>: EGL_BAD_ALLOC
E/libgenlock(  454): perform_lock_unlock_operation: GENLOCK_IOC_DREADLOCK failed (lockType0x1,err=Invalid argument fd=25)
W/Adreno200-EGLSUB(  454): <GetBackBuffer:1905>: genlock_lock_buffer GENLOCK_WRITE_LOCK failed
E/Adreno200-EGL(  454): <qeglDrvAPI_eglSwapBuffers:3388>: EGL_BAD_ALLOC
E/libgenlock(  454): perform_lock_unlock_operation: GENLOCK_IOC_DREADLOCK failed (lockType0x1,err=Invalid argument fd=25)
W/Adreno200-EGLSUB(  454): <GetBackBuffer:1905>: genlock_lock_buffer GENLOCK_WRITE_LOCK failed
E/Adreno200-EGL(  454): <qeglDrvAPI_eglSwapBuffers:3388>: EGL_BAD_ALLOC
E/libgenlock(  454): perform_lock_unlock_operation: GENLOCK_IOC_DREADLOCK failed (lockType0x1,err=Invalid argument fd=25)
W/Adreno200-EGLSUB(  454): <GetBackBuffer:1905>: genlock_lock_buffer GENLOCK_WRITE_LOCK failed
E/Adreno200-EGL(  454): <qeglDrvAPI_eglSwapBuffers:3388>: EGL_BAD_ALLOC
E/libgenlock(  454): perform_lock_unlock_operation: GENLOCK_IOC_DREADLOCK failed (lockType0x1,err=Invalid argument fd=25)
W/Adreno200-EGLSUB(  454): <GetBackBuffer:1905>: genlock_lock_buffer GENLOCK_WRITE_LOCK failed
E/Adreno200-EGL(  454): <qeglDrvAPI_eglSwapBuffers:3388>: EGL_BAD_ALLOC
E/libgenlock(  454): perform_lock_unlock_operation: GENLOCK_IOC_DREADLOCK failed (lockType0x1,err=Invalid argument fd=25)
W/Adreno200-EGLSUB(  454): <GetBackBuffer:1905>: genlock_lock_buffer GENLOCK_WRITE_LOCK failed
E/Adreno200-EGL(  454): <qeglDrvAPI_eglSwapBuffers:3388>: EGL_BAD_ALLOC
E/libgenlock(  454): perform_lock_unlock_operation: GENLOCK_IOC_DREADLOCK failed (lockType0x1,err=Invalid argument fd=25)
W/Adreno200-EGLSUB(  454): <GetBackBuffer:1905>: genlock_lock_buffer GENLOCK_WRITE_LOCK failed
E/Adreno200-EGL(  454): <qeglDrvAPI_eglSwapBuffers:3388>: EGL_BAD_ALLOC
E/libgenlock(  454): perform_lock_unlock_operation: GENLOCK_IOC_DREADLOCK failed (lockType0x1,err=Invalid argument fd=25)
W/Adreno200-EGLSUB(  454): <GetBackBuffer:1905>: genlock_lock_buffer GENLOCK_WRITE_LOCK failed
E/Adreno200-EGL(  454): <qeglDrvAPI_eglSwapBuffers:3388>: EGL_BAD_ALLOC
E/libgenlock(  454): perform_lock_unlock_operation: GENLOCK_IOC_DREADLOCK failed (lockType0x1,err=Invalid argument fd=25)
W/Adreno200-EGLSUB(  454): <GetBackBuffer:1905>: genlock_lock_buffer GENLOCK_WRITE_LOCK failed
E/Adreno200-EGL(  454): <qeglDrvAPI_eglSwapBuffers:3388>: EGL_BAD_ALLOC
E/libgenlock(  454): perform_lock_unlock_operation: GENLOCK_IOC_DREADLOCK failed (lockType0x1,err=Invalid argument fd=25)
W/Adreno200-EGLSUB(  454): <GetBackBuffer:1905>: genlock_lock_buffer GENLOCK_WRITE_LOCK failed
E/Adreno200-EGL(  454): <qeglDrvAPI_eglSwapBuffers:3388>: EGL_BAD_ALLOC
E/libgenlock(  454): perform_lock_unlock_operation: GENLOCK_IOC_DREADLOCK failed (lockType0x1,err=Invalid argument fd=25)
W/Adreno200-EGLSUB(  454): <GetBackBuffer:1905>: genlock_lock_buffer GENLOCK_WRITE_LOCK failed
E/Adreno200-EGL(  454): <qeglDrvAPI_eglSwapBuffers:3388>: EGL_BAD_ALLOC
E/libgenlock(  454): perform_lock_unlock_operation: GENLOCK_IOC_DREADLOCK failed (lockType0x1,err=Invalid argument fd=25)
W/Adreno200-EGLSUB(  454): <GetBackBuffer:1905>: genlock_lock_buffer GENLOCK_WRITE_LOCK failed
E/Adreno200-EGL(  454): <qeglDrvAPI_eglSwapBuffers:3388>: EGL_BAD_ALLOC
E/libgenlock(  454): perform_lock_unlock_operation: GENLOCK_IOC_DREADLOCK failed (lockType0x1,err=Invalid argument fd=25)
W/Adreno200-EGLSUB(  454): <GetBackBuffer:1905>: genlock_lock_buffer GENLOCK_WRITE_LOCK failed
E/Adreno200-EGL(  454): <qeglDrvAPI_eglSwapBuffers:3388>: EGL_BAD_ALLOC
E/libgenlock(  454): perform_lock_unlock_operation: GENLOCK_IOC_DREADLOCK failed (lockType0x1,err=Invalid argument fd=25)
W/Adreno200-EGLSUB(  454): <GetBackBuffer:1905>: genlock_lock_buffer GENLOCK_WRITE_LOCK failed
E/Adreno200-EGL(  454): <qeglDrvAPI_eglSwapBuffers:3388>: EGL_BAD_ALLOC
E/libgenlock(  454): perform_lock_unlock_operation: GENLOCK_IOC_DREADLOCK failed (lockType0x1,err=Invalid argument fd=25)
W/Adreno200-EGLSUB(  454): <GetBackBuffer:1905>: genlock_lock_buffer GENLOCK_WRITE_LOCK failed
E/Adreno200-EGL(  454): <qeglDrvAPI_eglSwapBuffers:3388>: EGL_BAD_ALLOC
E/libgenlock(  454): perform_lock_unlock_operation: GENLOCK_IOC_DREADLOCK failed (lockType0x1,err=Invalid argument fd=25)
W/Adreno200-EGLSUB(  454): <GetBackBuffer:1905>: genlock_lock_buffer GENLOCK_WRITE_LOCK failed
E/Adreno200-EGL(  454): <qeglDrvAPI_eglSwapBuffers:3388>: EGL_BAD_ALLOC
E/libgenlock(  454): perform_lock_unlock_operation: GENLOCK_IOC_DREADLOCK failed (lockType0x1,err=Invalid argument fd=25)
W/Adreno200-EGLSUB(  454): <GetBackBuffer:1905>: genlock_lock_buffer GENLOCK_WRITE_LOCK failed
E/Adreno200-EGL(  454): <qeglDrvAPI_eglSwapBuffers:3388>: EGL_BAD_ALLOC
E/libgenlock(  454): perform_lock_unlock_operation: GENLOCK_IOC_DREADLOCK failed (lockType0x1,err=Invalid argument fd=25)
W/Adreno200-EGLSUB(  454): <GetBackBuffer:1905>: genlock_lock_buffer GENLOCK_WRITE_LOCK failed
E/Adreno200-EGL(  454): <qeglDrvAPI_eglSwapBuffers:3388>: EGL_BAD_ALLOC
E/libgenlock(  454): perform_lock_unlock_operation: GENLOCK_IOC_DREADLOCK failed (lockType0x1,err=Invalid argument fd=25)
W/Adreno200-EGLSUB(  454): <GetBackBuffer:1905>: genlock_lock_buffer GENLOCK_WRITE_LOCK failed
E/Adreno200-EGL(  454): <qeglDrvAPI_eglSwapBuffers:3388>: EGL_BAD_ALLOC
E/libgenlock(  454): perform_lock_unlock_operation: GENLOCK_IOC_DREADLOCK failed (lockType0x1,err=Invalid argument fd=25)
W/Adreno200-EGLSUB(  454): <GetBackBuffer:1905>: genlock_lock_buffer GENLOCK_WRITE_LOCK failed
E/Adreno200-EGL(  454): <qeglDrvAPI_eglSwapBuffers:3388>: EGL_BAD_ALLOC
E/libgenlock(  454): perform_lock_unlock_operation: GENLOCK_IOC_DREADLOCK failed (lockType0x1,err=Invalid argument fd=25)
W/Adreno200-EGLSUB(  454): <GetBackBuffer:1905>: genlock_lock_buffer GENLOCK_WRITE_LOCK failed
E/Adreno200-EGL(  454): <qeglDrvAPI_eglSwapBuffers:3388>: EGL_BAD_ALLOC
E/libgenlock(  454): perform_lock_unlock_operation: GENLOCK_IOC_DREADLOCK failed (lockType0x1,err=Invalid argument fd=25)
W/Adreno200-EGLSUB(  454): <GetBackBuffer:1905>: genlock_lock_buffer GENLOCK_WRITE_LOCK failed
E/Adreno200-EGL(  454): <qeglDrvAPI_eglSwapBuffers:3388>: EGL_BAD_ALLOC
E/libgenlock(  454): perform_lock_unlock_operation: GENLOCK_IOC_DREADLOCK failed (lockType0x1,err=Invalid argument fd=25)
W/Adreno200-EGLSUB(  454): <GetBackBuffer:1905>: genlock_lock_buffer GENLOCK_WRITE_LOCK failed
E/Adreno200-EGL(  454): <qeglDrvAPI_eglSwapBuffers:3388>: EGL_BAD_ALLOC
E/libgenlock(  454): perform_lock_unlock_operation: GENLOCK_IOC_DREADLOCK failed (lockType0x1,err=Invalid argument fd=25)
W/Adreno200-EGLSUB(  454): <GetBackBuffer:1905>: genlock_lock_buffer GENLOCK_WRITE_LOCK failed
E/Adreno200-EGL(  454): <qeglDrvAPI_eglSwapBuffers:3388>: EGL_BAD_ALLOC
E/libgenlock(  454): perform_lock_unlock_operation: GENLOCK_IOC_DREADLOCK failed (lockType0x1,err=Invalid argument fd=25)
W/Adreno200-EGLSUB(  454): <GetBackBuffer:1905>: genlock_lock_buffer GENLOCK_WRITE_LOCK failed
E/Adreno200-EGL(  454): <qeglDrvAPI_eglSwapBuffers:3388>: EGL_BAD_ALLOC
E/libgenlock(  454): perform_lock_unlock_operation: GENLOCK_IOC_DREADLOCK failed (lockType0x1,err=Invalid argument fd=25)
W/Adreno200-EGLSUB(  454): <GetBackBuffer:1905>: genlock_lock_buffer GENLOCK_WRITE_LOCK failed
E/Adreno200-EGL(  454): <qeglDrvAPI_eglSwapBuffers:3388>: EGL_BAD_ALLOC
E/libgenlock(  454): perform_lock_unlock_operation: GENLOCK_IOC_DREADLOCK failed (lockType0x1,err=Invalid argument fd=25)
W/Adreno200-EGLSUB(  454): <GetBackBuffer:1905>: genlock_lock_buffer GENLOCK_WRITE_LOCK failed
E/Adreno200-EGL(  454): <qeglDrvAPI_eglSwapBuffers:3388>: EGL_BAD_ALLOC
E/libgenlock(  454): perform_lock_unlock_operation: GENLOCK_IOC_DREADLOCK failed (lockType0x1,err=Invalid argument fd=25)
W/Adreno200-EGLSUB(  454): <GetBackBuffer:1905>: genlock_lock_buffer GENLOCK_WRITE_LOCK failed
E/Adreno200-EGL(  454): <qeglDrvAPI_eglSwapBuffers:3388>: EGL_BAD_ALLOC
E/libgenlock(  454): perform_lock_unlock_operation: GENLOCK_IOC_DREADLOCK failed (lockType0x1,err=Invalid argument fd=25)
W/Adreno200-EGLSUB(  454): <GetBackBuffer:1905>: genlock_lock_buffer GENLOCK_WRITE_LOCK failed
E/Adreno200-EGL(  454): <qeglDrvAPI_eglSwapBuffers:3388>: EGL_BAD_ALLOC
E/libgenlock(  454): perform_lock_unlock_operation: GENLOCK_IOC_DREADLOCK failed (lockType0x1,err=Invalid argument fd=25)
W/Adreno200-EGLSUB(  454): <GetBackBuffer:1905>: genlock_lock_buffer GENLOCK_WRITE_LOCK failed
E/Adreno200-EGL(  454): <qeglDrvAPI_eglSwapBuffers:3388>: EGL_BAD_ALLOC
E/libgenlock(  454): perform_lock_unlock_operation: GENLOCK_IOC_DREADLOCK failed (lockType0x1,err=Invalid argument fd=25)
W/Adreno200-EGLSUB(  454): <GetBackBuffer:1905>: genlock_lock_buffer GENLOCK_WRITE_LOCK failed
E/Adreno200-EGL(  454): <qeglDrvAPI_eglSwapBuffers:3388>: EGL_BAD_ALLOC
E/libgenlock(  454): perform_lock_unlock_operation: GENLOCK_IOC_DREADLOCK failed (lockType0x1,err=Invalid argument fd=25)
W/Adreno200-EGLSUB(  454): <GetBackBuffer:1905>: genlock_lock_buffer GENLOCK_WRITE_LOCK failed
E/Adreno200-EGL(  454): <qeglDrvAPI_eglSwapBuffers:3388>: EGL_BAD_ALLOC
E/libgenlock(  454): perform_lock_unlock_operation: GENLOCK_IOC_DREADLOCK failed (lockType0x1,err=Invalid argument fd=25)
W/Adreno200-EGLSUB(  454): <GetBackBuffer:1905>: genlock_lock_buffer GENLOCK_WRITE_LOCK failed
E/Adreno200-EGL(  454): <qeglDrvAPI_eglSwapBuffers:3388>: EGL_BAD_ALLOC
E/libgenlock(  454): perform_lock_unlock_operation: GENLOCK_IOC_DREADLOCK failed (lockType0x1,err=Invalid argument fd=25)
W/Adreno200-EGLSUB(  454): <GetBackBuffer:1905>: genlock_lock_buffer GENLOCK_WRITE_LOCK failed
E/Adreno200-EGL(  454): <qeglDrvAPI_eglSwapBuffers:3388>: EGL_BAD_ALLOC
E/libgenlock(  454): perform_lock_unlock_operation: GENLOCK_IOC_DREADLOCK failed (lockType0x1,err=Invalid argument fd=25)
W/Adreno200-EGLSUB(  454): <GetBackBuffer:1905>: genlock_lock_buffer GENLOCK_WRITE_LOCK failed
E/Adreno200-EGL(  454): <qeglDrvAPI_eglSwapBuffers:3388>: EGL_BAD_ALLOC
E/libgenlock(  454): perform_lock_unlock_operation: GENLOCK_IOC_DREADLOCK failed (lockType0x1,err=Invalid argument fd=25)
W/Adreno200-EGLSUB(  454): <GetBackBuffer:1905>: genlock_lock_buffer GENLOCK_WRITE_LOCK failed
E/Adreno200-EGL(  454): <qeglDrvAPI_eglSwapBuffers:3388>: EGL_BAD_ALLOC
E/libgenlock(  454): perform_lock_unlock_operation: GENLOCK_IOC_DREADLOCK failed (lockType0x1,err=Invalid argument fd=25)
W/Adreno200-EGLSUB(  454): <GetBackBuffer:1905>: genlock_lock_buffer GENLOCK_WRITE_LOCK failed
E/Adreno200-EGL(  454): <qeglDrvAPI_eglSwapBuffers:3388>: EGL_BAD_ALLOC
E/libgenlock(  454): perform_lock_unlock_operation: GENLOCK_IOC_DREADLOCK failed (lockType0x1,err=Invalid argument fd=25)
W/Adreno200-EGLSUB(  454): <GetBackBuffer:1905>: genlock_lock_buffer GENLOCK_WRITE_LOCK failed
E/Adreno200-EGL(  454): <qeglDrvAPI_eglSwapBuffers:3388>: EGL_BAD_ALLOC
E/libgenlock(  454): perform_lock_unlock_operation: GENLOCK_IOC_DREADLOCK failed (lockType0x1,err=Invalid argument fd=25)
W/Adreno200-EGLSUB(  454): <GetBackBuffer:1905>: genlock_lock_buffer GENLOCK_WRITE_LOCK failed
E/Adreno200-EGL(  454): <qeglDrvAPI_eglSwapBuffers:3388>: EGL_BAD_ALLOC
E/libgenlock(  454): perform_lock_unlock_operation: GENLOCK_IOC_DREADLOCK failed (lockType0x1,err=Invalid argument fd=25)
W/Adreno200-EGLSUB(  454): <GetBackBuffer:1905>: genlock_lock_buffer GENLOCK_WRITE_LOCK failed
E/Adreno200-EGL(  454): <qeglDrvAPI_eglSwapBuffers:3388>: EGL_BAD_ALLOC
E/libgenlock(  454): perform_lock_unlock_operation: GENLOCK_IOC_DREADLOCK failed (lockType0x1,err=Invalid argument fd=25)
W/Adreno200-EGLSUB(  454): <GetBackBuffer:1905>: genlock_lock_buffer GENLOCK_WRITE_LOCK failed
E/Adreno200-EGL(  454): <qeglDrvAPI_eglSwapBuffers:3388>: EGL_BAD_ALLOC
E/libgenlock(  454): perform_lock_unlock_operation: GENLOCK_IOC_DREADLOCK failed (lockType0x1,err=Invalid argument fd=25)
W/Adreno200-EGLSUB(  454): <GetBackBuffer:1905>: genlock_lock_buffer GENLOCK_WRITE_LOCK failed
E/Adreno200-EGL(  454): <qeglDrvAPI_eglSwapBuffers:3388>: EGL_BAD_ALLOC
E/libgenlock(  454): perform_lock_unlock_operation: GENLOCK_IOC_DREADLOCK failed (lockType0x1,err=Invalid argument fd=25)
W/Adreno200-EGLSUB(  454): <GetBackBuffer:1905>: genlock_lock_buffer GENLOCK_WRITE_LOCK failed
E/Adreno200-EGL(  454): <qeglDrvAPI_eglSwapBuffers:3388>: EGL_BAD_ALLOC
E/libgenlock(  454): perform_lock_unlock_operation: GENLOCK_IOC_DREADLOCK failed (lockType0x1,err=Invalid argument fd=25)
W/Adreno200-EGLSUB(  454): <GetBackBuffer:1905>: genlock_lock_buffer GENLOCK_WRITE_LOCK failed
E/Adreno200-EGL(  454): <qeglDrvAPI_eglSwapBuffers:3388>: EGL_BAD_ALLOC
E/libgenlock(  454): perform_lock_unlock_operation: GENLOCK_IOC_DREADLOCK failed (lockType0x1,err=Invalid argument fd=25)
W/Adreno200-EGLSUB(  454): <GetBackBuffer:1905>: genlock_lock_buffer GENLOCK_WRITE_LOCK failed
E/Adreno200-EGL(  454): <qeglDrvAPI_eglSwapBuffers:3388>: EGL_BAD_ALLOC
E/libgenlock(  454): perform_lock_unlock_operation: GENLOCK_IOC_DREADLOCK failed (lockType0x1,err=Invalid argument fd=25)
W/Adreno200-EGLSUB(  454): <GetBackBuffer:1905>: genlock_lock_buffer GENLOCK_WRITE_LOCK failed
E/Adreno200-EGL(  454): <qeglDrvAPI_eglSwapBuffers:3388>: EGL_BAD_ALLOC
E/libgenlock(  454): perform_lock_unlock_operation: GENLOCK_IOC_DREADLOCK failed (lockType0x1,err=Invalid argument fd=25)
W/Adreno200-EGLSUB(  454): <GetBackBuffer:1905>: genlock_lock_buffer GENLOCK_WRITE_LOCK failed
E/Adreno200-EGL(  454): <qeglDrvAPI_eglSwapBuffers:3388>: EGL_BAD_ALLOC
E/libgenlock(  454): perform_lock_unlock_operation: GENLOCK_IOC_DREADLOCK failed (lockType0x1,err=Invalid argument fd=25)
W/Adreno200-EGLSUB(  454): <GetBackBuffer:1905>: genlock_lock_buffer GENLOCK_WRITE_LOCK failed
E/Adreno200-EGL(  454): <qeglDrvAPI_eglSwapBuffers:3388>: EGL_BAD_ALLOC
E/libgenlock(  454): perform_lock_unlock_operation: GENLOCK_IOC_DREADLOCK failed (lockType0x1,err=Invalid argument fd=25)
W/Adreno200-EGLSUB(  454): <GetBackBuffer:1905>: genlock_lock_buffer GENLOCK_WRITE_LOCK failed
E/Adreno200-EGL(  454): <qeglDrvAPI_eglSwapBuffers:3388>: EGL_BAD_ALLOC
E/libgenlock(  454): perform_lock_unlock_operation: GENLOCK_IOC_DREADLOCK failed (lockType0x1,err=Invalid argument fd=25)
W/Adreno200-EGLSUB(  454): <GetBackBuffer:1905>: genlock_lock_buffer GENLOCK_WRITE_LOCK failed
E/Adreno200-EGL(  454): <qeglDrvAPI_eglSwapBuffers:3388>: EGL_BAD_ALLOC
E/libgenlock(  454): perform_lock_unlock_operation: GENLOCK_IOC_DREADLOCK failed (lockType0x1,err=Invalid argument fd=25)
W/Adreno200-EGLSUB(  454): <GetBackBuffer:1905>: genlock_lock_buffer GENLOCK_WRITE_LOCK failed
E/Adreno200-EGL(  454): <qeglDrvAPI_eglSwapBuffers:3388>: EGL_BAD_ALLOC
E/libgenlock(  454): perform_lock_unlock_operation: GENLOCK_IOC_DREADLOCK failed (lockType0x1,err=Invalid argument fd=25)
W/Adreno200-EGLSUB(  454): <GetBackBuffer:1905>: genlock_lock_buffer GENLOCK_WRITE_LOCK failed
E/Adreno200-EGL(  454): <qeglDrvAPI_eglSwapBuffers:3388>: EGL_BAD_ALLOC
E/libgenlock(  454): perform_lock_unlock_operation: GENLOCK_IOC_DREADLOCK failed (lockType0x1,err=Invalid argument fd=25)
W/Adreno200-EGLSUB(  454): <GetBackBuffer:1905>: genlock_lock_buffer GENLOCK_WRITE_LOCK failed
E/Adreno200-EGL(  454): <qeglDrvAPI_eglSwapBuffers:3388>: EGL_BAD_ALLOC
E/libgenlock(  454): perform_lock_unlock_operation: GENLOCK_IOC_DREADLOCK failed (lockType0x1,err=Invalid argument fd=25)
W/Adreno200-EGLSUB(  454): <GetBackBuffer:1905>: genlock_lock_buffer GENLOCK_WRITE_LOCK failed
E/Adreno200-EGL(  454): <qeglDrvAPI_eglSwapBuffers:3388>: EGL_BAD_ALLOC
E/libgenlock(  454): perform_lock_unlock_operation: GENLOCK_IOC_DREADLOCK failed (lockType0x1,err=Invalid argument fd=25)
W/Adreno200-EGLSUB(  454): <GetBackBuffer:1905>: genlock_lock_buffer GENLOCK_WRITE_LOCK failed
E/Adreno200-EGL(  454): <qeglDrvAPI_eglSwapBuffers:3388>: EGL_BAD_ALLOC
E/libgenlock(  454): perform_lock_unlock_operation: GENLOCK_IOC_DREADLOCK failed (lockType0x1,err=Invalid argument fd=25)
W/Adreno200-EGLSUB(  454): <GetBackBuffer:1905>: genlock_lock_buffer GENLOCK_WRITE_LOCK failed
E/Adreno200-EGL(  454): <qeglDrvAPI_eglSwapBuffers:3388>: EGL_BAD_ALLOC
E/libgenlock(  454): perform_lock_unlock_operation: GENLOCK_IOC_DREADLOCK failed (lockType0x1,err=Invalid argument fd=25)
W/Adreno200-EGLSUB(  454): <GetBackBuffer:1905>: genlock_lock_buffer GENLOCK_WRITE_LOCK failed
E/Adreno200-EGL(  454): <qeglDrvAPI_eglSwapBuffers:3388>: EGL_BAD_ALLOC
E/libgenlock(  454): perform_lock_unlock_operation: GENLOCK_IOC_DREADLOCK failed (lockType0x1,err=Invalid argument fd=25)
W/Adreno200-EGLSUB(  454): <GetBackBuffer:1905>: genlock_lock_buffer GENLOCK_WRITE_LOCK failed
E/Adreno200-EGL(  454): <qeglDrvAPI_eglSwapBuffers:3388>: EGL_BAD_ALLOC
E/libgenlock(  454): perform_lock_unlock_operation: GENLOCK_IOC_DREADLOCK failed (lockType0x1,err=Invalid argument fd=25)
W/Adreno200-EGLSUB(  454): <GetBackBuffer:1905>: genlock_lock_buffer GENLOCK_WRITE_LOCK failed
E/Adreno200-EGL(  454): <qeglDrvAPI_eglSwapBuffers:3388>: EGL_BAD_ALLOC
E/libgenlock(  454): perform_lock_unlock_operation: GENLOCK_IOC_DREADLOCK failed (lockType0x1,err=Invalid argument fd=25)
W/Adreno200-EGLSUB(  454): <GetBackBuffer:1905>: genlock_lock_buffer GENLOCK_WRITE_LOCK failed
E/Adreno200-EGL(  454): <qeglDrvAPI_eglSwapBuffers:3388>: EGL_BAD_ALLOC
E/libgenlock(  454): perform_lock_unlock_operation: GENLOCK_IOC_DREADLOCK failed (lockType0x1,err=Invalid argument fd=25)
W/Adreno200-EGLSUB(  454): <GetBackBuffer:1905>: genlock_lock_buffer GENLOCK_WRITE_LOCK failed
E/Adreno200-EGL(  454): <qeglDrvAPI_eglSwapBuffers:3388>: EGL_BAD_ALLOC
E/libgenlock(  454): perform_lock_unlock_operation: GENLOCK_IOC_DREADLOCK failed (lockType0x1,err=Invalid argument fd=25)
W/Adreno200-EGLSUB(  454): <GetBackBuffer:1905>: genlock_lock_buffer GENLOCK_WRITE_LOCK failed
E/Adreno200-EGL(  454): <qeglDrvAPI_eglSwapBuffers:3388>: EGL_BAD_ALLOC
E/libgenlock(  454): perform_lock_unlock_operation: GENLOCK_IOC_DREADLOCK failed (lockType0x1,err=Invalid argument fd=25)
W/Adreno200-EGLSUB(  454): <GetBackBuffer:1905>: genlock_lock_buffer GENLOCK_WRITE_LOCK failed
E/Adreno200-EGL(  454): <qeglDrvAPI_eglSwapBuffers:3388>: EGL_BAD_ALLOC
E/libgenlock(  454): perform_lock_unlock_operation: GENLOCK_IOC_DREADLOCK failed (lockType0x1,err=Invalid argument fd=25)
W/Adreno200-EGLSUB(  454): <GetBackBuffer:1905>: genlock_lock_buffer GENLOCK_WRITE_LOCK failed
E/Adreno200-EGL(  454): <qeglDrvAPI_eglSwapBuffers:3388>: EGL_BAD_ALLOC
E/libgenlock(  454): perform_lock_unlock_operation: GENLOCK_IOC_DREADLOCK failed (lockType0x1,err=Invalid argument fd=25)
W/Adreno200-EGLSUB(  454): <GetBackBuffer:1905>: genlock_lock_buffer GENLOCK_WRITE_LOCK failed
E/Adreno200-EGL(  454): <qeglDrvAPI_eglSwapBuffers:3388>: EGL_BAD_ALLOC
E/libgenlock(  454): perform_lock_unlock_operation: GENLOCK_IOC_DREADLOCK failed (lockType0x1,err=Invalid argument fd=25)
W/Adreno200-EGLSUB(  454): <GetBackBuffer:1905>: genlock_lock_buffer GENLOCK_WRITE_LOCK failed
E/Adreno200-EGL(  454): <qeglDrvAPI_eglSwapBuffers:3388>: EGL_BAD_ALLOC
E/libgenlock(  454): perform_lock_unlock_operation: GENLOCK_IOC_DREADLOCK failed (lockType0x1,err=Invalid argument fd=25)
W/Adreno200-EGLSUB(  454): <GetBackBuffer:1905>: genlock_lock_buffer GENLOCK_WRITE_LOCK failed
E/Adreno200-EGL(  454): <qeglDrvAPI_eglSwapBuffers:3388>: EGL_BAD_ALLOC
E/libgenlock(  454): perform_lock_unlock_operation: GENLOCK_IOC_DREADLOCK failed (lockType0x1,err=Invalid argument fd=25)
W/Adreno200-EGLSUB(  454): <GetBackBuffer:1905>: genlock_lock_buffer GENLOCK_WRITE_LOCK failed
E/Adreno200-EGL(  454): <qeglDrvAPI_eglSwapBuffers:3388>: EGL_BAD_ALLOC
E/libgenlock(  454): perform_lock_unlock_operation: GENLOCK_IOC_DREADLOCK failed (lockType0x1,err=Invalid argument fd=25)
W/Adreno200-EGLSUB(  454): <GetBackBuffer:1905>: genlock_lock_buffer GENLOCK_WRITE_LOCK failed
E/Adreno200-EGL(  454): <qeglDrvAPI_eglSwapBuffers:3388>: EGL_BAD_ALLOC
E/libgenlock(  454): perform_lock_unlock_operation: GENLOCK_IOC_DREADLOCK failed (lockType0x1,err=Invalid argument fd=25)
W/Adreno200-EGLSUB(  454): <GetBackBuffer:1905>: genlock_lock_buffer GENLOCK_WRITE_LOCK failed
E/Adreno200-EGL(  454): <qeglDrvAPI_eglSwapBuffers:3388>: EGL_BAD_ALLOC
E/libgenlock(  454): perform_lock_unlock_operation: GENLOCK_IOC_DREADLOCK failed (lockType0x1,err=Invalid argument fd=25)
W/Adreno200-EGLSUB(  454): <GetBackBuffer:1905>: genlock_lock_buffer GENLOCK_WRITE_LOCK failed
E/Adreno200-EGL(  454): <qeglDrvAPI_eglSwapBuffers:3388>: EGL_BAD_ALLOC
E/libgenlock(  454): perform_lock_unlock_operation: GENLOCK_IOC_DREADLOCK failed (lockType0x1,err=Invalid argument fd=25)
W/Adreno200-EGLSUB(  454): <GetBackBuffer:1905>: genlock_lock_buffer GENLOCK_WRITE_LOCK failed
E/Adreno200-EGL(  454): <qeglDrvAPI_eglSwapBuffers:3388>: EGL_BAD_ALLOC
E/libgenlock(  454): perform_lock_unlock_operation: GENLOCK_IOC_DREADLOCK failed (lockType0x1,err=Invalid argument fd=25)
W/Adreno200-EGLSUB(  454): <GetBackBuffer:1905>: genlock_lock_buffer GENLOCK_WRITE_LOCK failed
E/Adreno200-EGL(  454): <qeglDrvAPI_eglSwapBuffers:3388>: EGL_BAD_ALLOC
E/libgenlock(  454): perform_lock_unlock_operation: GENLOCK_IOC_DREADLOCK failed (lockType0x1,err=Invalid argument fd=25)
W/Adreno200-EGLSUB(  454): <GetBackBuffer:1905>: genlock_lock_buffer GENLOCK_WRITE_LOCK failed
E/Adreno200-EGL(  454): <qeglDrvAPI_eglSwapBuffers:3388>: EGL_BAD_ALLOC
E/libgenlock(  454): perform_lock_unlock_operation: GENLOCK_IOC_DREADLOCK failed (lockType0x1,err=Invalid argument fd=25)
W/Adreno200-EGLSUB(  454): <GetBackBuffer:1905>: genlock_lock_buffer GENLOCK_WRITE_LOCK failed
E/Adreno200-EGL(  454): <qeglDrvAPI_eglSwapBuffers:3388>: EGL_BAD_ALLOC
E/libgenlock(  454): perform_lock_unlock_operation: GENLOCK_IOC_DREADLOCK failed (lockType0x1,err=Invalid argument fd=25)
W/Adreno200-EGLSUB(  454): <GetBackBuffer:1905>: genlock_lock_buffer GENLOCK_WRITE_LOCK failed
E/Adreno200-EGL(  454): <qeglDrvAPI_eglSwapBuffers:3388>: EGL_BAD_ALLOC
E/libgenlock(  454): perform_lock_unlock_operation: GENLOCK_IOC_DREADLOCK failed (lockType0x1,err=Invalid argument fd=25)
W/Adreno200-EGLSUB(  454): <GetBackBuffer:1905>: genlock_lock_buffer GENLOCK_WRITE_LOCK failed
E/Adreno200-EGL(  454): <qeglDrvAPI_eglSwapBuffers:3388>: EGL_BAD_ALLOC
E/libgenlock(  454): perform_lock_unlock_operation: GENLOCK_IOC_DREADLOCK failed (lockType0x1,err=Invalid argument fd=25)
W/Adreno200-EGLSUB(  454): <GetBackBuffer:1905>: genlock_lock_buffer GENLOCK_WRITE_LOCK failed
E/Adreno200-EGL(  454): <qeglDrvAPI_eglSwapBuffers:3388>: EGL_BAD_ALLOC
E/libgenlock(  454): perform_lock_unlock_operation: GENLOCK_IOC_DREADLOCK failed (lockType0x1,err=Invalid argument fd=25)
W/Adreno200-EGLSUB(  454): <GetBackBuffer:1905>: genlock_lock_buffer GENLOCK_WRITE_LOCK failed
E/Adreno200-EGL(  454): <qeglDrvAPI_eglSwapBuffers:3388>: EGL_BAD_ALLOC
E/libgenlock(  454): perform_lock_unlock_operation: GENLOCK_IOC_DREADLOCK failed (lockType0x1,err=Invalid argument fd=25)
W/Adreno200-EGLSUB(  454): <GetBackBuffer:1905>: genlock_lock_buffer GENLOCK_WRITE_LOCK failed
E/Adreno200-EGL(  454): <qeglDrvAPI_eglSwapBuffers:3388>: EGL_BAD_ALLOC
E/libgenlock(  454): perform_lock_unlock_operation: GENLOCK_IOC_DREADLOCK failed (lockType0x1,err=Invalid argument fd=25)
W/Adreno200-EGLSUB(  454): <GetBackBuffer:1905>: genlock_lock_buffer GENLOCK_WRITE_LOCK failed
E/Adreno200-EGL(  454): <qeglDrvAPI_eglSwapBuffers:3388>: EGL_BAD_ALLOC
E/libgenlock(  454): perform_lock_unlock_operation: GENLOCK_IOC_DREADLOCK failed (lockType0x1,err=Invalid argument fd=25)
W/Adreno200-EGLSUB(  454): <GetBackBuffer:1905>: genlock_lock_buffer GENLOCK_WRITE_LOCK failed
E/Adreno200-EGL(  454): <qeglDrvAPI_eglSwapBuffers:3388>: EGL_BAD_ALLOC
E/libgenlock(  454): perform_lock_unlock_operation: GENLOCK_IOC_DREADLOCK failed (lockType0x1,err=Invalid argument fd=25)
W/Adreno200-EGLSUB(  454): <GetBackBuffer:1905>: genlock_lock_buffer GENLOCK_WRITE_LOCK failed
E/Adreno200-EGL(  454): <qeglDrvAPI_eglSwapBuffers:3388>: EGL_BAD_ALLOC
E/libgenlock(  454): perform_lock_unlock_operation: GENLOCK_IOC_DREADLOCK failed (lockType0x1,err=Invalid argument fd=25)
W/Adreno200-EGLSUB(  454): <GetBackBuffer:1905>: genlock_lock_buffer GENLOCK_WRITE_LOCK failed
E/Adreno200-EGL(  454): <qeglDrvAPI_eglSwapBuffers:3388>: EGL_BAD_ALLOC
E/libgenlock(  454): perform_lock_unlock_operation: GENLOCK_IOC_DREADLOCK failed (lockType0x1,err=Invalid argument fd=25)
W/Adreno200-EGLSUB(  454): <GetBackBuffer:1905>: genlock_lock_buffer GENLOCK_WRITE_LOCK failed
E/Adreno200-EGL(  454): <qeglDrvAPI_eglSwapBuffers:3388>: EGL_BAD_ALLOC
E/libgenlock(  454): perform_lock_unlock_operation: GENLOCK_IOC_DREADLOCK failed (lockType0x1,err=Invalid argument fd=25)
W/Adreno200-EGLSUB(  454): <GetBackBuffer:1905>: genlock_lock_buffer GENLOCK_WRITE_LOCK failed
E/Adreno200-EGL(  454): <qeglDrvAPI_eglSwapBuffers:3388>: EGL_BAD_ALLOC
E/libgenlock(  454): perform_lock_unlock_operation: GENLOCK_IOC_DREADLOCK failed (lockType0x1,err=Invalid argument fd=25)
W/Adreno200-EGLSUB(  454): <GetBackBuffer:1905>: genlock_lock_buffer GENLOCK_WRITE_LOCK failed
E/Adreno200-EGL(  454): <qeglDrvAPI_eglSwapBuffers:3388>: EGL_BAD_ALLOC
E/libgenlock(  454): perform_lock_unlock_operation: GENLOCK_IOC_DREADLOCK failed (lockType0x1,err=Invalid argument fd=25)
W/Adreno200-EGLSUB(  454): <GetBackBuffer:1905>: genlock_lock_buffer GENLOCK_WRITE_LOCK failed
E/Adreno200-EGL(  454): <qeglDrvAPI_eglSwapBuffers:3388>: EGL_BAD_ALLOC
E/libgenlock(  454): perform_lock_unlock_operation: GENLOCK_IOC_DREADLOCK failed (lockType0x1,err=Invalid argument fd=25)
W/Adreno200-EGLSUB(  454): <GetBackBuffer:1905>: genlock_lock_buffer GENLOCK_WRITE_LOCK failed
E/Adreno200-EGL(  454): <qeglDrvAPI_eglSwapBuffers:3388>: EGL_BAD_ALLOC
E/libgenlock(  454): perform_lock_unlock_operation: GENLOCK_IOC_DREADLOCK failed (lockType0x1,err=Invalid argument fd=25)
W/Adreno200-EGLSUB(  454): <GetBackBuffer:1905>: genlock_lock_buffer GENLOCK_WRITE_LOCK failed
E/Adreno200-EGL(  454): <qeglDrvAPI_eglSwapBuffers:3388>: EGL_BAD_ALLOC
E/libgenlock(  454): perform_lock_unlock_operation: GENLOCK_IOC_DREADLOCK failed (lockType0x1,err=Invalid argument fd=25)
W/Adreno200-EGLSUB(  454): <GetBackBuffer:1905>: genlock_lock_buffer GENLOCK_WRITE_LOCK failed
E/Adreno200-EGL(  454): <qeglDrvAPI_eglSwapBuffers:3388>: EGL_BAD_ALLOC
E/libgenlock(  454): perform_lock_unlock_operation: GENLOCK_IOC_DREADLOCK failed (lockType0x1,err=Invalid argument fd=25)
W/Adreno200-EGLSUB(  454): <GetBackBuffer:1905>: genlock_lock_buffer GENLOCK_WRITE_LOCK failed
E/Adreno200-EGL(  454): <qeglDrvAPI_eglSwapBuffers:3388>: EGL_BAD_ALLOC
E/libgenlock(  454): perform_lock_unlock_operation: GENLOCK_IOC_DREADLOCK failed (lockType0x1,err=Invalid argument fd=25)
W/Adreno200-EGLSUB(  454): <GetBackBuffer:1905>: genlock_lock_buffer GENLOCK_WRITE_LOCK failed
E/Adreno200-EGL(  454): <qeglDrvAPI_eglSwapBuffers:3388>: EGL_BAD_ALLOC
E/libgenlock(  454): perform_lock_unlock_operation: GENLOCK_IOC_DREADLOCK failed (lockType0x1,err=Invalid argument fd=25)
W/Adreno200-EGLSUB(  454): <GetBackBuffer:1905>: genlock_lock_buffer GENLOCK_WRITE_LOCK failed
E/Adreno200-EGL(  454): <qeglDrvAPI_eglSwapBuffers:3388>: EGL_BAD_ALLOC
E/libgenlock(  454): perform_lock_unlock_operation: GENLOCK_IOC_DREADLOCK failed (lockType0x1,err=Invalid argument fd=25)
W/Adreno200-EGLSUB(  454): <GetBackBuffer:1905>: genlock_lock_buffer GENLOCK_WRITE_LOCK failed
E/Adreno200-EGL(  454): <qeglDrvAPI_eglSwapBuffers:3388>: EGL_BAD_ALLOC
E/libgenlock(  454): perform_lock_unlock_operation: GENLOCK_IOC_DREADLOCK failed (lockType0x1,err=Invalid argument fd=25)
W/Adreno200-EGLSUB(  454): <GetBackBuffer:1905>: genlock_lock_buffer GENLOCK_WRITE_LOCK failed
E/Adreno200-EGL(  454): <qeglDrvAPI_eglSwapBuffers:3388>: EGL_BAD_ALLOC
E/libgenlock(  454): perform_lock_unlock_operation: GENLOCK_IOC_DREADLOCK failed (lockType0x1,err=Invalid argument fd=25)
W/Adreno200-EGLSUB(  454): <GetBackBuffer:1905>: genlock_lock_buffer GENLOCK_WRITE_LOCK failed
E/Adreno200-EGL(  454): <qeglDrvAPI_eglSwapBuffers:3388>: EGL_BAD_ALLOC
E/libgenlock(  454): perform_lock_unlock_operation: GENLOCK_IOC_DREADLOCK failed (lockType0x1,err=Invalid argument fd=25)
W/Adreno200-EGLSUB(  454): <GetBackBuffer:1905>: genlock_lock_buffer GENLOCK_WRITE_LOCK failed
E/Adreno200-EGL(  454): <qeglDrvAPI_eglSwapBuffers:3388>: EGL_BAD_ALLOC
E/libgenlock(  454): perform_lock_unlock_operation: GENLOCK_IOC_DREADLOCK failed (lockType0x1,err=Invalid argument fd=25)
W/Adreno200-EGLSUB(  454): <GetBackBuffer:1905>: genlock_lock_buffer GENLOCK_WRITE_LOCK failed
E/Adreno200-EGL(  454): <qeglDrvAPI_eglSwapBuffers:3388>: EGL_BAD_ALLOC
E/libgenlock(  454): perform_lock_unlock_operation: GENLOCK_IOC_DREADLOCK failed (lockType0x1,err=Invalid argument fd=25)
W/Adreno200-EGLSUB(  454): <GetBackBuffer:1905>: genlock_lock_buffer GENLOCK_WRITE_LOCK failed
E/Adreno200-EGL(  454): <qeglDrvAPI_eglSwapBuffers:3388>: EGL_BAD_ALLOC
E/libgenlock(  454): perform_lock_unlock_operation: GENLOCK_IOC_DREADLOCK failed (lockType0x1,err=Invalid argument fd=25)
W/Adreno200-EGLSUB(  454): <GetBackBuffer:1905>: genlock_lock_buffer GENLOCK_WRITE_LOCK failed
E/Adreno200-EGL(  454): <qeglDrvAPI_eglSwapBuffers:3388>: EGL_BAD_ALLOC
E/libgenlock(  454): perform_lock_unlock_operation: GENLOCK_IOC_DREADLOCK failed (lockType0x1,err=Invalid argument fd=25)
W/Adreno200-EGLSUB(  454): <GetBackBuffer:1905>: genlock_lock_buffer GENLOCK_WRITE_LOCK failed
E/Adreno200-EGL(  454): <qeglDrvAPI_eglSwapBuffers:3388>: EGL_BAD_ALLOC
E/libgenlock(  454): perform_lock_unlock_operation: GENLOCK_IOC_DREADLOCK failed (lockType0x1,err=Invalid argument fd=25)
W/Adreno200-EGLSUB(  454): <GetBackBuffer:1905>: genlock_lock_buffer GENLOCK_WRITE_LOCK failed
E/Adreno200-EGL(  454): <qeglDrvAPI_eglSwapBuffers:3388>: EGL_BAD_ALLOC
E/libgenlock(  454): perform_lock_unlock_operation: GENLOCK_IOC_DREADLOCK failed (lockType0x1,err=Invalid argument fd=25)
