W/Adreno200-EGLSUB(  454): <GetBackBuffer:1905>: genlock_lock_buffer GENLOCK_WRITE_LOCK failed
E/Adreno200-EGL(  454): <qeglDrvAPI_eglSwapBuffers:3388>: EGL_BAD_ALLOC
E/libgenlock(  454): perform_lock_unlock_operation: GENLOCK_IOC_DREADLOCK failed (lockType0x1,err=Invalid argument fd=25)
W/Adreno200-EGLSUB(  454): <GetBackBuffer:1905>: genlock_lock_buffer GENLOCK_WRITE_LOCK failed
E/Adreno200-EGL(  454): <qeglDrvAPI_eglSwapBuffers:3388>: EGL_BAD_ALLOC
E/libgenlock(  454): perform_lock_unlock_operation: GENLOCK_IOC_DREADLOCK failed (lockType0x1,err=Invalid argument fd=25)
W/Adreno200-EGLSUB(  454): <GetBackBuffer:1905>: genlock_lock_buffer GENLOCK_WRITE_LOCK failed
E/Adreno200-EGL(  454): <qeglDrvAPI_eglSwapBuffers:3388>: EGL_BAD_ALLOC
E/libgenlock(  454): perform_lock_unlock_operation: GENLOCK_IOC_DREADLOCK failed (lockType0x1,err=Invalid argument fd=25)
W/Adreno200-EGLSUB(  454): <GetBackBuffer:1905>: genlock_lock_buffer GENLOCK_WRITE_LOCK failed
E/Adreno200-EGL(  454): <qeglDrvAPI_eglSwapBuffers:3388>: EGL_BAD_ALLOC
E/libgenlock(  454): perform_lock_unlock_operation: GENLOCK_IOC_DREADLOCK failed (lockType0x1,err=Invalid argument fd=25)
W/Adreno200-EGLSUB(  454): <GetBackBuffer:1905>: genlock_lock_buffer GENLOCK_WRITE_LOCK failed
E/Adreno200-EGL(  454): <qeglDrvAPI_eglSwapBuffers:3388>: EGL_BAD_ALLOC
E/libgenlock(  454): perform_lock_unlock_operation: GENLOCK_IOC_DREADLOCK failed (lockType0x1,err=Invalid argument fd=25)
W/Adreno200-EGLSUB(  454): <GetBackBuffer:1905>: genlock_lock_buffer GENLOCK_WRITE_LOCK failed
E/Adreno200-EGL(  454): <qeglDrvAPI_eglSwapBuffers:3388>: EGL_BAD_ALLOC
E/libgenlock(  454): perform_lock_unlock_operation: GENLOCK_IOC_DREADLOCK failed (lockType0x1,err=Invalid argument fd=25)
W/Adreno200-EGLSUB(  454): <GetBackBuffer:1905>: genlock_lock_buffer GENLOCK_WRITE_LOCK failed
E/Adreno200-EGL(  454): <qeglDrvAPI_eglSwapBuffers:3388>: EGL_BAD_ALLOC
E/libgenlock(  454): perform_lock_unlock_operation: GENLOCK_IOC_DREADLOCK failed (lockType0x1,err=Invalid argument fd=25)
W/Adreno200-EGLSUB(  454): <GetBackBuffer:1905>: genlock_lock_buffer GENLOCK_WRITE_LOCK failed
E/Adreno200-EGL(  454): <qeglDrvAPI_eglSwapBuffers:3388>: EGL_BAD_ALLOC
E/libgenlock(  454): perform_lock_unlock_operation: GENLOCK_IOC_DREADLOCK failed (lockType0x1,err=Invalid argument fd=25)
W/Adreno200-EGLSUB(  454): <GetBackBuffer:1905>: genlock_lock_buffer GENLOCK_WRITE_LOCK failed
E/Adreno200-EGL(  454): <qeglDrvAPI_eglSwapBuffers:3388>: EGL_BAD_ALLOC
E/libgenlock(  454): perform_lock_unlock_operation: GENLOCK_IOC_DREADLOCK failed (lockType0x1,err=Invalid argument fd=25)
W/Adreno200-EGLSUB(  454): <GetBackBuffer:1905>: genlock_lock_buffer GENLOCK_WRITE_LOCK failed
E/Adreno200-EGL(  454): <qeglDrvAPI_eglSwapBuffers:3388>: EGL_BAD_ALLOC
E/libgenlock(  454): perform_lock_unlock_operation: GENLOCK_IOC_DREADLOCK failed (lockType0x1,err=Invalid argument fd=25)
W/Adreno200-EGLSUB(  454): <GetBackBuffer:1905>: genlock_lock_buffer GENLOCK_WRITE_LOCK failed
E/Adreno200-EGL(  454): <qeglDrvAPI_eglSwapBuffers:3388>: EGL_BAD_ALLOC
E/libgenlock(  454): perform_lock_unlock_operation: GENLOCK_IOC_DREADLOCK failed (lockType0x1,err=Invalid argument fd=25)
W/Adreno200-EGLSUB(  454): <GetBackBuffer:1905>: genlock_lock_buffer GENLOCK_WRITE_LOCK failed
E/Adreno200-EGL(  454): <qeglDrvAPI_eglSwapBuffers:3388>: EGL_BAD_ALLOC
E/libgenlock(  454): perform_lock_unlock_operation: GENLOCK_IOC_DREADLOCK failed (lockType0x1,err=Invalid argument fd=25)
W/Adreno200-EGLSUB(  454): <GetBackBuffer:1905>: genlock_lock_buffer GENLOCK_WRITE_LOCK failed
E/Adreno200-EGL(  454): <qeglDrvAPI_eglSwapBuffers:3388>: EGL_BAD_ALLOC
E/libgenlock(  454): perform_lock_unlock_operation: GENLOCK_IOC_DREADLOCK failed (lockType0x1,err=Invalid argument fd=25)
W/Adreno200-EGLSUB(  454): <GetBackBuffer:1905>: genlock_lock_buffer GENLOCK_WRITE_LOCK failed
E/Adreno200-EGL(  454): <qeglDrvAPI_eglSwapBuffers:3388>: EGL_BAD_ALLOC
E/libgenlock(  454): perform_lock_unlock_operation: GENLOCK_IOC_DREADLOCK failed (lockType0x1,err=Invalid argument fd=25)
W/Adreno200-EGLSUB(  454): <GetBackBuffer:1905>: genlock_lock_buffer GENLOCK_WRITE_LOCK failed
E/Adreno200-EGL(  454): <qeglDrvAPI_eglSwapBuffers:3388>: EGL_BAD_ALLOC
E/libgenlock(  454): perform_lock_unlock_operation: GENLOCK_IOC_DREADLOCK failed (lockType0x1,err=Invalid argument fd=25)
W/Adreno200-EGLSUB(  454): <GetBackBuffer:1905>: genlock_lock_buffer GENLOCK_WRITE_LOCK failed
E/Adreno200-EGL(  454): <qeglDrvAPI_eglSwapBuffers:3388>: EGL_BAD_ALLOC
E/libgenlock(  454): perform_lock_unlock_operation: GENLOCK_IOC_DREADLOCK failed (lockType0x1,err=Invalid argument fd=25)
W/Adreno200-EGLSUB(  454): <GetBackBuffer:1905>: genlock_lock_buffer GENLOCK_WRITE_LOCK failed
E/Adreno200-EGL(  454): <qeglDrvAPI_eglSwapBuffers:3388>: EGL_BAD_ALLOC
E/libgenlock(  454): perform_lock_unlock_operation: GENLOCK_IOC_DREADLOCK failed (lockType0x1,err=Invalid argument fd=25)
W/Adreno200-EGLSUB(  454): <GetBackBuffer:1905>: genlock_lock_buffer GENLOCK_WRITE_LOCK failed
E/Adreno200-EGL(  454): <qeglDrvAPI_eglSwapBuffers:3388>: EGL_BAD_ALLOC
E/libgenlock(  454): perform_lock_unlock_operation: GENLOCK_IOC_DREADLOCK failed (lockType0x1,err=Invalid argument fd=25)
W/Adreno200-EGLSUB(  454): <GetBackBuffer:1905>: genlock_lock_buffer GENLOCK_WRITE_LOCK failed
E/Adreno200-EGL(  454): <qeglDrvAPI_eglSwapBuffers:3388>: EGL_BAD_ALLOC
E/libgenlock(  454): perform_lock_unlock_operation: GENLOCK_IOC_DREADLOCK failed (lockType0x1,err=Invalid argument fd=25)
W/Adreno200-EGLSUB(  454): <GetBackBuffer:1905>: genlock_lock_buffer GENLOCK_WRITE_LOCK failed
E/Adreno200-EGL(  454): <qeglDrvAPI_eglSwapBuffers:3388>: EGL_BAD_ALLOC
E/libgenlock(  454): perform_lock_unlock_operation: GENLOCK_IOC_DREADLOCK failed (lockType0x1,err=Invalid argument fd=25)
W/Adreno200-EGLSUB(  454): <GetBackBuffer:1905>: genlock_lock_buffer GENLOCK_WRITE_LOCK failed
E/Adreno200-EGL(  454): <qeglDrvAPI_eglSwapBuffers:3388>: EGL_BAD_ALLOC
E/libgenlock(  454): perform_lock_unlock_operation: GENLOCK_IOC_DREADLOCK failed (lockType0x1,err=Invalid argument fd=25)
W/Adreno200-EGLSUB(  454): <GetBackBuffer:1905>: genlock_lock_buffer GENLOCK_WRITE_LOCK failed
E/Adreno200-EGL(  454): <qeglDrvAPI_eglSwapBuffers:3388>: EGL_BAD_ALLOC
E/libgenlock(  454): perform_lock_unlock_operation: GENLOCK_IOC_DREADLOCK failed (lockType0x1,err=Invalid argument fd=25)
W/Adreno200-EGLSUB(  454): <GetBackBuffer:1905>: genlock_lock_buffer GENLOCK_WRITE_LOCK failed
E/Adreno200-EGL(  454): <qeglDrvAPI_eglSwapBuffers:3388>: EGL_BAD_ALLOC
E/libgenlock(  454): perform_lock_unlock_operation: GENLOCK_IOC_DREADLOCK failed (lockType0x1,err=Invalid argument fd=25)
W/Adreno200-EGLSUB(  454): <GetBackBuffer:1905>: genlock_lock_buffer GENLOCK_WRITE_LOCK failed
E/Adreno200-EGL(  454): <qeglDrvAPI_eglSwapBuffers:3388>: EGL_BAD_ALLOC
E/libgenlock(  454): perform_lock_unlock_operation: GENLOCK_IOC_DREADLOCK failed (lockType0x1,err=Invalid argument fd=25)
W/Adreno200-EGLSUB(  454): <GetBackBuffer:1905>: genlock_lock_buffer GENLOCK_WRITE_LOCK failed
E/Adreno200-EGL(  454): <qeglDrvAPI_eglSwapBuffers:3388>: EGL_BAD_ALLOC
E/libgenlock(  454): perform_lock_unlock_operation: GENLOCK_IOC_DREADLOCK failed (lockType0x1,err=Invalid argument fd=25)
W/Adreno200-EGLSUB(  454): <GetBackBuffer:1905>: genlock_lock_buffer GENLOCK_WRITE_LOCK failed
E/Adreno200-EGL(  454): <qeglDrvAPI_eglSwapBuffers:3388>: EGL_BAD_ALLOC
E/libgenlock(  454): perform_lock_unlock_operation: GENLOCK_IOC_DREADLOCK failed (lockType0x1,err=Invalid argument fd=25)
W/Adreno200-EGLSUB(  454): <GetBackBuffer:1905>: genlock_lock_buffer GENLOCK_WRITE_LOCK failed
E/Adreno200-EGL(  454): <qeglDrvAPI_eglSwapBuffers:3388>: EGL_BAD_ALLOC
E/libgenlock(  454): perform_lock_unlock_operation: GENLOCK_IOC_DREADLOCK failed (lockType0x1,err=Invalid argument fd=25)
W/Adreno200-EGLSUB(  454): <GetBackBuffer:1905>: genlock_lock_buffer GENLOCK_WRITE_LOCK failed
E/Adreno200-EGL(  454): <qeglDrvAPI_eglSwapBuffers:3388>: EGL_BAD_ALLOC
E/libgenlock(  454): perform_lock_unlock_operation: GENLOCK_IOC_DREADLOCK failed (lockType0x1,err=Invalid argument fd=25)
W/Adreno200-EGLSUB(  454): <GetBackBuffer:1905>: genlock_lock_buffer GENLOCK_WRITE_LOCK failed
E/Adreno200-EGL(  454): <qeglDrvAPI_eglSwapBuffers:3388>: EGL_BAD_ALLOC
E/libgenlock(  454): perform_lock_unlock_operation: GENLOCK_IOC_DREADLOCK failed (lockType0x1,err=Invalid argument fd=25)
W/Adreno200-EGLSUB(  454): <GetBackBuffer:1905>: genlock_lock_buffer GENLOCK_WRITE_LOCK failed
E/Adreno200-EGL(  454): <qeglDrvAPI_eglSwapBuffers:3388>: EGL_BAD_ALLOC
E/libgenlock(  454): perform_lock_unlock_operation: GENLOCK_IOC_DREADLOCK failed (lockType0x1,err=Invalid argument fd=25)
W/Adreno200-EGLSUB(  454): <GetBackBuffer:1905>: genlock_lock_buffer GENLOCK_WRITE_LOCK failed
E/Adreno200-EGL(  454): <qeglDrvAPI_eglSwapBuffers:3388>: EGL_BAD_ALLOC
E/libgenlock(  454): perform_lock_unlock_operation: GENLOCK_IOC_DREADLOCK failed (lockType0x1,err=Invalid argument fd=25)
W/Adreno200-EGLSUB(  454): <GetBackBuffer:1905>: genlock_lock_buffer GENLOCK_WRITE_LOCK failed
E/Adreno200-EGL(  454): <qeglDrvAPI_eglSwapBuffers:3388>: EGL_BAD_ALLOC
E/libgenlock(  454): perform_lock_unlock_operation: GENLOCK_IOC_DREADLOCK failed (lockType0x1,err=Invalid argument fd=25)
W/Adreno200-EGLSUB(  454): <GetBackBuffer:1905>: genlock_lock_buffer GENLOCK_WRITE_LOCK failed
E/Adreno200-EGL(  454): <qeglDrvAPI_eglSwapBuffers:3388>: EGL_BAD_ALLOC
E/libgenlock(  454): perform_lock_unlock_operation: GENLOCK_IOC_DREADLOCK failed (lockType0x1,err=Invalid argument fd=25)
W/Adreno200-EGLSUB(  454): <GetBackBuffer:1905>: genlock_lock_buffer GENLOCK_WRITE_LOCK failed
E/Adreno200-EGL(  454): <qeglDrvAPI_eglSwapBuffers:3388>: EGL_BAD_ALLOC
E/libgenlock(  454): perform_lock_unlock_operation: GENLOCK_IOC_DREADLOCK failed (lockType0x1,err=Invalid argument fd=25)
W/Adreno200-EGLSUB(  454): <GetBackBuffer:1905>: genlock_lock_buffer GENLOCK_WRITE_LOCK failed
E/Adreno200-EGL(  454): <qeglDrvAPI_eglSwapBuffers:3388>: EGL_BAD_ALLOC
E/libgenlock(  454): perform_lock_unlock_operation: GENLOCK_IOC_DREADLOCK failed (lockType0x1,err=Invalid argument fd=25)
W/Adreno200-EGLSUB(  454): <GetBackBuffer:1905>: genlock_lock_buffer GENLOCK_WRITE_LOCK failed
E/Adreno200-EGL(  454): <qeglDrvAPI_eglSwapBuffers:3388>: EGL_BAD_ALLOC
E/libgenlock(  454): perform_lock_unlock_operation: GENLOCK_IOC_DREADLOCK failed (lockType0x1,err=Invalid argument fd=25)
W/Adreno200-EGLSUB(  454): <GetBackBuffer:1905>: genlock_lock_buffer GENLOCK_WRITE_LOCK failed
E/Adreno200-EGL(  454): <qeglDrvAPI_eglSwapBuffers:3388>: EGL_BAD_ALLOC
E/libgenlock(  454): perform_lock_unlock_operation: GENLOCK_IOC_DREADLOCK failed (lockType0x1,err=Invalid argument fd=25)
W/Adreno200-EGLSUB(  454): <GetBackBuffer:1905>: genlock_lock_buffer GENLOCK_WRITE_LOCK failed
E/Adreno200-EGL(  454): <qeglDrvAPI_eglSwapBuffers:3388>: EGL_BAD_ALLOC
E/libgenlock(  454): perform_lock_unlock_operation: GENLOCK_IOC_DREADLOCK failed (lockType0x1,err=Invalid argument fd=25)
W/Adreno200-EGLSUB(  454): <GetBackBuffer:1905>: genlock_lock_buffer GENLOCK_WRITE_LOCK failed
E/Adreno200-EGL(  454): <qeglDrvAPI_eglSwapBuffers:3388>: EGL_BAD_ALLOC
E/libgenlock(  454): perform_lock_unlock_operation: GENLOCK_IOC_DREADLOCK failed (lockType0x1,err=Invalid argument fd=25)
W/Adreno200-EGLSUB(  454): <GetBackBuffer:1905>: genlock_lock_buffer GENLOCK_WRITE_LOCK failed
E/Adreno200-EGL(  454): <qeglDrvAPI_eglSwapBuffers:3388>: EGL_BAD_ALLOC
E/libgenlock(  454): perform_lock_unlock_operation: GENLOCK_IOC_DREADLOCK failed (lockType0x1,err=Invalid argument fd=25)
W/Adreno200-EGLSUB(  454): <GetBackBuffer:1905>: genlock_lock_buffer GENLOCK_WRITE_LOCK failed
E/Adreno200-EGL(  454): <qeglDrvAPI_eglSwapBuffers:3388>: EGL_BAD_ALLOC
E/libgenlock(  454): perform_lock_unlock_operation: GENLOCK_IOC_DREADLOCK failed (lockType0x1,err=Invalid argument fd=25)
W/Adreno200-EGLSUB(  454): <GetBackBuffer:1905>: genlock_lock_buffer GENLOCK_WRITE_LOCK failed
E/Adreno200-EGL(  454): <qeglDrvAPI_eglSwapBuffers:3388>: EGL_BAD_ALLOC
E/libgenlock(  454): perform_lock_unlock_operation: GENLOCK_IOC_DREADLOCK failed (lockType0x1,err=Invalid argument fd=25)
W/Adreno200-EGLSUB(  454): <GetBackBuffer:1905>: genlock_lock_buffer GENLOCK_WRITE_LOCK failed
E/Adreno200-EGL(  454): <qeglDrvAPI_eglSwapBuffers:3388>: EGL_BAD_ALLOC
E/libgenlock(  454): perform_lock_unlock_operation: GENLOCK_IOC_DREADLOCK failed (lockType0x1,err=Invalid argument fd=25)
W/Adreno200-EGLSUB(  454): <GetBackBuffer:1905>: genlock_lock_buffer GENLOCK_WRITE_LOCK failed
E/Adreno200-EGL(  454): <qeglDrvAPI_eglSwapBuffers:3388>: EGL_BAD_ALLOC
E/libgenlock(  454): perform_lock_unlock_operation: GENLOCK_IOC_DREADLOCK failed (lockType0x1,err=Invalid argument fd=25)
W/Adreno200-EGLSUB(  454): <GetBackBuffer:1905>: genlock_lock_buffer GENLOCK_WRITE_LOCK failed
E/Adreno200-EGL(  454): <qeglDrvAPI_eglSwapBuffers:3388>: EGL_BAD_ALLOC
E/libgenlock(  454): perform_lock_unlock_operation: GENLOCK_IOC_DREADLOCK failed (lockType0x1,err=Invalid argument fd=25)
W/Adreno200-EGLSUB(  454): <GetBackBuffer:1905>: genlock_lock_buffer GENLOCK_WRITE_LOCK failed
E/Adreno200-EGL(  454): <qeglDrvAPI_eglSwapBuffers:3388>: EGL_BAD_ALLOC
E/libgenlock(  454): perform_lock_unlock_operation: GENLOCK_IOC_DREADLOCK failed (lockType0x1,err=Invalid argument fd=25)
W/Adreno200-EGLSUB(  454): <GetBackBuffer:1905>: genlock_lock_buffer GENLOCK_WRITE_LOCK failed
E/Adreno200-EGL(  454): <qeglDrvAPI_eglSwapBuffers:3388>: EGL_BAD_ALLOC
I/SurfaceFlinger(  176): Boot is finished (48603 ms)
W/WindowManager(  497): ***** BOOT TIMEOUT: forcing display enabled
D/memalloc(  454): ion: Unmapping buffer  base:0x4114f000 size:3768320
D/memalloc(  176): ion: Freeing buffer base:0x4282d000 size:3768320 fd:38
D/memalloc(  176): ion: Unmapping buffer  base:0x4282d000 size:3768320
W/BroadcastQueue(  497): Timeout of broadcast BroadcastRecord{4121c250 android.intent.action.BOOT_COMPLETED} - receiver=android.os.BinderProxy@411ab408, started 60002ms ago
W/BroadcastQueue(  497): Receiver during timeout: ResolveInfo{4124ac30 com.android.systemui.BootReceiver p=0 o=0 m=0x108000}
I/ActivityManager(  497): Start proc com.android.voicedialer for broadcast com.android.voicedialer/.VoiceDialerReceiver: pid=1250 uid=10045 gids={3002, 1028}
D/ActivityThread( 1250): setTargetHeapUtilization:0.25
D/ActivityThread( 1250): setTargetHeapIdealFree:8388608
D/ActivityThread( 1250): setTargetHeapConcurrentStart:2097152
I/Process (  497): Sending signal. PID: 576 SIG: 3
I/dalvikvm(  576): threadid=3: reacting to signal 3
I/dalvikvm(  576): Wrote stack traces to '/data/anr/traces.txt'
I/Process (  497): Sending signal. PID: 497 SIG: 3
I/dalvikvm(  497): threadid=3: reacting to signal 3
I/dalvikvm(  497): Wrote stack traces to '/data/anr/traces.txt'
I/Process (  497): Sending signal. PID: 680 SIG: 3
I/dalvikvm(  680): threadid=3: reacting to signal 3
D/dalvikvm(  177): WAIT_FOR_CONCURRENT_GC blocked 0ms
I/ActivityManager(  497): Start proc com.android.calendar for broadcast com.android.calendar/.alerts.AlertReceiver: pid=1263 uid=10007 gids={3003, 1028}
D/dalvikvm(  177): GC_EXPLICIT freed 37K, 83% free 2199K/12288K, paused 2ms+3ms, total 27ms
D/dalvikvm(  177): WAIT_FOR_CONCURRENT_GC blocked 0ms
D/dalvikvm(  177): GC_EXPLICIT freed <1K, 83% free 2199K/12288K, paused 1ms+2ms, total 36ms
D/dalvikvm(  177): WAIT_FOR_CONCURRENT_GC blocked 0ms
I/dalvikvm(  680): Wrote stack traces to '/data/anr/traces.txt'
I/Process (  497): Sending signal. PID: 691 SIG: 3
I/dalvikvm(  691): threadid=3: reacting to signal 3
D/dalvikvm(  177): GC_EXPLICIT freed <1K, 83% free 2199K/12288K, paused 2ms+4ms, total 34ms
D/ActivityThread( 1263): setTargetHeapUtilization:0.25
D/ActivityThread( 1263): setTargetHeapIdealFree:8388608
D/ActivityThread( 1263): setTargetHeapConcurrentStart:2097152
I/dalvikvm(  691): Wrote stack traces to '/data/anr/traces.txt'
I/ActivityThread( 1263): Pub com.android.calendar.CalendarRecentSuggestionsProvider: com.android.calendar.CalendarRecentSuggestionsProvider
D/AlertReceiver( 1263): onReceive: a=android.intent.action.PROVIDER_CHANGED Intent { act=android.intent.action.PROVIDER_CHANGED dat=content://com.android.calendar flg=0x10 cmp=com.android.calendar/.alerts.AlertReceiver }
D/AlertService( 1263): 0 Action = android.intent.action.PROVIDER_CHANGED
D/AlertService( 1263): Beginning updateAlertNotification
D/MediaScannerReceiver(  633): action: android.intent.action.MEDIA_MOUNTED path: /storage/sdcard1
D/AlertService( 1263): No fired or scheduled alerts
D/dalvikvm(  497): WAIT_FOR_CONCURRENT_GC blocked 0ms
W/MediaProvider(  633): no database for scanned volume external
D/MediaScannerReceiver(  633): action: android.intent.action.MEDIA_MOUNTED path: /storage/sdcard0
D/dalvikvm(  497): GC_EXPLICIT freed 1151K, 47% free 6595K/12288K, paused 2ms+6ms, total 66ms
W/ProcessStats(  497): Skipping unknown process pid 1294
I/Process (  497): Sending signal. PID: 633 SIG: 3
I/dalvikvm(  633): threadid=3: reacting to signal 3
I/dalvikvm(  633): Wrote stack traces to '/data/anr/traces.txt'
I/Process (  497): Sending signal. PID: 1014 SIG: 3
I/dalvikvm( 1014): threadid=3: reacting to signal 3
I/dalvikvm( 1014): Wrote stack traces to '/data/anr/traces.txt'
E/ActivityManager(  497): ANR in com.android.systemui
E/ActivityManager(  497): Reason: Broadcast of Intent { act=android.intent.action.BOOT_COMPLETED flg=0x10 cmp=com.android.systemui/.BootReceiver }
E/ActivityManager(  497): Load: 5.83 / 1.83 / 0.64
E/ActivityManager(  497): CPU usage from 35963ms to 0ms ago:
E/ActivityManager(  497):   0.4% 235/adbd: 0% user + 0.3% kernel / faults: 1 minor
E/ActivityManager(  497):   0.1% 1247/logcat: 0.1% user + 0% kernel
E/ActivityManager(  497):   0.1% 497/system_server: 0% user + 0% kernel / faults: 43 minor
E/ActivityManager(  497):   0.1% 13/kworker/0:1: 0% user + 0.1% kernel
E/ActivityManager(  497):   0% 96/kworker/u:2: 0% user + 0% kernel
E/ActivityManager(  497):   0.1% 489/kworker/u:4: 0% user + 0.1% kernel
E/ActivityManager(  497):   0.1% 859/kworker/u:7: 0% user + 0.1% kernel
E/ActivityManager(  497):   0.1% 952/mpdecision: 0% user + 0.1% kernel
E/ActivityManager(  497):   0% 79/file-storage: 0% user + 0% kernel
E/ActivityManager(  497):   0% 526/kworker/u:6: 0% user + 0% kernel
E/ActivityManager(  497):   0% 175/rild: 0% user + 0% kernel
E/ActivityManager(  497):   0% 177/zygote: 0% user + 0% kernel / faults: 65 minor
E/ActivityManager(  497):   0% 680/com.android.phone: 0% user + 0% kernel / faults: 20 minor
E/ActivityManager(  497):   0% 1//init: 0% user + 0% kernel / faults: 1 minor
E/ActivityManager(  497):   0% 67/irq/505-pm8058_: 0% user + 0% kernel
E/ActivityManager(  497):   0% 105/kworker/u:3: 0% user + 0% kernel
E/ActivityManager(  497):   0% 176/surfaceflinger: 0% user + 0% kernel / faults: 5 minor
E/ActivityManager(  497):   0% 248/qmuxd: 0% user + 0% kernel
E/ActivityManager(  497):   0% 251/qmiproxy: 0% user + 0% kernel
E/ActivityManager(  497):  +0% 1250/zygote: 0% user + 0% kernel
E/ActivityManager(  497): 1.4% TOTAL: 0.4% user + 0.9% kernel
E/ActivityManager(  497): CPU usage from 686ms to 1207ms later with 99% awake:
E/ActivityManager(  497):   40% 633/android.process.media: 15% user + 25% kernel / faults: 140 minor
E/ActivityManager(  497):     40% 1288/MediaScannerSer: 17% user + 23% kernel
E/ActivityManager(  497):   6.5% 102/mmcqd/0: 0% user + 6.5% kernel
E/ActivityManager(  497):   5.7% 497/system_server: 3.8% user + 1.9% kernel / faults: 8 minor
E/ActivityManager(  497):     5.7% 512/ActivityManager: 3.8% user + 1.9% kernel
E/ActivityManager(  497):   1.2% 13/kworker/0:1: 0% user + 1.2% kernel
E/ActivityManager(  497):   1.5% 1014/com.android.providers.calendar: 0% user + 1.5% kernel / faults: 14 minor
E/ActivityManager(  497):     1.5% 1026/Binder_2: 1.5% user + 0% kernel
E/ActivityManager(  497):     1.5% 1290/Binder_4: 0% user + 1.5% kernel
E/ActivityManager(  497): 72% TOTAL: 17% user + 32% kernel + 22% iowait
W/ActivityManager(  497): Killing ProcessRecord{40f19090 576:com.android.systemui/u0a47}: background ANR
W/AudioFlinger(  179): session id 6 not found for pid 179
E/SurfaceFlinger(  176): eventControl(0, 1) failed Invalid argument
I/WindowState(  497): WIN DEATH: Window{40f55588 RecentsPanel paused=false}
I/ActivityManager(  497): Process com.android.systemui (pid 576) has died.
W/ActivityManager(  497): Scheduling restart of crashed service com.android.systemui/.SystemUIService in 1250ms
I/WindowState(  497): WIN DEATH: Window{40f7e398 RecentsPanel paused=false}
I/WindowState(  497): WIN DEATH: Window{411714e0 StatusBar paused=false}
I/ActivityManager(  497): Start proc com.android.systemui for restart com.android.systemui: pid=1299 uid=10047 gids={1028, 1015, 3002, 3001}
D/dalvikvm(  497): GC_FOR_ALLOC freed 1169K, 43% free 7116K/12288K, paused 62ms, total 64ms
D/ActivityThread( 1299): setTargetHeapUtilization:0.25
D/ActivityThread( 1299): setTargetHeapIdealFree:8388608
D/ActivityThread( 1299): setTargetHeapConcurrentStart:2097152
D/SystemUIService( 1299): loading: class com.android.systemui.statusbar.phone.PhoneStatusBar
D/SystemUIService( 1299): running: com.android.systemui.statusbar.phone.PhoneStatusBar@40f43e60
I/StatusBarManagerService(  497): registerStatusBar bar=com.android.internal.statusbar.IStatusBar$Stub$Proxy@40fbc8b8
I/PowerWidget( 1299): Clearing any old widget stuffs
I/PowerWidget( 1299): Setting up widget
I/PowerWidget( 1299): Default buttons being loaded
I/PowerWidget( 1299): Button list: toggleWifi|toggleBluetooth|toggleGPS|toggleSound
E/SurfaceFlinger(  176): eventControl(0, 1) failed Invalid argument
E/SurfaceFlinger(  176): eventControl(0, 1) failed Invalid argument
I/PowerWidget( 1299): Clearing any old widget stuffs
I/PowerWidget( 1299): Setting up widget
I/PowerWidget( 1299): Default buttons being loaded
I/PowerWidget( 1299): Button list: toggleWifi|toggleBluetooth|toggleGPS|toggleSound
D/PhoneStatusBar( 1299): disable: < expand icons alerts ticker system_info back home RECENT* clock >
D/PhoneStatusBar( 1299): addNotification score=0
D/PhoneStatusBar( 1299): addNotification score=0
D/PhoneStatusBar( 1299): addNotification score=0
D/dalvikvm( 1299): GC_CONCURRENT freed 2694K, 39% free 7570K/12288K, paused 13ms+3ms, total 33ms
D/dalvikvm( 1299): WAIT_FOR_CONCURRENT_GC blocked 20ms
D/StorageNotification( 1299): Startup with UMS connection false (media state mounted)
I/StorageNotification( 1299): UMS connection changed to true (media state mounted)
D/SystemUIService( 1299): loading: class com.android.systemui.power.PowerUI
D/SystemUIService( 1299): running: com.android.systemui.power.PowerUI@40f2a138
D/dalvikvm(  497): WAIT_FOR_CONCURRENT_GC blocked 0ms
D/dalvikvm(  497): GC_EXPLICIT freed 1603K, 50% free 6266K/12288K, paused 3ms+4ms, total 56ms
D/SystemUIService( 1299): loading: class com.android.systemui.media.RingtonePlayer
D/SystemUIService( 1299): running: com.android.systemui.media.RingtonePlayer@40f272e0
D/WifiService(  497): New client listening to asynchronous messages
D/dalvikvm(  633): GC_CONCURRENT freed 1693K, 81% free 2432K/12288K, paused 12ms+3ms, total 54ms
D/dalvikvm(  633): GC_CONCURRENT freed 1635K, 81% free 2386K/12288K, paused 12ms+2ms, total 32ms
W/ThrottleService(  497): unable to find stats for iface rmnet_sdio0
D/dalvikvm(  633): GC_CONCURRENT freed 1597K, 81% free 2388K/12288K, paused 11ms+2ms, total 33ms
D/dalvikvm(  633): GC_CONCURRENT freed 1597K, 81% free 2388K/12288K, paused 12ms+1ms, total 34ms
D/dalvikvm(  497): WAIT_FOR_CONCURRENT_GC blocked 0ms
D/dalvikvm(  497): GC_EXPLICIT freed 154K, 49% free 6275K/12288K, paused 2ms+4ms, total 56ms
D/dalvikvm(  633): WAIT_FOR_CONCURRENT_GC blocked 0ms
D/dalvikvm(  633): GC_EXPLICIT freed 627K, 80% free 2543K/12288K, paused 2ms+4ms, total 34ms
D/dalvikvm(  497): WAIT_FOR_CONCURRENT_GC blocked 0ms
D/dalvikvm(  497): GC_EXPLICIT freed 122K, 49% free 6268K/12288K, paused 3ms+4ms, total 56ms
D/dalvikvm(  497): WAIT_FOR_CONCURRENT_GC blocked 0ms
D/dalvikvm(  497): GC_EXPLICIT freed 114K, 49% free 6268K/12288K, paused 3ms+4ms, total 56ms
D/dalvikvm(  633): WAIT_FOR_CONCURRENT_GC blocked 0ms
D/dalvikvm(  633): GC_EXPLICIT freed 422K, 79% free 2630K/12288K, paused 2ms+5ms, total 38ms
D/dalvikvm(  497): WAIT_FOR_CONCURRENT_GC blocked 0ms
D/dalvikvm(  497): GC_EXPLICIT freed 115K, 49% free 6268K/12288K, paused 2ms+4ms, total 58ms
D/dalvikvm(  497): WAIT_FOR_CONCURRENT_GC blocked 0ms
D/dalvikvm(  497): GC_EXPLICIT freed 114K, 49% free 6269K/12288K, paused 2ms+5ms, total 55ms
D/dalvikvm(  633): WAIT_FOR_CONCURRENT_GC blocked 0ms
D/dalvikvm(  633): GC_EXPLICIT freed 488K, 79% free 2631K/12288K, paused 2ms+5ms, total 38ms
D/dalvikvm(  497): WAIT_FOR_CONCURRENT_GC blocked 0ms
D/dalvikvm(  497): GC_EXPLICIT freed 115K, 49% free 6268K/12288K, paused 3ms+5ms, total 56ms
D/dalvikvm(  497): WAIT_FOR_CONCURRENT_GC blocked 0ms
D/dalvikvm(  497): GC_EXPLICIT freed 114K, 49% free 6268K/12288K, paused 2ms+4ms, total 55ms
D/dalvikvm(  633): WAIT_FOR_CONCURRENT_GC blocked 0ms
D/dalvikvm(  633): GC_EXPLICIT freed 484K, 79% free 2630K/12288K, paused 2ms+5ms, total 38ms
D/dalvikvm(  497): WAIT_FOR_CONCURRENT_GC blocked 0ms
D/dalvikvm(  497): GC_EXPLICIT freed 115K, 49% free 6268K/12288K, paused 3ms+4ms, total 56ms
D/dalvikvm(  497): WAIT_FOR_CONCURRENT_GC blocked 0ms
D/dalvikvm(  497): GC_EXPLICIT freed 114K, 49% free 6268K/12288K, paused 3ms+4ms, total 57ms
D/dalvikvm(  633): WAIT_FOR_CONCURRENT_GC blocked 0ms
D/dalvikvm(  633): GC_EXPLICIT freed 495K, 79% free 2632K/12288K, paused 2ms+6ms, total 38ms
D/dalvikvm(  497): WAIT_FOR_CONCURRENT_GC blocked 0ms
D/dalvikvm(  497): GC_EXPLICIT freed 120K, 49% free 6269K/12288K, paused 3ms+4ms, total 56ms
D/dalvikvm(  497): WAIT_FOR_CONCURRENT_GC blocked 0ms
D/dalvikvm(  497): GC_EXPLICIT freed 119K, 49% free 6268K/12288K, paused 3ms+4ms, total 56ms
D/dalvikvm(  633): WAIT_FOR_CONCURRENT_GC blocked 0ms
D/dalvikvm(  633): GC_EXPLICIT freed 499K, 79% free 2632K/12288K, paused 2ms+5ms, total 38ms
D/dalvikvm(  497): WAIT_FOR_CONCURRENT_GC blocked 0ms
D/dalvikvm(  497): GC_EXPLICIT freed 119K, 49% free 6268K/12288K, paused 2ms+4ms, total 55ms
D/dalvikvm(  497): WAIT_FOR_CONCURRENT_GC blocked 0ms
D/dalvikvm(  497): GC_EXPLICIT freed 117K, 49% free 6270K/12288K, paused 2ms+4ms, total 55ms
D/dalvikvm(  633): WAIT_FOR_CONCURRENT_GC blocked 0ms
D/dalvikvm(  633): GC_EXPLICIT freed 499K, 79% free 2632K/12288K, paused 2ms+5ms, total 37ms
D/dalvikvm(  497): WAIT_FOR_CONCURRENT_GC blocked 0ms
D/dalvikvm(  497): GC_EXPLICIT freed 115K, 49% free 6268K/12288K, paused 2ms+4ms, total 55ms
D/dalvikvm(  497): WAIT_FOR_CONCURRENT_GC blocked 0ms
D/dalvikvm(  497): GC_EXPLICIT freed 114K, 49% free 6269K/12288K, paused 2ms+4ms, total 55ms
D/dalvikvm(  633): WAIT_FOR_CONCURRENT_GC blocked 0ms
D/dalvikvm(  633): GC_EXPLICIT freed 500K, 79% free 2632K/12288K, paused 2ms+5ms, total 38ms
D/dalvikvm(  633): null clazz in OP_INSTANCE_OF, single-stepping
D/dalvikvm(  497): WAIT_FOR_CONCURRENT_GC blocked 0ms
D/dalvikvm(  497): GC_EXPLICIT freed 121K, 49% free 6269K/12288K, paused 3ms+4ms, total 56ms
D/dalvikvm(  497): WAIT_FOR_CONCURRENT_GC blocked 0ms
D/dalvikvm(  497): GC_EXPLICIT freed 122K, 49% free 6270K/12288K, paused 3ms+4ms, total 57ms
D/dalvikvm(  633): WAIT_FOR_CONCURRENT_GC blocked 0ms
D/dalvikvm(  633): GC_EXPLICIT freed 500K, 79% free 2632K/12288K, paused 2ms+5ms, total 38ms
D/dalvikvm(  497): WAIT_FOR_CONCURRENT_GC blocked 0ms
D/dalvikvm(  497): GC_EXPLICIT freed 116K, 49% free 6268K/12288K, paused 3ms+4ms, total 56ms
D/dalvikvm(  497): WAIT_FOR_CONCURRENT_GC blocked 0ms
D/dalvikvm(  497): GC_EXPLICIT freed 114K, 49% free 6269K/12288K, paused 3ms+4ms, total 56ms
D/dalvikvm(  633): WAIT_FOR_CONCURRENT_GC blocked 0ms
D/dalvikvm(  633): GC_EXPLICIT freed 499K, 79% free 2632K/12288K, paused 2ms+5ms, total 38ms
D/dalvikvm(  497): WAIT_FOR_CONCURRENT_GC blocked 0ms
D/dalvikvm(  497): GC_EXPLICIT freed 115K, 49% free 6268K/12288K, paused 3ms+4ms, total 56ms
D/dalvikvm(  497): WAIT_FOR_CONCURRENT_GC blocked 0ms
D/dalvikvm(  497): GC_EXPLICIT freed 114K, 49% free 6269K/12288K, paused 2ms+4ms, total 55ms
D/dalvikvm(  633): WAIT_FOR_CONCURRENT_GC blocked 0ms
D/dalvikvm(  633): GC_EXPLICIT freed 498K, 79% free 2632K/12288K, paused 2ms+5ms, total 38ms
D/dalvikvm(  497): WAIT_FOR_CONCURRENT_GC blocked 0ms
D/dalvikvm(  497): GC_EXPLICIT freed 119K, 49% free 6268K/12288K, paused 2ms+5ms, total 56ms
D/dalvikvm(  497): WAIT_FOR_CONCURRENT_GC blocked 0ms
D/dalvikvm(  497): GC_EXPLICIT freed 114K, 49% free 6269K/12288K, paused 4ms+9ms, total 66ms
D/dalvikvm(  633): WAIT_FOR_CONCURRENT_GC blocked 0ms
D/dalvikvm(  633): GC_EXPLICIT freed 498K, 79% free 2632K/12288K, paused 2ms+6ms, total 38ms
D/dalvikvm(  497): WAIT_FOR_CONCURRENT_GC blocked 0ms
D/dalvikvm(  497): GC_EXPLICIT freed 115K, 49% free 6268K/12288K, paused 3ms+4ms, total 58ms
D/dalvikvm(  497): WAIT_FOR_CONCURRENT_GC blocked 0ms
D/dalvikvm(  497): GC_EXPLICIT freed 118K, 49% free 6269K/12288K, paused 3ms+4ms, total 56ms
D/dalvikvm(  633): WAIT_FOR_CONCURRENT_GC blocked 0ms
D/dalvikvm(  633): GC_EXPLICIT freed 492K, 79% free 2632K/12288K, paused 2ms+5ms, total 40ms
D/VoldCmdListener(  170): volume unmount /storage/sdcard0 force
D/Vold    (  170): Volume sdcard state changing 4 (Mounted) -> 5 (Unmounting)
D/MountService(  497): sendStorageIntent Intent { act=android.intent.action.MEDIA_EJECT dat=file:///storage/sdcard0 (has extras) }
E/MediaScannerJNI(  633): An exception was thrown by callback 'scanFile'.
E/MediaScannerJNI(  633): java.lang.NullPointerException
E/MediaScannerJNI(  633): 	at android.media.MediaScanner.makeEntryFor(MediaScanner.java:1467)
E/MediaScannerJNI(  633): 	at android.media.MediaScanner$MyMediaScannerClient.beginFile(MediaScanner.java:470)
E/MediaScannerJNI(  633): 	at android.media.MediaScanner$MyMediaScannerClient.doScanFile(MediaScanner.java:524)
E/MediaScannerJNI(  633): 	at android.media.MediaScanner$MyMediaScannerClient.scanFile(MediaScanner.java:516)
E/MediaScannerJNI(  633): 	at android.media.MediaScanner.processDirectory(Native Method)
E/MediaScannerJNI(  633): 	at android.media.MediaScanner.scanDirectories(MediaScanner.java:1286)
E/MediaScannerJNI(  633): 	at com.android.providers.media.MediaScannerService.scan(MediaScannerService.java:104)
E/MediaScannerJNI(  633): 	at com.android.providers.media.MediaScannerService.access$300(MediaScannerService.java:49)
E/MediaScannerJNI(  633): 	at com.android.providers.media.MediaScannerService$ServiceHandler.handleMessage(MediaScannerService.java:261)
E/MediaScannerJNI(  633): 	at android.os.Handler.dispatchMessage(Handler.java:99)
E/MediaScannerJNI(  633): 	at android.os.Looper.loop(Looper.java:137)
E/MediaScannerJNI(  633): 	at com.android.providers.media.MediaScannerService.run(MediaScannerService.java:183)
E/MediaScannerJNI(  633): 	at java.lang.Thread.run(Thread.java:856)
E/MediaScannerJNI(  633): An error occurred while scanning directory '/storage/sdcard0'.
E/MediaScannerJNI(  633): An exception was thrown by callback 'scanFile'.
E/MediaScannerJNI(  633): java.lang.NullPointerException
E/MediaScannerJNI(  633): 	at android.media.MediaScanner.makeEntryFor(MediaScanner.java:1467)
E/MediaScannerJNI(  633): 	at android.media.MediaScanner$MyMediaScannerClient.beginFile(MediaScanner.java:470)
E/MediaScannerJNI(  633): 	at android.media.MediaScanner$MyMediaScannerClient.doScanFile(MediaScanner.java:524)
E/MediaScannerJNI(  633): 	at android.media.MediaScanner$MyMediaScannerClient.scanFile(MediaScanner.java:516)
E/MediaScannerJNI(  633): 	at android.media.MediaScanner.processDirectory(Native Method)
E/MediaScannerJNI(  633): 	at android.media.MediaScanner.scanDirectories(MediaScanner.java:1286)
E/MediaScannerJNI(  633): 	at com.android.providers.media.MediaScannerService.scan(MediaScannerService.java:104)
E/MediaScannerJNI(  633): 	at com.android.providers.media.MediaScannerService.access$300(MediaScannerService.java:49)
E/MediaScannerJNI(  633): 	at com.android.providers.media.MediaScannerService$ServiceHandler.handleMessage(MediaScannerService.java:261)
E/MediaScannerJNI(  633): 	at android.os.Handler.dispatchMessage(Handler.java:99)
E/MediaScannerJNI(  633): 	at android.os.Looper.loop(Looper.java:137)
E/MediaScannerJNI(  633): 	at com.android.providers.media.MediaScannerService.run(MediaScannerService.java:183)
E/MediaScannerJNI(  633): 	at java.lang.Thread.run(Thread.java:856)
E/MediaScannerJNI(  633): An error occurred while scanning directory '/storage/sdcard1'.
W/MediaProvider(  633): no database for scanned volume external
W/MediaProvider(  633): no database for scanned volume external
D/dalvikvm(  633): GC_CONCURRENT freed 1794K, 81% free 2421K/12288K, paused 11ms+13ms, total 55ms
I/Vold    (  170): /mnt/secure/staging/.android_secure sucessfully unmounted
I/Vold    (  170): /mnt/secure/asec sucessfully unmounted
D/dalvikvm(  633): GC_CONCURRENT freed 1616K, 81% free 2422K/12288K, paused 12ms+204ms, total 311ms
D/MediaProvider(  633): object removed 14637
D/MediaProvider(  633): object removed 14638
D/MediaProvider(  633): object removed 14639
D/MediaProvider(  633): object removed 14640
D/MediaProvider(  633): object removed 14641
D/MediaProvider(  633): object removed 14642
D/MediaProvider(  633): object removed 14643
D/MediaProvider(  633): object removed 14644
D/MediaProvider(  633): object removed 14645
D/MediaProvider(  633): object removed 14646
D/MediaProvider(  633): object removed 14647
D/MediaProvider(  633): object removed 14648
D/MediaProvider(  633): object removed 14649
D/MediaProvider(  633): object removed 14650
D/MediaProvider(  633): object removed 14651
D/MediaProvider(  633): object removed 14652
D/MediaProvider(  633): object removed 14653
D/MediaProvider(  633): object removed 14654
D/MediaProvider(  633): object removed 14655
D/MediaProvider(  633): object removed 14656
D/MediaProvider(  633): object removed 14657
D/MediaProvider(  633): object removed 14658
D/MediaProvider(  633): object removed 14659
D/MediaProvider(  633): object removed 14660
D/MediaProvider(  633): object removed 14661
D/MediaProvider(  633): object removed 14662
D/MediaProvider(  633): object removed 14663
D/MediaProvider(  633): object removed 14664
D/MediaProvider(  633): object removed 14665
D/MediaProvider(  633): object removed 14666
D/MediaProvider(  633): object removed 14667
D/MediaProvider(  633): object removed 14668
D/MediaProvider(  633): object removed 14669
D/MediaProvider(  633): object removed 14670
D/MediaProvider(  633): object removed 14671
D/MediaProvider(  633): object removed 14672
D/MediaProvider(  633): object removed 14673
D/MediaProvider(  633): object removed 14674
D/MediaProvider(  633): object removed 14675
D/MediaProvider(  633): object removed 14676
D/MediaProvider(  633): object removed 14677
D/MediaProvider(  633): object removed 14678
D/MediaProvider(  633): object removed 14679
D/MediaProvider(  633): object removed 14680
D/MediaProvider(  633): object removed 14681
D/MediaProvider(  633): object removed 14682
D/MediaProvider(  633): object removed 14683
D/MediaProvider(  633): object removed 14684
D/MediaProvider(  633): object removed 14685
D/MediaProvider(  633): object removed 14686
D/MediaProvider(  633): object removed 14687
D/MediaProvider(  633): object removed 14688
D/MediaProvider(  633): object removed 14689
D/MediaProvider(  633): object removed 14690
D/MediaProvider(  633): object removed 14691
D/MediaProvider(  633): object removed 14692
D/MediaProvider(  633): object removed 14693
D/MediaProvider(  633): object removed 14694
D/MediaProvider(  633): object removed 14695
D/MediaProvider(  633): object removed 14696
D/MediaProvider(  633): object removed 14697
D/MediaProvider(  633): object removed 14698
D/MediaProvider(  633): object removed 14699
D/MediaProvider(  633): object removed 14700
D/MediaProvider(  633): object removed 14701
D/MediaProvider(  633): object removed 14702
D/MediaProvider(  633): object removed 14703
D/MediaProvider(  633): object removed 14704
D/MediaProvider(  633): object removed 14705
D/MediaProvider(  633): object removed 14706
D/MediaProvider(  633): object removed 14707
D/MediaProvider(  633): object removed 14708
D/MediaProvider(  633): object removed 14709
D/MediaProvider(  633): object removed 14710
D/MediaProvider(  633): object removed 14711
D/MediaProvider(  633): object removed 14712
D/MediaProvider(  633): object removed 14713
D/MediaProvider(  633): object removed 14714
D/MediaProvider(  633): object removed 14715
D/MediaProvider(  633): object removed 14716
D/MediaProvider(  633): object removed 14717
D/MediaProvider(  633): object removed 14718
D/MediaProvider(  633): object removed 14719
D/MediaProvider(  633): object removed 14720
D/MediaProvider(  633): object removed 14721
D/MediaProvider(  633): object removed 14722
D/MediaProvider(  633): object removed 14723
D/MediaProvider(  633): object removed 14724
D/MediaProvider(  633): object removed 14725
D/MediaProvider(  633): object removed 14726
D/MediaProvider(  633): object removed 14727
D/MediaProvider(  633): object removed 14728
D/MediaProvider(  633): object removed 14729
D/MediaProvider(  633): object removed 14730
D/MediaProvider(  633): object removed 14731
D/MediaProvider(  633): object removed 14732
D/MediaProvider(  633): object removed 14733
D/MediaProvider(  633): object removed 14734
D/MediaProvider(  633): object removed 14735
D/MediaProvider(  633): object removed 14736
D/MediaProvider(  633): object removed 14737
I/Vold    (  170): /mnt/secure/staging sucessfully unmounted
I/Vold    (  170): /storage/sdcard0 unmounted sucessfully
D/Vold    (  170): Volume sdcard state changing 5 (Unmounting) -> 1 (Idle-Unmounted)
I/PackageManager(  497): Updating external media status from mounted to unmounted
D/MediaScannerReceiver(  633): action: android.intent.action.MEDIA_UNMOUNTED path: /storage/sdcard0
D/MountService(  497): volume state changed for /storage/sdcard0 (mounted -> unmounted)
D/MountService(  497): sendStorageIntent Intent { act=android.intent.action.MEDIA_UNMOUNTED dat=file:///storage/sdcard0 (has extras) }
W/MountService(  497): getSecureContainerList() called when storage not mounted
D/VoldCmdListener(  170): asec list
I/PackageManager(  497): No secure containers on sdcard
D/MediaProvider(  633): object removed 14738
D/MediaProvider(  633): object removed 14739
D/MediaProvider(  633): object removed 14740
D/MediaProvider(  633): object removed 14741
D/MediaProvider(  633): object removed 14742
D/MediaProvider(  633): object removed 14743
D/MediaProvider(  633): object removed 14744
D/MediaProvider(  633): object removed 14745
D/MediaProvider(  633): object removed 14746
D/MediaProvider(  633): object removed 14747
D/MediaProvider(  633): object removed 14748
D/MediaProvider(  633): object removed 14749
D/MediaProvider(  633): object removed 14750
D/MediaProvider(  633): object removed 14751
D/MediaProvider(  633): object removed 14752
D/MediaProvider(  633): object removed 14753
D/MediaProvider(  633): object removed 14754
D/MediaProvider(  633): object removed 14755
D/MediaProvider(  633): object removed 14756
D/MediaProvider(  633): object removed 14757
D/MediaProvider(  633): object removed 14758
D/MediaProvider(  633): object removed 14759
D/MediaProvider(  633): object removed 14760
D/MediaProvider(  633): object removed 14761
D/MediaProvider(  633): object removed 14762
D/MediaProvider(  633): object removed 14763
D/MediaProvider(  633): object removed 14764
D/MediaProvider(  633): object removed 14765
D/MediaProvider(  633): object removed 14766
D/MediaProvider(  633): object removed 14767
D/MediaProvider(  633): object removed 14768
D/MediaProvider(  633): object removed 14769
D/MediaProvider(  633): object removed 14770
D/MediaProvider(  633): object removed 14771
D/MediaProvider(  633): object removed 14772
D/MediaProvider(  633): object removed 14773
D/MediaProvider(  633): object removed 14774
D/MediaProvider(  633): object removed 14775
D/MediaProvider(  633): object removed 14776
D/MediaProvider(  633): object removed 14777
D/MediaProvider(  633): object removed 14778
D/MediaProvider(  633): object removed 14779
D/MediaProvider(  633): object removed 14780
D/MediaProvider(  633): object removed 14781
D/MediaProvider(  633): object removed 14782
D/MediaProvider(  633): object removed 14783
D/MediaProvider(  633): object removed 14784
D/MediaProvider(  633): object removed 14785
D/MediaProvider(  633): object removed 14786
D/MediaProvider(  633): object removed 14787
D/MediaProvider(  633): object removed 14788
D/MediaProvider(  633): object removed 14789
D/MediaProvider(  633): object removed 14790
D/MediaProvider(  633): object removed 14791
F/PackageManager(  497): Unable to backup user packages state file, current changes will be lost at reboot
D/MediaProvider(  633): object removed 14792
D/MediaProvider(  633): object removed 14793
D/MediaProvider(  633): object removed 14794
D/MediaProvider(  633): object removed 14795
D/MediaProvider(  633): object removed 14796
D/MediaProvider(  633): object removed 14797
D/MediaProvider(  633): object removed 14798
D/MediaProvider(  633): object removed 14799
D/MediaProvider(  633): object removed 14800
D/MediaProvider(  633): object removed 14801
D/MediaProvider(  633): object removed 14802
D/MediaProvider(  633): object removed 14803
D/MediaProvider(  633): object removed 14804
D/MediaProvider(  633): object removed 14805
D/MediaProvider(  633): object removed 14806
D/MediaProvider(  633): object removed 14807
D/MediaProvider(  633): object removed 14808
D/MediaProvider(  633): object removed 14809
D/MediaProvider(  633): object removed 14810
D/MediaProvider(  633): object removed 14811
E/DropBoxManagerService(  497): Can't write: system_server_wtf
E/DropBoxManagerService(  497): java.io.FileNotFoundException: /data/system/dropbox/drop20.tmp: open failed: EROFS (Read-only file system)
E/DropBoxManagerService(  497): 	at libcore.io.IoBridge.open(IoBridge.java:416)
E/DropBoxManagerService(  497): 	at java.io.FileOutputStream.<init>(FileOutputStream.java:88)
E/DropBoxManagerService(  497): 	at java.io.FileOutputStream.<init>(FileOutputStream.java:73)
E/DropBoxManagerService(  497): 	at com.android.server.DropBoxManagerService.add(DropBoxManagerService.java:208)
E/DropBoxManagerService(  497): 	at android.os.DropBoxManager.addText(DropBoxManager.java:272)
E/DropBoxManagerService(  497): 	at com.android.server.am.ActivityManagerService$13.run(ActivityManagerService.java:8279)
E/DropBoxManagerService(  497): 	at com.android.server.am.ActivityManagerService.addErrorToDropBox(ActivityManagerService.java:8286)
E/DropBoxManagerService(  497): 	at com.android.server.am.ActivityManagerService.handleApplicationWtf(ActivityManagerService.java:8097)
E/DropBoxManagerService(  497): 	at com.android.internal.os.RuntimeInit.wtf(RuntimeInit.java:329)
E/DropBoxManagerService(  497): 	at android.util.Log$1.onTerribleFailure(Log.java:103)
E/DropBoxManagerService(  497): 	at android.util.Log.wtf(Log.java:278)
E/DropBoxManagerService(  497): 	at android.util.Log.wtf(Log.java:255)
E/DropBoxManagerService(  497): 	at com.android.server.pm.Settings.writePackageRestrictionsLPr(Settings.java:902)
E/DropBoxManagerService(  497): 	at com.android.server.pm.Settings.writeAllUsersPackageRestrictionsLPr(Settings.java:721)
E/DropBoxManagerService(  497): 	at com.android.server.pm.Settings.writeLPr(Settings.java:1283)
E/DropBoxManagerService(  497): 	at com.android.server.pm.PackageManagerService.unloadMediaPackages(PackageManagerService.java:9291)
E/DropBoxManagerService(  497): 	at com.android.server.pm.PackageManagerService.updateExternalMediaStatusInner(PackageManagerService.java:9105)
E/DropBoxManagerService(  497): 	at com.android.server.pm.PackageManagerService.access$3800(PackageManagerService.java:165)
E/DropBoxManagerService(  497): 	at com.android.server.pm.PackageManagerService$10.run(PackageManagerService.java:9003)
E/DropBoxManagerService(  497): 	at android.os.Handler.handleCallback(Handler.java:615)
E/DropBoxManagerService(  497): 	at android.os.Handler.dispatchMessage(Handler.java:92)
E/DropBoxManagerService(  497): 	at android.os.Looper.loop(Looper.java:137)
E/DropBoxManagerService(  497): 	at android.os.HandlerThread.run(HandlerThread.java:60)
E/DropBoxManagerService(  497): Caused by: libcore.io.ErrnoException: open failed: EROFS (Read-only file system)
E/DropBoxManagerService(  497): 	at libcore.io.Posix.open(Native Method)
E/DropBoxManagerService(  497): 	at libcore.io.BlockGuardOs.open(BlockGuardOs.java:110)
E/DropBoxManagerService(  497): 	at libcore.io.IoBridge.open(IoBridge.java:400)
E/DropBoxManagerService(  497): 	... 22 more
D/MediaProvider(  633): object removed 14812
D/MediaProvider(  633): object removed 14813
D/MediaProvider(  633): object removed 14814
D/MediaProvider(  633): object removed 14815
D/MediaProvider(  633): object removed 14816
D/MediaProvider(  633): object removed 14817
D/MediaProvider(  633): object removed 14818
D/MediaProvider(  633): object removed 14819
D/MediaProvider(  633): object removed 14820
D/MediaProvider(  633): object removed 14821
D/MediaProvider(  633): object removed 14822
D/MediaProvider(  633): object removed 14823
D/MediaProvider(  633): object removed 14824
D/MediaProvider(  633): object removed 14825
D/MediaProvider(  633): object removed 14826
D/MediaProvider(  633): object removed 14827
D/MediaProvider(  633): object removed 14828
D/MediaProvider(  633): object removed 14829
D/MediaProvider(  633): object removed 14830
D/MediaProvider(  633): object removed 14831
D/MediaProvider(  633): object removed 14832
D/MediaProvider(  633): object removed 14833
D/MediaProvider(  633): object removed 14834
D/MediaProvider(  633): object removed 14835
D/MediaProvider(  633): object removed 14836
D/MediaProvider(  633): object removed 14837
D/MediaProvider(  633): object removed 14838
I/EventHub(  497): Removing device '/dev/input/event6' due to inotify event
