W/Adreno200-EGLSUB(  454): <GetBackBuffer:1905>: genlock_lock_buffer GENLOCK_WRITE_LOCK failed
E/Adreno200-EGL(  454): <qeglDrvAPI_eglSwapBuffers:3388>: EGL_BAD_ALLOC
E/libgenlock(  454): perform_lock_unlock_operation: GENLOCK_IOC_DREADLOCK failed (lockType0x1,err=Invalid argument fd=25)
W/Adreno200-EGLSUB(  454): <GetBackBuffer:1905>: genlock_lock_buffer GENLOCK_WRITE_LOCK failed
E/Adreno200-EGL(  454): <qeglDrvAPI_eglSwapBuffers:3388>: EGL_BAD_ALLOC
W/SurfaceFlinger(  176): closeGlobalTransaction timed out!
W/WindowManager(  497): Window freeze timeout expired.
W/WindowManager(  497): Force clearing orientation change: Window{40f56608 com.android.phasebeam.PhaseBeamWallpaper paused=false}
E/libgenlock(  454): perform_lock_unlock_operation: GENLOCK_IOC_DREADLOCK failed (lockType0x1,err=Invalid argument fd=25)
W/Adreno200-EGLSUB(  454): <GetBackBuffer:1905>: genlock_lock_buffer GENLOCK_WRITE_LOCK failed
E/Adreno200-EGL(  454): <qeglDrvAPI_eglSwapBuffers:3388>: EGL_BAD_ALLOC
V/RenderScript(  649): rsContextCreateGL dev=0x1fcfd98
V/RenderScript(  649): 0x201d120 Launching thread(s), CPUs 2
V/RenderScript(  649): 0x201d120 initEGL start
D/libEGL  (  649): loaded /system/lib/egl/libEGL_adreno200.so
D/libEGL  (  649): loaded /system/lib/egl/libGLESv1_CM_adreno200.so
D/libEGL  (  649): loaded /system/lib/egl/libGLESv2_adreno200.so
D/CountryDetector(  497): The first listener is added
E/Adreno200-EGL(  649): <qeglDrvAPI_eglSwapInterval:3599>: EGL_BAD_CONTEXT
I/Adreno200-EGLSUB(  649): <ConfigWindowMatch:2089>: Format RGBX_8888.
D/memalloc(  176): ion: Allocated buffer base:0x4007b000 size:4096 fd:41
D/memalloc(  649): ion: Mapped buffer base:0x56ce4000 size:4096 offset:0 fd:54
E/libgenlock(  454): perform_lock_unlock_operation: GENLOCK_IOC_DREADLOCK failed (lockType0x1,err=Invalid argument fd=25)
W/Adreno200-EGLSUB(  454): <GetBackBuffer:1905>: genlock_lock_buffer GENLOCK_WRITE_LOCK failed
E/Adreno200-EGL(  454): <qeglDrvAPI_eglSwapBuffers:3388>: EGL_BAD_ALLOC
E/        (  649): Can't open file for reading
E/        (  649): Can't open file for reading
V/RenderScript(  649): 0x201d120 initGLThread end
E/SurfaceFlinger(  176): eventControl(0, 1) failed Invalid argument
E/SurfaceFlinger(  176): eventControl(0, 1) failed Invalid argument
V/RenderScript(  649): 0x201d120 rsContextCreateGL ret
D/memalloc(  176): ion: Freeing buffer base:0x4007b000 size:4096 fd:41
D/memalloc(  176): ion: Unmapping buffer  base:0x4007b000 size:4096
V/RenderScript(  649): normal pri
I/Adreno200-EGLSUB(  649): <ConfigWindowMatch:2089>: Format RGBX_8888.
D/memalloc(  176): ion: Allocated buffer base:0x4007b000 size:4096 fd:41
D/memalloc(  649): ion: Mapped buffer base:0x56ce5000 size:4096 offset:0 fd:59
E/SurfaceFlinger(  176): eventControl(0, 1) failed Invalid argument
V/ScriptC (  649): Create script for resource = phasebeam
I/bcc     (  649): LIBBCC build time: 2012/08/27 14:12:53
I/bcc     (  649): LIBBCC build revision: 34b4921c603719d306aadbd6eb2ef6916bacd46f (git)
E/libgenlock(  454): perform_lock_unlock_operation: GENLOCK_IOC_DREADLOCK failed (lockType0x1,err=Invalid argument fd=25)
W/Adreno200-EGLSUB(  454): <GetBackBuffer:1905>: genlock_lock_buffer GENLOCK_WRITE_LOCK failed
E/Adreno200-EGL(  454): <qeglDrvAPI_eglSwapBuffers:3388>: EGL_BAD_ALLOC
D/StopWatch(  649): StopWatch calcFileSHA1 time (us): 27038 
D/StopWatch(  649): StopWatch calcFileSHA1 time (us): 5462 
D/bcc     (  649): Read object file size 5984
D/StopWatch(  649): StopWatch bcc: PrepareExecutable time (us): 2716 
E/libgenlock(  454): perform_lock_unlock_operation: GENLOCK_IOC_DREADLOCK failed (lockType0x1,err=Invalid argument fd=25)
W/Adreno200-EGLSUB(  454): <GetBackBuffer:1905>: genlock_lock_buffer GENLOCK_WRITE_LOCK failed
E/Adreno200-EGL(  454): <qeglDrvAPI_eglSwapBuffers:3388>: EGL_BAD_ALLOC
E/libgenlock(  454): perform_lock_unlock_operation: GENLOCK_IOC_DREADLOCK failed (lockType0x1,err=Invalid argument fd=25)
W/Adreno200-EGLSUB(  454): <GetBackBuffer:1905>: genlock_lock_buffer GENLOCK_WRITE_LOCK failed
E/Adreno200-EGL(  454): <qeglDrvAPI_eglSwapBuffers:3388>: EGL_BAD_ALLOC
E/libgenlock(  649): perform_lock_unlock_operation: GENLOCK_IOC_DREADLOCK failed (lockType0x1,err=Invalid argument fd=59)
W/Adreno200-EGLSUB(  649): <GetBackBuffer:1905>: genlock_lock_buffer GENLOCK_WRITE_LOCK failed
E/Adreno200-ES20(  649): <gl2_surface_swap:41>: GL_OUT_OF_MEMORY
E/Adreno200-EGL(  649): <qeglDrvAPI_eglSwapBuffers:3388>: EGL_BAD_ALLOC
E/SurfaceFlinger(  176): eventControl(0, 1) failed Invalid argument
E/libgenlock(  454): perform_lock_unlock_operation: GENLOCK_IOC_DREADLOCK failed (lockType0x1,err=Invalid argument fd=25)
W/Adreno200-EGLSUB(  454): <GetBackBuffer:1905>: genlock_lock_buffer GENLOCK_WRITE_LOCK failed
E/Adreno200-EGL(  454): <qeglDrvAPI_eglSwapBuffers:3388>: EGL_BAD_ALLOC
E/libgenlock(  454): perform_lock_unlock_operation: GENLOCK_IOC_DREADLOCK failed (lockType0x1,err=Invalid argument fd=25)
W/Adreno200-EGLSUB(  454): <GetBackBuffer:1905>: genlock_lock_buffer GENLOCK_WRITE_LOCK failed
E/Adreno200-EGL(  454): <qeglDrvAPI_eglSwapBuffers:3388>: EGL_BAD_ALLOC
E/libgenlock(  454): perform_lock_unlock_operation: GENLOCK_IOC_DREADLOCK failed (lockType0x1,err=Invalid argument fd=25)
W/Adreno200-EGLSUB(  454): <GetBackBuffer:1905>: genlock_lock_buffer GENLOCK_WRITE_LOCK failed
E/Adreno200-EGL(  454): <qeglDrvAPI_eglSwapBuffers:3388>: EGL_BAD_ALLOC
E/libgenlock(  454): perform_lock_unlock_operation: GENLOCK_IOC_DREADLOCK failed (lockType0x1,err=Invalid argument fd=25)
W/Adreno200-EGLSUB(  454): <GetBackBuffer:1905>: genlock_lock_buffer GENLOCK_WRITE_LOCK failed
E/Adreno200-EGL(  454): <qeglDrvAPI_eglSwapBuffers:3388>: EGL_BAD_ALLOC
E/libgenlock(  454): perform_lock_unlock_operation: GENLOCK_IOC_DREADLOCK failed (lockType0x1,err=Invalid argument fd=25)
W/Adreno200-EGLSUB(  454): <GetBackBuffer:1905>: genlock_lock_buffer GENLOCK_WRITE_LOCK failed
E/Adreno200-EGL(  454): <qeglDrvAPI_eglSwapBuffers:3388>: EGL_BAD_ALLOC
E/libgenlock(  454): perform_lock_unlock_operation: GENLOCK_IOC_DREADLOCK failed (lockType0x1,err=Invalid argument fd=25)
W/Adreno200-EGLSUB(  454): <GetBackBuffer:1905>: genlock_lock_buffer GENLOCK_WRITE_LOCK failed
E/Adreno200-EGL(  454): <qeglDrvAPI_eglSwapBuffers:3388>: EGL_BAD_ALLOC
E/libgenlock(  454): perform_lock_unlock_operation: GENLOCK_IOC_DREADLOCK failed (lockType0x1,err=Invalid argument fd=25)
W/Adreno200-EGLSUB(  454): <GetBackBuffer:1905>: genlock_lock_buffer GENLOCK_WRITE_LOCK failed
E/Adreno200-EGL(  454): <qeglDrvAPI_eglSwapBuffers:3388>: EGL_BAD_ALLOC
E/libgenlock(  454): perform_lock_unlock_operation: GENLOCK_IOC_DREADLOCK failed (lockType0x1,err=Invalid argument fd=25)
W/Adreno200-EGLSUB(  454): <GetBackBuffer:1905>: genlock_lock_buffer GENLOCK_WRITE_LOCK failed
E/Adreno200-EGL(  454): <qeglDrvAPI_eglSwapBuffers:3388>: EGL_BAD_ALLOC
E/libgenlock(  454): perform_lock_unlock_operation: GENLOCK_IOC_DREADLOCK failed (lockType0x1,err=Invalid argument fd=25)
W/Adreno200-EGLSUB(  454): <GetBackBuffer:1905>: genlock_lock_buffer GENLOCK_WRITE_LOCK failed
E/Adreno200-EGL(  454): <qeglDrvAPI_eglSwapBuffers:3388>: EGL_BAD_ALLOC
E/libgenlock(  454): perform_lock_unlock_operation: GENLOCK_IOC_DREADLOCK failed (lockType0x1,err=Invalid argument fd=25)
W/Adreno200-EGLSUB(  454): <GetBackBuffer:1905>: genlock_lock_buffer GENLOCK_WRITE_LOCK failed
E/Adreno200-EGL(  454): <qeglDrvAPI_eglSwapBuffers:3388>: EGL_BAD_ALLOC
E/libgenlock(  454): perform_lock_unlock_operation: GENLOCK_IOC_DREADLOCK failed (lockType0x1,err=Invalid argument fd=25)
W/Adreno200-EGLSUB(  454): <GetBackBuffer:1905>: genlock_lock_buffer GENLOCK_WRITE_LOCK failed
E/Adreno200-EGL(  454): <qeglDrvAPI_eglSwapBuffers:3388>: EGL_BAD_ALLOC
E/libgenlock(  454): perform_lock_unlock_operation: GENLOCK_IOC_DREADLOCK failed (lockType0x1,err=Invalid argument fd=25)
W/Adreno200-EGLSUB(  454): <GetBackBuffer:1905>: genlock_lock_buffer GENLOCK_WRITE_LOCK failed
E/Adreno200-EGL(  454): <qeglDrvAPI_eglSwapBuffers:3388>: EGL_BAD_ALLOC
E/libgenlock(  454): perform_lock_unlock_operation: GENLOCK_IOC_DREADLOCK failed (lockType0x1,err=Invalid argument fd=25)
W/Adreno200-EGLSUB(  454): <GetBackBuffer:1905>: genlock_lock_buffer GENLOCK_WRITE_LOCK failed
E/Adreno200-EGL(  454): <qeglDrvAPI_eglSwapBuffers:3388>: EGL_BAD_ALLOC
E/libgenlock(  454): perform_lock_unlock_operation: GENLOCK_IOC_DREADLOCK failed (lockType0x1,err=Invalid argument fd=25)
W/Adreno200-EGLSUB(  454): <GetBackBuffer:1905>: genlock_lock_buffer GENLOCK_WRITE_LOCK failed
E/Adreno200-EGL(  454): <qeglDrvAPI_eglSwapBuffers:3388>: EGL_BAD_ALLOC
E/libgenlock(  454): perform_lock_unlock_operation: GENLOCK_IOC_DREADLOCK failed (lockType0x1,err=Invalid argument fd=25)
W/Adreno200-EGLSUB(  454): <GetBackBuffer:1905>: genlock_lock_buffer GENLOCK_WRITE_LOCK failed
E/Adreno200-EGL(  454): <qeglDrvAPI_eglSwapBuffers:3388>: EGL_BAD_ALLOC
E/libgenlock(  454): perform_lock_unlock_operation: GENLOCK_IOC_DREADLOCK failed (lockType0x1,err=Invalid argument fd=25)
W/Adreno200-EGLSUB(  454): <GetBackBuffer:1905>: genlock_lock_buffer GENLOCK_WRITE_LOCK failed
E/Adreno200-EGL(  454): <qeglDrvAPI_eglSwapBuffers:3388>: EGL_BAD_ALLOC
E/libgenlock(  454): perform_lock_unlock_operation: GENLOCK_IOC_DREADLOCK failed (lockType0x1,err=Invalid argument fd=25)
W/Adreno200-EGLSUB(  454): <GetBackBuffer:1905>: genlock_lock_buffer GENLOCK_WRITE_LOCK failed
E/Adreno200-EGL(  454): <qeglDrvAPI_eglSwapBuffers:3388>: EGL_BAD_ALLOC
E/libgenlock(  454): perform_lock_unlock_operation: GENLOCK_IOC_DREADLOCK failed (lockType0x1,err=Invalid argument fd=25)
W/Adreno200-EGLSUB(  454): <GetBackBuffer:1905>: genlock_lock_buffer GENLOCK_WRITE_LOCK failed
E/Adreno200-EGL(  454): <qeglDrvAPI_eglSwapBuffers:3388>: EGL_BAD_ALLOC
E/libgenlock(  454): perform_lock_unlock_operation: GENLOCK_IOC_DREADLOCK failed (lockType0x1,err=Invalid argument fd=25)
W/Adreno200-EGLSUB(  454): <GetBackBuffer:1905>: genlock_lock_buffer GENLOCK_WRITE_LOCK failed
E/Adreno200-EGL(  454): <qeglDrvAPI_eglSwapBuffers:3388>: EGL_BAD_ALLOC
E/libgenlock(  454): perform_lock_unlock_operation: GENLOCK_IOC_DREADLOCK failed (lockType0x1,err=Invalid argument fd=25)
W/Adreno200-EGLSUB(  454): <GetBackBuffer:1905>: genlock_lock_buffer GENLOCK_WRITE_LOCK failed
E/Adreno200-EGL(  454): <qeglDrvAPI_eglSwapBuffers:3388>: EGL_BAD_ALLOC
E/libgenlock(  454): perform_lock_unlock_operation: GENLOCK_IOC_DREADLOCK failed (lockType0x1,err=Invalid argument fd=25)
W/Adreno200-EGLSUB(  454): <GetBackBuffer:1905>: genlock_lock_buffer GENLOCK_WRITE_LOCK failed
E/Adreno200-EGL(  454): <qeglDrvAPI_eglSwapBuffers:3388>: EGL_BAD_ALLOC
E/libgenlock(  454): perform_lock_unlock_operation: GENLOCK_IOC_DREADLOCK failed (lockType0x1,err=Invalid argument fd=25)
W/Adreno200-EGLSUB(  454): <GetBackBuffer:1905>: genlock_lock_buffer GENLOCK_WRITE_LOCK failed
E/Adreno200-EGL(  454): <qeglDrvAPI_eglSwapBuffers:3388>: EGL_BAD_ALLOC
E/libgenlock(  454): perform_lock_unlock_operation: GENLOCK_IOC_DREADLOCK failed (lockType0x1,err=Invalid argument fd=25)
W/Adreno200-EGLSUB(  454): <GetBackBuffer:1905>: genlock_lock_buffer GENLOCK_WRITE_LOCK failed
E/Adreno200-EGL(  454): <qeglDrvAPI_eglSwapBuffers:3388>: EGL_BAD_ALLOC
E/libgenlock(  454): perform_lock_unlock_operation: GENLOCK_IOC_DREADLOCK failed (lockType0x1,err=Invalid argument fd=25)
W/Adreno200-EGLSUB(  454): <GetBackBuffer:1905>: genlock_lock_buffer GENLOCK_WRITE_LOCK failed
E/Adreno200-EGL(  454): <qeglDrvAPI_eglSwapBuffers:3388>: EGL_BAD_ALLOC
E/libgenlock(  454): perform_lock_unlock_operation: GENLOCK_IOC_DREADLOCK failed (lockType0x1,err=Invalid argument fd=25)
W/Adreno200-EGLSUB(  454): <GetBackBuffer:1905>: genlock_lock_buffer GENLOCK_WRITE_LOCK failed
E/Adreno200-EGL(  454): <qeglDrvAPI_eglSwapBuffers:3388>: EGL_BAD_ALLOC
E/libgenlock(  454): perform_lock_unlock_operation: GENLOCK_IOC_DREADLOCK failed (lockType0x1,err=Invalid argument fd=25)
W/Adreno200-EGLSUB(  454): <GetBackBuffer:1905>: genlock_lock_buffer GENLOCK_WRITE_LOCK failed
E/Adreno200-EGL(  454): <qeglDrvAPI_eglSwapBuffers:3388>: EGL_BAD_ALLOC
E/libgenlock(  454): perform_lock_unlock_operation: GENLOCK_IOC_DREADLOCK failed (lockType0x1,err=Invalid argument fd=25)
W/Adreno200-EGLSUB(  454): <GetBackBuffer:1905>: genlock_lock_buffer GENLOCK_WRITE_LOCK failed
E/Adreno200-EGL(  454): <qeglDrvAPI_eglSwapBuffers:3388>: EGL_BAD_ALLOC
E/libgenlock(  454): perform_lock_unlock_operation: GENLOCK_IOC_DREADLOCK failed (lockType0x1,err=Invalid argument fd=25)
W/Adreno200-EGLSUB(  454): <GetBackBuffer:1905>: genlock_lock_buffer GENLOCK_WRITE_LOCK failed
E/Adreno200-EGL(  454): <qeglDrvAPI_eglSwapBuffers:3388>: EGL_BAD_ALLOC
E/libgenlock(  454): perform_lock_unlock_operation: GENLOCK_IOC_DREADLOCK failed (lockType0x1,err=Invalid argument fd=25)
W/Adreno200-EGLSUB(  454): <GetBackBuffer:1905>: genlock_lock_buffer GENLOCK_WRITE_LOCK failed
E/Adreno200-EGL(  454): <qeglDrvAPI_eglSwapBuffers:3388>: EGL_BAD_ALLOC
E/libgenlock(  454): perform_lock_unlock_operation: GENLOCK_IOC_DREADLOCK failed (lockType0x1,err=Invalid argument fd=25)
W/Adreno200-EGLSUB(  454): <GetBackBuffer:1905>: genlock_lock_buffer GENLOCK_WRITE_LOCK failed
E/Adreno200-EGL(  454): <qeglDrvAPI_eglSwapBuffers:3388>: EGL_BAD_ALLOC
E/libgenlock(  454): perform_lock_unlock_operation: GENLOCK_IOC_DREADLOCK failed (lockType0x1,err=Invalid argument fd=25)
W/Adreno200-EGLSUB(  454): <GetBackBuffer:1905>: genlock_lock_buffer GENLOCK_WRITE_LOCK failed
E/Adreno200-EGL(  454): <qeglDrvAPI_eglSwapBuffers:3388>: EGL_BAD_ALLOC
E/libgenlock(  454): perform_lock_unlock_operation: GENLOCK_IOC_DREADLOCK failed (lockType0x1,err=Invalid argument fd=25)
W/Adreno200-EGLSUB(  454): <GetBackBuffer:1905>: genlock_lock_buffer GENLOCK_WRITE_LOCK failed
E/Adreno200-EGL(  454): <qeglDrvAPI_eglSwapBuffers:3388>: EGL_BAD_ALLOC
E/libgenlock(  454): perform_lock_unlock_operation: GENLOCK_IOC_DREADLOCK failed (lockType0x1,err=Invalid argument fd=25)
W/Adreno200-EGLSUB(  454): <GetBackBuffer:1905>: genlock_lock_buffer GENLOCK_WRITE_LOCK failed
E/Adreno200-EGL(  454): <qeglDrvAPI_eglSwapBuffers:3388>: EGL_BAD_ALLOC
E/libgenlock(  454): perform_lock_unlock_operation: GENLOCK_IOC_DREADLOCK failed (lockType0x1,err=Invalid argument fd=25)
W/Adreno200-EGLSUB(  454): <GetBackBuffer:1905>: genlock_lock_buffer GENLOCK_WRITE_LOCK failed
E/Adreno200-EGL(  454): <qeglDrvAPI_eglSwapBuffers:3388>: EGL_BAD_ALLOC
E/libgenlock(  454): perform_lock_unlock_operation: GENLOCK_IOC_DREADLOCK failed (lockType0x1,err=Invalid argument fd=25)
W/Adreno200-EGLSUB(  454): <GetBackBuffer:1905>: genlock_lock_buffer GENLOCK_WRITE_LOCK failed
E/Adreno200-EGL(  454): <qeglDrvAPI_eglSwapBuffers:3388>: EGL_BAD_ALLOC
E/libgenlock(  454): perform_lock_unlock_operation: GENLOCK_IOC_DREADLOCK failed (lockType0x1,err=Invalid argument fd=25)
W/Adreno200-EGLSUB(  454): <GetBackBuffer:1905>: genlock_lock_buffer GENLOCK_WRITE_LOCK failed
E/Adreno200-EGL(  454): <qeglDrvAPI_eglSwapBuffers:3388>: EGL_BAD_ALLOC
E/libgenlock(  454): perform_lock_unlock_operation: GENLOCK_IOC_DREADLOCK failed (lockType0x1,err=Invalid argument fd=25)
W/Adreno200-EGLSUB(  454): <GetBackBuffer:1905>: genlock_lock_buffer GENLOCK_WRITE_LOCK failed
E/Adreno200-EGL(  454): <qeglDrvAPI_eglSwapBuffers:3388>: EGL_BAD_ALLOC
E/libgenlock(  454): perform_lock_unlock_operation: GENLOCK_IOC_DREADLOCK failed (lockType0x1,err=Invalid argument fd=25)
W/Adreno200-EGLSUB(  454): <GetBackBuffer:1905>: genlock_lock_buffer GENLOCK_WRITE_LOCK failed
E/Adreno200-EGL(  454): <qeglDrvAPI_eglSwapBuffers:3388>: EGL_BAD_ALLOC
E/libgenlock(  454): perform_lock_unlock_operation: GENLOCK_IOC_DREADLOCK failed (lockType0x1,err=Invalid argument fd=25)
W/Adreno200-EGLSUB(  454): <GetBackBuffer:1905>: genlock_lock_buffer GENLOCK_WRITE_LOCK failed
E/Adreno200-EGL(  454): <qeglDrvAPI_eglSwapBuffers:3388>: EGL_BAD_ALLOC
E/libgenlock(  454): perform_lock_unlock_operation: GENLOCK_IOC_DREADLOCK failed (lockType0x1,err=Invalid argument fd=25)
W/Adreno200-EGLSUB(  454): <GetBackBuffer:1905>: genlock_lock_buffer GENLOCK_WRITE_LOCK failed
E/Adreno200-EGL(  454): <qeglDrvAPI_eglSwapBuffers:3388>: EGL_BAD_ALLOC
E/libgenlock(  454): perform_lock_unlock_operation: GENLOCK_IOC_DREADLOCK failed (lockType0x1,err=Invalid argument fd=25)
W/Adreno200-EGLSUB(  454): <GetBackBuffer:1905>: genlock_lock_buffer GENLOCK_WRITE_LOCK failed
E/Adreno200-EGL(  454): <qeglDrvAPI_eglSwapBuffers:3388>: EGL_BAD_ALLOC
E/libgenlock(  454): perform_lock_unlock_operation: GENLOCK_IOC_DREADLOCK failed (lockType0x1,err=Invalid argument fd=25)
W/Adreno200-EGLSUB(  454): <GetBackBuffer:1905>: genlock_lock_buffer GENLOCK_WRITE_LOCK failed
E/Adreno200-EGL(  454): <qeglDrvAPI_eglSwapBuffers:3388>: EGL_BAD_ALLOC
E/libgenlock(  454): perform_lock_unlock_operation: GENLOCK_IOC_DREADLOCK failed (lockType0x1,err=Invalid argument fd=25)
W/Adreno200-EGLSUB(  454): <GetBackBuffer:1905>: genlock_lock_buffer GENLOCK_WRITE_LOCK failed
E/Adreno200-EGL(  454): <qeglDrvAPI_eglSwapBuffers:3388>: EGL_BAD_ALLOC
E/libgenlock(  454): perform_lock_unlock_operation: GENLOCK_IOC_DREADLOCK failed (lockType0x1,err=Invalid argument fd=25)
W/Adreno200-EGLSUB(  454): <GetBackBuffer:1905>: genlock_lock_buffer GENLOCK_WRITE_LOCK failed
E/Adreno200-EGL(  454): <qeglDrvAPI_eglSwapBuffers:3388>: EGL_BAD_ALLOC
E/libgenlock(  454): perform_lock_unlock_operation: GENLOCK_IOC_DREADLOCK failed (lockType0x1,err=Invalid argument fd=25)
W/Adreno200-EGLSUB(  454): <GetBackBuffer:1905>: genlock_lock_buffer GENLOCK_WRITE_LOCK failed
E/Adreno200-EGL(  454): <qeglDrvAPI_eglSwapBuffers:3388>: EGL_BAD_ALLOC
E/libgenlock(  454): perform_lock_unlock_operation: GENLOCK_IOC_DREADLOCK failed (lockType0x1,err=Invalid argument fd=25)
W/Adreno200-EGLSUB(  454): <GetBackBuffer:1905>: genlock_lock_buffer GENLOCK_WRITE_LOCK failed
E/Adreno200-EGL(  454): <qeglDrvAPI_eglSwapBuffers:3388>: EGL_BAD_ALLOC
E/libgenlock(  454): perform_lock_unlock_operation: GENLOCK_IOC_DREADLOCK failed (lockType0x1,err=Invalid argument fd=25)
W/Adreno200-EGLSUB(  454): <GetBackBuffer:1905>: genlock_lock_buffer GENLOCK_WRITE_LOCK failed
E/Adreno200-EGL(  454): <qeglDrvAPI_eglSwapBuffers:3388>: EGL_BAD_ALLOC
E/libgenlock(  454): perform_lock_unlock_operation: GENLOCK_IOC_DREADLOCK failed (lockType0x1,err=Invalid argument fd=25)
W/Adreno200-EGLSUB(  454): <GetBackBuffer:1905>: genlock_lock_buffer GENLOCK_WRITE_LOCK failed
E/Adreno200-EGL(  454): <qeglDrvAPI_eglSwapBuffers:3388>: EGL_BAD_ALLOC
E/libgenlock(  454): perform_lock_unlock_operation: GENLOCK_IOC_DREADLOCK failed (lockType0x1,err=Invalid argument fd=25)
W/Adreno200-EGLSUB(  454): <GetBackBuffer:1905>: genlock_lock_buffer GENLOCK_WRITE_LOCK failed
E/Adreno200-EGL(  454): <qeglDrvAPI_eglSwapBuffers:3388>: EGL_BAD_ALLOC
E/libgenlock(  454): perform_lock_unlock_operation: GENLOCK_IOC_DREADLOCK failed (lockType0x1,err=Invalid argument fd=25)
W/Adreno200-EGLSUB(  454): <GetBackBuffer:1905>: genlock_lock_buffer GENLOCK_WRITE_LOCK failed
E/Adreno200-EGL(  454): <qeglDrvAPI_eglSwapBuffers:3388>: EGL_BAD_ALLOC
E/libgenlock(  454): perform_lock_unlock_operation: GENLOCK_IOC_DREADLOCK failed (lockType0x1,err=Invalid argument fd=25)
W/Adreno200-EGLSUB(  454): <GetBackBuffer:1905>: genlock_lock_buffer GENLOCK_WRITE_LOCK failed
E/Adreno200-EGL(  454): <qeglDrvAPI_eglSwapBuffers:3388>: EGL_BAD_ALLOC
E/libgenlock(  454): perform_lock_unlock_operation: GENLOCK_IOC_DREADLOCK failed (lockType0x1,err=Invalid argument fd=25)
W/Adreno200-EGLSUB(  454): <GetBackBuffer:1905>: genlock_lock_buffer GENLOCK_WRITE_LOCK failed
E/Adreno200-EGL(  454): <qeglDrvAPI_eglSwapBuffers:3388>: EGL_BAD_ALLOC
E/libgenlock(  454): perform_lock_unlock_operation: GENLOCK_IOC_DREADLOCK failed (lockType0x1,err=Invalid argument fd=25)
W/Adreno200-EGLSUB(  454): <GetBackBuffer:1905>: genlock_lock_buffer GENLOCK_WRITE_LOCK failed
E/Adreno200-EGL(  454): <qeglDrvAPI_eglSwapBuffers:3388>: EGL_BAD_ALLOC
E/libgenlock(  454): perform_lock_unlock_operation: GENLOCK_IOC_DREADLOCK failed (lockType0x1,err=Invalid argument fd=25)
W/Adreno200-EGLSUB(  454): <GetBackBuffer:1905>: genlock_lock_buffer GENLOCK_WRITE_LOCK failed
E/Adreno200-EGL(  454): <qeglDrvAPI_eglSwapBuffers:3388>: EGL_BAD_ALLOC
E/libgenlock(  454): perform_lock_unlock_operation: GENLOCK_IOC_DREADLOCK failed (lockType0x1,err=Invalid argument fd=25)
W/Adreno200-EGLSUB(  454): <GetBackBuffer:1905>: genlock_lock_buffer GENLOCK_WRITE_LOCK failed
E/Adreno200-EGL(  454): <qeglDrvAPI_eglSwapBuffers:3388>: EGL_BAD_ALLOC
E/libgenlock(  454): perform_lock_unlock_operation: GENLOCK_IOC_DREADLOCK failed (lockType0x1,err=Invalid argument fd=25)
W/Adreno200-EGLSUB(  454): <GetBackBuffer:1905>: genlock_lock_buffer GENLOCK_WRITE_LOCK failed
E/Adreno200-EGL(  454): <qeglDrvAPI_eglSwapBuffers:3388>: EGL_BAD_ALLOC
E/libgenlock(  454): perform_lock_unlock_operation: GENLOCK_IOC_DREADLOCK failed (lockType0x1,err=Invalid argument fd=25)
W/Adreno200-EGLSUB(  454): <GetBackBuffer:1905>: genlock_lock_buffer GENLOCK_WRITE_LOCK failed
E/Adreno200-EGL(  454): <qeglDrvAPI_eglSwapBuffers:3388>: EGL_BAD_ALLOC
E/libgenlock(  454): perform_lock_unlock_operation: GENLOCK_IOC_DREADLOCK failed (lockType0x1,err=Invalid argument fd=25)
W/Adreno200-EGLSUB(  454): <GetBackBuffer:1905>: genlock_lock_buffer GENLOCK_WRITE_LOCK failed
E/Adreno200-EGL(  454): <qeglDrvAPI_eglSwapBuffers:3388>: EGL_BAD_ALLOC
E/libgenlock(  454): perform_lock_unlock_operation: GENLOCK_IOC_DREADLOCK failed (lockType0x1,err=Invalid argument fd=25)
W/Adreno200-EGLSUB(  454): <GetBackBuffer:1905>: genlock_lock_buffer GENLOCK_WRITE_LOCK failed
E/Adreno200-EGL(  454): <qeglDrvAPI_eglSwapBuffers:3388>: EGL_BAD_ALLOC
E/libgenlock(  454): perform_lock_unlock_operation: GENLOCK_IOC_DREADLOCK failed (lockType0x1,err=Invalid argument fd=25)
W/Adreno200-EGLSUB(  454): <GetBackBuffer:1905>: genlock_lock_buffer GENLOCK_WRITE_LOCK failed
E/Adreno200-EGL(  454): <qeglDrvAPI_eglSwapBuffers:3388>: EGL_BAD_ALLOC
E/libgenlock(  454): perform_lock_unlock_operation: GENLOCK_IOC_DREADLOCK failed (lockType0x1,err=Invalid argument fd=25)
W/Adreno200-EGLSUB(  454): <GetBackBuffer:1905>: genlock_lock_buffer GENLOCK_WRITE_LOCK failed
E/Adreno200-EGL(  454): <qeglDrvAPI_eglSwapBuffers:3388>: EGL_BAD_ALLOC
E/libgenlock(  454): perform_lock_unlock_operation: GENLOCK_IOC_DREADLOCK failed (lockType0x1,err=Invalid argument fd=25)
W/Adreno200-EGLSUB(  454): <GetBackBuffer:1905>: genlock_lock_buffer GENLOCK_WRITE_LOCK failed
E/Adreno200-EGL(  454): <qeglDrvAPI_eglSwapBuffers:3388>: EGL_BAD_ALLOC
E/libgenlock(  454): perform_lock_unlock_operation: GENLOCK_IOC_DREADLOCK failed (lockType0x1,err=Invalid argument fd=25)
W/Adreno200-EGLSUB(  454): <GetBackBuffer:1905>: genlock_lock_buffer GENLOCK_WRITE_LOCK failed
E/Adreno200-EGL(  454): <qeglDrvAPI_eglSwapBuffers:3388>: EGL_BAD_ALLOC
E/libgenlock(  454): perform_lock_unlock_operation: GENLOCK_IOC_DREADLOCK failed (lockType0x1,err=Invalid argument fd=25)
W/Adreno200-EGLSUB(  454): <GetBackBuffer:1905>: genlock_lock_buffer GENLOCK_WRITE_LOCK failed
E/Adreno200-EGL(  454): <qeglDrvAPI_eglSwapBuffers:3388>: EGL_BAD_ALLOC
E/libgenlock(  454): perform_lock_unlock_operation: GENLOCK_IOC_DREADLOCK failed (lockType0x1,err=Invalid argument fd=25)
W/Adreno200-EGLSUB(  454): <GetBackBuffer:1905>: genlock_lock_buffer GENLOCK_WRITE_LOCK failed
E/Adreno200-EGL(  454): <qeglDrvAPI_eglSwapBuffers:3388>: EGL_BAD_ALLOC
E/libgenlock(  454): perform_lock_unlock_operation: GENLOCK_IOC_DREADLOCK failed (lockType0x1,err=Invalid argument fd=25)
W/Adreno200-EGLSUB(  454): <GetBackBuffer:1905>: genlock_lock_buffer GENLOCK_WRITE_LOCK failed
E/Adreno200-EGL(  454): <qeglDrvAPI_eglSwapBuffers:3388>: EGL_BAD_ALLOC
E/libgenlock(  454): perform_lock_unlock_operation: GENLOCK_IOC_DREADLOCK failed (lockType0x1,err=Invalid argument fd=25)
W/Adreno200-EGLSUB(  454): <GetBackBuffer:1905>: genlock_lock_buffer GENLOCK_WRITE_LOCK failed
E/Adreno200-EGL(  454): <qeglDrvAPI_eglSwapBuffers:3388>: EGL_BAD_ALLOC
E/libgenlock(  454): perform_lock_unlock_operation: GENLOCK_IOC_DREADLOCK failed (lockType0x1,err=Invalid argument fd=25)
W/Adreno200-EGLSUB(  454): <GetBackBuffer:1905>: genlock_lock_buffer GENLOCK_WRITE_LOCK failed
E/Adreno200-EGL(  454): <qeglDrvAPI_eglSwapBuffers:3388>: EGL_BAD_ALLOC
E/libgenlock(  454): perform_lock_unlock_operation: GENLOCK_IOC_DREADLOCK failed (lockType0x1,err=Invalid argument fd=25)
W/Adreno200-EGLSUB(  454): <GetBackBuffer:1905>: genlock_lock_buffer GENLOCK_WRITE_LOCK failed
E/Adreno200-EGL(  454): <qeglDrvAPI_eglSwapBuffers:3388>: EGL_BAD_ALLOC
E/libgenlock(  454): perform_lock_unlock_operation: GENLOCK_IOC_DREADLOCK failed (lockType0x1,err=Invalid argument fd=25)
W/Adreno200-EGLSUB(  454): <GetBackBuffer:1905>: genlock_lock_buffer GENLOCK_WRITE_LOCK failed
E/Adreno200-EGL(  454): <qeglDrvAPI_eglSwapBuffers:3388>: EGL_BAD_ALLOC
E/libgenlock(  454): perform_lock_unlock_operation: GENLOCK_IOC_DREADLOCK failed (lockType0x1,err=Invalid argument fd=25)
W/Adreno200-EGLSUB(  454): <GetBackBuffer:1905>: genlock_lock_buffer GENLOCK_WRITE_LOCK failed
E/Adreno200-EGL(  454): <qeglDrvAPI_eglSwapBuffers:3388>: EGL_BAD_ALLOC
E/libgenlock(  454): perform_lock_unlock_operation: GENLOCK_IOC_DREADLOCK failed (lockType0x1,err=Invalid argument fd=25)
W/Adreno200-EGLSUB(  454): <GetBackBuffer:1905>: genlock_lock_buffer GENLOCK_WRITE_LOCK failed
E/Adreno200-EGL(  454): <qeglDrvAPI_eglSwapBuffers:3388>: EGL_BAD_ALLOC
E/libgenlock(  454): perform_lock_unlock_operation: GENLOCK_IOC_DREADLOCK failed (lockType0x1,err=Invalid argument fd=25)
W/Adreno200-EGLSUB(  454): <GetBackBuffer:1905>: genlock_lock_buffer GENLOCK_WRITE_LOCK failed
E/Adreno200-EGL(  454): <qeglDrvAPI_eglSwapBuffers:3388>: EGL_BAD_ALLOC
E/libgenlock(  454): perform_lock_unlock_operation: GENLOCK_IOC_DREADLOCK failed (lockType0x1,err=Invalid argument fd=25)
W/Adreno200-EGLSUB(  454): <GetBackBuffer:1905>: genlock_lock_buffer GENLOCK_WRITE_LOCK failed
E/Adreno200-EGL(  454): <qeglDrvAPI_eglSwapBuffers:3388>: EGL_BAD_ALLOC
E/libgenlock(  454): perform_lock_unlock_operation: GENLOCK_IOC_DREADLOCK failed (lockType0x1,err=Invalid argument fd=25)
W/Adreno200-EGLSUB(  454): <GetBackBuffer:1905>: genlock_lock_buffer GENLOCK_WRITE_LOCK failed
E/Adreno200-EGL(  454): <qeglDrvAPI_eglSwapBuffers:3388>: EGL_BAD_ALLOC
E/libgenlock(  454): perform_lock_unlock_operation: GENLOCK_IOC_DREADLOCK failed (lockType0x1,err=Invalid argument fd=25)
W/Adreno200-EGLSUB(  454): <GetBackBuffer:1905>: genlock_lock_buffer GENLOCK_WRITE_LOCK failed
E/Adreno200-EGL(  454): <qeglDrvAPI_eglSwapBuffers:3388>: EGL_BAD_ALLOC
E/libgenlock(  454): perform_lock_unlock_operation: GENLOCK_IOC_DREADLOCK failed (lockType0x1,err=Invalid argument fd=25)
W/Adreno200-EGLSUB(  454): <GetBackBuffer:1905>: genlock_lock_buffer GENLOCK_WRITE_LOCK failed
E/Adreno200-EGL(  454): <qeglDrvAPI_eglSwapBuffers:3388>: EGL_BAD_ALLOC
E/libgenlock(  454): perform_lock_unlock_operation: GENLOCK_IOC_DREADLOCK failed (lockType0x1,err=Invalid argument fd=25)
W/Adreno200-EGLSUB(  454): <GetBackBuffer:1905>: genlock_lock_buffer GENLOCK_WRITE_LOCK failed
E/Adreno200-EGL(  454): <qeglDrvAPI_eglSwapBuffers:3388>: EGL_BAD_ALLOC
E/libgenlock(  454): perform_lock_unlock_operation: GENLOCK_IOC_DREADLOCK failed (lockType0x1,err=Invalid argument fd=25)
W/Adreno200-EGLSUB(  454): <GetBackBuffer:1905>: genlock_lock_buffer GENLOCK_WRITE_LOCK failed
E/Adreno200-EGL(  454): <qeglDrvAPI_eglSwapBuffers:3388>: EGL_BAD_ALLOC
E/libgenlock(  454): perform_lock_unlock_operation: GENLOCK_IOC_DREADLOCK failed (lockType0x1,err=Invalid argument fd=25)
W/Adreno200-EGLSUB(  454): <GetBackBuffer:1905>: genlock_lock_buffer GENLOCK_WRITE_LOCK failed
E/Adreno200-EGL(  454): <qeglDrvAPI_eglSwapBuffers:3388>: EGL_BAD_ALLOC
E/libgenlock(  454): perform_lock_unlock_operation: GENLOCK_IOC_DREADLOCK failed (lockType0x1,err=Invalid argument fd=25)
W/Adreno200-EGLSUB(  454): <GetBackBuffer:1905>: genlock_lock_buffer GENLOCK_WRITE_LOCK failed
E/Adreno200-EGL(  454): <qeglDrvAPI_eglSwapBuffers:3388>: EGL_BAD_ALLOC
E/libgenlock(  454): perform_lock_unlock_operation: GENLOCK_IOC_DREADLOCK failed (lockType0x1,err=Invalid argument fd=25)
W/Adreno200-EGLSUB(  454): <GetBackBuffer:1905>: genlock_lock_buffer GENLOCK_WRITE_LOCK failed
E/Adreno200-EGL(  454): <qeglDrvAPI_eglSwapBuffers:3388>: EGL_BAD_ALLOC
E/libgenlock(  454): perform_lock_unlock_operation: GENLOCK_IOC_DREADLOCK failed (lockType0x1,err=Invalid argument fd=25)
W/Adreno200-EGLSUB(  454): <GetBackBuffer:1905>: genlock_lock_buffer GENLOCK_WRITE_LOCK failed
E/Adreno200-EGL(  454): <qeglDrvAPI_eglSwapBuffers:3388>: EGL_BAD_ALLOC
E/libgenlock(  454): perform_lock_unlock_operation: GENLOCK_IOC_DREADLOCK failed (lockType0x1,err=Invalid argument fd=25)
W/Adreno200-EGLSUB(  454): <GetBackBuffer:1905>: genlock_lock_buffer GENLOCK_WRITE_LOCK failed
E/Adreno200-EGL(  454): <qeglDrvAPI_eglSwapBuffers:3388>: EGL_BAD_ALLOC
E/libgenlock(  454): perform_lock_unlock_operation: GENLOCK_IOC_DREADLOCK failed (lockType0x1,err=Invalid argument fd=25)
W/Adreno200-EGLSUB(  454): <GetBackBuffer:1905>: genlock_lock_buffer GENLOCK_WRITE_LOCK failed
E/Adreno200-EGL(  454): <qeglDrvAPI_eglSwapBuffers:3388>: EGL_BAD_ALLOC
E/libgenlock(  454): perform_lock_unlock_operation: GENLOCK_IOC_DREADLOCK failed (lockType0x1,err=Invalid argument fd=25)
W/Adreno200-EGLSUB(  454): <GetBackBuffer:1905>: genlock_lock_buffer GENLOCK_WRITE_LOCK failed
E/Adreno200-EGL(  454): <qeglDrvAPI_eglSwapBuffers:3388>: EGL_BAD_ALLOC
E/libgenlock(  454): perform_lock_unlock_operation: GENLOCK_IOC_DREADLOCK failed (lockType0x1,err=Invalid argument fd=25)
W/Adreno200-EGLSUB(  454): <GetBackBuffer:1905>: genlock_lock_buffer GENLOCK_WRITE_LOCK failed
E/Adreno200-EGL(  454): <qeglDrvAPI_eglSwapBuffers:3388>: EGL_BAD_ALLOC
E/libgenlock(  454): perform_lock_unlock_operation: GENLOCK_IOC_DREADLOCK failed (lockType0x1,err=Invalid argument fd=25)
W/Adreno200-EGLSUB(  454): <GetBackBuffer:1905>: genlock_lock_buffer GENLOCK_WRITE_LOCK failed
E/Adreno200-EGL(  454): <qeglDrvAPI_eglSwapBuffers:3388>: EGL_BAD_ALLOC
E/libgenlock(  454): perform_lock_unlock_operation: GENLOCK_IOC_DREADLOCK failed (lockType0x1,err=Invalid argument fd=25)
W/Adreno200-EGLSUB(  454): <GetBackBuffer:1905>: genlock_lock_buffer GENLOCK_WRITE_LOCK failed
E/Adreno200-EGL(  454): <qeglDrvAPI_eglSwapBuffers:3388>: EGL_BAD_ALLOC
E/libgenlock(  454): perform_lock_unlock_operation: GENLOCK_IOC_DREADLOCK failed (lockType0x1,err=Invalid argument fd=25)
W/Adreno200-EGLSUB(  454): <GetBackBuffer:1905>: genlock_lock_buffer GENLOCK_WRITE_LOCK failed
E/Adreno200-EGL(  454): <qeglDrvAPI_eglSwapBuffers:3388>: EGL_BAD_ALLOC
E/libgenlock(  454): perform_lock_unlock_operation: GENLOCK_IOC_DREADLOCK failed (lockType0x1,err=Invalid argument fd=25)
W/Adreno200-EGLSUB(  454): <GetBackBuffer:1905>: genlock_lock_buffer GENLOCK_WRITE_LOCK failed
E/Adreno200-EGL(  454): <qeglDrvAPI_eglSwapBuffers:3388>: EGL_BAD_ALLOC
E/libgenlock(  454): perform_lock_unlock_operation: GENLOCK_IOC_DREADLOCK failed (lockType0x1,err=Invalid argument fd=25)
W/Adreno200-EGLSUB(  454): <GetBackBuffer:1905>: genlock_lock_buffer GENLOCK_WRITE_LOCK failed
E/Adreno200-EGL(  454): <qeglDrvAPI_eglSwapBuffers:3388>: EGL_BAD_ALLOC
E/libgenlock(  454): perform_lock_unlock_operation: GENLOCK_IOC_DREADLOCK failed (lockType0x1,err=Invalid argument fd=25)
W/Adreno200-EGLSUB(  454): <GetBackBuffer:1905>: genlock_lock_buffer GENLOCK_WRITE_LOCK failed
E/Adreno200-EGL(  454): <qeglDrvAPI_eglSwapBuffers:3388>: EGL_BAD_ALLOC
E/libgenlock(  454): perform_lock_unlock_operation: GENLOCK_IOC_DREADLOCK failed (lockType0x1,err=Invalid argument fd=25)
W/Adreno200-EGLSUB(  454): <GetBackBuffer:1905>: genlock_lock_buffer GENLOCK_WRITE_LOCK failed
E/Adreno200-EGL(  454): <qeglDrvAPI_eglSwapBuffers:3388>: EGL_BAD_ALLOC
E/libgenlock(  454): perform_lock_unlock_operation: GENLOCK_IOC_DREADLOCK failed (lockType0x1,err=Invalid argument fd=25)
W/Adreno200-EGLSUB(  454): <GetBackBuffer:1905>: genlock_lock_buffer GENLOCK_WRITE_LOCK failed
E/Adreno200-EGL(  454): <qeglDrvAPI_eglSwapBuffers:3388>: EGL_BAD_ALLOC
E/libgenlock(  454): perform_lock_unlock_operation: GENLOCK_IOC_DREADLOCK failed (lockType0x1,err=Invalid argument fd=25)
W/Adreno200-EGLSUB(  454): <GetBackBuffer:1905>: genlock_lock_buffer GENLOCK_WRITE_LOCK failed
E/Adreno200-EGL(  454): <qeglDrvAPI_eglSwapBuffers:3388>: EGL_BAD_ALLOC
E/libgenlock(  454): perform_lock_unlock_operation: GENLOCK_IOC_DREADLOCK failed (lockType0x1,err=Invalid argument fd=25)
W/Adreno200-EGLSUB(  454): <GetBackBuffer:1905>: genlock_lock_buffer GENLOCK_WRITE_LOCK failed
E/Adreno200-EGL(  454): <qeglDrvAPI_eglSwapBuffers:3388>: EGL_BAD_ALLOC
E/libgenlock(  454): perform_lock_unlock_operation: GENLOCK_IOC_DREADLOCK failed (lockType0x1,err=Invalid argument fd=25)
W/Adreno200-EGLSUB(  454): <GetBackBuffer:1905>: genlock_lock_buffer GENLOCK_WRITE_LOCK failed
E/Adreno200-EGL(  454): <qeglDrvAPI_eglSwapBuffers:3388>: EGL_BAD_ALLOC
E/libgenlock(  454): perform_lock_unlock_operation: GENLOCK_IOC_DREADLOCK failed (lockType0x1,err=Invalid argument fd=25)
W/Adreno200-EGLSUB(  454): <GetBackBuffer:1905>: genlock_lock_buffer GENLOCK_WRITE_LOCK failed
E/Adreno200-EGL(  454): <qeglDrvAPI_eglSwapBuffers:3388>: EGL_BAD_ALLOC
E/libgenlock(  454): perform_lock_unlock_operation: GENLOCK_IOC_DREADLOCK failed (lockType0x1,err=Invalid argument fd=25)
W/Adreno200-EGLSUB(  454): <GetBackBuffer:1905>: genlock_lock_buffer GENLOCK_WRITE_LOCK failed
E/Adreno200-EGL(  454): <qeglDrvAPI_eglSwapBuffers:3388>: EGL_BAD_ALLOC
E/libgenlock(  454): perform_lock_unlock_operation: GENLOCK_IOC_DREADLOCK failed (lockType0x1,err=Invalid argument fd=25)
W/Adreno200-EGLSUB(  454): <GetBackBuffer:1905>: genlock_lock_buffer GENLOCK_WRITE_LOCK failed
E/Adreno200-EGL(  454): <qeglDrvAPI_eglSwapBuffers:3388>: EGL_BAD_ALLOC
E/libgenlock(  454): perform_lock_unlock_operation: GENLOCK_IOC_DREADLOCK failed (lockType0x1,err=Invalid argument fd=25)
W/Adreno200-EGLSUB(  454): <GetBackBuffer:1905>: genlock_lock_buffer GENLOCK_WRITE_LOCK failed
E/Adreno200-EGL(  454): <qeglDrvAPI_eglSwapBuffers:3388>: EGL_BAD_ALLOC
E/libgenlock(  454): perform_lock_unlock_operation: GENLOCK_IOC_DREADLOCK failed (lockType0x1,err=Invalid argument fd=25)
W/Adreno200-EGLSUB(  454): <GetBackBuffer:1905>: genlock_lock_buffer GENLOCK_WRITE_LOCK failed
E/Adreno200-EGL(  454): <qeglDrvAPI_eglSwapBuffers:3388>: EGL_BAD_ALLOC
W/ActivityManager(  497): Activity idle timeout for ActivityRecord{40f7d7d8 com.cyanogenmod.trebuchet/.Launcher}
I/ActivityManager(  497): Start proc com.android.contacts for broadcast com.android.contacts/.calllog.CallLogReceiver: pid=913 uid=10001 gids={3003, 1015, 1028}
D/PowerManagerService(  497): bootCompleted
E/libgenlock(  454): perform_lock_unlock_operation: GENLOCK_IOC_DREADLOCK failed (lockType0x1,err=Invalid argument fd=25)
W/Adreno200-EGLSUB(  454): <GetBackBuffer:1905>: genlock_lock_buffer GENLOCK_WRITE_LOCK failed
E/Adreno200-EGL(  454): <qeglDrvAPI_eglSwapBuffers:3388>: EGL_BAD_ALLOC
V/DevicePolicyManagerService(  497): Sending password expiration notifications for action android.intent.action.BOOT_COMPLETED
D/VoldCmdListener(  170): volume mount /storage/sdcard1
I/Vold    (  170): /dev/block/vold/179:33 being considered for volume external_sd
D/Vold    (  170): Volume external_sd state changing 1 (Idle-Unmounted) -> 3 (Checking)
D/MountService(  497): volume state changed for /storage/sdcard1 (unmounted -> checking)
D/MountService(  497): sendStorageIntent Intent { act=android.intent.action.MEDIA_CHECKING dat=file:///storage/sdcard1 (has extras) }
V/WiredAccessoryObserver(  497): init()
D/ActivityThread(  913): setTargetHeapUtilization:0.25
D/ActivityThread(  913): setTargetHeapIdealFree:8388608
D/ActivityThread(  913): setTargetHeapConcurrentStart:2097152
I//system/bin/fsck_msdos(  170): ** /dev/block/vold/179:33
E/libgenlock(  454): perform_lock_unlock_operation: GENLOCK_IOC_DREADLOCK failed (lockType0x1,err=Invalid argument fd=25)
W/Adreno200-EGLSUB(  454): <GetBackBuffer:1905>: genlock_lock_buffer GENLOCK_WRITE_LOCK failed
E/Adreno200-EGL(  454): <qeglDrvAPI_eglSwapBuffers:3388>: EGL_BAD_ALLOC
W/WVMExtractor(  179): Failed to open libwvm.so
W/QComExtractorFactory(  179): Didn't match the sniff <=== status = 5 
W/QComExtractorFactory(  179): Didn't match the sniff <=== status = 1 
W/QComExtractorFactory(  179): Didn't match the sniff <=== status = 1 
W/QComExtractorFactory(  179): Didn't match the sniff <=== status = 1 
E/MM_OSAL (  179): FileSourceHelper::ValidateAACFile failed
W/QComExtractorFactory(  179): Didn't match the sniff <=== status = 1 
E/libgenlock(  454): perform_lock_unlock_operation: GENLOCK_IOC_DREADLOCK failed (lockType0x1,err=Invalid argument fd=25)
W/Adreno200-EGLSUB(  454): <GetBackBuffer:1905>: genlock_lock_buffer GENLOCK_WRITE_LOCK failed
E/Adreno200-EGL(  454): <qeglDrvAPI_eglSwapBuffers:3388>: EGL_BAD_ALLOC
W/WVMExtractor(  179): Failed to open libwvm.so
W/QComExtractorFactory(  179): Didn't match the sniff <=== status = 5 
W/QComExtractorFactory(  179): Didn't match the sniff <=== status = 1 
W/QComExtractorFactory(  179): Didn't match the sniff <=== status = 1 
W/QComExtractorFactory(  179): Didn't match the sniff <=== status = 1 
E/MM_OSAL (  179): FileSourceHelper::ValidateAACFile failed
W/QComExtractorFactory(  179): Didn't match the sniff <=== status = 1 
E/MP-Decision(  952): MPDecision server starting
E/MP-Decision(  952): Core1 status: offline
E/MP-Decision(  952): OPTION ENABLED: Control sleep modes
E/MP-Decision(  952): OPTION ENABLED: Adjusting average
E/MP-Decision(  952): Decision parameters Nw=1.990000, Tw=140, Ns=1.100000, Ts=190, DI=50, poll=9
E/libgenlock(  454): perform_lock_unlock_operation: GENLOCK_IOC_DREADLOCK failed (lockType0x1,err=Invalid argument fd=25)
W/Adreno200-EGLSUB(  454): <GetBackBuffer:1905>: genlock_lock_buffer GENLOCK_WRITE_LOCK failed
E/Adreno200-EGL(  454): <qeglDrvAPI_eglSwapBuffers:3388>: EGL_BAD_ALLOC
E/libgenlock(  454): perform_lock_unlock_operation: GENLOCK_IOC_DREADLOCK failed (lockType0x1,err=Invalid argument fd=25)
W/Adreno200-EGLSUB(  454): <GetBackBuffer:1905>: genlock_lock_buffer GENLOCK_WRITE_LOCK failed
E/Adreno200-EGL(  454): <qeglDrvAPI_eglSwapBuffers:3388>: EGL_BAD_ALLOC
W/WVMExtractor(  179): Failed to open libwvm.so
W/QComExtractorFactory(  179): Didn't match the sniff <=== status = 5 
W/QComExtractorFactory(  179): Didn't match the sniff <=== status = 1 
W/QComExtractorFactory(  179): Didn't match the sniff <=== status = 1 
W/QComExtractorFactory(  179): Didn't match the sniff <=== status = 1 
E/MM_OSAL (  179): FileSourceHelper::ValidateAACFile failed
W/QComExtractorFactory(  179): Didn't match the sniff <=== status = 1 
I//system/bin/fsck_msdos(  170): ** Phase 1 - Read and Compare FATs
I//system/bin/fsck_msdos(  170): Attempting to allocate 1898 KB for FAT
E/libgenlock(  454): perform_lock_unlock_operation: GENLOCK_IOC_DREADLOCK failed (lockType0x1,err=Invalid argument fd=25)
W/Adreno200-EGLSUB(  454): <GetBackBuffer:1905>: genlock_lock_buffer GENLOCK_WRITE_LOCK failed
E/Adreno200-EGL(  454): <qeglDrvAPI_eglSwapBuffers:3388>: EGL_BAD_ALLOC
I/ActivityManager(  497): Start proc com.cyanogenmod.settings.device for broadcast com.cyanogenmod.settings.device/.Startup: pid=965 uid=1000 gids={1015, 3002, 3001, 3003, 1028}
E/libgenlock(  454): perform_lock_unlock_operation: GENLOCK_IOC_DREADLOCK failed (lockType0x1,err=Invalid argument fd=25)
W/Adreno200-EGLSUB(  454): <GetBackBuffer:1905>: genlock_lock_buffer GENLOCK_WRITE_LOCK failed
E/Adreno200-EGL(  454): <qeglDrvAPI_eglSwapBuffers:3388>: EGL_BAD_ALLOC
W/WVMExtractor(  179): Failed to open libwvm.so
W/QComExtractorFactory(  179): Didn't match the sniff <=== status = 5 
W/QComExtractorFactory(  179): Didn't match the sniff <=== status = 1 
W/QComExtractorFactory(  179): Didn't match the sniff <=== status = 1 
W/QComExtractorFactory(  179): Didn't match the sniff <=== status = 1 
E/MM_OSAL (  179): FileSourceHelper::ValidateAACFile failed
W/QComExtractorFactory(  179): Didn't match the sniff <=== status = 1 
D/ActivityThread(  965): setTargetHeapUtilization:0.25
D/ActivityThread(  965): setTargetHeapIdealFree:8388608
D/ActivityThread(  965): setTargetHeapConcurrentStart:2097152
E/libgenlock(  454): perform_lock_unlock_operation: GENLOCK_IOC_DREADLOCK failed (lockType0x1,err=Invalid argument fd=25)
W/Adreno200-EGLSUB(  454): <GetBackBuffer:1905>: genlock_lock_buffer GENLOCK_WRITE_LOCK failed
E/Adreno200-EGL(  454): <qeglDrvAPI_eglSwapBuffers:3388>: EGL_BAD_ALLOC
W/System.err(  965): java.io.FileNotFoundException: /sys/class/misc/backlightnotification/enabled: open failed: ENOENT (No such file or directory)
E/libgenlock(  454): perform_lock_unlock_operation: GENLOCK_IOC_DREADLOCK failed (lockType0x1,err=Invalid argument fd=25)
W/Adreno200-EGLSUB(  454): <GetBackBuffer:1905>: genlock_lock_buffer GENLOCK_WRITE_LOCK failed
E/Adreno200-EGL(  454): <qeglDrvAPI_eglSwapBuffers:3388>: EGL_BAD_ALLOC
W/System.err(  965): 	at libcore.io.IoBridge.open(IoBridge.java:416)
W/System.err(  965): 	at java.io.FileOutputStream.<init>(FileOutputStream.java:88)
W/System.err(  965): 	at java.io.FileOutputStream.<init>(FileOutputStream.java:73)
W/System.err(  965): 	at com.cyanogenmod.settings.device.Utils.writeValue(Utils.java:36)
W/System.err(  965): 	at com.cyanogenmod.settings.device.SensorsFragmentActivity.restore(SensorsFragmentActivity.java:95)
W/System.err(  965): 	at com.cyanogenmod.settings.device.Startup.onReceive(Startup.java:30)
W/System.err(  965): 	at android.app.ActivityThread.handleReceiver(ActivityThread.java:2355)
W/System.err(  965): 	at android.app.ActivityThread.access$1500(ActivityThread.java:142)
W/System.err(  965): 	at android.app.ActivityThread$H.handleMessage(ActivityThread.java:1284)
W/System.err(  965): 	at android.os.Handler.dispatchMessage(Handler.java:99)
W/System.err(  965): 	at android.os.Looper.loop(Looper.java:137)
W/System.err(  965): 	at android.app.ActivityThread.main(ActivityThread.java:4928)
W/System.err(  965): 	at java.lang.reflect.Method.invokeNative(Native Method)
W/System.err(  965): 	at java.lang.reflect.Method.invoke(Method.java:511)
W/System.err(  965): 	at com.android.internal.os.ZygoteInit$MethodAndArgsCaller.run(ZygoteInit.java:791)
W/System.err(  965): 	at com.android.internal.os.ZygoteInit.main(ZygoteInit.java:558)
W/System.err(  965): 	at dalvik.system.NativeStart.main(Native Method)
W/System.err(  965): Caused by: libcore.io.ErrnoException: open failed: ENOENT (No such file or directory)
W/System.err(  965): 	at libcore.io.Posix.open(Native Method)
W/System.err(  965): 	at libcore.io.BlockGuardOs.open(BlockGuardOs.java:110)
W/System.err(  965): 	at libcore.io.IoBridge.open(IoBridge.java:400)
W/System.err(  965): 	... 16 more
W/WVMExtractor(  179): Failed to open libwvm.so
W/QComExtractorFactory(  179): Didn't match the sniff <=== status = 5 
W/QComExtractorFactory(  179): Didn't match the sniff <=== status = 1 
W/QComExtractorFactory(  179): Didn't match the sniff <=== status = 1 
W/QComExtractorFactory(  179): Didn't match the sniff <=== status = 1 
E/MM_OSAL (  179): FileSourceHelper::ValidateAACFile failed
W/QComExtractorFactory(  179): Didn't match the sniff <=== status = 1 
I/ActivityManager(  497): Start proc com.bel.android.dspmanager for broadcast com.bel.android.dspmanager/.receiver.BootCompletedReceiver: pid=994 uid=10011 gids={3002, 1028}
E/libgenlock(  454): perform_lock_unlock_operation: GENLOCK_IOC_DREADLOCK failed (lockType0x1,err=Invalid argument fd=25)
W/Adreno200-EGLSUB(  454): <GetBackBuffer:1905>: genlock_lock_buffer GENLOCK_WRITE_LOCK failed
E/Adreno200-EGL(  454): <qeglDrvAPI_eglSwapBuffers:3388>: EGL_BAD_ALLOC
D/ActivityThread(  994): setTargetHeapUtilization:0.25
D/ActivityThread(  994): setTargetHeapIdealFree:8388608
D/ActivityThread(  994): setTargetHeapConcurrentStart:2097152
E/libgenlock(  454): perform_lock_unlock_operation: GENLOCK_IOC_DREADLOCK failed (lockType0x1,err=Invalid argument fd=25)
W/Adreno200-EGLSUB(  454): <GetBackBuffer:1905>: genlock_lock_buffer GENLOCK_WRITE_LOCK failed
E/Adreno200-EGL(  454): <qeglDrvAPI_eglSwapBuffers:3388>: EGL_BAD_ALLOC
I/HeadsetService(  994): Starting service.
I/RecoverySystem(  497): No recovery log file
E/libgenlock(  454): perform_lock_unlock_operation: GENLOCK_IOC_DREADLOCK failed (lockType0x1,err=Invalid argument fd=25)
W/Adreno200-EGLSUB(  454): <GetBackBuffer:1905>: genlock_lock_buffer GENLOCK_WRITE_LOCK failed
E/Adreno200-EGL(  454): <qeglDrvAPI_eglSwapBuffers:3388>: EGL_BAD_ALLOC
I/AccountTypeManager(  913): Loaded meta-data for 1 account types, 0 accounts in 27ms(wall) 11ms(cpu)
I/ActivityManager(  497): Start proc com.android.providers.calendar for broadcast com.android.providers.calendar/.CalendarReceiver: pid=1014 uid=10008 gids={3003, 1015, 1028}
E/libgenlock(  454): perform_lock_unlock_operation: GENLOCK_IOC_DREADLOCK failed (lockType0x1,err=Invalid argument fd=25)
W/Adreno200-EGLSUB(  454): <GetBackBuffer:1905>: genlock_lock_buffer GENLOCK_WRITE_LOCK failed
E/Adreno200-EGL(  454): <qeglDrvAPI_eglSwapBuffers:3388>: EGL_BAD_ALLOC
D/ActivityThread( 1014): setTargetHeapUtilization:0.25
D/ActivityThread( 1014): setTargetHeapIdealFree:8388608
D/ActivityThread( 1014): setTargetHeapConcurrentStart:2097152
I/ActivityThread( 1014): Pub com.android.calendar: com.android.providers.calendar.CalendarProvider2
E/libgenlock(  454): perform_lock_unlock_operation: GENLOCK_IOC_DREADLOCK failed (lockType0x1,err=Invalid argument fd=25)
W/Adreno200-EGLSUB(  454): <GetBackBuffer:1905>: genlock_lock_buffer GENLOCK_WRITE_LOCK failed
E/Adreno200-EGL(  454): <qeglDrvAPI_eglSwapBuffers:3388>: EGL_BAD_ALLOC
I//system/bin/fsck_msdos(  170): Attempting to allocate 1898 KB for FAT
E/libgenlock(  454): perform_lock_unlock_operation: GENLOCK_IOC_DREADLOCK failed (lockType0x1,err=Invalid argument fd=25)
W/Adreno200-EGLSUB(  454): <GetBackBuffer:1905>: genlock_lock_buffer GENLOCK_WRITE_LOCK failed
E/Adreno200-EGL(  454): <qeglDrvAPI_eglSwapBuffers:3388>: EGL_BAD_ALLOC
E/libgenlock(  454): perform_lock_unlock_operation: GENLOCK_IOC_DREADLOCK failed (lockType0x1,err=Invalid argument fd=25)
W/Adreno200-EGLSUB(  454): <GetBackBuffer:1905>: genlock_lock_buffer GENLOCK_WRITE_LOCK failed
E/Adreno200-EGL(  454): <qeglDrvAPI_eglSwapBuffers:3388>: EGL_BAD_ALLOC
E/libgenlock(  454): perform_lock_unlock_operation: GENLOCK_IOC_DREADLOCK failed (lockType0x1,err=Invalid argument fd=25)
W/Adreno200-EGLSUB(  454): <GetBackBuffer:1905>: genlock_lock_buffer GENLOCK_WRITE_LOCK failed
E/Adreno200-EGL(  454): <qeglDrvAPI_eglSwapBuffers:3388>: EGL_BAD_ALLOC
I/ActivityManager(  497): Start proc com.android.deskclock for broadcast com.android.deskclock/.AlarmInitReceiver: pid=1029 uid=10013 gids={1028}
D/ActivityThread( 1029): setTargetHeapUtilization:0.25
D/ActivityThread( 1029): setTargetHeapIdealFree:8388608
D/ActivityThread( 1029): setTargetHeapConcurrentStart:2097152
E/libgenlock(  454): perform_lock_unlock_operation: GENLOCK_IOC_DREADLOCK failed (lockType0x1,err=Invalid argument fd=25)
W/Adreno200-EGLSUB(  454): <GetBackBuffer:1905>: genlock_lock_buffer GENLOCK_WRITE_LOCK failed
E/Adreno200-EGL(  454): <qeglDrvAPI_eglSwapBuffers:3388>: EGL_BAD_ALLOC
I/ActivityThread( 1029): Pub com.android.deskclock: com.android.deskclock.AlarmProvider
E/libgenlock(  454): perform_lock_unlock_operation: GENLOCK_IOC_DREADLOCK failed (lockType0x1,err=Invalid argument fd=25)
W/Adreno200-EGLSUB(  454): <GetBackBuffer:1905>: genlock_lock_buffer GENLOCK_WRITE_LOCK failed
E/Adreno200-EGL(  454): <qeglDrvAPI_eglSwapBuffers:3388>: EGL_BAD_ALLOC
E/libgenlock(  454): perform_lock_unlock_operation: GENLOCK_IOC_DREADLOCK failed (lockType0x1,err=Invalid argument fd=25)
W/Adreno200-EGLSUB(  454): <GetBackBuffer:1905>: genlock_lock_buffer GENLOCK_WRITE_LOCK failed
E/Adreno200-EGL(  454): <qeglDrvAPI_eglSwapBuffers:3388>: EGL_BAD_ALLOC
V/AlarmClock( 1029): AlarmInitReceiver finished
E/libgenlock(  454): perform_lock_unlock_operation: GENLOCK_IOC_DREADLOCK failed (lockType0x1,err=Invalid argument fd=25)
W/Adreno200-EGLSUB(  454): <GetBackBuffer:1905>: genlock_lock_buffer GENLOCK_WRITE_LOCK failed
E/Adreno200-EGL(  454): <qeglDrvAPI_eglSwapBuffers:3388>: EGL_BAD_ALLOC
D/CAT     (  680): CatService: SIM ready. Reporting STK service running now...
I/ActivityManager(  497): Start proc com.android.email for broadcast com.android.email/.service.EmailBroadcastReceiver: pid=1062 uid=10016 gids={3003, 1015, 1028}
E/libgenlock(  454): perform_lock_unlock_operation: GENLOCK_IOC_DREADLOCK failed (lockType0x1,err=Invalid argument fd=25)
W/Adreno200-EGLSUB(  454): <GetBackBuffer:1905>: genlock_lock_buffer GENLOCK_WRITE_LOCK failed
E/Adreno200-EGL(  454): <qeglDrvAPI_eglSwapBuffers:3388>: EGL_BAD_ALLOC
I//system/bin/fsck_msdos(  170): ** Phase 2 - Check Cluster Chains
E/libgenlock(  454): perform_lock_unlock_operation: GENLOCK_IOC_DREADLOCK failed (lockType0x1,err=Invalid argument fd=25)
W/Adreno200-EGLSUB(  454): <GetBackBuffer:1905>: genlock_lock_buffer GENLOCK_WRITE_LOCK failed
D/ActivityThread( 1062): setTargetHeapUtilization:0.25
E/Adreno200-EGL(  454): <qeglDrvAPI_eglSwapBuffers:3388>: EGL_BAD_ALLOC
D/ActivityThread( 1062): setTargetHeapIdealFree:8388608
D/ActivityThread( 1062): setTargetHeapConcurrentStart:2097152
E/libgenlock(  454): perform_lock_unlock_operation: GENLOCK_IOC_DREADLOCK failed (lockType0x1,err=Invalid argument fd=25)
W/Adreno200-EGLSUB(  454): <GetBackBuffer:1905>: genlock_lock_buffer GENLOCK_WRITE_LOCK failed
E/Adreno200-EGL(  454): <qeglDrvAPI_eglSwapBuffers:3388>: EGL_BAD_ALLOC
I//system/bin/fsck_msdos(  170): ** Phase 3 - Checking Directories
I/ActivityThread( 1062): Pub com.android.email.provider;com.android.email.notifier: com.android.email.provider.EmailProvider
E/libgenlock(  454): perform_lock_unlock_operation: GENLOCK_IOC_DREADLOCK failed (lockType0x1,err=Invalid argument fd=25)
W/Adreno200-EGLSUB(  454): <GetBackBuffer:1905>: genlock_lock_buffer GENLOCK_WRITE_LOCK failed
E/Adreno200-EGL(  454): <qeglDrvAPI_eglSwapBuffers:3388>: EGL_BAD_ALLOC
