W/Adreno200-EGLSUB(  454): <GetBackBuffer:1905>: genlock_lock_buffer GENLOCK_WRITE_LOCK failed
E/Adreno200-EGL(  454): <qeglDrvAPI_eglSwapBuffers:3388>: EGL_BAD_ALLOC
W/PackageParser(  497): No actions in intent filter at /system/app/Bluetooth.apk Binary XML file line #159
E/libgenlock(  454): perform_lock_unlock_operation: GENLOCK_IOC_DREADLOCK failed (lockType0x1,err=Invalid argument fd=25)
W/Adreno200-EGLSUB(  454): <GetBackBuffer:1905>: genlock_lock_buffer GENLOCK_WRITE_LOCK failed
E/Adreno200-EGL(  454): <qeglDrvAPI_eglSwapBuffers:3388>: EGL_BAD_ALLOC
E/libgenlock(  454): perform_lock_unlock_operation: GENLOCK_IOC_DREADLOCK failed (lockType0x1,err=Invalid argument fd=25)
W/Adreno200-EGLSUB(  454): <GetBackBuffer:1905>: genlock_lock_buffer GENLOCK_WRITE_LOCK failed
E/Adreno200-EGL(  454): <qeglDrvAPI_eglSwapBuffers:3388>: EGL_BAD_ALLOC
E/libgenlock(  454): perform_lock_unlock_operation: GENLOCK_IOC_DREADLOCK failed (lockType0x1,err=Invalid argument fd=25)
W/Adreno200-EGLSUB(  454): <GetBackBuffer:1905>: genlock_lock_buffer GENLOCK_WRITE_LOCK failed
E/Adreno200-EGL(  454): <qeglDrvAPI_eglSwapBuffers:3388>: EGL_BAD_ALLOC
E/libgenlock(  454): perform_lock_unlock_operation: GENLOCK_IOC_DREADLOCK failed (lockType0x1,err=Invalid argument fd=25)
W/Adreno200-EGLSUB(  454): <GetBackBuffer:1905>: genlock_lock_buffer GENLOCK_WRITE_LOCK failed
E/Adreno200-EGL(  454): <qeglDrvAPI_eglSwapBuffers:3388>: EGL_BAD_ALLOC
E/libgenlock(  454): perform_lock_unlock_operation: GENLOCK_IOC_DREADLOCK failed (lockType0x1,err=Invalid argument fd=25)
W/Adreno200-EGLSUB(  454): <GetBackBuffer:1905>: genlock_lock_buffer GENLOCK_WRITE_LOCK failed
E/Adreno200-EGL(  454): <qeglDrvAPI_eglSwapBuffers:3388>: EGL_BAD_ALLOC
E/libgenlock(  454): perform_lock_unlock_operation: GENLOCK_IOC_DREADLOCK failed (lockType0x1,err=Invalid argument fd=25)
W/Adreno200-EGLSUB(  454): <GetBackBuffer:1905>: genlock_lock_buffer GENLOCK_WRITE_LOCK failed
E/Adreno200-EGL(  454): <qeglDrvAPI_eglSwapBuffers:3388>: EGL_BAD_ALLOC
W/PackageParser(  497): No actions in intent filter at /system/app/Contacts.apk Binary XML file line #546
E/libgenlock(  454): perform_lock_unlock_operation: GENLOCK_IOC_DREADLOCK failed (lockType0x1,err=Invalid argument fd=25)
W/Adreno200-EGLSUB(  454): <GetBackBuffer:1905>: genlock_lock_buffer GENLOCK_WRITE_LOCK failed
E/Adreno200-EGL(  454): <qeglDrvAPI_eglSwapBuffers:3388>: EGL_BAD_ALLOC
E/libgenlock(  454): perform_lock_unlock_operation: GENLOCK_IOC_DREADLOCK failed (lockType0x1,err=Invalid argument fd=25)
W/Adreno200-EGLSUB(  454): <GetBackBuffer:1905>: genlock_lock_buffer GENLOCK_WRITE_LOCK failed
E/Adreno200-EGL(  454): <qeglDrvAPI_eglSwapBuffers:3388>: EGL_BAD_ALLOC
E/libgenlock(  454): perform_lock_unlock_operation: GENLOCK_IOC_DREADLOCK failed (lockType0x1,err=Invalid argument fd=25)
W/Adreno200-EGLSUB(  454): <GetBackBuffer:1905>: genlock_lock_buffer GENLOCK_WRITE_LOCK failed
E/Adreno200-EGL(  454): <qeglDrvAPI_eglSwapBuffers:3388>: EGL_BAD_ALLOC
E/libgenlock(  454): perform_lock_unlock_operation: GENLOCK_IOC_DREADLOCK failed (lockType0x1,err=Invalid argument fd=25)
W/Adreno200-EGLSUB(  454): <GetBackBuffer:1905>: genlock_lock_buffer GENLOCK_WRITE_LOCK failed
E/Adreno200-EGL(  454): <qeglDrvAPI_eglSwapBuffers:3388>: EGL_BAD_ALLOC
E/libgenlock(  454): perform_lock_unlock_operation: GENLOCK_IOC_DREADLOCK failed (lockType0x1,err=Invalid argument fd=25)
W/Adreno200-EGLSUB(  454): <GetBackBuffer:1905>: genlock_lock_buffer GENLOCK_WRITE_LOCK failed
E/Adreno200-EGL(  454): <qeglDrvAPI_eglSwapBuffers:3388>: EGL_BAD_ALLOC
E/libgenlock(  454): perform_lock_unlock_operation: GENLOCK_IOC_DREADLOCK failed (lockType0x1,err=Invalid argument fd=25)
W/Adreno200-EGLSUB(  454): <GetBackBuffer:1905>: genlock_lock_buffer GENLOCK_WRITE_LOCK failed
E/Adreno200-EGL(  454): <qeglDrvAPI_eglSwapBuffers:3388>: EGL_BAD_ALLOC
E/libgenlock(  454): perform_lock_unlock_operation: GENLOCK_IOC_DREADLOCK failed (lockType0x1,err=Invalid argument fd=25)
W/Adreno200-EGLSUB(  454): <GetBackBuffer:1905>: genlock_lock_buffer GENLOCK_WRITE_LOCK failed
E/Adreno200-EGL(  454): <qeglDrvAPI_eglSwapBuffers:3388>: EGL_BAD_ALLOC
E/libgenlock(  454): perform_lock_unlock_operation: GENLOCK_IOC_DREADLOCK failed (lockType0x1,err=Invalid argument fd=25)
W/Adreno200-EGLSUB(  454): <GetBackBuffer:1905>: genlock_lock_buffer GENLOCK_WRITE_LOCK failed
E/Adreno200-EGL(  454): <qeglDrvAPI_eglSwapBuffers:3388>: EGL_BAD_ALLOC
W/PackageManager(  497): Package com.android.gallery3d desires unavailable shared library com.google.android.media.effects; ignoring!
E/libgenlock(  454): perform_lock_unlock_operation: GENLOCK_IOC_DREADLOCK failed (lockType0x1,err=Invalid argument fd=25)
W/Adreno200-EGLSUB(  454): <GetBackBuffer:1905>: genlock_lock_buffer GENLOCK_WRITE_LOCK failed
E/Adreno200-EGL(  454): <qeglDrvAPI_eglSwapBuffers:3388>: EGL_BAD_ALLOC
E/libgenlock(  454): perform_lock_unlock_operation: GENLOCK_IOC_DREADLOCK failed (lockType0x1,err=Invalid argument fd=25)
W/Adreno200-EGLSUB(  454): <GetBackBuffer:1905>: genlock_lock_buffer GENLOCK_WRITE_LOCK failed
E/Adreno200-EGL(  454): <qeglDrvAPI_eglSwapBuffers:3388>: EGL_BAD_ALLOC
E/libgenlock(  454): perform_lock_unlock_operation: GENLOCK_IOC_DREADLOCK failed (lockType0x1,err=Invalid argument fd=25)
W/Adreno200-EGLSUB(  454): <GetBackBuffer:1905>: genlock_lock_buffer GENLOCK_WRITE_LOCK failed
E/Adreno200-EGL(  454): <qeglDrvAPI_eglSwapBuffers:3388>: EGL_BAD_ALLOC
E/libgenlock(  454): perform_lock_unlock_operation: GENLOCK_IOC_DREADLOCK failed (lockType0x1,err=Invalid argument fd=25)
W/Adreno200-EGLSUB(  454): <GetBackBuffer:1905>: genlock_lock_buffer GENLOCK_WRITE_LOCK failed
E/Adreno200-EGL(  454): <qeglDrvAPI_eglSwapBuffers:3388>: EGL_BAD_ALLOC
E/libgenlock(  454): perform_lock_unlock_operation: GENLOCK_IOC_DREADLOCK failed (lockType0x1,err=Invalid argument fd=25)
W/Adreno200-EGLSUB(  454): <GetBackBuffer:1905>: genlock_lock_buffer GENLOCK_WRITE_LOCK failed
E/Adreno200-EGL(  454): <qeglDrvAPI_eglSwapBuffers:3388>: EGL_BAD_ALLOC
E/libgenlock(  454): perform_lock_unlock_operation: GENLOCK_IOC_DREADLOCK failed (lockType0x1,err=Invalid argument fd=25)
W/Adreno200-EGLSUB(  454): <GetBackBuffer:1905>: genlock_lock_buffer GENLOCK_WRITE_LOCK failed
E/Adreno200-EGL(  454): <qeglDrvAPI_eglSwapBuffers:3388>: EGL_BAD_ALLOC
E/libgenlock(  454): perform_lock_unlock_operation: GENLOCK_IOC_DREADLOCK failed (lockType0x1,err=Invalid argument fd=25)
W/Adreno200-EGLSUB(  454): <GetBackBuffer:1905>: genlock_lock_buffer GENLOCK_WRITE_LOCK failed
E/Adreno200-EGL(  454): <qeglDrvAPI_eglSwapBuffers:3388>: EGL_BAD_ALLOC
E/libgenlock(  454): perform_lock_unlock_operation: GENLOCK_IOC_DREADLOCK failed (lockType0x1,err=Invalid argument fd=25)
W/Adreno200-EGLSUB(  454): <GetBackBuffer:1905>: genlock_lock_buffer GENLOCK_WRITE_LOCK failed
E/Adreno200-EGL(  454): <qeglDrvAPI_eglSwapBuffers:3388>: EGL_BAD_ALLOC
E/libgenlock(  454): perform_lock_unlock_operation: GENLOCK_IOC_DREADLOCK failed (lockType0x1,err=Invalid argument fd=25)
W/Adreno200-EGLSUB(  454): <GetBackBuffer:1905>: genlock_lock_buffer GENLOCK_WRITE_LOCK failed
E/Adreno200-EGL(  454): <qeglDrvAPI_eglSwapBuffers:3388>: EGL_BAD_ALLOC
E/libgenlock(  454): perform_lock_unlock_operation: GENLOCK_IOC_DREADLOCK failed (lockType0x1,err=Invalid argument fd=25)
W/Adreno200-EGLSUB(  454): <GetBackBuffer:1905>: genlock_lock_buffer GENLOCK_WRITE_LOCK failed
E/Adreno200-EGL(  454): <qeglDrvAPI_eglSwapBuffers:3388>: EGL_BAD_ALLOC
E/libgenlock(  454): perform_lock_unlock_operation: GENLOCK_IOC_DREADLOCK failed (lockType0x1,err=Invalid argument fd=25)
W/Adreno200-EGLSUB(  454): <GetBackBuffer:1905>: genlock_lock_buffer GENLOCK_WRITE_LOCK failed
E/Adreno200-EGL(  454): <qeglDrvAPI_eglSwapBuffers:3388>: EGL_BAD_ALLOC
E/libgenlock(  454): perform_lock_unlock_operation: GENLOCK_IOC_DREADLOCK failed (lockType0x1,err=Invalid argument fd=25)
W/Adreno200-EGLSUB(  454): <GetBackBuffer:1905>: genlock_lock_buffer GENLOCK_WRITE_LOCK failed
E/Adreno200-EGL(  454): <qeglDrvAPI_eglSwapBuffers:3388>: EGL_BAD_ALLOC
E/libgenlock(  454): perform_lock_unlock_operation: GENLOCK_IOC_DREADLOCK failed (lockType0x1,err=Invalid argument fd=25)
W/Adreno200-EGLSUB(  454): <GetBackBuffer:1905>: genlock_lock_buffer GENLOCK_WRITE_LOCK failed
E/Adreno200-EGL(  454): <qeglDrvAPI_eglSwapBuffers:3388>: EGL_BAD_ALLOC
E/libgenlock(  454): perform_lock_unlock_operation: GENLOCK_IOC_DREADLOCK failed (lockType0x1,err=Invalid argument fd=25)
W/Adreno200-EGLSUB(  454): <GetBackBuffer:1905>: genlock_lock_buffer GENLOCK_WRITE_LOCK failed
E/Adreno200-EGL(  454): <qeglDrvAPI_eglSwapBuffers:3388>: EGL_BAD_ALLOC
E/libgenlock(  454): perform_lock_unlock_operation: GENLOCK_IOC_DREADLOCK failed (lockType0x1,err=Invalid argument fd=25)
W/Adreno200-EGLSUB(  454): <GetBackBuffer:1905>: genlock_lock_buffer GENLOCK_WRITE_LOCK failed
E/Adreno200-EGL(  454): <qeglDrvAPI_eglSwapBuffers:3388>: EGL_BAD_ALLOC
E/libgenlock(  454): perform_lock_unlock_operation: GENLOCK_IOC_DREADLOCK failed (lockType0x1,err=Invalid argument fd=25)
W/Adreno200-EGLSUB(  454): <GetBackBuffer:1905>: genlock_lock_buffer GENLOCK_WRITE_LOCK failed
E/Adreno200-EGL(  454): <qeglDrvAPI_eglSwapBuffers:3388>: EGL_BAD_ALLOC
E/libgenlock(  454): perform_lock_unlock_operation: GENLOCK_IOC_DREADLOCK failed (lockType0x1,err=Invalid argument fd=25)
W/Adreno200-EGLSUB(  454): <GetBackBuffer:1905>: genlock_lock_buffer GENLOCK_WRITE_LOCK failed
E/Adreno200-EGL(  454): <qeglDrvAPI_eglSwapBuffers:3388>: EGL_BAD_ALLOC
E/libgenlock(  454): perform_lock_unlock_operation: GENLOCK_IOC_DREADLOCK failed (lockType0x1,err=Invalid argument fd=25)
W/Adreno200-EGLSUB(  454): <GetBackBuffer:1905>: genlock_lock_buffer GENLOCK_WRITE_LOCK failed
E/Adreno200-EGL(  454): <qeglDrvAPI_eglSwapBuffers:3388>: EGL_BAD_ALLOC
E/libgenlock(  454): perform_lock_unlock_operation: GENLOCK_IOC_DREADLOCK failed (lockType0x1,err=Invalid argument fd=25)
W/Adreno200-EGLSUB(  454): <GetBackBuffer:1905>: genlock_lock_buffer GENLOCK_WRITE_LOCK failed
E/Adreno200-EGL(  454): <qeglDrvAPI_eglSwapBuffers:3388>: EGL_BAD_ALLOC
E/libgenlock(  454): perform_lock_unlock_operation: GENLOCK_IOC_DREADLOCK failed (lockType0x1,err=Invalid argument fd=25)
W/Adreno200-EGLSUB(  454): <GetBackBuffer:1905>: genlock_lock_buffer GENLOCK_WRITE_LOCK failed
E/Adreno200-EGL(  454): <qeglDrvAPI_eglSwapBuffers:3388>: EGL_BAD_ALLOC
E/libgenlock(  454): perform_lock_unlock_operation: GENLOCK_IOC_DREADLOCK failed (lockType0x1,err=Invalid argument fd=25)
W/Adreno200-EGLSUB(  454): <GetBackBuffer:1905>: genlock_lock_buffer GENLOCK_WRITE_LOCK failed
E/Adreno200-EGL(  454): <qeglDrvAPI_eglSwapBuffers:3388>: EGL_BAD_ALLOC
E/libgenlock(  454): perform_lock_unlock_operation: GENLOCK_IOC_DREADLOCK failed (lockType0x1,err=Invalid argument fd=25)
W/Adreno200-EGLSUB(  454): <GetBackBuffer:1905>: genlock_lock_buffer GENLOCK_WRITE_LOCK failed
E/Adreno200-EGL(  454): <qeglDrvAPI_eglSwapBuffers:3388>: EGL_BAD_ALLOC
E/libgenlock(  454): perform_lock_unlock_operation: GENLOCK_IOC_DREADLOCK failed (lockType0x1,err=Invalid argument fd=25)
W/Adreno200-EGLSUB(  454): <GetBackBuffer:1905>: genlock_lock_buffer GENLOCK_WRITE_LOCK failed
E/Adreno200-EGL(  454): <qeglDrvAPI_eglSwapBuffers:3388>: EGL_BAD_ALLOC
D/PackageManager(  497): No files in app dir /vendor/app
I/installd(  181): new connection
I/Installer(  497): connecting...
I/PackageManager(  497): Time to scan packages: 1.79 seconds
W/PackageManager(  497): Unknown permission com.google.android.googleapps.permission.GOOGLE_AUTH.mail in package com.android.contacts
W/PackageManager(  497): Unknown permission android.permission.ADD_SYSTEM_SERVICE in package com.android.phone
W/PackageManager(  497): Unknown permission com.google.android.googleapps.permission.GOOGLE_AUTH in package com.android.providers.calendar
W/PackageManager(  497): Unknown permission com.google.android.googleapps.permission.GOOGLE_AUTH.cl in package com.android.providers.calendar
W/PackageManager(  497): Unknown permission com.google.android.googleapps.permission.GOOGLE_AUTH.mail in package com.android.calendar
W/PackageManager(  497): Not granting permission android.permission.SEND_DOWNLOAD_COMPLETED_INTENTS to package com.android.browser (protectionLevel=2 flags=0x9be45)
W/PackageManager(  497): Unknown permission com.google.android.c2dm.permission.RECEIVE in package com.koushikdutta.rommanager
W/PackageManager(  497): Unknown permission com.android.vending.BILLING in package com.koushikdutta.rommanager
W/PackageManager(  497): Unknown permission com.google.android.googleapps.permission.GOOGLE_AUTH in package com.android.settings
W/PackageManager(  497): Unknown permission com.google.android.googleapps.permission.GOOGLE_AUTH in package com.android.providers.contacts
W/PackageManager(  497): Unknown permission com.google.android.googleapps.permission.GOOGLE_AUTH.cp in package com.android.providers.contacts
W/PackageManager(  497): Unknown permission android.permission.ACCESS_4G_RADIO_DISABLE in package com.android.systemui
W/PackageManager(  497): Unknown permission android.permission.ACCESS_4G_STATE in package com.android.systemui
W/PackageManager(  497): Unknown permission android.permission.CHANGE_4G_STATE in package com.android.systemui
W/PackageManager(  497): Unknown permission com.google.android.googleapps.permission.ACCESS_GOOGLE_PASSWORD in package com.android.development
W/PackageManager(  497): Unknown permission com.google.android.googleapps.permission.GOOGLE_AUTH in package com.android.development
W/PackageManager(  497): Unknown permission com.google.android.googleapps.permission.GOOGLE_AUTH.ALL_SERVICES in package com.android.development
W/PackageManager(  497): Unknown permission com.google.android.googleapps.permission.GOOGLE_AUTH.YouTubeUser in package com.android.development
W/PackageManager(  497): Not granting permission android.permission.DEVICE_POWER to package com.android.deskclock (protectionLevel=2 flags=0x8be45)
E/libgenlock(  454): perform_lock_unlock_operation: GENLOCK_IOC_DREADLOCK failed (lockType0x1,err=Invalid argument fd=25)
W/Adreno200-EGLSUB(  454): <GetBackBuffer:1905>: genlock_lock_buffer GENLOCK_WRITE_LOCK failed
E/Adreno200-EGL(  454): <qeglDrvAPI_eglSwapBuffers:3388>: EGL_BAD_ALLOC
E/libgenlock(  454): perform_lock_unlock_operation: GENLOCK_IOC_DREADLOCK failed (lockType0x1,err=Invalid argument fd=25)
W/Adreno200-EGLSUB(  454): <GetBackBuffer:1905>: genlock_lock_buffer GENLOCK_WRITE_LOCK failed
E/Adreno200-EGL(  454): <qeglDrvAPI_eglSwapBuffers:3388>: EGL_BAD_ALLOC
D/dalvikvm(  497): WAIT_FOR_CONCURRENT_GC blocked 0ms
E/libgenlock(  454): perform_lock_unlock_operation: GENLOCK_IOC_DREADLOCK failed (lockType0x1,err=Invalid argument fd=25)
W/Adreno200-EGLSUB(  454): <GetBackBuffer:1905>: genlock_lock_buffer GENLOCK_WRITE_LOCK failed
E/Adreno200-EGL(  454): <qeglDrvAPI_eglSwapBuffers:3388>: EGL_BAD_ALLOC
D/dalvikvm(  497): GC_EXPLICIT freed 1955K, 70% free 3753K/12288K, paused 2ms+5ms, total 41ms
I/SystemServer(  497): Account Manager
E/libgenlock(  454): perform_lock_unlock_operation: GENLOCK_IOC_DREADLOCK failed (lockType0x1,err=Invalid argument fd=25)
W/Adreno200-EGLSUB(  454): <GetBackBuffer:1905>: genlock_lock_buffer GENLOCK_WRITE_LOCK failed
E/Adreno200-EGL(  454): <qeglDrvAPI_eglSwapBuffers:3388>: EGL_BAD_ALLOC
D/PackageManager(  497): generateServicesMap(android.accounts.AccountAuthenticator): 2 services unchanged
I/SystemServer(  497): Content Manager
E/libgenlock(  454): perform_lock_unlock_operation: GENLOCK_IOC_DREADLOCK failed (lockType0x1,err=Invalid argument fd=25)
W/Adreno200-EGLSUB(  454): <GetBackBuffer:1905>: genlock_lock_buffer GENLOCK_WRITE_LOCK failed
E/Adreno200-EGL(  454): <qeglDrvAPI_eglSwapBuffers:3388>: EGL_BAD_ALLOC
E/libgenlock(  454): perform_lock_unlock_operation: GENLOCK_IOC_DREADLOCK failed (lockType0x1,err=Invalid argument fd=25)
W/Adreno200-EGLSUB(  454): <GetBackBuffer:1905>: genlock_lock_buffer GENLOCK_WRITE_LOCK failed
E/Adreno200-EGL(  454): <qeglDrvAPI_eglSwapBuffers:3388>: EGL_BAD_ALLOC
E/kickstart(  234): Sahara transfer completed successfully
D/PackageManager(  497): generateServicesMap(android.content.SyncAdapter): 4 services unchanged
E/libgenlock(  454): perform_lock_unlock_operation: GENLOCK_IOC_DREADLOCK failed (lockType0x1,err=Invalid argument fd=25)
W/Adreno200-EGLSUB(  454): <GetBackBuffer:1905>: genlock_lock_buffer GENLOCK_WRITE_LOCK failed
E/Adreno200-EGL(  454): <qeglDrvAPI_eglSwapBuffers:3388>: EGL_BAD_ALLOC
I/ActivityThread(  497): Pub settings: com.android.providers.settings.SettingsProvider
I/SystemServer(  497): System Content Providers
D/SettingsProvider(  497): cache for settings table 'secure' rows=40; fullycached=true
D/SettingsProvider(  497): cache for settings table 'system' rows=78; fullycached=true
E/libgenlock(  454): perform_lock_unlock_operation: GENLOCK_IOC_DREADLOCK failed (lockType0x1,err=Invalid argument fd=25)
W/Adreno200-EGLSUB(  454): <GetBackBuffer:1905>: genlock_lock_buffer GENLOCK_WRITE_LOCK failed
E/Adreno200-EGL(  454): <qeglDrvAPI_eglSwapBuffers:3388>: EGL_BAD_ALLOC
I/SystemServer(  497): Lights Service
I/SystemServer(  497): Battery Service
I/SystemServer(  497): Vibrator Service
I/libsuspend(  497): Selected early suspend
D/lights  (  497): set_light_buttons: color=0xff666666, tlc=1.
D/AlarmManagerService(  497): Kernel timezone updated to -480 minutes west of GMT
I/SystemServer(  497): Alarm Manager
E/SurfaceFlinger(  176): eventControl(0, 1) failed Invalid argument
I/SystemServer(  497): Init Watchdog
I/SystemServer(  497): Window Manager
I/InputManager(  497): Initializing input manager
W/StatusBarManager(  497): warning: no STATUS_BAR_SERVICE
E/libgenlock(  454): perform_lock_unlock_operation: GENLOCK_IOC_DREADLOCK failed (lockType0x1,err=Invalid argument fd=25)
W/Adreno200-EGLSUB(  454): <GetBackBuffer:1905>: genlock_lock_buffer GENLOCK_WRITE_LOCK failed
E/Adreno200-EGL(  454): <qeglDrvAPI_eglSwapBuffers:3388>: EGL_BAD_ALLOC
D/PermissionCache(  176): checking android.permission.ACCESS_SURFACE_FLINGER for uid=1000 => granted (366 us)
D/EventHub(  497): No input device configuration file found for device 'sec_touchkey'.
I/InputManager(  497): Starting input manager
I/SystemServer(  497): Bluetooth Service
W/bluedroid(  497): open(/sys/class/rfkill/rfkill0/type) failed: No such file or directory (2)
I/BluetoothProfileState(  497): Message:Entering Stable State
I/EventHub(  497): New device: id=1, fd=98, path='/dev/input/event10', name='sec_touchkey', classes=0x1, configuration='', keyLayout='/system/usr/keylayout/Generic.kl', keyCharacterMap='/system/usr/keychars/Generic.kcm', builtinKeyboard=false, usingSuspendBlockIoctl=false, usingClockIoctl=false
D/EventHub(  497): No input device configuration file found for device 'orientation_sensor'.
I/BluetoothProfileState(  497): Message:Entering Stable State
I/BluetoothProfileState(  497): Message:Entering Stable State
E/libgenlock(  454): perform_lock_unlock_operation: GENLOCK_IOC_DREADLOCK failed (lockType0x1,err=Invalid argument fd=25)
W/Adreno200-EGLSUB(  454): <GetBackBuffer:1905>: genlock_lock_buffer GENLOCK_WRITE_LOCK failed
E/Adreno200-EGL(  454): <qeglDrvAPI_eglSwapBuffers:3388>: EGL_BAD_ALLOC
W/WVMExtractor(  179): Failed to open libwvm.so
D/BluetoothAdapterStateMachine(  497): PowerOff process message: 5
W/bluedroid(  497): open(/sys/class/rfkill/rfkill0/type) failed: No such file or directory (2)
D/BluetoothA2dpService(  497): has_special_extra_keys: com.amazon.mp3.metachanged
D/BluetoothA2dpService(  497): key_name: com.amazon.mp3.metachanged_track
W/QComExtractorFactory(  179): Didn't match the sniff <=== status = 5 
W/QComExtractorFactory(  179): Didn't match the sniff <=== status = 1 
W/QComExtractorFactory(  179): Didn't match the sniff <=== status = 1 
W/QComExtractorFactory(  179): Didn't match the sniff <=== status = 1 
E/MM_OSAL (  179): FileSourceHelper::ValidateAACFile failed
W/QComExtractorFactory(  179): Didn't match the sniff <=== status = 1 
D/BluetoothA2dpService(  497): com.amazon.mp3.metachanged_track: com.amazon.mp3.track
D/BluetoothA2dpService(  497): key_name: com.amazon.mp3.metachanged_artist
D/BluetoothA2dpService(  497): com.amazon.mp3.metachanged_artist: com.amazon.mp3.artist
D/BluetoothA2dpService(  497): key_name: com.amazon.mp3.metachanged_album
D/BluetoothA2dpService(  497): com.amazon.mp3.metachanged_album: com.amazon.mp3.album
D/BluetoothA2dpService(  497): key_name: com.amazon.mp3.metachanged_id
D/BluetoothA2dpService(  497): com.amazon.mp3.metachanged_id: com.amazon.mp3.id
D/BluetoothA2dpService(  497): has_special_extra_keys: com.amazon.mp3.playstatechanged
D/BluetoothA2dpService(  497): key_name: com.amazon.mp3.playstatechanged_track
D/BluetoothA2dpService(  497): com.amazon.mp3.playstatechanged_track: com.amazon.mp3.track
D/BluetoothA2dpService(  497): key_name: com.amazon.mp3.playstatechanged_artist
D/BluetoothA2dpService(  497): com.amazon.mp3.playstatechanged_artist: com.amazon.mp3.artist
D/BluetoothA2dpService(  497): key_name: com.amazon.mp3.playstatechanged_album
D/BluetoothA2dpService(  497): com.amazon.mp3.playstatechanged_album: com.amazon.mp3.album
D/BluetoothA2dpService(  497): key_name: com.amazon.mp3.playstatechanged_id
D/BluetoothA2dpService(  497): com.amazon.mp3.playstatechanged_id: com.amazon.mp3.id
I/SystemServer(  497): Input Method Service
W/InputMethodManagerService(  497): Couldn't create dir.: /data/system/inputmethod
E/libgenlock(  454): perform_lock_unlock_operation: GENLOCK_IOC_DREADLOCK failed (lockType0x1,err=Invalid argument fd=25)
W/Adreno200-EGLSUB(  454): <GetBackBuffer:1905>: genlock_lock_buffer GENLOCK_WRITE_LOCK failed
E/Adreno200-EGL(  454): <qeglDrvAPI_eglSwapBuffers:3388>: EGL_BAD_ALLOC
W/WVMExtractor(  179): Failed to open libwvm.so
W/QComExtractorFactory(  179): Didn't match the sniff <=== status = 5 
W/QComExtractorFactory(  179): Didn't match the sniff <=== status = 1 
W/QComExtractorFactory(  179): Didn't match the sniff <=== status = 1 
W/QComExtractorFactory(  179): Didn't match the sniff <=== status = 1 
E/MM_OSAL (  179): FileSourceHelper::ValidateAACFile failed
W/QComExtractorFactory(  179): Didn't match the sniff <=== status = 1 
I/SystemServer(  497): Accessibility Manager
E/SurfaceFlinger(  176): eventControl(0, 1) failed Invalid argument
I/ActivityManager(  497): Config changed: {1.0 0mcc0mnc zh_CN sw360dp w360dp h615dp nrml long port ?uimode ?night -touch -keyb/v/h -nav/h s.2 themeResource=null}
I/SystemServer(  497): Mount Service
D/MountService(  497): got storage path: /storage/sdcard0 description:  primary: true removable: false emulated: false mtpReserve: 0 allowMassStorage: true maxFileSize: 0
D/MountService(  497): got storage path: /storage/sdcard1 description: SD  primary: false removable: true emulated: false mtpReserve: 0 allowMassStorage: true maxFileSize: 0
D/MountService(  497): got storage path: /mnt/usbdisk description: USB  primary: false removable: true emulated: false mtpReserve: 0 allowMassStorage: false maxFileSize: 0
D/EventHub(  497): No input device configuration file found for device 'gyro_sensor'.
E/libgenlock(  454): perform_lock_unlock_operation: GENLOCK_IOC_DREADLOCK failed (lockType0x1,err=Invalid argument fd=25)
W/Adreno200-EGLSUB(  454): <GetBackBuffer:1905>: genlock_lock_buffer GENLOCK_WRITE_LOCK failed
E/Adreno200-EGL(  454): <qeglDrvAPI_eglSwapBuffers:3388>: EGL_BAD_ALLOC
I/SystemServer(  497): LockSettingsService
I/SystemServer(  497): Device Policy
I/SystemServer(  497): Status Bar
I/SystemServer(  497): Clipboard Service
I/SystemServer(  497): NetworkManagement Service
I/SystemServer(  497): Text Service Manager Service
I/PackageManager(  497): Updating external media status from unmounted to unmounted
I/PackageManager(  497): No secure containers on sdcard
D/VoldCmdListener(  170): volume list
I/SystemServer(  497): NetworkStats Service
I/SystemServer(  497): NetworkPolicy Service
D/MountService(  497): volume state changed for /storage/sdcard0 (null -> unmounted)
D/MountService(  497): volume state changed for /storage/sdcard1 (null -> unmounted)
D/MountService(  497): volume state changed for /mnt/usbdisk (null -> removed)
W/MountService(  497): getSecureContainerList() called when storage not mounted
D/VoldCmdListener(  170): asec list
I/SystemServer(  497): Wi-Fi P2pService
W/PackageManager(  497): Unknown permission com.google.android.googleapps.permission.GOOGLE_AUTH.mail in package com.android.contacts
W/PackageManager(  497): Unknown permission android.permission.ADD_SYSTEM_SERVICE in package com.android.phone
W/PackageManager(  497): Unknown permission com.google.android.googleapps.permission.GOOGLE_AUTH in package com.android.providers.calendar
W/PackageManager(  497): Unknown permission com.google.android.googleapps.permission.GOOGLE_AUTH.cl in package com.android.providers.calendar
W/PackageManager(  497): Unknown permission com.google.android.googleapps.permission.GOOGLE_AUTH.mail in package com.android.calendar
W/PackageManager(  497): Not granting permission android.permission.SEND_DOWNLOAD_COMPLETED_INTENTS to package com.android.browser (protectionLevel=2 flags=0x9be45)
W/PackageManager(  497): Unknown permission com.google.android.c2dm.permission.RECEIVE in package com.koushikdutta.rommanager
W/PackageManager(  497): Unknown permission com.android.vending.BILLING in package com.koushikdutta.rommanager
W/PackageManager(  497): Unknown permission com.google.android.googleapps.permission.GOOGLE_AUTH in package com.android.settings
W/PackageManager(  497): Unknown permission com.google.android.googleapps.permission.GOOGLE_AUTH in package com.android.providers.contacts
W/PackageManager(  497): Unknown permission com.google.android.googleapps.permission.GOOGLE_AUTH.cp in package com.android.providers.contacts
W/PackageManager(  497): Unknown permission android.permission.ACCESS_4G_RADIO_DISABLE in package com.android.systemui
W/PackageManager(  497): Unknown permission android.permission.ACCESS_4G_STATE in package com.android.systemui
W/PackageManager(  497): Unknown permission android.permission.CHANGE_4G_STATE in package com.android.systemui
W/PackageManager(  497): Unknown permission com.google.android.googleapps.permission.ACCESS_GOOGLE_PASSWORD in package com.android.development
W/PackageManager(  497): Unknown permission com.google.android.googleapps.permission.GOOGLE_AUTH in package com.android.development
W/PackageManager(  497): Unknown permission com.google.android.googleapps.permission.GOOGLE_AUTH.ALL_SERVICES in package com.android.development
W/PackageManager(  497): Unknown permission com.google.android.googleapps.permission.GOOGLE_AUTH.YouTubeUser in package com.android.development
W/PackageManager(  497): Not granting permission android.permission.DEVICE_POWER to package com.android.deskclock (protectionLevel=2 flags=0x8be45)
E/libgenlock(  454): perform_lock_unlock_operation: GENLOCK_IOC_DREADLOCK failed (lockType0x1,err=Invalid argument fd=25)
W/Adreno200-EGLSUB(  454): <GetBackBuffer:1905>: genlock_lock_buffer GENLOCK_WRITE_LOCK failed
E/Adreno200-EGL(  454): <qeglDrvAPI_eglSwapBuffers:3388>: EGL_BAD_ALLOC
D/EventHub(  497): No input device configuration file found for device 'light_sensor'.
E/libgenlock(  454): perform_lock_unlock_operation: GENLOCK_IOC_DREADLOCK failed (lockType0x1,err=Invalid argument fd=25)
W/Adreno200-EGLSUB(  454): <GetBackBuffer:1905>: genlock_lock_buffer GENLOCK_WRITE_LOCK failed
E/Adreno200-EGL(  454): <qeglDrvAPI_eglSwapBuffers:3388>: EGL_BAD_ALLOC
E/libgenlock(  454): perform_lock_unlock_operation: GENLOCK_IOC_DREADLOCK failed (lockType0x1,err=Invalid argument fd=25)
W/Adreno200-EGLSUB(  454): <GetBackBuffer:1905>: genlock_lock_buffer GENLOCK_WRITE_LOCK failed
E/Adreno200-EGL(  454): <qeglDrvAPI_eglSwapBuffers:3388>: EGL_BAD_ALLOC
D/EventHub(  497): No input device configuration file found for device 'proximity_sensor'.
E/libgenlock(  454): perform_lock_unlock_operation: GENLOCK_IOC_DREADLOCK failed (lockType0x1,err=Invalid argument fd=25)
W/Adreno200-EGLSUB(  454): <GetBackBuffer:1905>: genlock_lock_buffer GENLOCK_WRITE_LOCK failed
E/Adreno200-EGL(  454): <qeglDrvAPI_eglSwapBuffers:3388>: EGL_BAD_ALLOC
E/libgenlock(  454): perform_lock_unlock_operation: GENLOCK_IOC_DREADLOCK failed (lockType0x1,err=Invalid argument fd=25)
W/Adreno200-EGLSUB(  454): <GetBackBuffer:1905>: genlock_lock_buffer GENLOCK_WRITE_LOCK failed
E/Adreno200-EGL(  454): <qeglDrvAPI_eglSwapBuffers:3388>: EGL_BAD_ALLOC
E/libgenlock(  454): perform_lock_unlock_operation: GENLOCK_IOC_DREADLOCK failed (lockType0x1,err=Invalid argument fd=25)
W/Adreno200-EGLSUB(  454): <GetBackBuffer:1905>: genlock_lock_buffer GENLOCK_WRITE_LOCK failed
E/Adreno200-EGL(  454): <qeglDrvAPI_eglSwapBuffers:3388>: EGL_BAD_ALLOC
I/SystemServer(  497): Wi-Fi Service
D/EventHub(  497): No input device configuration file found for device 'sec_touchscreen'.
I/EventHub(  497): New device: id=6, fd=145, path='/dev/input/event3', name='sec_touchscreen', classes=0x15, configuration='', keyLayout='/system/usr/keylayout/Generic.kl', keyCharacterMap='/system/usr/keychars/Generic.kcm', builtinKeyboard=false, usingSuspendBlockIoctl=false, usingClockIoctl=false
E/EventHub(  497): could not get driver version for /dev/input/mice, Not a typewriter
E/CommandListener(  173): Failed to open /proc/sys/net/ipv6/conf/wlan0/disable_ipv6: No such file or directory
E/libgenlock(  454): perform_lock_unlock_operation: GENLOCK_IOC_DREADLOCK failed (lockType0x1,err=Invalid argument fd=25)
W/Adreno200-EGLSUB(  454): <GetBackBuffer:1905>: genlock_lock_buffer GENLOCK_WRITE_LOCK failed
E/Adreno200-EGL(  454): <qeglDrvAPI_eglSwapBuffers:3388>: EGL_BAD_ALLOC
I/SystemServer(  497): Connectivity Service
D/ConnectivityService(  497): ConnectivityService starting up
E/ConnectivityService(  497): Ignoring protectedNetwork 10
E/ConnectivityService(  497): Ignoring protectedNetwork 11
E/ConnectivityService(  497): Ignoring protectedNetwork 12
E/WifiStateMachine(  497): Failed to disable IPv6: java.lang.IllegalStateException: command '1 interface ipv6 wlan0 disable' failed with '400 1 Failed to change IPv6 state (No such file or directory)'
E/MobileDataStateTracker(  497): default: Ignoring feature request because could not acquire PhoneService
E/MobileDataStateTracker(  497): default: Could not enable APN type "default"
I/WifiService(  497): WifiService starting up with Wi-Fi disabled
I/SystemServer(  497): Network Service Discovery Service
D/NsdService(  497): Network service discovery enabled true
D/ProfileService(  497): Found active: 9a4f1bf0-f647-4a03-af80-a09aa65f2340
I/SystemServer(  497): Throttle Service
I/SystemServer(  497): UpdateLock Service
I/SystemServer(  497): Profile Manager
D/EventHub(  497): No input device configuration file found for device 'sec_jack'.
I/EventHub(  497): New device: id=7, fd=163, path='/dev/input/event1', name='sec_jack', classes=0x1, configuration='', keyLayout='/system/usr/keylayout/Generic.kl', keyCharacterMap='/system/usr/keychars/Generic.kcm', builtinKeyboard=false, usingSuspendBlockIoctl=false, usingClockIoctl=false
D/EventHub(  497): No input device configuration file found for device 'sii9234_rcp'.
E/libgenlock(  454): perform_lock_unlock_operation: GENLOCK_IOC_DREADLOCK failed (lockType0x1,err=Invalid argument fd=25)
W/Adreno200-EGLSUB(  454): <GetBackBuffer:1905>: genlock_lock_buffer GENLOCK_WRITE_LOCK failed
E/Adreno200-EGL(  454): <qeglDrvAPI_eglSwapBuffers:3388>: EGL_BAD_ALLOC
I/EventHub(  497): New device: id=8, fd=164, path='/dev/input/event0', name='sii9234_rcp', classes=0x21, configuration='', keyLayout='/system/usr/keylayout/sii9234_rcp.kl', keyCharacterMap='/system/usr/keychars/Generic.kcm', builtinKeyboard=false, usingSuspendBlockIoctl=false, usingClockIoctl=false
D/EventHub(  497): No input device configuration file found for device 'fsa9480'.
I/EventHub(  497): New device: id=9, fd=165, path='/dev/input/event7', name='fsa9480', classes=0x1, configuration='', keyLayout='/system/usr/keylayout/Generic.kl', keyCharacterMap='/system/usr/keychars/Generic.kcm', builtinKeyboard=false, usingSuspendBlockIoctl=false, usingClockIoctl=false
D/EventHub(  497): No input device configuration file found for device 'pmic8xxx_pwrkey'.
I/EventHub(  497): New device: id=10, fd=166, path='/dev/input/event4', name='pmic8xxx_pwrkey', classes=0x1, configuration='', keyLayout='/system/usr/keylayout/Generic.kl', keyCharacterMap='/system/usr/keychars/Generic.kcm', builtinKeyboard=false, usingSuspendBlockIoctl=false, usingClockIoctl=false
D/EventHub(  497): No input device configuration file found for device 'ffa-keypad'.
I/EventHub(  497): New device: id=11, fd=167, path='/dev/input/event2', name='ffa-keypad', classes=0x1, configuration='', keyLayout='/system/usr/keylayout/ffa-keypad.kl', keyCharacterMap='/system/usr/keychars/Generic.kcm', builtinKeyboard=true, usingSuspendBlockIoctl=false, usingClockIoctl=false
I/InputReader(  497): Device added: id=-1, name='Virtual', sources=0x00000301
I/InputReader(  497): Device added: id=0, name='ffa-keypad', sources=0x00000101
I/InputReader(  497): Device added: id=10, name='pmic8xxx_pwrkey', sources=0x00000101
I/InputReader(  497): Device added: id=9, name='fsa9480', sources=0x00000101
I/InputReader(  497): Device added: id=8, name='sii9234_rcp', sources=0x00000301
I/InputReader(  497): Device added: id=7, name='sec_jack', sources=0x00000101
I/InputReader(  497):   Touch device 'sec_touchscreen' could not query the properties of its associated display 0.  The device will be inoperable until the display size becomes available.
I/InputReader(  497): Device added: id=6, name='sec_touchscreen', sources=0x00001103
I/InputReader(  497): Device added: id=1, name='sec_touchkey', sources=0x00000101
I/ActivityManager(  497): Config changed: {1.0 0mcc0mnc zh_CN sw360dp w360dp h615dp nrml long port ?uimode ?night finger -keyb/v/h dpad/v s.3 themeResource=null}
I/InputReader(  497): Reconfiguring input devices.  changes=0x00000004
I/InputReader(  497): Device reconfigured: id=6, name='sec_touchscreen', surface size is now 720x1280, mode is 1
E/libgenlock(  454): perform_lock_unlock_operation: GENLOCK_IOC_DREADLOCK failed (lockType0x1,err=Invalid argument fd=25)
W/Adreno200-EGLSUB(  454): <GetBackBuffer:1905>: genlock_lock_buffer GENLOCK_WRITE_LOCK failed
E/Adreno200-EGL(  454): <qeglDrvAPI_eglSwapBuffers:3388>: EGL_BAD_ALLOC
D/ProfileService(  497): Set active profile to: 9a4f1bf0-f647-4a03-af80-a09aa65f2340 - Default
D/ProfileService(  497): Saving profile data...
D/ProfileService(  497): Save completed.
I/SystemServer(  497): Notification Manager
I/SystemServer(  497): Device Storage Monitor
I/SystemServer(  497): Location Manager
I/SystemServer(  497): Country Detector
I/SystemServer(  497): Search Service
I/SystemServer(  497): DropBox Service
I/SystemServer(  497): Wallpaper Service
I/SystemServer(  497): Audio Service
I/AudioService(  497):   Remote Control   registerMediaButtonIntent() for PendingIntent{410071a0: PendingIntentRecord{41007100 android broadcastIntent}}
E/libgenlock(  454): perform_lock_unlock_operation: GENLOCK_IOC_DREADLOCK failed (lockType0x1,err=Invalid argument fd=25)
W/Adreno200-EGLSUB(  454): <GetBackBuffer:1905>: genlock_lock_buffer GENLOCK_WRITE_LOCK failed
E/Adreno200-EGL(  454): <qeglDrvAPI_eglSwapBuffers:3388>: EGL_BAD_ALLOC
I/SystemServer(  497): Dock Observer
I/SystemServer(  497): Wired Accessory Observer
W/WiredAccessoryObserver(  497): This kernel does not have usb audio support
I/SystemServer(  497): USB Service
I/SystemServer(  497): Serial Service
I/SystemServer(  497): UI Mode Manager Service
I/SystemServer(  497): Backup Service
E/libgenlock(  454): perform_lock_unlock_operation: GENLOCK_IOC_DREADLOCK failed (lockType0x1,err=Invalid argument fd=25)
W/Adreno200-EGLSUB(  454): <GetBackBuffer:1905>: genlock_lock_buffer GENLOCK_WRITE_LOCK failed
E/Adreno200-EGL(  454): <qeglDrvAPI_eglSwapBuffers:3388>: EGL_BAD_ALLOC
D/dalvikvm(  497): GC_CONCURRENT freed 1529K, 68% free 4050K/12288K, paused 12ms+3ms, total 52ms
V/BackupManagerService(  497): Initializing package tracking
V/BackupManagerService(  497): No ancestral data
V/BackupManagerService(  497): addPackageParticipantsLocked: all
I/BackupManagerService(  497): New app android never backed up; scheduling
D/BackupManagerService(  497): Now staging backup of android
E/libgenlock(  454): perform_lock_unlock_operation: GENLOCK_IOC_DREADLOCK failed (lockType0x1,err=Invalid argument fd=25)
W/Adreno200-EGLSUB(  454): <GetBackBuffer:1905>: genlock_lock_buffer GENLOCK_WRITE_LOCK failed
E/Adreno200-EGL(  454): <qeglDrvAPI_eglSwapBuffers:3388>: EGL_BAD_ALLOC
I/BackupManagerService(  497): New app com.android.browser never backed up; scheduling
D/BackupManagerService(  497): Now staging backup of com.android.browser
E/libgenlock(  454): perform_lock_unlock_operation: GENLOCK_IOC_DREADLOCK failed (lockType0x1,err=Invalid argument fd=25)
W/Adreno200-EGLSUB(  454): <GetBackBuffer:1905>: genlock_lock_buffer GENLOCK_WRITE_LOCK failed
E/Adreno200-EGL(  454): <qeglDrvAPI_eglSwapBuffers:3388>: EGL_BAD_ALLOC
I/BackupManagerService(  497): New app com.android.calendar never backed up; scheduling
D/BackupManagerService(  497): Now staging backup of com.android.calendar
I/BackupManagerService(  497): New app com.android.inputmethod.latin never backed up; scheduling
D/BackupManagerService(  497): Now staging backup of com.android.inputmethod.latin
I/BackupManagerService(  497): New app com.android.nfc never backed up; scheduling
D/BackupManagerService(  497): Now staging backup of com.android.nfc
I/BackupManagerService(  497): New app com.android.providers.settings never backed up; scheduling
D/BackupManagerService(  497): Now staging backup of com.android.providers.settings
E/libgenlock(  454): perform_lock_unlock_operation: GENLOCK_IOC_DREADLOCK failed (lockType0x1,err=Invalid argument fd=25)
W/Adreno200-EGLSUB(  454): <GetBackBuffer:1905>: genlock_lock_buffer GENLOCK_WRITE_LOCK failed
E/Adreno200-EGL(  454): <qeglDrvAPI_eglSwapBuffers:3388>: EGL_BAD_ALLOC
I/BackupManagerService(  497): New app com.android.providers.userdictionary never backed up; scheduling
D/BackupManagerService(  497): Now staging backup of com.android.providers.userdictionary
I/BackupManagerService(  497): New app com.android.sharedstoragebackup never backed up; scheduling
D/BackupManagerService(  497): Now staging backup of com.android.sharedstoragebackup
V/BackupManagerService(  497): Registering transport android/com.android.internal.backup.LocalTransport = com.android.internal.backup.LocalTransport@40f45248
V/BackupManagerService(  497): Starting with transport com.google.android.backup/.BackupTransportService
V/BackupManagerService(  497): Google transport not present
I/BackupManagerService(  497): Found stale backup journal, scheduling
I/BackupManagerService(  497):   android
I/BackupManagerService(  497):   com.android.browser
I/BackupManagerService(  497):   com.android.calendar
I/BackupManagerService(  497):   com.android.inputmethod.latin
I/BackupManagerService(  497):   com.android.nfc
I/BackupManagerService(  497):   com.android.providers.settings
I/BackupManagerService(  497):   com.android.providers.userdictionary
I/BackupManagerService(  497):   com.android.sharedstoragebackup
I/BackupManagerService(  497): Backup enabled => false
I/BackupManagerService(  497): Opting out of backup
I/SystemServer(  497): AppWidget Service
I/SystemServer(  497): Recognition Service
I/SystemServer(  497): DiskStats Service
I/SystemServer(  497): SamplingProfiler Service
I/SystemServer(  497): NetworkTimeUpdateService
I/SystemServer(  497): CommonTimeManagementService
I/SystemServer(  497): CertBlacklister
I/WindowManager(  497): SAFE MODE not enabled
E/libgenlock(  454): perform_lock_unlock_operation: GENLOCK_IOC_DREADLOCK failed (lockType0x1,err=Invalid argument fd=25)
W/Adreno200-EGLSUB(  454): <GetBackBuffer:1905>: genlock_lock_buffer GENLOCK_WRITE_LOCK failed
E/Adreno200-EGL(  454): <qeglDrvAPI_eglSwapBuffers:3388>: EGL_BAD_ALLOC
D/dalvikvm(  497): JIT started for system_server
I/SystemServer(  497): AssetRedirectionManager Service
E/SurfaceFlinger(  176): eventControl(0, 1) failed Invalid argument
D/PowerManagerService(  497): system ready!
E/SurfaceFlinger(  176): eventControl(0, 1) failed Invalid argument
V/LockPatternKeyguardView(  497): Set visibility on com.android.internal.policy.impl.LockPatternKeyguardView$5@40ff7368 to 0
I/Zygote  (  497): Process: zygote socket opened
I/ActivityManager(  497): System now ready
I/SystemServer(  497): Making services ready
D/SystemServer(  497): Starting service: Intent { cmp=com.android.systemui/.SystemUIService }
E/libgenlock(  454): perform_lock_unlock_operation: GENLOCK_IOC_DREADLOCK failed (lockType0x1,err=Invalid argument fd=25)
W/Adreno200-EGLSUB(  454): <GetBackBuffer:1905>: genlock_lock_buffer GENLOCK_WRITE_LOCK failed
E/Adreno200-EGL(  454): <qeglDrvAPI_eglSwapBuffers:3388>: EGL_BAD_ALLOC
I/ActivityManager(  497): Start proc com.android.systemui for service com.android.systemui/.SystemUIService: pid=576 uid=10047 gids={1028, 1015, 3002, 3001}
D/NetworkManagementService(  497): enabling bandwidth control
E/libgenlock(  454): perform_lock_unlock_operation: GENLOCK_IOC_DREADLOCK failed (lockType0x1,err=Invalid argument fd=25)
W/Adreno200-EGLSUB(  454): <GetBackBuffer:1905>: genlock_lock_buffer GENLOCK_WRITE_LOCK failed
E/Adreno200-EGL(  454): <qeglDrvAPI_eglSwapBuffers:3388>: EGL_BAD_ALLOC
D/ActivityThread(  576): setTargetHeapUtilization:0.25
D/ActivityThread(  576): setTargetHeapIdealFree:8388608
D/ActivityThread(  576): setTargetHeapConcurrentStart:2097152
E/libgenlock(  454): perform_lock_unlock_operation: GENLOCK_IOC_DREADLOCK failed (lockType0x1,err=Invalid argument fd=25)
W/Adreno200-EGLSUB(  454): <GetBackBuffer:1905>: genlock_lock_buffer GENLOCK_WRITE_LOCK failed
E/Adreno200-EGL(  454): <qeglDrvAPI_eglSwapBuffers:3388>: EGL_BAD_ALLOC
E/libgenlock(  454): perform_lock_unlock_operation: GENLOCK_IOC_DREADLOCK failed (lockType0x1,err=Invalid argument fd=25)
W/Adreno200-EGLSUB(  454): <GetBackBuffer:1905>: genlock_lock_buffer GENLOCK_WRITE_LOCK failed
E/Adreno200-EGL(  454): <qeglDrvAPI_eglSwapBuffers:3388>: EGL_BAD_ALLOC
E/BandwidthController(  173): runIptablesCmd(): failed /system/bin/iptables -t raw -A bw_raw_PREROUTING ! -i lo+ -m owner --socket-exists res=768
E/BandwidthController(  173): runIptablesCmd(): failed /system/bin/ip6tables -t raw -A bw_raw_PREROUTING ! -i lo+ -m owner --socket-exists res=768
F/NetworkManagementService(  497): problem enabling bandwidth controls
F/NetworkManagementService(  497): com.android.server.NativeDaemonConnector$NativeDaemonFailureException: command '2 bandwidth enable' failed with '400 2 Bandwidth command failed'
F/NetworkManagementService(  497): 	at com.android.server.NativeDaemonConnector.execute(NativeDaemonConnector.java:345)
F/NetworkManagementService(  497): 	at com.android.server.NativeDaemonConnector.executeForList(NativeDaemonConnector.java:282)
F/NetworkManagementService(  497): 	at com.android.server.NativeDaemonConnector.execute(NativeDaemonConnector.java:248)
F/NetworkManagementService(  497): 	at com.android.server.NetworkManagementService.prepareNativeDaemon(NetworkManagementService.java:293)
F/NetworkManagementService(  497): 	at com.android.server.NetworkManagementService.systemReady(NetworkManagementService.java:189)
F/NetworkManagementService(  497): 	at com.android.server.ServerThread$1.run(SystemServer.java:819)
F/NetworkManagementService(  497): 	at com.android.server.am.ActivityManagerService.systemReady(ActivityManagerService.java:7638)
F/NetworkManagementService(  497): 	at com.android.server.ServerThread.run(SystemServer.java:808)
D/dalvikvm(  497): GC_CONCURRENT freed 779K, 59% free 5114K/12288K, paused 12ms+3ms, total 47ms
D/dalvikvm(  497): WAIT_FOR_CONCURRENT_GC blocked 32ms
D/SystemUIService(  576): loading: class com.android.systemui.statusbar.phone.PhoneStatusBar
D/dalvikvm(  497): WAIT_FOR_CONCURRENT_GC blocked 9ms
E/libgenlock(  454): perform_lock_unlock_operation: GENLOCK_IOC_DREADLOCK failed (lockType0x1,err=Invalid argument fd=25)
W/Adreno200-EGLSUB(  454): <GetBackBuffer:1905>: genlock_lock_buffer GENLOCK_WRITE_LOCK failed
E/Adreno200-EGL(  454): <qeglDrvAPI_eglSwapBuffers:3388>: EGL_BAD_ALLOC
D/SystemUIService(  576): running: com.android.systemui.statusbar.phone.PhoneStatusBar@40f43a30
V/TransportControlView(  497): Create TCV com.android.internal.widget.TransportControlView@40f1c768
I/StatusBarManagerService(  497): registerStatusBar bar=com.android.internal.statusbar.IStatusBar$Stub$Proxy@40f408c8
E/libgenlock(  454): perform_lock_unlock_operation: GENLOCK_IOC_DREADLOCK failed (lockType0x1,err=Invalid argument fd=25)
W/Adreno200-EGLSUB(  454): <GetBackBuffer:1905>: genlock_lock_buffer GENLOCK_WRITE_LOCK failed
E/Adreno200-EGL(  454): <qeglDrvAPI_eglSwapBuffers:3388>: EGL_BAD_ALLOC
W/NetworkStats(  497): bandwidth controls disabled, unable to track stats
W/NetworkPolicy(  497): bandwidth controls disabled, unable to enforce policy
E/libgenlock(  454): perform_lock_unlock_operation: GENLOCK_IOC_DREADLOCK failed (lockType0x1,err=Invalid argument fd=25)
W/Adreno200-EGLSUB(  454): <GetBackBuffer:1905>: genlock_lock_buffer GENLOCK_WRITE_LOCK failed
E/Adreno200-EGL(  454): <qeglDrvAPI_eglSwapBuffers:3388>: EGL_BAD_ALLOC
V/KeyguardViewManager(  497): KGVM: Set visibility on com.android.internal.policy.impl.KeyguardViewManager$KeyguardViewHost@4116fc40 to 6291456
I/ActivityManager(  497): Start proc android.process.media for broadcast com.android.providers.media/.UsbReceiver: pid=633 uid=10015 gids={1015, 1023, 1024, 1028, 2001, 3003, 3007}
I/ActivityManager(  497): Config changed: {1.0 0mcc0mnc zh_CN sw360dp w360dp h615dp nrml long port finger -keyb/v/h dpad/v s.4 themeResource=null}
W/RecognitionManagerService(  497): no available voice recognition services found
I/PowerWidget(  576): Clearing any old widget stuffs
I/PowerWidget(  576): Setting up widget
E/libgenlock(  454): perform_lock_unlock_operation: GENLOCK_IOC_DREADLOCK failed (lockType0x1,err=Invalid argument fd=25)
W/Adreno200-EGLSUB(  454): <GetBackBuffer:1905>: genlock_lock_buffer GENLOCK_WRITE_LOCK failed
E/Adreno200-EGL(  454): <qeglDrvAPI_eglSwapBuffers:3388>: EGL_BAD_ALLOC
I/PowerWidget(  576): Default buttons being loaded
I/PowerWidget(  576): Button list: toggleWifi|toggleBluetooth|toggleGPS|toggleSound
E/libgenlock(  454): perform_lock_unlock_operation: GENLOCK_IOC_DREADLOCK failed (lockType0x1,err=Invalid argument fd=25)
W/Adreno200-EGLSUB(  454): <GetBackBuffer:1905>: genlock_lock_buffer GENLOCK_WRITE_LOCK failed
E/Adreno200-EGL(  454): <qeglDrvAPI_eglSwapBuffers:3388>: EGL_BAD_ALLOC
D/ActivityThread(  633): setTargetHeapUtilization:0.25
D/ActivityThread(  633): setTargetHeapIdealFree:8388608
D/ActivityThread(  633): setTargetHeapConcurrentStart:2097152
I/ActivityManager(  497): Start proc com.android.phasebeam for service com.android.phasebeam/.PhaseBeamWallpaper: pid=649 uid=10029 gids={1028}
W/InputMethodManagerService(  497): Ignoring setImeWindowStatus of uid 1000 token: null
D/ActivityThread(  649): setTargetHeapUtilization:0.25
D/ActivityThread(  649): setTargetHeapIdealFree:8388608
D/ActivityThread(  649): setTargetHeapConcurrentStart:2097152
E/libgenlock(  454): perform_lock_unlock_operation: GENLOCK_IOC_DREADLOCK failed (lockType0x1,err=Invalid argument fd=25)
W/Adreno200-EGLSUB(  454): <GetBackBuffer:1905>: genlock_lock_buffer GENLOCK_WRITE_LOCK failed
E/Adreno200-EGL(  454): <qeglDrvAPI_eglSwapBuffers:3388>: EGL_BAD_ALLOC
I/ActivityThread(  633): Pub media: com.android.providers.media.MediaProvider
I/ActivityManager(  497): Start proc com.android.inputmethod.latin for service com.android.inputmethod.latin/.LatinIME: pid=662 uid=10022 gids={1028}
E/libgenlock(  454): perform_lock_unlock_operation: GENLOCK_IOC_DREADLOCK failed (lockType0x1,err=Invalid argument fd=25)
W/Adreno200-EGLSUB(  454): <GetBackBuffer:1905>: genlock_lock_buffer GENLOCK_WRITE_LOCK failed
E/Adreno200-EGL(  454): <qeglDrvAPI_eglSwapBuffers:3388>: EGL_BAD_ALLOC
E/SurfaceFlinger(  176): eventControl(0, 1) failed Invalid argument
I/LocationManagerService(  497): Setting GPS Source to: 0
I/ActivityThread(  633): Pub downloads: com.android.providers.downloads.DownloadProvider
D/ActivityThread(  662): setTargetHeapUtilization:0.25
D/ActivityThread(  662): setTargetHeapIdealFree:8388608
D/ActivityThread(  662): setTargetHeapConcurrentStart:2097152
E/SurfaceFlinger(  176): eventControl(0, 1) failed Invalid argument
I/CommonTimeManagementService(  497): No common time service detected on this platform.  Common time services will be unavailable.
I/InputReader(  497): Reconfiguring input devices.  changes=0x00000020
I/InputReader(  497): Reconfiguring input devices.  changes=0x00000010
E/libgenlock(  454): perform_lock_unlock_operation: GENLOCK_IOC_DREADLOCK failed (lockType0x1,err=Invalid argument fd=25)
W/Adreno200-EGLSUB(  454): <GetBackBuffer:1905>: genlock_lock_buffer GENLOCK_WRITE_LOCK failed
E/Adreno200-EGL(  454): <qeglDrvAPI_eglSwapBuffers:3388>: EGL_BAD_ALLOC
I/ActivityManager(  497): Start proc com.android.phone for added application com.android.phone: pid=680 uid=1001 gids={3002, 3001, 3003, 1015, 1028}
W/ThrottleService(  497): unable to find stats for iface rmnet_sdio0
E/libgenlock(  454): perform_lock_unlock_operation: GENLOCK_IOC_DREADLOCK failed (lockType0x1,err=Invalid argument fd=25)
W/Adreno200-EGLSUB(  454): <GetBackBuffer:1905>: genlock_lock_buffer GENLOCK_WRITE_LOCK failed
E/Adreno200-EGL(  454): <qeglDrvAPI_eglSwapBuffers:3388>: EGL_BAD_ALLOC
I/ActivityManager(  497): Start proc com.android.nfc for added application com.android.nfc: pid=691 uid=1027 gids={3002, 3001, 1015, 1028}
I/ActivityManager(  497): START {act=android.intent.action.MAIN cat=[android.intent.category.HOME] flg=0x10000000 cmp=com.cyanogenmod.trebuchet/.Launcher u=0} from pid 0
