D/dalvikvm(  498): GC_EXPLICIT freed 93K, 34% free 8165K/12288K, paused 2ms+6ms, total 56ms
D/memalloc(  176): ion: Allocated buffer base:0x44508000 size:2613248 fd:89
D/memalloc(  718): ion: Mapped buffer base:0x6188c000 size:2613248 offset:0 fd:83
I/Adreno200-EGLSUB(  176): <CreateImage:893>: Android Image
I/Adreno200-EGLSUB(  176): <GetImageAttributes:1102>: RGBA_8888
I/Adreno200-EGLSUB(  176): <CreateImage:893>: Android Image
I/Adreno200-EGLSUB(  176): <GetImageAttributes:1102>: RGBA_8888
W/InputMethodManagerService(  498): Window already focused, ignoring focus gain of: com.android.internal.view.IInputMethodClient$Stub$Proxy@4116f840 attribute=android.view.inputmethod.EditorInfo@411083e8
D/memalloc(  718): ion: Unmapping buffer  base:0x61112000 size:2613248
D/memalloc(  718): ion: Unmapping buffer  base:0x61390000 size:2613248
D/memalloc(  718): ion: Unmapping buffer  base:0x6160e000 size:2613248
D/memalloc(  718): ion: Unmapping buffer  base:0x6188c000 size:2613248
D/memalloc(  176): ion: Freeing buffer base:0x43319000 size:2613248 fd:63
D/memalloc(  176): ion: Unmapping buffer  base:0x43319000 size:2613248
D/memalloc(  176): ion: Freeing buffer base:0x436fd000 size:2613248 fd:82
D/memalloc(  176): ion: Unmapping buffer  base:0x436fd000 size:2613248
D/memalloc(  176): ion: Freeing buffer base:0x44508000 size:2613248 fd:89
D/memalloc(  176): ion: Unmapping buffer  base:0x44508000 size:2613248
D/dalvikvm(  498): WAIT_FOR_CONCURRENT_GC blocked 0ms
D/dalvikvm(  498): GC_EXPLICIT freed 473K, 34% free 8166K/12288K, paused 2ms+7ms, total 56ms
D/memalloc(  176): ion: Freeing buffer base:0x44221000 size:2613248 fd:86
D/memalloc(  176): ion: Unmapping buffer  base:0x44221000 size:2613248
I/ActivityManager(  498): START {act=android.intent.action.MAIN cat=[android.intent.category.LAUNCHER] flg=0x10200000 cmp=com.android.settings/.Settings bnds=[360,868][532,1103] u=0} from pid 718
E/AudioHardwareMSM8660(  179): write(): dec_id = 1 cur_rx = 2
E/AudioHardwareMSM8660(  179): cur_rx for pcm playback = 2
E/AudioHardwareMSM8660(  179): value of device and enable is 2 1 ALSA dev id:2
D/ACDB-LOADER(  179): ACDB -> send_audio_cal, acdb_id = 2, path =  0
D/ACDB-LOADER(  179): ACDB -> send_adm_topology
D/ACDB-LOADER(  179): ACDB -> ACDB_CMD_GET_AUDPROC_COMMON_TOPOLOGY_ID
D/ACDB-LOADER(  179): ACDB -> send_audtable
D/ACDB-LOADER(  179): ACDB samplerate = 256
D/ACDB-LOADER(  179): ACDB -> ACDB_CMD_GET_AUDPROC_COMMON_TABLE
D/ACDB-LOADER(  179): ACDB -> AUDIO_SET_AUDPROC_CAL
D/ACDB-LOADER(  179): ACDB -> send_audvoltable
D/ACDB-LOADER(  179): ACDB -> ACDB_CMD_GET_AUDPROC_GAIN_DEP_VOLTBL_STEP_COPP
D/ACDB-LOADER(  179): ACDB -> AUDIO_SET_AUDPROC_VOL_CAL
D/AudioHardwareMSM8660(  179): addToTable stream 1
D/dalvikvm(  498): GC_FOR_ALLOC freed 120K, 30% free 8676K/12288K, paused 47ms, total 50ms
I/dalvikvm-heap(  498): Grow heap (frag case) to 18.535MB for 1048592-byte allocation
D/memalloc(  176): ion: Allocated buffer base:0x436fd000 size:3768320 fd:63
D/memalloc(  498): ion: Mapped buffer base:0x5fcdc000 size:3768320 offset:0 fd:221
I/Adreno200-EGLSUB(  176): <CreateImage:893>: Android Image
I/Adreno200-EGLSUB(  176): <GetImageAttributes:1102>: RGBA_8888
D/dalvikvm(  650): WAIT_FOR_CONCURRENT_GC blocked 0ms
D/memalloc(  718): ion: Unmapping buffer  base:0x5dc38000 size:3768320
D/memalloc(  718): ion: Unmapping buffer  base:0x5e22e000 size:3768320
D/memalloc(  718): ion: Unmapping buffer  base:0x609e2000 size:3768320
D/memalloc(  718): ion: Unmapping buffer  base:0x60d7a000 size:3768320
D/memalloc(  176): ion: Freeing buffer base:0x42f81000 size:3768320 fd:62
D/memalloc(  176): ion: Unmapping buffer  base:0x42f81000 size:3768320
D/memalloc(  176): ion: Freeing buffer base:0x42690000 size:3768320 fd:46
D/memalloc(  176): ion: Unmapping buffer  base:0x42690000 size:3768320
D/memalloc(  176): ion: Freeing buffer base:0x43e89000 size:3768320 fd:69
D/memalloc(  176): ion: Unmapping buffer  base:0x43e89000 size:3768320
W/System.err(  799): Removed 2131231243
D/dalvikvm(  650): GC_EXPLICIT freed 383K, 78% free 2740K/12288K, paused 2ms+5ms, total 41ms
W/System.err(  799): Removed 2131231254
D/dalvikvm(  498): WAIT_FOR_CONCURRENT_GC blocked 0ms
D/dalvikvm(  498): GC_EXPLICIT freed 45K, 28% free 9704K/13379K, paused 3ms+5ms, total 58ms
W/System.err(  799): Removed 2131231243
W/System.err(  799): Removed 2131231254
D/libEGL  (  799): loaded /system/lib/egl/libEGL_adreno200.so
D/libEGL  (  799): loaded /system/lib/egl/libGLESv1_CM_adreno200.so
D/libEGL  (  799): loaded /system/lib/egl/libGLESv2_adreno200.so
I/Adreno200-EGLSUB(  799): <ConfigWindowMatch:2078>: Format RGBA_8888.
D/memalloc(  176): ion: Allocated buffer base:0x42690000 size:3768320 fd:46
D/memalloc(  799): ion: Mapped buffer base:0x5d922000 size:3768320 offset:0 fd:61
E/        (  799): Can't open file for reading
E/        (  799): Can't open file for reading
D/OpenGLRenderer(  799): Enabling debug mode 0
D/memalloc(  176): ion: Freeing buffer base:0x42a28000 size:3768320 fd:38
D/memalloc(  176): ion: Unmapping buffer  base:0x42a28000 size:3768320
D/memalloc(  176): ion: Allocated buffer base:0x42ab2000 size:3768320 fd:38
D/memalloc(  799): ion: Mapped buffer base:0x5e656000 size:3768320 offset:0 fd:65
I/Adreno200-EGLSUB(  176): <CreateImage:893>: Android Image
I/Adreno200-EGLSUB(  176): <GetImageAttributes:1102>: RGBA_8888
I/ActivityManager(  498): Displayed com.android.settings/.Settings: +709ms
D/memalloc(  176): ion: Allocated buffer base:0x42eef000 size:3768320 fd:65
D/memalloc(  799): ion: Mapped buffer base:0x5e9ee000 size:3768320 offset:0 fd:68
I/Adreno200-EGLSUB(  176): <CreateImage:893>: Android Image
I/Adreno200-EGLSUB(  176): <GetImageAttributes:1102>: RGBA_8888
D/dalvikvm(  498): WAIT_FOR_CONCURRENT_GC blocked 0ms
D/dalvikvm(  498): GC_EXPLICIT freed 88K, 28% free 9716K/13379K, paused 2ms+5ms, total 55ms
D/memalloc(  498): ion: Unmapping buffer  base:0x5fcdc000 size:3768320
D/memalloc(  176): ion: Freeing buffer base:0x436fd000 size:3768320 fd:63
D/memalloc(  176): ion: Unmapping buffer  base:0x436fd000 size:3768320
D/dalvikvm(  498): WAIT_FOR_CONCURRENT_GC blocked 0ms
D/dalvikvm(  498): GC_EXPLICIT freed 1248K, 37% free 8553K/13379K, paused 7ms+4ms, total 82ms
D/dalvikvm(  650): WAIT_FOR_CONCURRENT_GC blocked 0ms
D/dalvikvm(  650): GC_EXPLICIT freed 494K, 78% free 2734K/12288K, paused 2ms+6ms, total 30ms
D/memalloc(  176): ion: Allocated buffer base:0x436fd000 size:3768320 fd:63
D/memalloc(  799): ion: Mapped buffer base:0x5ed86000 size:3768320 offset:0 fd:71
I/Adreno200-EGLSUB(  176): <CreateImage:893>: Android Image
I/Adreno200-EGLSUB(  176): <GetImageAttributes:1102>: RGBA_8888
I/Adreno200-EGLSUB(  176): <CreateImage:893>: Android Image
I/Adreno200-EGLSUB(  176): <GetImageAttributes:1102>: RGBA_8888
D/dalvikvm(  498): WAIT_FOR_CONCURRENT_GC blocked 0ms
D/dalvikvm(  498): GC_EXPLICIT freed 90K, 37% free 8549K/13379K, paused 2ms+4ms, total 54ms
I/ActivityManager(  498): START {act=android.intent.action.MAIN cmp=com.android.settings/.SubSettings (has extras) u=0} from pid 799
W/System.err(  799): Removed 2131231243
W/System.err(  799): Removed 2131231254
I/Adreno200-EGLSUB(  799): <ConfigWindowMatch:2078>: Format RGBA_8888.
D/memalloc(  176): ion: Allocated buffer base:0x43e89000 size:3768320 fd:70
D/memalloc(  799): ion: Mapped buffer base:0x5f11e000 size:3768320 offset:0 fd:75
D/memalloc(  176): ion: Allocated buffer base:0x4423c000 size:3768320 fd:84
D/memalloc(  799): ion: Mapped buffer base:0x5f816000 size:3768320 offset:0 fd:78
I/ActivityManager(  498): Displayed com.android.settings/.SubSettings: +303ms
W/System.err(  799): Removed 2131231243
W/System.err(  799): Removed 2131231254
D/memalloc(  176): ion: Allocated buffer base:0x448e2000 size:3768320 fd:87
I/Adreno200-EGLSUB(  176): <CreateImage:893>: Android Image
D/memalloc(  799): ion: Mapped buffer base:0x5fbae000 size:3768320 offset:0 fd:81
I/Adreno200-EGLSUB(  176): <GetImageAttributes:1102>: RGBA_8888
I/Adreno200-EGLSUB(  176): <CreateImage:893>: Android Image
I/Adreno200-EGLSUB(  176): <GetImageAttributes:1102>: RGBA_8888
D/memalloc(  799): ion: Unmapping buffer  base:0x5d922000 size:3768320
D/memalloc(  799): ion: Unmapping buffer  base:0x5e656000 size:3768320
D/memalloc(  799): ion: Unmapping buffer  base:0x5e9ee000 size:3768320
D/memalloc(  799): ion: Unmapping buffer  base:0x5ed86000 size:3768320
D/memalloc(  176): ion: Freeing buffer base:0x42690000 size:3768320 fd:46
D/memalloc(  176): ion: Unmapping buffer  base:0x42690000 size:3768320
D/memalloc(  176): ion: Freeing buffer base:0x42eef000 size:3768320 fd:65
D/memalloc(  176): ion: Unmapping buffer  base:0x42eef000 size:3768320
D/memalloc(  176): ion: Freeing buffer base:0x436fd000 size:3768320 fd:63
D/memalloc(  176): ion: Unmapping buffer  base:0x436fd000 size:3768320
D/memalloc(  176): ion: Allocated buffer base:0x42690000 size:3768320 fd:46
D/memalloc(  799): ion: Mapped buffer base:0x5d922000 size:3768320 offset:0 fd:62
I/Adreno200-EGLSUB(  176): <CreateImage:893>: Android Image
I/Adreno200-EGLSUB(  176): <GetImageAttributes:1102>: RGBA_8888
D/memalloc(  176): ion: Freeing buffer base:0x42ab2000 size:3768320 fd:38
D/memalloc(  176): ion: Unmapping buffer  base:0x42ab2000 size:3768320
D/dalvikvm(  498): WAIT_FOR_CONCURRENT_GC blocked 0ms
D/dalvikvm(  498): GC_EXPLICIT freed 499K, 37% free 8560K/13379K, paused 2ms+5ms, total 60ms
I/Adreno200-EGLSUB(  176): <CreateImage:893>: Android Image
I/Adreno200-EGLSUB(  176): <GetImageAttributes:1102>: RGBA_8888
D/dalvikvm(  650): WAIT_FOR_CONCURRENT_GC blocked 0ms
D/dalvikvm(  650): GC_EXPLICIT freed 485K, 78% free 2735K/12288K, paused 7ms+6ms, total 67ms
D/SystemClock(  498): Setting time of day to sec=1346313903
W/SystemClock(  498): Unable to set rtc to 1346313903: Invalid argument
I/Adreno200-EGLSUB(  799): <ConfigWindowMatch:2078>: Format RGBA_8888.
D/memalloc(  176): ion: Allocated buffer base:0x42a9f000 size:1531904 fd:38
D/memalloc(  799): ion: Mapped buffer base:0x5e756000 size:1531904 offset:0 fd:67
V/AlarmClock(  857): AlarmInitReceiver finished
D/memalloc(  176): ion: Allocated buffer base:0x42cf1000 size:1531904 fd:63
D/memalloc(  799): ion: Mapped buffer base:0x5e8cc000 size:1531904 offset:0 fd:70
D/AlarmManagerService(  498): Kernel timezone updated to -480 minutes west of GMT
I/Adreno200-EGLSUB(  176): <CreateImage:893>: Android Image
I/Adreno200-EGLSUB(  176): <GetImageAttributes:1102>: RGBA_8888
I/ActivityManager(  498): Start proc com.koushikdutta.rommanager for broadcast com.koushikdutta.rommanager/.CheckinReceiver: pid=1600 uid=10032 gids={1015, 3003, 1028}
D/ActivityThread( 1600): setTargetHeapUtilization:0.25
D/ActivityThread( 1600): setTargetHeapIdealFree:8388608
D/ActivityThread( 1600): setTargetHeapConcurrentStart:2097152
D/PurchasingManager( 1600): In App Purchasing SDK - Sandbox Mode: PurchasingObserver registered: com.clockworkmod.billing.b@40e9d4d0
I/PurchasingManager( 1600): Purchasing Framework initialization complete. Build ID 1.0.3
D/SandboxRequestHandler( 1600): In App Purchasing SDK - Sandbox Mode: sendGetUserIdRequest
W/ActivityManager(  498): Unable to start service Intent { act=com.amazon.testclient.iap.appUserId flg=0x10000000 (has extras) }: not found
W/System.err( 1600): java.lang.Exception: no proof string
W/System.err( 1600): 	at com.clockworkmod.billing.aa.a(Unknown Source)
W/System.err( 1600): 	at com.clockworkmod.billing.aa.a(Unknown Source)
W/System.err( 1600): 	at com.koushikdutta.rommanager.as.c(Unknown Source)
W/System.err( 1600): 	at com.koushikdutta.rommanager.as.a(Unknown Source)
W/System.err( 1600): 	at com.koushikdutta.rommanager.CheckinReceiver.onReceive(Unknown Source)
W/System.err( 1600): 	at android.app.ActivityThread.handleReceiver(ActivityThread.java:2355)
W/System.err( 1600): 	at android.app.ActivityThread.access$1500(ActivityThread.java:142)
W/System.err( 1600): 	at android.app.ActivityThread$H.handleMessage(ActivityThread.java:1284)
W/System.err( 1600): 	at android.os.Handler.dispatchMessage(Handler.java:99)
W/System.err( 1600): 	at android.os.Looper.loop(Looper.java:137)
W/System.err( 1600): 	at android.app.ActivityThread.main(ActivityThread.java:4928)
W/System.err( 1600): 	at java.lang.reflect.Method.invokeNative(Native Method)
W/System.err( 1600): 	at java.lang.reflect.Method.invoke(Method.java:511)
W/System.err( 1600): 	at com.android.internal.os.ZygoteInit$MethodAndArgsCaller.run(ZygoteInit.java:791)
W/System.err( 1600): 	at com.android.internal.os.ZygoteInit.main(ZygoteInit.java:558)
W/System.err( 1600): 	at dalvik.system.NativeStart.main(Native Method)
D/memalloc(  176): ion: Allocated buffer base:0x42eba000 size:1531904 fd:66
D/memalloc(  799): ion: Mapped buffer base:0x5ea42000 size:1531904 offset:0 fd:73
I/Adreno200-EGLSUB(  176): <CreateImage:893>: Android Image
I/Adreno200-EGLSUB(  176): <GetImageAttributes:1102>: RGBA_8888
D/lights  (  498): set_light_buttons: color=0xff656565, tlc=1.
D/memalloc(  176): ion: Allocated buffer base:0x430f0000 size:1531904 fd:90
D/memalloc(  799): ion: Mapped buffer base:0x5ebb8000 size:1531904 offset:0 fd:85
D/lights  (  498): set_light_buttons: color=0xff646464, tlc=1.
I/Adreno200-EGLSUB(  176): <CreateImage:893>: Android Image
I/Adreno200-EGLSUB(  176): <GetImageAttributes:1102>: RGBA_8888
I/Adreno200-EGLSUB(  176): <CreateImage:893>: Android Image
I/Adreno200-EGLSUB(  176): <GetImageAttributes:1102>: RGBA_8888
D/lights  (  498): set_light_buttons: color=0xff696969, tlc=1.
D/lights  (  498): set_light_buttons: color=0xff747474, tlc=1.
D/lights  (  498): set_light_buttons: color=0xff838383, tlc=1.
D/lights  (  498): set_light_buttons: color=0xff969696, tlc=1.
D/lights  (  498): set_light_buttons: color=0xffa6a6a6, tlc=1.
D/lights  (  498): set_light_buttons: color=0xffb4b4b4, tlc=1.
D/lights  (  498): set_light_buttons: color=0xffbfbfbf, tlc=1.
D/lights  (  498): set_light_buttons: color=0xffc9c9c9, tlc=1.
D/lights  (  498): set_light_buttons: color=0xffd1d1d1, tlc=1.
D/lights  (  498): set_light_buttons: color=0xffd9d9d9, tlc=1.
D/lights  (  498): set_light_buttons: color=0xffe2e2e2, tlc=1.
D/lights  (  498): set_light_buttons: color=0xffebebeb, tlc=1.
D/lights  (  498): set_light_buttons: color=0xfff1f1f1, tlc=1.
D/lights  (  498): set_light_buttons: color=0xfff5f5f5, tlc=1.
D/lights  (  498): set_light_buttons: color=0xfff9f9f9, tlc=1.
D/lights  (  498): set_light_buttons: color=0xfffdfdfd, tlc=1.
D/lights  (  498): set_light_buttons: color=0xffffffff, tlc=1.
D/dalvikvm(  498): WAIT_FOR_CONCURRENT_GC blocked 0ms
D/dalvikvm(  498): GC_EXPLICIT freed 164K, 36% free 8570K/13379K, paused 3ms+5ms, total 60ms
D/AudioHardwareMSM8660(  179): AudioStreamOutMSM8x60::standby()
D/AudioHardwareMSM8660(  179): Deroute pcm stream
D/AudioHardwareMSM8660(  179): deleteFromTable stream 1
E/AudioHardwareMSM8660(  179): value of device and enable is 2 0 ALSA dev id:2
D/memalloc(  799): ion: Unmapping buffer  base:0x5e756000 size:1531904
D/memalloc(  799): ion: Unmapping buffer  base:0x5e8cc000 size:1531904
D/memalloc(  799): ion: Unmapping buffer  base:0x5ea42000 size:1531904
D/memalloc(  799): ion: Unmapping buffer  base:0x5ebb8000 size:1531904
D/memalloc(  176): ion: Freeing buffer base:0x42cf1000 size:1531904 fd:63
D/memalloc(  176): ion: Unmapping buffer  base:0x42cf1000 size:1531904
D/memalloc(  176): ion: Freeing buffer base:0x42eba000 size:1531904 fd:66
D/memalloc(  176): ion: Unmapping buffer  base:0x42eba000 size:1531904
D/memalloc(  176): ion: Freeing buffer base:0x430f0000 size:1531904 fd:90
D/memalloc(  176): ion: Unmapping buffer  base:0x430f0000 size:1531904
D/memalloc(  176): ion: Allocated buffer base:0x42c15000 size:1531904 fd:63
D/memalloc(  799): ion: Mapped buffer base:0x5e656000 size:1531904 offset:0 fd:67
I/Adreno200-EGLSUB(  176): <CreateImage:893>: Android Image
I/Adreno200-EGLSUB(  176): <GetImageAttributes:1102>: RGBA_8888
D/memalloc(  176): ion: Freeing buffer base:0x42a9f000 size:1531904 fd:38
D/memalloc(  799): ion: Unmapping buffer  base:0x5e656000 size:1531904
D/memalloc(  176): ion: Unmapping buffer  base:0x42a9f000 size:1531904
E/AudioHardwareMSM8660(  179): write(): dec_id = 1 cur_rx = 2
E/AudioHardwareMSM8660(  179): cur_rx for pcm playback = 2
E/AudioHardwareMSM8660(  179): value of device and enable is 2 1 ALSA dev id:2
W/InputMethodManagerService(  498): Window already focused, ignoring focus gain of: com.android.internal.view.IInputMethodClient$Stub$Proxy@41086ed8 attribute=null
D/ACDB-LOADER(  179): ACDB -> send_audio_cal, acdb_id = 2, path =  0
D/ACDB-LOADER(  179): ACDB -> send_adm_topology
D/ACDB-LOADER(  179): ACDB -> ACDB_CMD_GET_AUDPROC_COMMON_TOPOLOGY_ID
D/ACDB-LOADER(  179): ACDB -> send_audtable
D/ACDB-LOADER(  179): ACDB samplerate = 256
D/ACDB-LOADER(  179): ACDB -> ACDB_CMD_GET_AUDPROC_COMMON_TABLE
D/ACDB-LOADER(  179): ACDB -> AUDIO_SET_AUDPROC_CAL
D/ACDB-LOADER(  179): ACDB -> send_audvoltable
D/ACDB-LOADER(  179): ACDB -> ACDB_CMD_GET_AUDPROC_GAIN_DEP_VOLTBL_STEP_COPP
D/ACDB-LOADER(  179): ACDB -> AUDIO_SET_AUDPROC_VOL_CAL
D/AudioHardwareMSM8660(  179): addToTable stream 1
D/memalloc(  176): ion: Freeing buffer base:0x42c15000 size:1531904 fd:63
D/memalloc(  176): ion: Unmapping buffer  base:0x42c15000 size:1531904
I/Adreno200-EGLSUB(  799): <ConfigWindowMatch:2078>: Format RGBA_8888.
D/memalloc(  176): ion: Allocated buffer base:0x42a28000 size:3768320 fd:38
D/memalloc(  799): ion: Mapped buffer base:0x5e856000 size:3768320 offset:0 fd:66
W/System.err(  799): Removed 2131231243
W/System.err(  799): Removed 2131231254
D/memalloc(  176): ion: Allocated buffer base:0x42e75000 size:3768320 fd:63
D/memalloc(  799): ion: Mapped buffer base:0x5ebee000 size:3768320 offset:0 fd:69
I/Adreno200-EGLSUB(  176): <CreateImage:893>: Android Image
I/Adreno200-EGLSUB(  176): <GetImageAttributes:1102>: RGBA_8888
D/memalloc(  799): ion: Unmapping buffer  base:0x5f11e000 size:3768320
D/memalloc(  799): ion: Unmapping buffer  base:0x5f816000 size:3768320
D/memalloc(  799): ion: Unmapping buffer  base:0x5fbae000 size:3768320
D/memalloc(  799): ion: Unmapping buffer  base:0x5d922000 size:3768320
D/memalloc(  176): ion: Freeing buffer base:0x43e89000 size:3768320 fd:70
D/memalloc(  176): ion: Unmapping buffer  base:0x43e89000 size:3768320
D/memalloc(  176): ion: Freeing buffer base:0x4423c000 size:3768320 fd:84
D/memalloc(  176): ion: Unmapping buffer  base:0x4423c000 size:3768320
D/memalloc(  176): ion: Freeing buffer base:0x448e2000 size:3768320 fd:87
D/memalloc(  176): ion: Unmapping buffer  base:0x448e2000 size:3768320
D/memalloc(  176): ion: Freeing buffer base:0x42690000 size:3768320 fd:46
D/memalloc(  176): ion: Unmapping buffer  base:0x42690000 size:3768320
D/dalvikvm(  498): WAIT_FOR_CONCURRENT_GC blocked 0ms
I/UsageStats(  498): No package stats for pkg:com.android.settings
I/Adreno200-EGLSUB(  718): <ConfigWindowMatch:2078>: Format RGBA_8888.
D/memalloc(  176): ion: Allocated buffer base:0x42690000 size:3768320 fd:46
D/memalloc(  718): ion: Mapped buffer base:0x5e22e000 size:3768320 offset:0 fd:50
D/dalvikvm(  498): GC_EXPLICIT freed 567K, 34% free 8952K/13379K, paused 2ms+24ms, total 165ms
D/memalloc(  176): ion: Allocated buffer base:0x4320d000 size:3768320 fd:66
D/memalloc(  718): ion: Mapped buffer base:0x609e2000 size:3768320 offset:0 fd:62
I/Adreno200-EGLSUB(  176): <CreateImage:893>: Android Image
I/Adreno200-EGLSUB(  176): <GetImageAttributes:1102>: RGBA_8888
D/memalloc(  799): ion: Unmapping buffer  base:0x5e856000 size:3768320
D/memalloc(  799): ion: Unmapping buffer  base:0x5ebee000 size:3768320
D/memalloc(  176): ion: Freeing buffer base:0x42e75000 size:3768320 fd:63
D/memalloc(  176): ion: Unmapping buffer  base:0x42e75000 size:3768320
D/AudioHardwareMSM8660(  179): AudioStreamOutMSM8x60::standby()
D/AudioHardwareMSM8660(  179): Deroute pcm stream
D/AudioHardwareMSM8660(  179): deleteFromTable stream 1
E/AudioHardwareMSM8660(  179): value of device and enable is 2 0 ALSA dev id:2
D/memalloc(  176): ion: Freeing buffer base:0x42a28000 size:3768320 fd:38
D/memalloc(  176): ion: Unmapping buffer  base:0x42a28000 size:3768320
D/dalvikvm(  650): WAIT_FOR_CONCURRENT_GC blocked 0ms
D/dalvikvm(  650): GC_EXPLICIT freed 500K, 78% free 2735K/12288K, paused 2ms+7ms, total 43ms
D/dalvikvm(  498): WAIT_FOR_CONCURRENT_GC blocked 0ms
D/dalvikvm(  498): GC_EXPLICIT freed 496K, 36% free 8564K/13379K, paused 3ms+7ms, total 68ms
D/lights  (  498): set_light_buttons: color=0xff000000, tlc=2.
D/dalvikvm(  498): WAIT_FOR_CONCURRENT_GC blocked 0ms
D/dalvikvm(  498): GC_EXPLICIT freed 106K, 37% free 8559K/13379K, paused 2ms+5ms, total 65ms
D/dalvikvm(  650): WAIT_FOR_CONCURRENT_GC blocked 0ms
D/dalvikvm(  650): GC_EXPLICIT freed 499K, 78% free 2736K/12288K, paused 2ms+6ms, total 44ms
D/lights  (  498): set_light_buttons: color=0xff666666, tlc=1.
D/memalloc(  176): ion: Allocated buffer base:0x42a28000 size:3768320 fd:38
D/memalloc(  718): ion: Mapped buffer base:0x60d7a000 size:3768320 offset:0 fd:66
I/ActivityManager(  498): START {act=android.intent.action.MAIN cat=[android.intent.category.LAUNCHER] flg=0x10200000 cmp=com.android.settings/.Settings bnds=[360,868][532,1103] u=0} from pid 718
I/Adreno200-EGLSUB(  176): <CreateImage:893>: Android Image
I/Adreno200-EGLSUB(  176): <GetImageAttributes:1102>: RGBA_8888
E/AudioHardwareMSM8660(  179): write(): dec_id = 1 cur_rx = 2
E/AudioHardwareMSM8660(  179): cur_rx for pcm playback = 2
E/AudioHardwareMSM8660(  179): value of device and enable is 2 1 ALSA dev id:2
D/dalvikvm(  498): GC_FOR_ALLOC freed 473K, 36% free 8687K/13379K, paused 54ms, total 54ms
W/System.err(  799): Removed 2131231243
W/System.err(  799): Removed 2131231254
D/memalloc(  176): ion: Allocated buffer base:0x42dc0000 size:3768320 fd:63
D/memalloc(  718): ion: Mapped buffer base:0x61112000 size:3768320 offset:0 fd:69
D/ACDB-LOADER(  179): ACDB -> send_audio_cal, acdb_id = 2, path =  0
D/ACDB-LOADER(  179): ACDB -> send_adm_topology
D/ACDB-LOADER(  179): ACDB -> ACDB_CMD_GET_AUDPROC_COMMON_TOPOLOGY_ID
D/ACDB-LOADER(  179): ACDB -> send_audtable
D/ACDB-LOADER(  179): ACDB samplerate = 256
D/ACDB-LOADER(  179): ACDB -> ACDB_CMD_GET_AUDPROC_COMMON_TABLE
D/ACDB-LOADER(  179): ACDB -> AUDIO_SET_AUDPROC_CAL
D/ACDB-LOADER(  179): ACDB -> send_audvoltable
D/ACDB-LOADER(  179): ACDB -> ACDB_CMD_GET_AUDPROC_GAIN_DEP_VOLTBL_STEP_COPP
D/ACDB-LOADER(  179): ACDB -> AUDIO_SET_AUDPROC_VOL_CAL
I/Adreno200-EGLSUB(  176): <CreateImage:893>: Android Image
I/Adreno200-EGLSUB(  176): <GetImageAttributes:1102>: RGBA_8888
D/AudioHardwareMSM8660(  179): addToTable stream 1
W/System.err(  799): Removed 2131231243
W/System.err(  799): Removed 2131231254
D/memalloc(  176): ion: Allocated buffer base:0x436fd000 size:3768320 fd:70
D/memalloc(  498): ion: Mapped buffer base:0x5fcdc000 size:3768320 offset:0 fd:231
I/Adreno200-EGLSUB(  176): <CreateImage:893>: Android Image
I/Adreno200-EGLSUB(  176): <GetImageAttributes:1102>: RGBA_8888
I/Adreno200-EGLSUB(  799): <ConfigWindowMatch:2078>: Format RGBA_8888.
D/memalloc(  176): ion: Allocated buffer base:0x43e89000 size:3768320 fd:84
D/memalloc(  799): ion: Mapped buffer base:0x5e756000 size:3768320 offset:0 fd:61
D/memalloc(  718): ion: Unmapping buffer  base:0x5e22e000 size:3768320
D/memalloc(  718): ion: Unmapping buffer  base:0x609e2000 size:3768320
D/memalloc(  718): ion: Unmapping buffer  base:0x60d7a000 size:3768320
D/memalloc(  718): ion: Unmapping buffer  base:0x61112000 size:3768320
D/memalloc(  176): ion: Freeing buffer base:0x42dc0000 size:3768320 fd:63
D/memalloc(  176): ion: Unmapping buffer  base:0x42dc0000 size:3768320
D/memalloc(  176): ion: Freeing buffer base:0x42690000 size:3768320 fd:46
D/memalloc(  176): ion: Unmapping buffer  base:0x42690000 size:3768320
D/memalloc(  176): ion: Freeing buffer base:0x4320d000 size:3768320 fd:66
D/memalloc(  176): ion: Unmapping buffer  base:0x4320d000 size:3768320
D/memalloc(  176): ion: Allocated buffer base:0x42690000 size:3768320 fd:46
D/memalloc(  799): ion: Mapped buffer base:0x5eaee000 size:3768320 offset:0 fd:65
I/ActivityManager(  498): Displayed com.android.settings/.Settings: +386ms
I/Adreno200-EGLSUB(  176): <CreateImage:893>: Android Image
I/Adreno200-EGLSUB(  176): <GetImageAttributes:1102>: RGBA_8888
D/memalloc(  176): ion: Allocated buffer base:0x42dc0000 size:3768320 fd:63
D/memalloc(  799): ion: Mapped buffer base:0x5ee86000 size:3768320 offset:0 fd:68
I/Adreno200-EGLSUB(  176): <CreateImage:893>: Android Image
I/Adreno200-EGLSUB(  176): <GetImageAttributes:1102>: RGBA_8888
D/memalloc(  176): ion: Freeing buffer base:0x42a28000 size:3768320 fd:38
D/memalloc(  176): ion: Unmapping buffer  base:0x42a28000 size:3768320
D/memalloc(  498): ion: Unmapping buffer  base:0x5fcdc000 size:3768320
D/memalloc(  176): ion: Freeing buffer base:0x436fd000 size:3768320 fd:70
D/memalloc(  176): ion: Unmapping buffer  base:0x436fd000 size:3768320
D/memalloc(  176): ion: Allocated buffer base:0x42a28000 size:3768320 fd:38
D/memalloc(  799): ion: Mapped buffer base:0x5f21e000 size:3768320 offset:0 fd:71
I/Adreno200-EGLSUB(  176): <CreateImage:893>: Android Image
I/Adreno200-EGLSUB(  176): <GetImageAttributes:1102>: RGBA_8888
I/Adreno200-EGLSUB(  176): <CreateImage:893>: Android Image
I/Adreno200-EGLSUB(  176): <GetImageAttributes:1102>: RGBA_8888
D/dalvikvm(  498): WAIT_FOR_CONCURRENT_GC blocked 0ms
D/dalvikvm(  498): GC_EXPLICIT freed 91K, 28% free 9715K/13379K, paused 3ms+5ms, total 73ms
I/ActivityManager(  498): START {act=android.intent.action.MAIN cmp=com.android.settings/.SubSettings (has extras) u=0} from pid 799
W/System.err(  799): Removed 2131231243
W/System.err(  799): Removed 2131231254
I/Adreno200-EGLSUB(  799): <ConfigWindowMatch:2078>: Format RGBA_8888.
D/memalloc(  176): ion: Allocated buffer base:0x43158000 size:3768320 fd:66
D/memalloc(  799): ion: Mapped buffer base:0x5f5b6000 size:3768320 offset:0 fd:75
D/memalloc(  176): ion: Allocated buffer base:0x436fd000 size:3768320 fd:70
D/memalloc(  799): ion: Mapped buffer base:0x5fcae000 size:3768320 offset:0 fd:78
I/ActivityManager(  498): Displayed com.android.settings/.SubSettings: +213ms
W/System.err(  799): Removed 2131231243
W/System.err(  799): Removed 2131231254
I/Adreno200-EGLSUB(  176): <CreateImage:893>: Android Image
I/Adreno200-EGLSUB(  176): <GetImageAttributes:1102>: RGBA_8888
D/memalloc(  176): ion: Allocated buffer base:0x44221000 size:3768320 fd:87
D/memalloc(  799): ion: Mapped buffer base:0x60046000 size:3768320 offset:0 fd:81
I/Adreno200-EGLSUB(  176): <CreateImage:893>: Android Image
I/Adreno200-EGLSUB(  176): <GetImageAttributes:1102>: RGBA_8888
D/memalloc(  799): ion: Unmapping buffer  base:0x5e756000 size:3768320
D/memalloc(  799): ion: Unmapping buffer  base:0x5eaee000 size:3768320
D/memalloc(  799): ion: Unmapping buffer  base:0x5ee86000 size:3768320
D/memalloc(  799): ion: Unmapping buffer  base:0x5f21e000 size:3768320
D/memalloc(  176): ion: Freeing buffer base:0x42690000 size:3768320 fd:46
D/memalloc(  176): ion: Unmapping buffer  base:0x42690000 size:3768320
D/memalloc(  176): ion: Freeing buffer base:0x42dc0000 size:3768320 fd:63
D/memalloc(  176): ion: Unmapping buffer  base:0x42dc0000 size:3768320
D/memalloc(  176): ion: Freeing buffer base:0x42a28000 size:3768320 fd:38
D/memalloc(  176): ion: Unmapping buffer  base:0x42a28000 size:3768320
D/memalloc(  176): ion: Allocated buffer base:0x42690000 size:3768320 fd:38
D/memalloc(  799): ion: Mapped buffer base:0x5eab6000 size:3768320 offset:0 fd:62
I/Adreno200-EGLSUB(  176): <CreateImage:893>: Android Image
I/Adreno200-EGLSUB(  176): <GetImageAttributes:1102>: RGBA_8888
I/Adreno200-EGLSUB(  176): <CreateImage:893>: Android Image
I/Adreno200-EGLSUB(  176): <GetImageAttributes:1102>: RGBA_8888
D/memalloc(  176): ion: Freeing buffer base:0x43e89000 size:3768320 fd:84
D/memalloc(  176): ion: Unmapping buffer  base:0x43e89000 size:3768320
I/Adreno200-EGLSUB(  799): <ConfigWindowMatch:2078>: Format RGBA_8888.
D/memalloc(  176): ion: Allocated buffer base:0x42a6d000 size:1531904 fd:46
D/memalloc(  799): ion: Mapped buffer base:0x5e22a000 size:1531904 offset:0 fd:67
D/memalloc(  176): ion: Allocated buffer base:0x42cca000 size:1531904 fd:63
D/memalloc(  799): ion: Mapped buffer base:0x5ee4e000 size:1531904 offset:0 fd:70
I/Adreno200-EGLSUB(  176): <CreateImage:893>: Android Image
I/Adreno200-EGLSUB(  176): <GetImageAttributes:1102>: RGBA_8888
D/memalloc(  176): ion: Allocated buffer base:0x42f0f000 size:1531904 fd:84
D/memalloc(  799): ion: Mapped buffer base:0x5efc4000 size:1531904 offset:0 fd:73
I/Adreno200-EGLSUB(  176): <CreateImage:893>: Android Image
I/Adreno200-EGLSUB(  176): <GetImageAttributes:1102>: RGBA_8888
D/lights  (  498): set_light_buttons: color=0xff656565, tlc=1.
D/memalloc(  176): ion: Allocated buffer base:0x43e89000 size:1531904 fd:90
D/memalloc(  799): ion: Mapped buffer base:0x5f13a000 size:1531904 offset:0 fd:85
D/lights  (  498): set_light_buttons: color=0xff646464, tlc=1.
I/Adreno200-EGLSUB(  176): <CreateImage:893>: Android Image
I/Adreno200-EGLSUB(  176): <GetImageAttributes:1102>: RGBA_8888
I/Adreno200-EGLSUB(  176): <CreateImage:893>: Android Image
I/Adreno200-EGLSUB(  176): <GetImageAttributes:1102>: RGBA_8888
D/dalvikvm(  498): WAIT_FOR_CONCURRENT_GC blocked 0ms
D/dalvikvm(  498): GC_EXPLICIT freed 1700K, 36% free 8564K/13379K, paused 2ms+5ms, total 62ms
D/dalvikvm(  650): WAIT_FOR_CONCURRENT_GC blocked 0ms
D/dalvikvm(  650): GC_EXPLICIT freed 501K, 78% free 2736K/12288K, paused 2ms+6ms, total 39ms
D/AudioHardwareMSM8660(  179): AudioStreamOutMSM8x60::standby()
D/AudioHardwareMSM8660(  179): Deroute pcm stream
D/AudioHardwareMSM8660(  179): deleteFromTable stream 1
E/AudioHardwareMSM8660(  179): value of device and enable is 2 0 ALSA dev id:2
D/memalloc(  799): ion: Unmapping buffer  base:0x5e22a000 size:1531904
D/memalloc(  799): ion: Unmapping buffer  base:0x5ee4e000 size:1531904
D/memalloc(  799): ion: Unmapping buffer  base:0x5efc4000 size:1531904
D/memalloc(  799): ion: Unmapping buffer  base:0x5f13a000 size:1531904
D/memalloc(  176): ion: Freeing buffer base:0x42a6d000 size:1531904 fd:46
D/memalloc(  176): ion: Unmapping buffer  base:0x42a6d000 size:1531904
D/memalloc(  176): ion: Freeing buffer base:0x42cca000 size:1531904 fd:63
D/memalloc(  176): ion: Unmapping buffer  base:0x42cca000 size:1531904
D/memalloc(  176): ion: Freeing buffer base:0x42f0f000 size:1531904 fd:84
D/memalloc(  176): ion: Unmapping buffer  base:0x42f0f000 size:1531904
D/memalloc(  176): ion: Allocated buffer base:0x42a28000 size:1531904 fd:46
D/memalloc(  799): ion: Mapped buffer base:0x5e22a000 size:1531904 offset:0 fd:67
E/AudioHardwareMSM8660(  179): write(): dec_id = 1 cur_rx = 2
E/AudioHardwareMSM8660(  179): cur_rx for pcm playback = 2
E/AudioHardwareMSM8660(  179): value of device and enable is 2 1 ALSA dev id:2
I/Adreno200-EGLSUB(  176): <CreateImage:893>: Android Image
I/Adreno200-EGLSUB(  176): <GetImageAttributes:1102>: RGBA_8888
D/memalloc(  176): ion: Freeing buffer base:0x43e89000 size:1531904 fd:90
D/memalloc(  799): ion: Unmapping buffer  base:0x5e22a000 size:1531904
D/memalloc(  176): ion: Unmapping buffer  base:0x43e89000 size:1531904
W/InputMethodManagerService(  498): Window already focused, ignoring focus gain of: com.android.internal.view.IInputMethodClient$Stub$Proxy@40f04608 attribute=null
D/ACDB-LOADER(  179): ACDB -> send_audio_cal, acdb_id = 2, path =  0
D/ACDB-LOADER(  179): ACDB -> send_adm_topology
D/ACDB-LOADER(  179): ACDB -> ACDB_CMD_GET_AUDPROC_COMMON_TOPOLOGY_ID
D/ACDB-LOADER(  179): ACDB -> send_audtable
D/ACDB-LOADER(  179): ACDB samplerate = 256
D/ACDB-LOADER(  179): ACDB -> ACDB_CMD_GET_AUDPROC_COMMON_TABLE
D/ACDB-LOADER(  179): ACDB -> AUDIO_SET_AUDPROC_CAL
D/ACDB-LOADER(  179): ACDB -> send_audvoltable
D/ACDB-LOADER(  179): ACDB -> ACDB_CMD_GET_AUDPROC_GAIN_DEP_VOLTBL_STEP_COPP
D/ACDB-LOADER(  179): ACDB -> AUDIO_SET_AUDPROC_VOL_CAL
D/AudioHardwareMSM8660(  179): addToTable stream 1
D/memalloc(  176): ion: Freeing buffer base:0x42a28000 size:1531904 fd:46
D/memalloc(  176): ion: Unmapping buffer  base:0x42a28000 size:1531904
I/Adreno200-EGLSUB(  799): <ConfigWindowMatch:2078>: Format RGBA_8888.
D/memalloc(  176): ion: Allocated buffer base:0x42a28000 size:1531904 fd:46
D/memalloc(  799): ion: Mapped buffer base:0x5e22a000 size:1531904 offset:0 fd:67
D/memalloc(  176): ion: Allocated buffer base:0x42c8b000 size:1531904 fd:63
D/memalloc(  799): ion: Mapped buffer base:0x5e756000 size:1531904 offset:0 fd:70
I/Adreno200-EGLSUB(  176): <CreateImage:893>: Android Image
I/Adreno200-EGLSUB(  176): <GetImageAttributes:1102>: RGBA_8888
D/dalvikvm(  498): WAIT_FOR_CONCURRENT_GC blocked 0ms
D/dalvikvm(  498): GC_EXPLICIT freed 127K, 36% free 8564K/13379K, paused 3ms+5ms, total 53ms
D/memalloc(  176): ion: Allocated buffer base:0x42e17000 size:1531904 fd:84
D/memalloc(  799): ion: Mapped buffer base:0x5e8cc000 size:1531904 offset:0 fd:73
I/Adreno200-EGLSUB(  176): <CreateImage:893>: Android Image
I/Adreno200-EGLSUB(  176): <GetImageAttributes:1102>: RGBA_8888
D/lights  (  498): set_light_buttons: color=0xff636363, tlc=1.
D/memalloc(  176): ion: Allocated buffer base:0x43e89000 size:1531904 fd:90
D/memalloc(  799): ion: Mapped buffer base:0x5ee4e000 size:1531904 offset:0 fd:85
I/Adreno200-EGLSUB(  176): <CreateImage:893>: Android Image
I/Adreno200-EGLSUB(  176): <GetImageAttributes:1102>: RGBA_8888
D/lights  (  498): set_light_buttons: color=0xff626262, tlc=1.
I/Adreno200-EGLSUB(  176): <CreateImage:893>: Android Image
I/Adreno200-EGLSUB(  176): <GetImageAttributes:1102>: RGBA_8888
D/lights  (  498): set_light_buttons: color=0xff616161, tlc=1.
I/Choreographer(  799): Skipped 32 frames!  The application may be doing too much work on its main thread.
D/lights  (  498): set_light_buttons: color=0xff606060, tlc=1.
D/AudioHardwareMSM8660(  179): AudioStreamOutMSM8x60::standby()
D/AudioHardwareMSM8660(  179): Deroute pcm stream
D/AudioHardwareMSM8660(  179): deleteFromTable stream 1
E/AudioHardwareMSM8660(  179): value of device and enable is 2 0 ALSA dev id:2
D/dalvikvm(  498): WAIT_FOR_CONCURRENT_GC blocked 0ms
W/ThrottleService(  498): unable to find stats for iface rmnet_sdio0
D/lights  (  498): set_light_buttons: color=0xff5f5f5f, tlc=1.
I/Choreographer(  799): Skipped 129 frames!  The application may be doing too much work on its main thread.
D/lights  (  498): set_light_buttons: color=0xff5e5e5e, tlc=1.
D/dalvikvm(  498): GC_EXPLICIT freed 215K, 36% free 8564K/13379K, paused 1637ms+18ms, total 1784ms
D/lights  (  498): set_light_buttons: color=0xff5d5d5d, tlc=1.
D/lights  (  498): set_light_buttons: color=0xff5c5c5c, tlc=1.
D/dalvikvm(  650): WAIT_FOR_CONCURRENT_GC blocked 0ms
D/dalvikvm(  650): GC_EXPLICIT freed 500K, 78% free 2737K/12288K, paused 2ms+5ms, total 39ms
D/dalvikvm(  498): WAIT_FOR_CONCURRENT_GC blocked 0ms
D/dalvikvm(  498): GC_EXPLICIT freed 134K, 37% free 8558K/13379K, paused 3ms+4ms, total 61ms
D/memalloc(  799): ion: Unmapping buffer  base:0x5e22a000 size:1531904
D/memalloc(  799): ion: Unmapping buffer  base:0x5e756000 size:1531904
D/memalloc(  799): ion: Unmapping buffer  base:0x5e8cc000 size:1531904
D/memalloc(  799): ion: Unmapping buffer  base:0x5ee4e000 size:1531904
D/memalloc(  176): ion: Freeing buffer base:0x42a28000 size:1531904 fd:46
D/memalloc(  176): ion: Unmapping buffer  base:0x42a28000 size:1531904
D/memalloc(  176): ion: Freeing buffer base:0x42c8b000 size:1531904 fd:63
D/memalloc(  176): ion: Unmapping buffer  base:0x42c8b000 size:1531904
D/memalloc(  176): ion: Freeing buffer base:0x43e89000 size:1531904 fd:90
D/memalloc(  176): ion: Unmapping buffer  base:0x43e89000 size:1531904
D/memalloc(  176): ion: Allocated buffer base:0x42a28000 size:1531904 fd:46
D/memalloc(  799): ion: Mapped buffer base:0x5e22a000 size:1531904 offset:0 fd:67
I/Adreno200-EGLSUB(  176): <CreateImage:893>: Android Image
I/Adreno200-EGLSUB(  176): <GetImageAttributes:1102>: RGBA_8888
D/memalloc(  176): ion: Freeing buffer base:0x42e17000 size:1531904 fd:84
D/memalloc(  176): ion: Unmapping buffer  base:0x42e17000 size:1531904
D/memalloc(  799): ion: Unmapping buffer  base:0x5e22a000 size:1531904
W/InputMethodManagerService(  498): Window already focused, ignoring focus gain of: com.android.internal.view.IInputMethodClient$Stub$Proxy@40f2b9d8 attribute=null
E/AudioHardwareMSM8660(  179): write(): dec_id = 1 cur_rx = 2
E/AudioHardwareMSM8660(  179): cur_rx for pcm playback = 2
E/AudioHardwareMSM8660(  179): value of device and enable is 2 1 ALSA dev id:2
D/ACDB-LOADER(  179): ACDB -> send_audio_cal, acdb_id = 2, path =  0
D/ACDB-LOADER(  179): ACDB -> send_adm_topology
D/ACDB-LOADER(  179): ACDB -> ACDB_CMD_GET_AUDPROC_COMMON_TOPOLOGY_ID
D/ACDB-LOADER(  179): ACDB -> send_audtable
D/ACDB-LOADER(  179): ACDB samplerate = 256
D/ACDB-LOADER(  179): ACDB -> ACDB_CMD_GET_AUDPROC_COMMON_TABLE
D/ACDB-LOADER(  179): ACDB -> AUDIO_SET_AUDPROC_CAL
D/ACDB-LOADER(  179): ACDB -> send_audvoltable
D/ACDB-LOADER(  179): ACDB -> ACDB_CMD_GET_AUDPROC_GAIN_DEP_VOLTBL_STEP_COPP
D/ACDB-LOADER(  179): ACDB -> AUDIO_SET_AUDPROC_VOL_CAL
D/AudioHardwareMSM8660(  179): addToTable stream 1
D/memalloc(  176): ion: Freeing buffer base:0x42a28000 size:1531904 fd:46
D/memalloc(  176): ion: Unmapping buffer  base:0x42a28000 size:1531904
D/dalvikvm(  498): WAIT_FOR_CONCURRENT_GC blocked 0ms
D/dalvikvm(  498): GC_EXPLICIT freed 107K, 37% free 8559K/13379K, paused 3ms+5ms, total 65ms
D/AudioHardwareMSM8660(  179): AudioStreamOutMSM8x60::standby()
D/AudioHardwareMSM8660(  179): Deroute pcm stream
D/AudioHardwareMSM8660(  179): deleteFromTable stream 1
E/AudioHardwareMSM8660(  179): value of device and enable is 2 0 ALSA dev id:2
D/dalvikvm(  650): WAIT_FOR_CONCURRENT_GC blocked 0ms
D/dalvikvm(  650): GC_EXPLICIT freed 500K, 78% free 2737K/12288K, paused 2ms+6ms, total 39ms
D/dalvikvm(  498): WAIT_FOR_CONCURRENT_GC blocked 0ms
D/lights  (  498): set_light_buttons: color=0xff000000, tlc=2.
D/dalvikvm(  498): GC_EXPLICIT freed 98K, 37% free 8556K/13379K, paused 2ms+4ms, total 61ms
D/dalvikvm(  498): WAIT_FOR_CONCURRENT_GC blocked 0ms
D/lights  (  498): set_light_buttons: color=0xff666666, tlc=1.
D/dalvikvm(  498): GC_EXPLICIT freed 86K, 37% free 8555K/13379K, paused 2ms+4ms, total 63ms
I/Adreno200-EGLSUB(  799): <ConfigWindowMatch:2078>: Format RGBA_8888.
D/memalloc(  176): ion: Allocated buffer base:0x42a28000 size:3768320 fd:46
D/memalloc(  799): ion: Mapped buffer base:0x5ee4e000 size:3768320 offset:0 fd:66
W/System.err(  799): Removed 2131231243
W/System.err(  799): Removed 2131231254
D/memalloc(  176): ion: Allocated buffer base:0x43e89000 size:3768320 fd:63
D/memalloc(  799): ion: Mapped buffer base:0x5f1e6000 size:3768320 offset:0 fd:69
I/Adreno200-EGLSUB(  176): <CreateImage:893>: Android Image
I/Adreno200-EGLSUB(  176): <GetImageAttributes:1102>: RGBA_8888
D/memalloc(  799): ion: Unmapping buffer  base:0x5f5b6000 size:3768320
D/memalloc(  799): ion: Unmapping buffer  base:0x5fcae000 size:3768320
D/memalloc(  799): ion: Unmapping buffer  base:0x60046000 size:3768320
D/memalloc(  799): ion: Unmapping buffer  base:0x5eab6000 size:3768320
D/memalloc(  176): ion: Freeing buffer base:0x436fd000 size:3768320 fd:70
D/memalloc(  176): ion: Unmapping buffer  base:0x436fd000 size:3768320
D/memalloc(  176): ion: Freeing buffer base:0x44221000 size:3768320 fd:87
D/memalloc(  176): ion: Unmapping buffer  base:0x44221000 size:3768320
D/memalloc(  176): ion: Freeing buffer base:0x42690000 size:3768320 fd:38
D/memalloc(  176): ion: Unmapping buffer  base:0x42690000 size:3768320
D/memalloc(  176): ion: Freeing buffer base:0x43158000 size:3768320 fd:66
D/memalloc(  176): ion: Unmapping buffer  base:0x43158000 size:3768320
D/memalloc(  176): ion: Allocated buffer base:0x42690000 size:3768320 fd:38
D/memalloc(  799): ion: Mapped buffer base:0x5e756000 size:3768320 offset:0 fd:61
D/memalloc(  176): ion: Allocated buffer base:0x42dc0000 size:3768320 fd:66
D/memalloc(  799): ion: Mapped buffer base:0x5f57e000 size:3768320 offset:0 fd:65
I/Adreno200-EGLSUB(  176): <CreateImage:893>: Android Image
I/Adreno200-EGLSUB(  176): <GetImageAttributes:1102>: RGBA_8888
I/Adreno200-EGLSUB(  176): <CreateImage:893>: Android Image
I/Adreno200-EGLSUB(  176): <GetImageAttributes:1102>: RGBA_8888
I/Adreno200-EGLSUB(  176): <CreateImage:893>: Android Image
I/Adreno200-EGLSUB(  176): <GetImageAttributes:1102>: RGBA_8888
D/dalvikvm(  650): WAIT_FOR_CONCURRENT_GC blocked 0ms
I/ActivityManager(  498): START {cmp=com.cyanogenmod.trebuchet/.preference.Preferences u=0} from pid 799
E/AudioHardwareMSM8660(  179): write(): dec_id = 1 cur_rx = 2
E/AudioHardwareMSM8660(  179): cur_rx for pcm playback = 2
E/AudioHardwareMSM8660(  179): value of device and enable is 2 1 ALSA dev id:2
D/ACDB-LOADER(  179): ACDB -> send_audio_cal, acdb_id = 2, path =  0
D/ACDB-LOADER(  179): ACDB -> send_adm_topology
D/ACDB-LOADER(  179): ACDB -> ACDB_CMD_GET_AUDPROC_COMMON_TOPOLOGY_ID
D/ACDB-LOADER(  179): ACDB -> send_audtable
D/ACDB-LOADER(  179): ACDB samplerate = 256
D/ACDB-LOADER(  179): ACDB -> ACDB_CMD_GET_AUDPROC_COMMON_TABLE
D/ACDB-LOADER(  179): ACDB -> AUDIO_SET_AUDPROC_CAL
D/ACDB-LOADER(  179): ACDB -> send_audvoltable
D/ACDB-LOADER(  179): ACDB -> ACDB_CMD_GET_AUDPROC_GAIN_DEP_VOLTBL_STEP_COPP
D/ACDB-LOADER(  179): ACDB -> AUDIO_SET_AUDPROC_VOL_CAL
D/AudioHardwareMSM8660(  179): addToTable stream 1
D/dalvikvm(  650): GC_EXPLICIT freed 499K, 78% free 2737K/12288K, paused 3ms+26ms, total 205ms
D/dalvikvm(  718): GC_FOR_ALLOC freed 2104K, 30% free 13952K/19715K, paused 29ms, total 40ms
I/Adreno200-EGLSUB(  718): <ConfigWindowMatch:2078>: Format RGBA_8888.
D/memalloc(  176): ion: Allocated buffer base:0x43158000 size:3768320 fd:70
D/memalloc(  718): ion: Mapped buffer base:0x609e2000 size:3768320 offset:0 fd:49
D/memalloc(  176): ion: Allocated buffer base:0x436fd000 size:3768320 fd:84
D/memalloc(  718): ion: Mapped buffer base:0x60d7a000 size:3768320 offset:0 fd:60
I/ActivityManager(  498): Displayed com.cyanogenmod.trebuchet/.preference.Preferences: +362ms
I/Adreno200-EGLSUB(  176): <CreateImage:893>: Android Image
I/Adreno200-EGLSUB(  176): <GetImageAttributes:1102>: RGBA_8888
D/memalloc(  799): ion: Unmapping buffer  base:0x5ee4e000 size:3768320
D/memalloc(  799): ion: Unmapping buffer  base:0x5f1e6000 size:3768320
D/memalloc(  799): ion: Unmapping buffer  base:0x5e756000 size:3768320
D/memalloc(  799): ion: Unmapping buffer  base:0x5f57e000 size:3768320
D/memalloc(  176): ion: Freeing buffer base:0x42a28000 size:3768320 fd:46
D/memalloc(  176): ion: Unmapping buffer  base:0x42a28000 size:3768320
D/memalloc(  176): ion: Freeing buffer base:0x42690000 size:3768320 fd:38
D/memalloc(  176): ion: Unmapping buffer  base:0x42690000 size:3768320
D/memalloc(  176): ion: Freeing buffer base:0x42dc0000 size:3768320 fd:66
D/memalloc(  176): ion: Unmapping buffer  base:0x42dc0000 size:3768320
D/memalloc(  176): ion: Allocated buffer base:0x42690000 size:3768320 fd:38
D/memalloc(  718): ion: Mapped buffer base:0x61112000 size:3768320 offset:0 fd:65
I/Adreno200-EGLSUB(  176): <CreateImage:893>: Android Image
I/Adreno200-EGLSUB(  176): <GetImageAttributes:1102>: RGBA_8888
D/memalloc(  176): ion: Freeing buffer base:0x43e89000 size:3768320 fd:63
D/memalloc(  176): ion: Unmapping buffer  base:0x43e89000 size:3768320
D/memalloc(  176): ion: Allocated buffer base:0x42aa7000 size:3768320 fd:46
D/memalloc(  718): ion: Mapped buffer base:0x614aa000 size:3768320 offset:0 fd:68
I/Adreno200-EGLSUB(  176): <CreateImage:893>: Android Image
I/Adreno200-EGLSUB(  176): <GetImageAttributes:1102>: RGBA_8888
I/Adreno200-EGLSUB(  176): <CreateImage:893>: Android Image
I/Adreno200-EGLSUB(  176): <GetImageAttributes:1102>: RGBA_8888
I/Adreno200-EGLSUB(  718): <ConfigWindowMatch:2078>: Format RGBA_8888.
D/memalloc(  176): ion: Allocated buffer base:0x43e89000 size:3768320 fd:63
D/memalloc(  718): ion: Mapped buffer base:0x61842000 size:3768320 offset:0 fd:72
D/memalloc(  176): ion: Allocated buffer base:0x442ef000 size:3768320 fd:66
D/memalloc(  718): ion: Mapped buffer base:0x61bda000 size:3768320 offset:0 fd:75
I/Adreno200-EGLSUB(  176): <CreateImage:893>: Android Image
I/Adreno200-EGLSUB(  176): <GetImageAttributes:1102>: RGBA_8888
D/memalloc(  176): ion: Allocated buffer base:0x448e2000 size:3768320 fd:87
D/memalloc(  718): ion: Mapped buffer base:0x61f72000 size:3768320 offset:0 fd:78
I/Adreno200-EGLSUB(  176): <CreateImage:893>: Android Image
I/Adreno200-EGLSUB(  176): <GetImageAttributes:1102>: RGBA_8888
D/dalvikvm(  498): WAIT_FOR_CONCURRENT_GC blocked 0ms
D/dalvikvm(  498): GC_EXPLICIT freed 883K, 36% free 8578K/13379K, paused 2ms+4ms, total 47ms
D/memalloc(  718): ion: Unmapping buffer  base:0x61842000 size:3768320
D/memalloc(  718): ion: Unmapping buffer  base:0x61bda000 size:3768320
D/memalloc(  718): ion: Unmapping buffer  base:0x61f72000 size:3768320
D/memalloc(  176): ion: Freeing buffer base:0x448e2000 size:3768320 fd:87
D/memalloc(  176): ion: Unmapping buffer  base:0x448e2000 size:3768320
D/memalloc(  176): ion: Freeing buffer base:0x43e89000 size:3768320 fd:63
D/memalloc(  176): ion: Unmapping buffer  base:0x43e89000 size:3768320
D/memalloc(  176): ion: Freeing buffer base:0x442ef000 size:3768320 fd:66
D/memalloc(  176): ion: Unmapping buffer  base:0x442ef000 size:3768320
I/Adreno200-EGLSUB(  799): <ConfigWindowMatch:2078>: Format RGBA_8888.
D/memalloc(  176): ion: Allocated buffer base:0x43e89000 size:3768320 fd:63
D/memalloc(  799): ion: Mapped buffer base:0x5e756000 size:3768320 offset:0 fd:61
W/System.err(  799): Removed 2131231243
W/System.err(  799): Removed 2131231254
D/memalloc(  176): ion: Allocated buffer base:0x4422a000 size:3768320 fd:66
D/memalloc(  799): ion: Mapped buffer base:0x5eaee000 size:3768320 offset:0 fd:65
I/Adreno200-EGLSUB(  176): <CreateImage:893>: Android Image
I/Adreno200-EGLSUB(  176): <GetImageAttributes:1102>: RGBA_8888
D/memalloc(  718): ion: Unmapping buffer  base:0x609e2000 size:3768320
D/memalloc(  718): ion: Unmapping buffer  base:0x60d7a000 size:3768320
D/memalloc(  718): ion: Unmapping buffer  base:0x61112000 size:3768320
D/memalloc(  718): ion: Unmapping buffer  base:0x614aa000 size:3768320
D/memalloc(  176): ion: Freeing buffer base:0x43158000 size:3768320 fd:70
D/memalloc(  176): ion: Unmapping buffer  base:0x43158000 size:3768320
D/memalloc(  176): ion: Freeing buffer base:0x436fd000 size:3768320 fd:84
D/memalloc(  176): ion: Unmapping buffer  base:0x436fd000 size:3768320
D/memalloc(  176): ion: Freeing buffer base:0x42aa7000 size:3768320 fd:46
D/memalloc(  176): ion: Unmapping buffer  base:0x42aa7000 size:3768320
D/memalloc(  176): ion: Freeing buffer base:0x42690000 size:3768320 fd:38
D/memalloc(  176): ion: Unmapping buffer  base:0x42690000 size:3768320
D/memalloc(  176): ion: Allocated buffer base:0x42690000 size:3768320 fd:38
D/memalloc(  799): ion: Mapped buffer base:0x5ee86000 size:3768320 offset:0 fd:68
I/Adreno200-EGLSUB(  176): <CreateImage:893>: Android Image
I/Adreno200-EGLSUB(  176): <GetImageAttributes:1102>: RGBA_8888
I/ActivityManager(  498): START {act=android.intent.action.MAIN cmp=com.tmobile.themechooser/.ThemeChooser u=0} from pid 799
D/memalloc(  176): ion: Allocated buffer base:0x42a28000 size:3768320 fd:46
D/memalloc(  498): ion: Mapped buffer base:0x5fcdc000 size:3768320 offset:0 fd:236
D/memalloc(  176): ion: Allocated buffer base:0x42e24000 size:3768320 fd:70
D/memalloc(  799): ion: Mapped buffer base:0x5f21e000 size:3768320 offset:0 fd:71
I/Adreno200-EGLSUB(  176): <CreateImage:893>: Android Image
I/Adreno200-EGLSUB(  176): <GetImageAttributes:1102>: RGBA_8888
I/Adreno200-EGLSUB(  176): <CreateImage:893>: Android Image
I/Adreno200-EGLSUB(  176): <GetImageAttributes:1102>: RGBA_8888
I/ActivityManager(  498): Start proc com.tmobile.themechooser for activity com.tmobile.themechooser/.ThemeChooser: pid=1717 uid=1000 gids={1015, 3002, 3001, 3003, 1028}
D/ActivityThread( 1717): setTargetHeapUtilization:0.25
D/ActivityThread( 1717): setTargetHeapIdealFree:8388608
D/ActivityThread( 1717): setTargetHeapConcurrentStart:2097152
I/ActivityManager(  498): Start proc com.tmobile.thememanager for content provider com.tmobile.thememanager/.provider.ThemesProvider: pid=1733 uid=1300 gids={-1, 1028}
D/memalloc(  799): ion: Unmapping buffer  base:0x5e756000 size:3768320
D/memalloc(  799): ion: Unmapping buffer  base:0x5eaee000 size:3768320
D/memalloc(  799): ion: Unmapping buffer  base:0x5ee86000 size:3768320
D/memalloc(  799): ion: Unmapping buffer  base:0x5f21e000 size:3768320
D/memalloc(  176): ion: Freeing buffer base:0x42e24000 size:3768320 fd:70
D/memalloc(  176): ion: Unmapping buffer  base:0x42e24000 size:3768320
D/memalloc(  176): ion: Freeing buffer base:0x43e89000 size:3768320 fd:63
D/memalloc(  176): ion: Unmapping buffer  base:0x43e89000 size:3768320
D/memalloc(  176): ion: Freeing buffer base:0x4422a000 size:3768320 fd:66
D/memalloc(  176): ion: Unmapping buffer  base:0x4422a000 size:3768320
D/ActivityThread( 1733): setTargetHeapUtilization:0.25
D/ActivityThread( 1733): setTargetHeapIdealFree:8388608
D/ActivityThread( 1733): setTargetHeapConcurrentStart:2097152
I/ActivityThread( 1733): Pub com.tmobile.thememanager.themes: com.tmobile.thememanager.provider.ThemesProvider
I/ActivityThread( 1733): Pub com.tmobile.thememanager.packageresources: com.tmobile.thememanager.provider.PackageResourcesProvider
D/memalloc(  176): ion: Freeing buffer base:0x42690000 size:3768320 fd:38
D/memalloc(  176): ion: Unmapping buffer  base:0x42690000 size:3768320
I/ThemeManager( 1733): VerifyInstalledThemesThread took 29 ms.
D/libEGL  ( 1717): loaded /system/lib/egl/libEGL_adreno200.so
D/libEGL  ( 1717): loaded /system/lib/egl/libGLESv1_CM_adreno200.so
D/libEGL  ( 1717): loaded /system/lib/egl/libGLESv2_adreno200.so
I/Adreno200-EGLSUB( 1717): <ConfigWindowMatch:2078>: Format RGBA_8888.
D/memalloc(  176): ion: Allocated buffer base:0x42690000 size:3768320 fd:38
D/memalloc( 1717): ion: Mapped buffer base:0x5cf8c000 size:3768320 offset:0 fd:53
E/        ( 1717): Can't open file for reading
