D/memalloc( 1437): ion: Mapped buffer base:0x5e73a000 size:1884160 offset:0 fd:86
I/GLRootView( 1437): onSurfaceChanged: 720x1280, gl10: com.google.android.gles_jni.GLImpl@414d9638
I/GLRootView( 1437): layout content pane 720x1280 (compensation 0)
D/PhotoView( 1437): compensation = 0, CameraRelativeFrame = Rect(0, 0 - 720, 960), mCameraRect = Rect(0, 0 - 720, 960)
D/RPC     (  498): 3000008c:00050000 received CALL.
D/RPC     (  498): 3000008c:00050000 dispatching RPC call (XID 634, xdr 0x441868) for callback client 3100008c:00050001.
D/libloc  (  498): loc_eng_ioctl result: client = 0, ioctl_type = RPC_LOC_IOCTL_INJECT_PREDICTED_ORBITS_DATA, RPC_LOC_API_SUCCESS
D/libloc  (  498): loc_eng_deferred_action_thread. waiting for events
D/RPC     (  498): 3100008c:327681 sending RPC reply (XID 634)
D/dalvikvm( 1437): GC_FOR_ALLOC freed 2400K, 43% free 7066K/12288K, paused 39ms, total 43ms
D/memalloc(  176): ion: Allocated buffer base:0x43038000 size:3768320 fd:65
D/memalloc( 1437): ion: Mapped buffer base:0x5efcf000 size:3768320 offset:0 fd:89
I/Adreno200-EGLSUB(  176): <CreateImage:893>: Android Image
I/Adreno200-EGLSUB(  176): <GetImageAttributes:1102>: RGBA_8888
I/ActivityManager(  498): Displayed com.android.gallery3d/com.android.camera.CameraLauncher: +1s117ms
V/QualcommCameraHardware(  179): initREcord E
I/QualcommCameraHardware(  179): initRecord: mDimension.video_width = 640 mDimension.video_height = 480
V/QualcommCameraHardware(  179): mRecordFrameSize = 462848
V/QualcommCameraHardware(  179): initRecord:Done Record buffer(kRecordBufferCount =9)
E/QualcommCameraHardware(  179): Received following info for record mapped data:0x42cba000,handle:0x6be830, size:462848,release:0x40499c05
E/QualcommCameraHardware(  179): Registering buffer 0 with kernel (fd = 46 )
E/mm-camera(  179): camera_issue_command2: register_buffers error (Invalid argument), fd=29, cmd=1074031874
E/QualcommCameraHardware(  179): native_start_ops: type 11 error Invalid argument
E/QualcommCameraHardware(  179): Came back from register call to kernel
E/QualcommCameraHardware(  179): Received following info for record mapped data:0x42eba000,handle:0x6e5ad8, size:462848,release:0x40499c05
E/QualcommCameraHardware(  179): Registering buffer 1 with kernel (fd = 60 )
E/mm-camera(  179): camera_issue_command2: register_buffers error (Invalid argument), fd=29, cmd=1074031874
E/QualcommCameraHardware(  179): native_start_ops: type 11 error Invalid argument
E/QualcommCameraHardware(  179): Came back from register call to kernel
E/QualcommCameraHardware(  179): Received following info for record mapped data:0x42fe7000,handle:0x6be788, size:462848,release:0x40499c05
E/QualcommCameraHardware(  179): Registering buffer 2 with kernel (fd = 81 )
E/mm-camera(  179): camera_issue_command2: register_buffers error (Invalid argument), fd=29, cmd=1074031874
E/QualcommCameraHardware(  179): native_start_ops: type 11 error Invalid argument
E/QualcommCameraHardware(  179): Came back from register call to kernel
E/QualcommCameraHardware(  179): Received following info for record mapped data:0x4306e000,handle:0x6f1590, size:462848,release:0x40499c05
E/QualcommCameraHardware(  179): Registering buffer 3 with kernel (fd = 84 )
E/mm-camera(  179): camera_issue_command2: register_buffers error (Invalid argument), fd=29, cmd=1074031874
E/QualcommCameraHardware(  179): native_start_ops: type 11 error Invalid argument
E/QualcommCameraHardware(  179): Came back from register call to kernel
E/QualcommCameraHardware(  179): Received following info for record mapped data:0x43193000,handle:0x6e88c0, size:462848,release:0x40499c05
E/QualcommCameraHardware(  179): Registering buffer 4 with kernel (fd = 87 )
E/mm-camera(  179): camera_issue_command2: register_buffers error (Invalid argument), fd=29, cmd=1074031874
E/QualcommCameraHardware(  179): native_start_ops: type 11 error Invalid argument
E/QualcommCameraHardware(  179): Came back from register call to kernel
E/QualcommCameraHardware(  179): Received following info for record mapped data:0x43296000,handle:0x6f2240, size:462848,release:0x40499c05
E/QualcommCameraHardware(  179): Registering buffer 5 with kernel (fd = 90 )
E/mm-camera(  179): camera_issue_command2: register_buffers error (Invalid argument), fd=29, cmd=1074031874
E/QualcommCameraHardware(  179): native_start_ops: type 11 error Invalid argument
E/QualcommCameraHardware(  179): Came back from register call to kernel
E/QualcommCameraHardware(  179): Received following info for record mapped data:0x433cc000,handle:0x6e4fc0, size:462848,release:0x40499c05
E/QualcommCameraHardware(  179): Registering buffer 6 with kernel (fd = 93 )
E/mm-camera(  179): camera_issue_command2: register_buffers error (Invalid argument), fd=29, cmd=1074031874
E/QualcommCameraHardware(  179): native_start_ops: type 11 error Invalid argument
E/QualcommCameraHardware(  179): Came back from register call to kernel
E/QualcommCameraHardware(  179): Received following info for record mapped data:0x4351f000,handle:0x6e6d80, size:462848,release:0x40499c05
E/QualcommCameraHardware(  179): Registering buffer 7 with kernel (fd = 96 )
E/mm-camera(  179): camera_issue_command2: register_buffers error (Invalid argument), fd=29, cmd=1074031874
E/QualcommCameraHardware(  179): native_start_ops: type 11 error Invalid argument
E/QualcommCameraHardware(  179): Came back from register call to kernel
E/QualcommCameraHardware(  179): Received following info for record mapped data:0x4368c000,handle:0x6e6e70, size:462848,release:0x40499c05
E/QualcommCameraHardware(  179): Registering buffer 8 with kernel (fd = 99 )
E/mm-camera(  179): camera_issue_command2: register_buffers error (Invalid argument), fd=29, cmd=1074031874
E/QualcommCameraHardware(  179): native_start_ops: type 11 error Invalid argument
E/QualcommCameraHardware(  179): Came back from register call to kernel
V/QualcommCameraHardware(  179): initRecord:Done Record buffer
V/QualcommCameraHardware(  179): cam_frame_flush_video: in n = 0
V/QualcommCameraHardware(  179): cam_frame_flush_video: out n = 0
V/QualcommCameraHardware(  179): initREcord X
E/mm-camera(  179): Waiting for frame thread to start ! 
D/dalvikvm( 1437): GC_FOR_ALLOC freed 2144K, 35% free 10704K/16387K, paused 29ms, total 30ms
D/QualcommCameraHardware(  179): frame_thread E
V/QualcommCameraHardware(  179): runFrameThread E
E/mm-camera(  179): cam_set_vtmode : Enter with vtmode - (0)
E/mm-camera(  179): cam_set_vtCameraID : Enter with vtCameraID - (0)
E/mm-camera(  179): cam_set_vtOrientation : Enter with Orientation - (0)
E/mm-camera(  179): cam_set_vtDimension : Enter : width-(0), height-(0)
E/mm-camera(  179): Wait over, frame thread ready !!!! 
V/QualcommCameraHardware(  179): initPreview X: 1
E/QualcommCameraHardware(  179): Calling CAMERA_OPS_STREAMING_VIDEO
E/mm-camera(  179): vfe_reset_vfe: vfe_util_sendcmd:3(rc = 1) 
E/CAM_FD  (  179): Sensor Mode HFR off
E/mm-camera(  179): vfe_util_get_sensor_info: mode=3
E/CAM_FD  (  179): MSM_CAM_IOCTL_AXI_CONFIG failed!
I/QualcommCameraHardware(  179): preview_thread E
D/memalloc(  176): ion: Allocated buffer base:0x436fd000 size:1884160 fd:69
D/memalloc( 1437): ion: Mapped buffer base:0x5f497000 size:1884160 offset:0 fd:92
D/memalloc(  176): ion: Allocated buffer base:0x43e89000 size:1884160 fd:82
D/memalloc( 1437): ion: Mapped buffer base:0x5f673000 size:1884160 offset:0 fd:95
I/Adreno200-EGLSUB(  176): <CreateImage:893>: Android Image
I/Adreno200-EGLSUB(  176): <GetImageAttributes:1088>: RGB_565
I/Adreno200-EGLSUB(  176): <CreateImage:893>: Android Image
I/Adreno200-EGLSUB(  176): <GetImageAttributes:1088>: RGB_565
D/memalloc(  176): ion: Allocated buffer base:0x440fb000 size:3768320 fd:85
D/memalloc( 1437): ion: Mapped buffer base:0x5fa4f000 size:3768320 offset:0 fd:99
I/Adreno200-EGLSUB(  176): <CreateImage:893>: Android Image
I/Adreno200-EGLSUB(  176): <GetImageAttributes:1102>: RGBA_8888
D/memalloc(  176): ion: Allocated buffer base:0x448e2000 size:3768320 fd:88
D/memalloc( 1437): ion: Mapped buffer base:0x5fde7000 size:3768320 offset:0 fd:98
I/Adreno200-EGLSUB(  176): <CreateImage:893>: Android Image
I/Adreno200-EGLSUB(  176): <GetImageAttributes:1102>: RGBA_8888
D/memalloc(  176): ion: Allocated buffer base:0x433d0000 size:1884160 fd:91
D/memalloc(  498): ion: Unmapping buffer  base:0x5fc6e000 size:3768320
D/memalloc( 1437): ion: Mapped buffer base:0x6017f000 size:1884160 offset:0 fd:104
I/Adreno200-EGLSUB(  176): <CreateImage:893>: Android Image
I/Adreno200-EGLSUB(  176): <GetImageAttributes:1088>: RGB_565
D/memalloc(  176): ion: Freeing buffer base:0x42690000 size:3768320 fd:61
D/memalloc(  176): ion: Unmapping buffer  base:0x42690000 size:3768320
I/Adreno200-EGLSUB(  176): <CreateImage:893>: Android Image
I/Adreno200-EGLSUB(  176): <GetImageAttributes:1088>: RGB_565
D/dalvikvm( 1437): GC_FOR_ALLOC freed 684K, 31% free 13806K/19971K, paused 28ms, total 28ms
D/dalvikvm( 1437): GC_FOR_ALLOC freed 8K, 27% free 17403K/23619K, paused 21ms, total 21ms
D/AudioHardwareMSM8660(  179): AudioStreamOutMSM8x60::standby()
D/AudioHardwareMSM8660(  179): Deroute pcm stream
D/AudioHardwareMSM8660(  179): deleteFromTable stream 1
E/AudioHardwareMSM8660(  179): value of device and enable is 2 0 ALSA dev id:2
D/dalvikvm(  650): GC_CONCURRENT freed 1531K, 80% free 2526K/12288K, paused 11ms+3ms, total 49ms
E/mm-camera(  179): camera_issue_ctrl_cmd: error (Connection timed out): type 57, length 0, status 44568, fd=29, cmd=1074031876
E/QualcommCameraHardware(  179): native_start_ops: type 2 error Connection timed out
E/QualcommCameraHardware(  179): : Calling CAMERA_OPS_STREAMING_VIDEO 0
I/QualcommCameraHardware(  179): deinitPreview E
I/QualcommCameraHardware(  179): deinitPreview X
I/QualcommCameraHardware(  179): preview_thread X
V/QualcommCameraHardware(  179): relinquishBuffers: E 
E/QualcommCameraHardware(  179):  Cancelling preview buffers 51 
V/QualcommCameraHardware(  179): cam_frame_flush_video: in n = 0
V/QualcommCameraHardware(  179): cam_frame_flush_video: out n = 0
E/QualcommCameraHardware(  179): release preview buffers
E/QualcommCameraHardware(  179): startPreview X: native_start_ops: CAMERA_OPS_STREAMING_PREVIEW ioctl failed!
I/QualcommCameraHardware(  179):  getBuffersAndStartPreview (retVal:-2147483648) : X  
E/QualcommCameraHardware(  179):  Cancelling preview buffers 56 
V/QualcommCameraHardware(  179): startPreview X
E/QualcommCamera(  179): Qint android::start_preview(camera_device*): X
E/QualcommCamera(  179): Qvoid android::disable_msg_type(camera_device*, int32_t): E
E/QualcommCamera(  179): Qvoid android::disable_msg_type(camera_device*, int32_t): E
E/QualcommCamera(  179): Qvoid android::stop_preview(camera_device*): E
V/QualcommCameraHardware(  179): stopPreview: E
E/QualcommCameraHardware(  179): stopPreview:  Cancelling postview buffer 78 
E/QualcommCameraHardware(  179): stoppreview : display lock
E/QualcommCameraHardware(  179): release preview buffers
E/QualcommCameraHardware(  179):  Cancelling preview buffers 62 
E/QualcommCameraHardware(  179): release preview buffers
E/QualcommCameraHardware(  179):  Cancelling preview buffers 66 
E/QualcommCameraHardware(  179): release preview buffers
E/BufferQueue( 1437): [unnamed-1437-0] cancelBuffer: slot 4 is not owned by the client (state=0)
E/QualcommCameraHardware(  179): release preview buffers
E/BufferQueue( 1437): [unnamed-1437-0] cancelBuffer: slot 5 is not owned by the client (state=0)
E/QualcommCameraHardware(  179): release preview buffers
V/QualcommCameraHardware(  179): relinquishBuffers: X 
E/QualcommCameraHardware(  179): stopPreview : after cancelling thumbnail buffer
E/QualcommCameraHardware(  179): stoppreview : display unlock
I/QualcommCameraHardware(  179): stopPreviewInternal E: 0
E/QualcommCameraHardware(  179): stopPreviewInternal, mCameraRunning = 0
E/QualcommCameraHardware(  179): stopPreviewInternal, before calling deinitpre mPreviewInitialized = 0
I/QualcommCameraHardware(  179): stopPreviewInternal X: 0
V/QualcommCameraHardware(  179): stopPreview: X
E/QualcommCamera(  179): Qint android::cancel_picture(camera_device*): E
I/QualcommCameraHardware(  179): cancelPicture: E
I/QualcommCameraHardware(  179): cancelPicture: setting mSnapshotCancel to true
I/QualcommCameraHardware(  179): cancelPicture: X: 0
E/QualcommCamera(  179): Qvoid android::release(camera_device*): E
I/QualcommCameraHardware(  179): release E
I/QualcommCameraHardware(  179): release :err_cnt = 0
I/QualcommCameraHardware(  179): release: mCameraRunning = 0
V/QualcommCameraHardware(  179): deinitRaw E
E/QualcommCameraHardware(  179): deinitRaw , clearing/cancelling thumbnail buffers:
E/QualcommCameraHardware(  179): deinitraw : display lock
E/QualcommCameraHardware(  179): deinitRaw:  Cancelling postview buffer 78 
E/BufferQueue( 1437): [unnamed-1437-0] cancelBuffer: slot 6 is not owned by the client (state=0)
E/QualcommCameraHardware(  179): deinitraw : display unlock
V/QualcommCameraHardware(  179): deinitRaw , clearing raw memory and jpeg memory
V/QualcommCameraHardware(  179): deinitRaw X
V/QualcommCameraHardware(  179): deinitRawSnapshot E
E/QualcommCameraHardware(  179): deinitRawSnapshot , clearing/cancelling thumbnail buffers:
E/QualcommCameraHardware(  179): deinitRawSnapshot : display lock
E/QualcommCameraHardware(  179): deinitRawSnapshot:  Cancelling postview buffer 78 
E/BufferQueue( 1437): [unnamed-1437-0] cancelBuffer: slot 6 is not owned by the client (state=0)
E/QualcommCameraHardware(  179): deinitRawSnapshot : display unlock
E/QualcommCameraHardware(  179): deinitRawSnapshot , Unregister and de allocated memory for Raw Snapshot:
V/QualcommCameraHardware(  179): deinitRawSnapshot X 0
I/QualcommCameraHardware(  179): release: clearing resources done.
E/QualcommCameraHardware(  179): unregistering all preview buffers
V/QualcommCameraHardware(  179): release : Clearing the mThumbnailHeap and mDisplayHeap
I/QualcommCameraHardware(  179): runFrameThread: unregister 9 record buffers with camera driver
E/CAM_FD  (  179): cam_conf: CAMERA_EXIT
I/QualcommCameraHardware(  179): release X: mCameraRunning = 0, mFrameThreadRunning = 1
I/QualcommCameraHardware(  179): mVideoThreadRunning = 0, mSnapshotThreadRunning = 0, mJpegThreadRunning = 0
I/QualcommCameraHardware(  179): camframe_timeout_flag = 0, mAutoFocusThreadRunning = 0
V/QualcommCameraHardware(  179): release: waiting for old frame thread to complete.
V/QualcommCameraHardware(  179): runFrameThread X
V/QualcommCameraHardware(  179): release: old frame thread completed.
E/QualcommCamera(  179): Qint android::set_preview_window(camera_device*, preview_stream_ops*): E window = 0x0
E/QualcommCameraHardware(  179): : set_preview_window
V/QualcommCameraHardware(  179):  setPreviewWindow: E 
W/QualcommCameraHardware(  179):  Setting NULL preview window 
V/QualcommCameraHardware(  179):  setPreviewWindow : X 
E/QualcommCamera(  179): Qint android::set_preview_window(camera_device*, preview_stream_ops*): E window = 0x0
E/QualcommCameraHardware(  179): : set_preview_window
V/QualcommCameraHardware(  179):  setPreviewWindow: E 
W/QualcommCameraHardware(  179):  Setting NULL preview window 
V/QualcommCameraHardware(  179):  setPreviewWindow : X 
D/memalloc(  179): ion: Unmapping buffer  base:0x4237f000 size:462848
D/memalloc(  179): ion: Unmapping buffer  base:0x429cc000 size:462848
D/memalloc(  179): ion: Unmapping buffer  base:0x42dba000 size:462848
D/memalloc(  179): ion: Unmapping buffer  base:0x43342000 size:462848
D/memalloc(  179): ion: Unmapping buffer  base:0x4361b000 size:462848
D/memalloc(  179): ion: Unmapping buffer  base:0x4381f000 size:462848
D/memalloc(  179): ion: Unmapping buffer  base:0x43a20000 size:462848
D/memalloc( 1437): ion: Unmapping buffer  base:0x5d439000 size:462848
D/memalloc( 1437): ion: Unmapping buffer  base:0x5d4aa000 size:462848
D/memalloc( 1437): ion: Unmapping buffer  base:0x5d51b000 size:462848
D/memalloc( 1437): ion: Unmapping buffer  base:0x5d58c000 size:462848
D/memalloc( 1437): ion: Unmapping buffer  base:0x5d5fd000 size:462848
D/memalloc( 1437): ion: Unmapping buffer  base:0x5d66e000 size:462848
D/memalloc( 1437): ion: Unmapping buffer  base:0x5d6df000 size:462848
I/CameraService(  179): Destroying camera 0
D/QualcommCameraHardware(  179): frame_thread X
E/QualcommCamera(  179): Qint android::close_camera_device(hw_device_t*): device =0x6b5948 E
I/QualcommCamera(  179): void android::close_Hal_obj(camera_device*): E
I/QualcommCamera(  179): void android::close_Hal_obj(camera_device*): clear hw
I/QualcommCameraHardware(  179): ~QualcommCameraHardware E
V/QualcommCameraHardware(  179): ~MMCameraDL: E
E/mm-camera(  179): mm_camera_destroy: controlFd is valid 29 0
V/QualcommCameraHardware(  179): closed MM Camera DL 
V/QualcommCameraHardware(  179): ~MMCameraDL: X
I/QualcommCameraHardware(  179): ~QualcommCameraHardware X
I/QualcommCamera(  179): void android::close_Hal_obj(camera_device*): X
W/dalvikvm( 1437): threadid=13: thread exiting with uncaught exception (group=0x40a90300)
E/AndroidRuntime( 1437): FATAL EXCEPTION: Camera Handler Thread
E/AndroidRuntime( 1437): java.lang.RuntimeException: startPreview failed
E/AndroidRuntime( 1437): 	at android.hardware.Camera.startPreview(Native Method)
E/AndroidRuntime( 1437): 	at com.android.camera.CameraManager$CameraHandler.handleMessage(CameraManager.java:128)
E/AndroidRuntime( 1437): 	at android.os.Handler.dispatchMessage(Handler.java:99)
E/AndroidRuntime( 1437): 	at android.os.Looper.loop(Looper.java:137)
E/AndroidRuntime( 1437): 	at android.os.HandlerThread.run(HandlerThread.java:60)
W/AudioFlinger(  179): session id 13 not found for pid 179
W/AudioFlinger(  179): session id 14 not found for pid 179
W/OrientationEventListener( 1437): Cannot detect sensors. Invalid disable
D/memalloc( 1437): ion: Unmapping buffer  base:0x5e73a000 size:1884160
D/memalloc( 1437): ion: Unmapping buffer  base:0x5f497000 size:1884160
D/memalloc( 1437): ion: Unmapping buffer  base:0x5f673000 size:1884160
D/memalloc( 1437): ion: Unmapping buffer  base:0x6017f000 size:1884160
W/ActivityManager(  498):   Force finishing activity com.android.gallery3d/com.android.camera.CameraLauncher
W/WindowManager(  498): Failure taking screenshot for (328x583) to layer 21015
D/memalloc(  176): ion: Freeing buffer base:0x42dff000 size:1884160 fd:47
D/memalloc(  176): ion: Unmapping buffer  base:0x42dff000 size:1884160
D/memalloc(  176): ion: Freeing buffer base:0x436fd000 size:1884160 fd:69
D/memalloc(  176): ion: Unmapping buffer  base:0x436fd000 size:1884160
D/memalloc(  176): ion: Freeing buffer base:0x43e89000 size:1884160 fd:82
D/memalloc(  176): ion: Unmapping buffer  base:0x43e89000 size:1884160
D/dalvikvm(  498): GC_FOR_ALLOC freed 872K, 43% free 7005K/12288K, paused 43ms, total 47ms
D/dalvikvm(  498): GC_CONCURRENT freed 117K, 29% free 8725K/12288K, paused 22ms+15ms, total 80ms
D/dalvikvm(  498): WAIT_FOR_CONCURRENT_GC blocked 31ms
D/memalloc(  176): ion: Allocated buffer base:0x424b3000 size:544768 fd:47
D/memalloc(  498): ion: Mapped buffer base:0x5fa6e000 size:544768 offset:0 fd:237
I/Adreno200-EGLSUB(  176): <CreateImage:893>: Android Image
I/Adreno200-EGLSUB(  176): <GetImageAttributes:1102>: RGBA_8888
W/ActivityManager(  498): Activity pause timeout for ActivityRecord{40ee5ed0 com.android.gallery3d/com.android.camera.CameraLauncher}
I/Adreno200-EGLSUB(  718): <ConfigWindowMatch:2078>: Format RGBA_8888.
D/memalloc(  176): ion: Allocated buffer base:0x42690000 size:3768320 fd:63
D/memalloc(  718): ion: Mapped buffer base:0x5dc38000 size:3768320 offset:0 fd:48
D/memalloc(  176): ion: Allocated buffer base:0x436fd000 size:3768320 fd:70
D/memalloc(  718): ion: Mapped buffer base:0x5e706000 size:3768320 offset:0 fd:60
I/Adreno200-EGLSUB(  176): <CreateImage:893>: Android Image
I/Adreno200-EGLSUB(  176): <GetImageAttributes:1102>: RGBA_8888
D/memalloc(  176): ion: Allocated buffer base:0x42dc0000 size:544768 fd:83
D/memalloc(  498): ion: Mapped buffer base:0x5fcdc000 size:544768 offset:0 fd:262
I/Adreno200-EGLSUB(  176): <CreateImage:893>: Android Image
I/Adreno200-EGLSUB(  176): <GetImageAttributes:1102>: RGBA_8888
D/memalloc(  176): ion: Allocated buffer base:0x42e95000 size:544768 fd:95
D/memalloc(  498): ion: Mapped buffer base:0x5fd61000 size:544768 offset:0 fd:265
I/Adreno200-EGLSUB(  176): <CreateImage:893>: Android Image
I/Adreno200-EGLSUB(  176): <GetImageAttributes:1102>: RGBA_8888
I/Process ( 1437): Sending signal. PID: 1437 SIG: 9
E/AudioHardwareMSM8660(  179): write(): dec_id = 1 cur_rx = 2
E/AudioHardwareMSM8660(  179): cur_rx for pcm playback = 2
E/AudioHardwareMSM8660(  179): value of device and enable is 2 1 ALSA dev id:2
D/WifiHW  (  498): 'P2P_SERVICE_FLUSH' command timed out.
I/WindowState(  498): WIN DEATH: Window{40f77fd8 com.android.gallery3d/com.android.camera.CameraLauncher paused=false}
I/ActivityManager(  498): Process com.android.gallery3d (pid 1437) has died.
W/WindowManager(  498): Force-removing child win Window{40f4dfe8 SurfaceView paused=false} from container Window{40f77fd8 com.android.gallery3d/com.android.camera.CameraLauncher paused=false}
D/memalloc(  176): ion: Freeing buffer base:0x42a28000 size:3768320 fd:44
D/memalloc(  176): ion: Unmapping buffer  base:0x42a28000 size:3768320
D/memalloc(  176): ion: Freeing buffer base:0x43038000 size:3768320 fd:65
D/memalloc(  176): ion: Unmapping buffer  base:0x43038000 size:3768320
D/memalloc(  176): ion: Freeing buffer base:0x448e2000 size:3768320 fd:88
D/memalloc(  176): ion: Unmapping buffer  base:0x448e2000 size:3768320
W/WindowManager(  498): Failed looking up window
W/WindowManager(  498): java.lang.IllegalArgumentException: Requested window android.os.BinderProxy@40f4de28 does not exist
W/WindowManager(  498): 	at com.android.server.wm.WindowManagerService.windowForClientLocked(WindowManagerService.java:7675)
W/WindowManager(  498): 	at com.android.server.wm.WindowManagerService.windowForClientLocked(WindowManagerService.java:7666)
W/WindowManager(  498): 	at com.android.server.wm.WindowState$DeathRecipient.binderDied(WindowState.java:854)
W/WindowManager(  498): 	at android.os.BinderProxy.sendDeathNotice(Binder.java:449)
W/WindowManager(  498): 	at dalvik.system.NativeStart.run(Native Method)
I/WindowState(  498): WIN DEATH: null
D/ACDB-LOADER(  179): ACDB -> send_audio_cal, acdb_id = 2, path =  0
D/ACDB-LOADER(  179): ACDB -> send_adm_topology
D/ACDB-LOADER(  179): ACDB -> ACDB_CMD_GET_AUDPROC_COMMON_TOPOLOGY_ID
D/ACDB-LOADER(  179): ACDB -> send_audtable
D/ACDB-LOADER(  179): ACDB samplerate = 256
D/ACDB-LOADER(  179): ACDB -> ACDB_CMD_GET_AUDPROC_COMMON_TABLE
D/ACDB-LOADER(  179): ACDB -> AUDIO_SET_AUDPROC_CAL
D/ACDB-LOADER(  179): ACDB -> send_audvoltable
D/ACDB-LOADER(  179): ACDB -> ACDB_CMD_GET_AUDPROC_GAIN_DEP_VOLTBL_STEP_COPP
D/ACDB-LOADER(  179): ACDB -> AUDIO_SET_AUDPROC_VOL_CAL
D/memalloc(  176): ion: Freeing buffer base:0x433d0000 size:1884160 fd:91
D/memalloc(  176): ion: Unmapping buffer  base:0x433d0000 size:1884160
D/memalloc(  176): ion: Freeing buffer base:0x440fb000 size:3768320 fd:85
D/memalloc(  176): ion: Unmapping buffer  base:0x440fb000 size:3768320
D/AudioHardwareMSM8660(  179): addToTable stream 1
D/memalloc(  498): ion: Unmapping buffer  base:0x5fa6e000 size:544768
D/memalloc(  498): ion: Unmapping buffer  base:0x5fd61000 size:544768
D/memalloc(  176): ion: Freeing buffer base:0x424b3000 size:544768 fd:47
D/memalloc(  176): ion: Unmapping buffer  base:0x424b3000 size:544768
D/memalloc(  176): ion: Freeing buffer base:0x42e95000 size:544768 fd:95
D/memalloc(  176): ion: Unmapping buffer  base:0x42e95000 size:544768
D/memalloc(  498): ion: Unmapping buffer  base:0x5fcdc000 size:544768
D/memalloc(  176): ion: Freeing buffer base:0x42dc0000 size:544768 fd:83
D/memalloc(  176): ion: Unmapping buffer  base:0x42dc0000 size:544768
D/memalloc(  176): ion: Allocated buffer base:0x42a28000 size:3768320 fd:38
D/memalloc(  718): ion: Mapped buffer base:0x608b6000 size:3768320 offset:0 fd:65
I/Adreno200-EGLSUB(  176): <CreateImage:893>: Android Image
I/Adreno200-EGLSUB(  176): <GetImageAttributes:1102>: RGBA_8888
D/AlarmManagerService(  498): Kernel timezone updated to -480 minutes west of GMT
D/memalloc(  176): ion: Allocated buffer base:0x42eaa000 size:3768320 fd:46
D/memalloc(  718): ion: Mapped buffer base:0x5fbd2000 size:3768320 offset:0 fd:68
I/ActivityManager(  498): START {act=android.intent.action.MAIN cat=[android.intent.category.LAUNCHER] flg=0x10200000 cmp=com.android.gallery3d/.app.Gallery u=0} from pid 718
I/Adreno200-EGLSUB(  176): <CreateImage:893>: Android Image
I/Adreno200-EGLSUB(  176): <GetImageAttributes:1102>: RGBA_8888
D/dalvikvm(  498): GC_FOR_ALLOC freed 1101K, 36% free 7870K/12288K, paused 52ms, total 55ms
D/memalloc(  176): ion: Allocated buffer base:0x43242000 size:3768320 fd:62
D/memalloc(  498): ion: Mapped buffer base:0x5fcdc000 size:3768320 offset:0 fd:207
I/ActivityManager(  498): Start proc com.android.gallery3d for activity com.android.gallery3d/.app.Gallery: pid=1512 uid=10018 gids={1006, 3003, 1015, 1028}
I/Adreno200-EGLSUB(  176): <CreateImage:893>: Android Image
I/Adreno200-EGLSUB(  176): <GetImageAttributes:1102>: RGBA_8888
D/ActivityThread( 1512): setTargetHeapUtilization:0.25
D/ActivityThread( 1512): setTargetHeapIdealFree:8388608
D/ActivityThread( 1512): setTargetHeapConcurrentStart:2097152
I/ActivityThread( 1512): Pub com.android.gallery3d.provider: com.android.gallery3d.provider.GalleryProvider
V/StateManager( 1512): startState class com.android.gallery3d.app.AlbumSetPage
D/Gallery.MultiSetSync( 1512): onSyncDone: ****** #pending=2
D/Gallery.MultiSetSync( 1512):   request sync: ******
D/Gallery.MultiSetSync( 1512): onSyncDone: **** #pending=1
D/Gallery.MultiSetSync( 1512):   request sync: ****
D/Gallery.MultiSetSync( 1512): onSyncDone: ****** #pending=0
D/Gallery.MultiSetSync( 1512):   request sync: ******
W/OrientationEventListener( 1512): Cannot detect sensors. Not enabled
V/DebugLoadingTime( 1512): start quering media provider
V/MtpDeviceSet( 1512): loadDevices: [], size=0
D/memalloc(  718): ion: Unmapping buffer  base:0x5dc38000 size:3768320
D/memalloc(  718): ion: Unmapping buffer  base:0x5e706000 size:3768320
D/memalloc(  718): ion: Unmapping buffer  base:0x608b6000 size:3768320
D/memalloc(  718): ion: Unmapping buffer  base:0x5fbd2000 size:3768320
D/memalloc(  176): ion: Freeing buffer base:0x42eaa000 size:3768320 fd:46
D/memalloc(  176): ion: Unmapping buffer  base:0x42eaa000 size:3768320
D/memalloc(  176): ion: Freeing buffer base:0x42690000 size:3768320 fd:63
D/memalloc(  176): ion: Unmapping buffer  base:0x42690000 size:3768320
D/memalloc(  176): ion: Freeing buffer base:0x436fd000 size:3768320 fd:70
D/memalloc(  176): ion: Unmapping buffer  base:0x436fd000 size:3768320
D/libEGL  ( 1512): loaded /system/lib/egl/libEGL_adreno200.so
D/libEGL  ( 1512): loaded /system/lib/egl/libGLESv1_CM_adreno200.so
D/libEGL  ( 1512): loaded /system/lib/egl/libGLESv2_adreno200.so
I/Adreno200-EGLSUB( 1512): <ConfigWindowMatch:2078>: Format RGBA_8888.
D/memalloc(  176): ion: Allocated buffer base:0x42690000 size:3768320 fd:46
D/memalloc( 1512): ion: Mapped buffer base:0x5d3da000 size:3768320 offset:0 fd:51
E/        ( 1512): Can't open file for reading
E/        ( 1512): Can't open file for reading
D/OpenGLRenderer( 1512): Enabling debug mode 0
I/GalleryEGLConfigChooser( 1512): Config chosen: R5 G6 B5 A0 D24 S8 ID3 CAVEAT12344 
I/Adreno200-EGLSUB( 1512): <ConfigWindowMatch:2101>: Format RGB_565.
D/memalloc(  176): ion: Allocated buffer base:0x42dc0000 size:1839104 fd:63
D/memalloc( 1512): ion: Mapped buffer base:0x5dcf6000 size:1839104 offset:0 fd:55
D/memalloc(  176): ion: Freeing buffer base:0x42a28000 size:3768320 fd:38
D/memalloc(  176): ion: Unmapping buffer  base:0x42a28000 size:3768320
I/GLRootView( 1512): onSurfaceChanged: 720x1230, gl10: com.google.android.gles_jni.GLImpl@40f5b7f0
I/GLRootView( 1512): layout content pane 720x1230 (compensation 0)
D/memalloc(  176): ion: Allocated buffer base:0x42a28000 size:1839104 fd:38
D/memalloc( 1512): ion: Mapped buffer base:0x5e40e000 size:1839104 offset:0 fd:58
D/memalloc(  176): ion: Allocated buffer base:0x42f81000 size:1839104 fd:69
I/Adreno200-EGLSUB(  176): <CreateImage:893>: Android Image
I/Adreno200-EGLSUB(  176): <GetImageAttributes:1088>: RGB_565
D/memalloc( 1512): ion: Mapped buffer base:0x5e620000 size:1839104 offset:0 fd:61
D/memalloc(  176): ion: Allocated buffer base:0x436fd000 size:3768320 fd:82
D/memalloc( 1512): ion: Mapped buffer base:0x5e845000 size:3768320 offset:0 fd:64
I/Adreno200-EGLSUB(  176): <CreateImage:893>: Android Image
I/Adreno200-EGLSUB(  176): <GetImageAttributes:1088>: RGB_565
I/Adreno200-EGLSUB(  176): <CreateImage:893>: Android Image
I/Adreno200-EGLSUB(  176): <GetImageAttributes:1102>: RGBA_8888
I/ActivityManager(  498): Displayed com.android.gallery3d/.app.Gallery: +477ms
D/memalloc(  176): ion: Allocated buffer base:0x43e89000 size:3768320 fd:86
D/memalloc( 1512): ion: Mapped buffer base:0x5ede1000 size:3768320 offset:0 fd:67
V/DebugLoadingTime( 1512): finish reload - 28
I/Adreno200-EGLSUB(  176): <CreateImage:893>: Android Image
I/Adreno200-EGLSUB(  176): <GetImageAttributes:1102>: RGBA_8888
V/MtpDeviceSet( 1512): loadDevices: [], size=0
D/memalloc(  498): ion: Unmapping buffer  base:0x5fcdc000 size:3768320
D/memalloc(  176): ion: Freeing buffer base:0x43242000 size:3768320 fd:62
D/memalloc(  176): ion: Unmapping buffer  base:0x43242000 size:3768320
V/DebugLoadingTime( 1512): got 31 buckets
D/memalloc(  176): ion: Allocated buffer base:0x42be9000 size:1839104 fd:62
D/memalloc( 1512): ion: Mapped buffer base:0x5f27d000 size:1839104 offset:0 fd:70
I/Adreno200-EGLSUB(  176): <CreateImage:893>: Android Image
I/Adreno200-EGLSUB(  176): <GetImageAttributes:1088>: RGB_565
I/Adreno200-EGLSUB(  176): <CreateImage:893>: Android Image
I/Adreno200-EGLSUB(  176): <GetImageAttributes:1088>: RGB_565
D/dalvikvm(  650): WAIT_FOR_CONCURRENT_GC blocked 0ms
D/dalvikvm(  650): GC_EXPLICIT freed 1299K, 80% free 2533K/12288K, paused 2ms+2ms, total 33ms
D/dalvikvm(  498): WAIT_FOR_CONCURRENT_GC blocked 0ms
D/dalvikvm(  498): GC_EXPLICIT freed 126K, 33% free 8279K/12288K, paused 3ms+5ms, total 76ms
E/MetadataRetrieverClient(  179): offset (0) bigger than file size (0)
D/dalvikvm(  650): WAIT_FOR_CONCURRENT_GC blocked 0ms
E/BitmapUtils( 1512): createVideoThumbnail
E/BitmapUtils( 1512): java.lang.reflect.InvocationTargetException
E/BitmapUtils( 1512): 	at java.lang.reflect.Method.invokeNative(Native Method)
E/BitmapUtils( 1512): 	at java.lang.reflect.Method.invoke(Method.java:511)
E/BitmapUtils( 1512): 	at com.android.gallery3d.common.BitmapUtils.createVideoThumbnail(BitmapUtils.java:200)
E/BitmapUtils( 1512): 	at com.android.gallery3d.data.LocalVideo$LocalVideoRequest.onDecodeOriginal(LocalVideo.java:167)
E/BitmapUtils( 1512): 	at com.android.gallery3d.data.ImageCacheRequest.run(ImageCacheRequest.java:74)
E/BitmapUtils( 1512): 	at com.android.gallery3d.data.LocalVideo$LocalVideoRequest.run(LocalVideo.java:156)
E/BitmapUtils( 1512): 	at com.android.gallery3d.data.ImageCacheRequest.run(ImageCacheRequest.java:28)
E/BitmapUtils( 1512): 	at com.android.gallery3d.util.ThreadPool$Worker.run(ThreadPool.java:124)
E/BitmapUtils( 1512): 	at java.util.concurrent.ThreadPoolExecutor.runWorker(ThreadPoolExecutor.java:1076)
E/BitmapUtils( 1512): 	at java.util.concurrent.ThreadPoolExecutor$Worker.run(ThreadPoolExecutor.java:569)
E/BitmapUtils( 1512): 	at java.lang.Thread.run(Thread.java:856)
E/BitmapUtils( 1512): 	at com.android.gallery3d.util.PriorityThreadFactory$1.run(PriorityThreadFactory.java:43)
E/BitmapUtils( 1512): Caused by: java.lang.RuntimeException: setDataSource failed: status = 0xFFFFFFEA
E/BitmapUtils( 1512): 	at android.media.MediaMetadataRetriever.setDataSource(Native Method)
E/BitmapUtils( 1512): 	at android.media.MediaMetadataRetriever.setDataSource(MediaMetadataRetriever.java:66)
E/BitmapUtils( 1512): 	... 12 more
W/ImageCacheRequest( 1512): decode orig failed /local/video/item/28567,MICROTHUMB
D/dalvikvm(  650): GC_EXPLICIT freed 319K, 79% free 2602K/12288K, paused 3ms+3ms, total 27ms
D/dalvikvm( 1512): WAIT_FOR_CONCURRENT_GC blocked 0ms
D/dalvikvm( 1512): GC_EXPLICIT freed 673K, 36% free 7875K/12288K, paused 3ms+4ms, total 45ms
W/WVMExtractor(  179): Failed to open libwvm.so
W/QComExtractorFactory(  179): Didn't match the sniff <=== status = 5 
W/QComExtractorFactory(  179): Didn't match the sniff <=== status = 1 
W/QComExtractorFactory(  179): Didn't match the sniff <=== status = 1 
W/QComExtractorFactory(  179): Didn't match the sniff <=== status = 1 
E/MM_OSAL (  179): FileSourceHelper::ValidateAACFile failed
W/QComExtractorFactory(  179): Didn't match the sniff <=== status = 1 
D/AudioHardwareMSM8660(  179): AudioStreamOutMSM8x60::standby()
D/AudioHardwareMSM8660(  179): Deroute pcm stream
D/AudioHardwareMSM8660(  179): deleteFromTable stream 1
E/AudioHardwareMSM8660(  179): value of device and enable is 2 0 ALSA dev id:2
I/SampleTable(  179): There are reordered frames present.
V/StateManager( 1512): no more state, finish activity
V/StateManager( 1512): finishState com.android.gallery3d.app.AlbumSetPage@40f026c8
W/OrientationEventListener( 1512): Cannot detect sensors. Invalid disable
D/dalvikvm(  650): WAIT_FOR_CONCURRENT_GC blocked 0ms
D/memalloc( 1512): ion: Unmapping buffer  base:0x5dcf6000 size:1839104
D/memalloc( 1512): ion: Unmapping buffer  base:0x5e40e000 size:1839104
D/memalloc( 1512): ion: Unmapping buffer  base:0x5e620000 size:1839104
D/memalloc( 1512): ion: Unmapping buffer  base:0x5f27d000 size:1839104
D/memalloc(  176): ion: Freeing buffer base:0x42a28000 size:1839104 fd:38
D/memalloc(  176): ion: Unmapping buffer  base:0x42a28000 size:1839104
D/memalloc(  176): ion: Freeing buffer base:0x42f81000 size:1839104 fd:69
D/memalloc(  176): ion: Unmapping buffer  base:0x42f81000 size:1839104
D/memalloc(  176): ion: Freeing buffer base:0x42be9000 size:1839104 fd:62
D/memalloc(  176): ion: Unmapping buffer  base:0x42be9000 size:1839104
I/Adreno200-EGLSUB(  718): <ConfigWindowMatch:2078>: Format RGBA_8888.
D/memalloc(  176): ion: Allocated buffer base:0x42a28000 size:3768320 fd:38
D/memalloc(  718): ion: Mapped buffer base:0x5dc38000 size:3768320 offset:0 fd:48
D/dalvikvm(  650): GC_EXPLICIT freed 463K, 79% free 2611K/12288K, paused 2ms+6ms, total 94ms
D/memalloc(  176): ion: Allocated buffer base:0x42f81000 size:3768320 fd:62
D/memalloc(  718): ion: Mapped buffer base:0x5e22e000 size:3768320 offset:0 fd:60
I/Adreno200-EGLSUB(  176): <CreateImage:893>: Android Image
I/Adreno200-EGLSUB(  176): <GetImageAttributes:1102>: RGBA_8888
D/memalloc( 1512): ion: Unmapping buffer  base:0x5d3da000 size:3768320
D/memalloc( 1512): ion: Unmapping buffer  base:0x5e845000 size:3768320
D/memalloc( 1512): ion: Unmapping buffer  base:0x5ede1000 size:3768320
D/memalloc(  176): ion: Freeing buffer base:0x43e89000 size:3768320 fd:86
D/memalloc(  176): ion: Unmapping buffer  base:0x43e89000 size:3768320
D/memalloc(  176): ion: Freeing buffer base:0x42690000 size:3768320 fd:46
D/memalloc(  176): ion: Unmapping buffer  base:0x42690000 size:3768320
D/dalvikvm(  718): WAIT_FOR_CONCURRENT_GC blocked 0ms
D/dalvikvm(  718): GC_EXPLICIT freed 1171K, 46% free 10155K/18627K, paused 2ms+5ms, total 40ms
D/memalloc(  176): ion: Allocated buffer base:0x42690000 size:3768320 fd:46
D/memalloc(  718): ion: Mapped buffer base:0x609e2000 size:3768320 offset:0 fd:50
D/memalloc(  176): ion: Allocated buffer base:0x43e89000 size:3768320 fd:69
D/memalloc(  718): ion: Mapped buffer base:0x60d7a000 size:3768320 offset:0 fd:67
I/Adreno200-EGLSUB(  176): <CreateImage:893>: Android Image
I/Adreno200-EGLSUB(  176): <GetImageAttributes:1102>: RGBA_8888
I/Adreno200-EGLSUB(  176): <CreateImage:893>: Android Image
I/Adreno200-EGLSUB(  176): <GetImageAttributes:1102>: RGBA_8888
I/Adreno200-EGLSUB(  176): <CreateImage:893>: Android Image
I/Adreno200-EGLSUB(  176): <GetImageAttributes:1102>: RGBA_8888
V/StateManager( 1512): destroy
D/memalloc(  176): ion: Freeing buffer base:0x42dc0000 size:1839104 fd:63
D/memalloc(  176): ion: Unmapping buffer  base:0x42dc0000 size:1839104
D/memalloc(  176): ion: Freeing buffer base:0x436fd000 size:3768320 fd:82
D/memalloc(  176): ion: Unmapping buffer  base:0x436fd000 size:3768320
E/MetadataRetrieverClient(  179): failed to extract an album art
E/MediaMetadataRetrieverJNI( 1512): getEmbeddedPicture: Call to getEmbeddedPicture failed.
I/OMXCodec(  179): [OMX.google.h264.decoder] Non-Interlaced format detected
I/OMXCodec(  179): [OMX.google.h264.decoder] AVC profile = 77 (Main), level = 40
I/OMXCodec(  179): [OMX.google.h264.decoder] Enable frame by frame mode
W/OMXCodec(  179): Failed to set frame packing format on component
I/OMXCodec(  179): [OMX.google.h264.decoder] video dimensions are 320 x 240
I/OMXCodec(  179): [OMX.google.h264.decoder] Crop rect is 320 x 240 @ (0, 0)
E/SoftAVC (  179): Decoder failed: -2
E/OMXCodec(  179): [OMX.google.h264.decoder] ERROR(0x80001001, -1007)
E/OMX-VDEC-1080P(  179): In OMX vdec Constructor
E/OMX-VDEC-1080P(  179): vidc.dec.debug.ts value is 0
E/OMX-VDEC-1080P(  179): vidc.dec.debug.concealedmb value is 0
E/OMX-VDEC-1080P(  179): vidc.dec.debug.extradata value is 0
E/OMX-VDEC-1080P(  179): omx_vdec::component_init(): Start of New Playback : role  = OMX.qcom.video.decoder.avc : DEVICE = /dev/msm_vidc_dec
E/OMX-VDEC-1080P(  179): omx_vdec::component_init(): Open returned fd 21, errno 22
E/OMX-VDEC-1080P(  179): omx_vdec::component_init() success
I/OMXCodec(  179): [OMX.qcom.video.decoder.avc] Non-Interlaced format detected
I/OMXCodec(  179): [OMX.qcom.video.decoder.avc] AVC profile = 77 (Main), level = 40
E/OMX-VDEC-1080P(  179): set_parameter: OMX_QcomIndexParamVideoSyncFrameDecodingMode
E/OMX-VDEC-1080P(  179): set idr only decoding for thumbnail mode
E/OMX-VDEC-1080P(  179): Get_parameter: OMX_IndexParamVideoPortFormat: nPortIndex (0), nIndex (0), eCompressionFormat (0x7), eColorFormat (0x0), xFramerate (0x40153817)
E/OMX-VDEC-1080P(  179): Set_parameter: OMX_IndexParamVideoPortFormat: nPortIndex (0), nIndex (0), eCompressionFormat (0x7), eColorFormat (0x0), xFramerate (0x40153817)
E/OMX-VDEC-1080P(  179): Get_parameter: OMX_IndexParamVideoPortFormat: nPortIndex (1), nIndex (0), eCompressionFormat (0x0), eColorFormat (0x7fa30c03), xFramerate (0x40583acf)
E/OMX-VDEC-1080P(  179): Set_parameter: OMX_IndexParamVideoPortFormat: nPortIndex (1), nIndex (0), eCompressionFormat (0x0), eColorFormat (0x7fa30c03), xFramerate (0x40583acf)
E/OMX-VDEC-1080P(  179): Get_parameter: OMX_IndexParamPortDefinition: nPortIndex (0), nFrameWidth (1920), nFrameHeight (1088), nStride (1920), nSliceHeight (1088), nBitrate (1117567360), xFramerate (0x1e), nBufferSize (2097088), nBufferCountMin (1), nBufferCountActual (2), bBuffersContiguous (1078484583), nBufferAlignment (0), bEnabled (1), bPopulated (0), eCompressionFormat (0x7), eColorFormat (0x0)
E/OMX-VDEC-1080P(  179): Set_parameter: OMX_IndexParamPortDefinition: nPortIndex (0), nFrameWidth (1280), nFrameHeight (544), nStride (1920), nSliceHeight (1088), nBitrate (1117567360), xFramerate (0x1e), nBufferSize (2097088), nBufferCountMin (1), nBufferCountActual (2), bBuffersContiguous (1078484583), nBufferAlignment (0), bEnabled (1), bPopulated (0), eCompressionFormat (0x7), eColorFormat (0x0)
E/OMX-VDEC-1080P(  179): Get_parameter: OMX_IndexParamPortDefinition: nPortIndex (1), nFrameWidth (1280), nFrameHeight (544), nStride (1280), nSliceHeight (544), nBitrate (1117567360), xFramerate (0x1e), nBufferSize (1064960), nBufferCountMin (1), nBufferCountActual (1), bBuffersContiguous (1078484583), nBufferAlignment (0), bEnabled (1), bPopulated (0), eCompressionFormat (0x0), eColorFormat (0x7fa30c03)
E/OMX-VDEC-1080P(  179): Set_parameter: OMX_IndexParamPortDefinition: nPortIndex (1), nFrameWidth (1280), nFrameHeight (544), nStride (1280), nSliceHeight (544), nBitrate (1117567360), xFramerate (0x1e), nBufferSize (1064960), nBufferCountMin (1), nBufferCountActual (1), bBuffersContiguous (1078484583), nBufferAlignment (0), bEnabled (1), bPopulated (0), eCompressionFormat (0x0), eColorFormat (0x7fa30c03)
I/OMXCodec(  179): [OMX.qcom.video.decoder.avc] Enable frame by frame mode
E/OMX-VDEC-1080P(  179): setparameter: arbitrary_bytes disabled
E/OMX-VDEC-1080P(  179): Get_parameter: OMX_IndexParamPortDefinition: nPortIndex (0), nFrameWidth (1280), nFrameHeight (544), nStride (1280), nSliceHeight (544), nBitrate (1768829746), xFramerate (0x1e), nBufferSize (2097088), nBufferCountMin (1), nBufferCountActual (2), bBuffersContiguous (1), nBufferAlignment (1082426559), bEnabled (1), bPopulated (0), eCompressionFormat (0x7), eColorFormat (0x0)
E/OMX-VDEC-1080P(  179): Set_parameter: OMX_IndexParamPortDefinition: nPortIndex (0), nFrameWidth (1280), nFrameHeight (544), nStride (1280), nSliceHeight (544), nBitrate (1768829746), xFramerate (0x1e), nBufferSize (2097088), nBufferCountMin (1), nBufferCountActual (2), bBuffersContiguous (1), nBufferAlignment (1082426559), bEnabled (1), bPopulated (0), eCompressionFormat (0x7), eColorFormat (0x0)
E/OMX-VDEC-1080P(  179): Get_parameter: OMX_IndexParamPortDefinition: nPortIndex (0), nFrameWidth (1280), nFrameHeight (544), nStride (1280), nSliceHeight (544), nBitrate (1768829746), xFramerate (0x1e), nBufferSize (2097088), nBufferCountMin (1), nBufferCountActual (2), bBuffersContiguous (1), nBufferAlignment (1082426559), bEnabled (1), bPopulated (0), eCompressionFormat (0x7), eColorFormat (0x0)
E/OMX-VDEC-1080P(  179): Get_parameter: OMX_IndexParamPortDefinition: nPortIndex (1), nFrameWidth (1280), nFrameHeight (544), nStride (1280), nSliceHeight (544), nBitrate (1078484583), xFramerate (0x1e), nBufferSize (1064960), nBufferCountMin (1), nBufferCountActual (1), bBuffersContiguous (1078484583), nBufferAlignment (0), bEnabled (1), bPopulated (0), eCompressionFormat (0x0), eColorFormat (0x7fa30c03)
E/OMX-VDEC-1080P(  179): get_config: unknown param 117440527
I/OMXCodec(  179): [OMX.qcom.video.decoder.avc] video dimensions are 1280 x 544
E/OMX-VDEC-1080P(  179): send_command: Recieved a Command from Client
E/OMX-VDEC-1080P(  179): omx_vdec: Async thread start
E/OMX-VDEC-1080P(  179): omx_vdec: message thread start
E/OMX-VDEC-1080P(  179): send_command_proxy(): cmd = 0, Current State 1, Expected State 2
E/OMX-VDEC-1080P(  179): send_command_proxy(): OMX_CommandStateSet issued
E/OMX-VDEC-1080P(  179): Current State 1, Expected State 2
E/OMX-VDEC-1080P(  179): send_command: Command Processed
E/OMX-VDEC-1080P(  179): Get_parameter: OMX_IndexParamPortDefinition: nPortIndex (0), nFrameWidth (1280), nFrameHeight (544), nStride (1280), nSliceHeight (544), nBitrate (0), xFramerate (0x1e), nBufferSize (2097088), nBufferCountMin (1), nBufferCountActual (2), bBuffersContiguous (0), nBufferAlignment (2), bEnabled (1), bPopulated (0), eCompressionFormat (0x7), eColorFormat (0x0)
E/OMX-VDEC-1080P(  179): Allocate i/p buffer Header: Cnt(2) Sz(2097152)
E/OMX-VDEC-1080P(  179): ION: alloc_data: handle(0xD95B1700), len(2097152), align(8192), flags(0x2000100), fd_data: handle(0xd95b1700), fd(0x22)
E/OMX-VDEC-1080P(  179): ION: alloc_data: handle(0xD7D1FB80), len(2097152), align(8192), flags(0x2000100), fd_data: handle(0xd7d1fb80), fd(0x24)
E/OMX-VDEC-1080P(  179): Allocate done for all i/p buffers
E/OMX-VDEC-1080P(  179): Get_parameter: OMX_IndexParamPortDefinition: nPortIndex (1), nFrameWidth (1280), nFrameHeight (544), nStride (1280), nSliceHeight (544), nBitrate (0), xFramerate (0x1e), nBufferSize (1064960), nBufferCountMin (1), nBufferCountActual (1), bBuffersContiguous (1117567612), nBufferAlignment (7036248), bEnabled (1), bPopulated (0), eCompressionFormat (0x0), eColorFormat (0x7fa30c03)
E/OMX-VDEC-1080P(  179): Allocate o/p buffer Header: Cnt(1) Sz(1064960)
E/OMX-VDEC-1080P(  179): GET_MV_BUFFER_SIZE returned: Size: 204800 and alignment: 8192
E/OMX-VDEC-1080P(  179): ION: alloc_data: handle(0xD99EFC40), len(204800), align(8192), flags(0x2000100), fd_data: handle(0xd99efc40), fd(0x29)
E/OMX-VDEC-1080P(  179): ION: alloc_data: handle(0xD99A7E00), len(1064960), align(8192), flags(0x2000100), fd_data: handle(0xd99a7e00), fd(0x2b)
E/OMX-VDEC-1080P(  179): Allocate done for all i/p buffers
E/OMX-VDEC-1080P(  179): Allocate done for all o/p buffers
E/OMX-VDEC-1080P(  179): OMX_CommandStateSet complete, m_state = 2
E/OMX-VDEC-1080P(  179): send_command: Recieved a Command from Client
E/OMX-VDEC-1080P(  179): send_command_proxy(): cmd = 0, Current State 2, Expected State 3
E/OMX-VDEC-1080P(  179): send_command_proxy(): OMX_CommandStateSet issued
E/OMX-VDEC-1080P(  179): Current State 2, Expected State 3
E/OMX-VDEC-1080P(  179): send_command_proxy(): Idle-->Executing
E/OMX-VDEC-1080P(  179): send_command: Command Processed
E/OMX-VDEC-1080P(  179): Rxd OMX_COMPONENT_GENERATE_START_DONE
E/OMX-VDEC-1080P(  179): Get_parameter: OMX_IndexParamPortDefinition: nPortIndex (0), nFrameWidth (1280), nFrameHeight (544), nStride (1280), nSliceHeight (544), nBitrate (0), xFramerate (0x1e), nBufferSize (2097088), nBufferCountMin (1), nBufferCountActual (2), bBuffersContiguous (0), nBufferAlignment (0), bEnabled (1), bPopulated (1), eCompressionFormat (0x7), eColorFormat (0x0)
E/OMX-VDEC-1080P(  179): Rxd i/p EOS, Notify Driver that EOS has been reached
E/        (  179): 
E/        (  179):  not in avi mode
E/OMX-VDEC-1080P(  179): Output EOS has been reached
E/OMX-VDEC-1080P(  179): Rxd OMX_COMPONENT_GENERATE_EOS_DONE
E/ColorConverter(  179): dlopen for libmm-color-convertor failed with errno 2
E/OMX-VDEC-1080P(  179): send_command: Recieved a Command from Client
E/OMX-VDEC-1080P(  179): send_command_proxy(): cmd = 0, Current State 3, Expected State 2
E/OMX-VDEC-1080P(  179): send_command_proxy(): OMX_CommandStateSet issued
E/OMX-VDEC-1080P(  179): Current State 3, Expected State 2
E/OMX-VDEC-1080P(  179): Command Recieved in OMX_StateExecuting
E/OMX-VDEC-1080P(  179): send_command_proxy(): Executing --> Idle
E/OMX-VDEC-1080P(  179): send_command: Command Processed
E/OMX-VDEC-1080P(  179): Driver flush i/p Port complete
E/OMX-VDEC-1080P(  179): Initiate Input Flush
E/OMX-VDEC-1080P(  179): OMX flush i/p Port complete PenBuf(0)
E/OMX-VDEC-1080P(  179): Driver flush o/p Port complete
E/OMX-VDEC-1080P(  179): Initiate Output Flush
E/OMX-VDEC-1080P(  179): OMX flush o/p Port complete PenBuf(0)
E/OMX-VDEC-1080P(  179): Rxd OMX_COMPONENT_GENERATE_STOP_DONE
E/OMX-VDEC-1080P(  179): send_command: Recieved a Command from Client
E/OMX-VDEC-1080P(  179): send_command_proxy(): cmd = 0, Current State 2, Expected State 1
E/OMX-VDEC-1080P(  179): send_command_proxy(): OMX_CommandStateSet issued
E/OMX-VDEC-1080P(  179): Current State 2, Expected State 1
E/OMX-VDEC-1080P(  179): send_command_proxy(): Idle-->Loaded-Pending
E/OMX-VDEC-1080P(  179): send_command: Command Processed
E/OMX-VDEC-1080P(  179): ION: free: handle(0xD7D1FB80), len(2097152), fd(0x24)
E/OMX-VDEC-1080P(  179): ION: free: handle(0xD95B1700), len(2097152), fd(0x22)
E/OMX-VDEC-1080P(  179): ALL input buffers are freed/released
E/OMX-VDEC-1080P(  179): ION: free: handle(0xD99A7E00), len(1064960), fd(0x2b)
E/OMX-VDEC-1080P(  179): ION: free: handle(0xD99EFC40), len(204800), fd(0x29)
E/OMX-VDEC-1080P(  179): ALL output buffers are freed/released
E/OMX-VDEC-1080P(  179): OMX_CommandStateSet complete, m_state = 1
E/StagefrightMetadataRetriever(  179): Colorconverter failed to convert frame.
E/OMX-VDEC-1080P(  179): Playback Ended - PASSED
E/OMX-VDEC-1080P(  179): ALL output buffers are freed/released
E/OMX-VDEC-1080P(  179): 
E/OMX-VDEC-1080P(  179):  Error in ioctl read next msg
E/OMX-VDEC-1080P(  179): omx_vdec: Async thread stop
E/OMX-VDEC-1080P(  179): Close the driver instance
E/OMX-VDEC-1080P(  179): omx_vdec::component_deinit() complete
E/OMX-VDEC-1080P(  179): In OMX vdec Destructor
E/OMX-VDEC-1080P(  179): Waiting on OMX Msg Thread exit
E/OMX-VDEC-1080P(  179): omx_vdec: message thread stop
E/OMX-VDEC-1080P(  179): Waiting on OMX Async Thread exit
E/OMX-VDEC-1080P(  179): Exit OMX vdec Destructor
E/MetadataRetrieverClient(  179): failed to capture a video frame
E/MediaMetadataRetrieverJNI( 1512): getFrameAtTime: videoFrame is a NULL pointer
W/ActivityManager(  498): Activity destroy timeout for ActivityRecord{40ee5ed0 com.android.gallery3d/com.android.camera.CameraLauncher}
D/dalvikvm(  498): WAIT_FOR_CONCURRENT_GC blocked 0ms
D/dalvikvm(  498): GC_EXPLICIT freed 647K, 34% free 8167K/12288K, paused 3ms+6ms, total 80ms
I/ActivityManager(  498): START {act=android.intent.action.CHOOSER cmp=android/com.android.internal.app.ChooserActivity (has extras) u=0} from pid 718
I/Adreno200-EGLSUB(  718): <ConfigWindowMatch:2078>: Format RGBA_8888.
D/memalloc(  176): ion: Allocated buffer base:0x43319000 size:2613248 fd:63
D/memalloc(  718): ion: Mapped buffer base:0x61112000 size:2613248 offset:0 fd:73
D/memalloc(  176): ion: Allocated buffer base:0x436fd000 size:2613248 fd:82
D/memalloc(  718): ion: Mapped buffer base:0x61390000 size:2613248 offset:0 fd:77
I/ActivityManager(  498): Displayed android/com.android.internal.app.ChooserActivity: +246ms
I/Adreno200-EGLSUB(  176): <CreateImage:893>: Android Image
I/Adreno200-EGLSUB(  176): <GetImageAttributes:1102>: RGBA_8888
D/memalloc(  176): ion: Allocated buffer base:0x44221000 size:2613248 fd:86
D/memalloc(  718): ion: Mapped buffer base:0x6160e000 size:2613248 offset:0 fd:80
I/Adreno200-EGLSUB(  176): <CreateImage:893>: Android Image
I/Adreno200-EGLSUB(  176): <GetImageAttributes:1102>: RGBA_8888
D/dalvikvm(  650): GC_CONCURRENT freed 1558K, 79% free 2614K/12288K, paused 2ms+3ms, total 33ms
D/dalvikvm(  498): WAIT_FOR_CONCURRENT_GC blocked 0ms
D/dalvikvm(  498): GC_EXPLICIT freed 494K, 34% free 8173K/12288K, paused 7ms+4ms, total 64ms
D/dalvikvm(  650): WAIT_FOR_CONCURRENT_GC blocked 0ms
D/dalvikvm(  650): GC_EXPLICIT freed 242K, 79% free 2614K/12288K, paused 1ms+3ms, total 29ms
D/dalvikvm(  498): WAIT_FOR_CONCURRENT_GC blocked 0ms
