D/ACDB-LOADER(  179): ACDB -> ACDB_CMD_GET_AUDPROC_COMMON_TOPOLOGY_ID
D/ACDB-LOADER(  179): ACDB -> send_audtable
D/ACDB-LOADER(  179): ACDB samplerate = 256
D/ACDB-LOADER(  179): ACDB -> ACDB_CMD_GET_AUDPROC_COMMON_TABLE
D/ACDB-LOADER(  179): ACDB -> AUDIO_SET_AUDPROC_CAL
D/ACDB-LOADER(  179): ACDB -> send_audvoltable
D/ACDB-LOADER(  179): ACDB -> ACDB_CMD_GET_AUDPROC_GAIN_DEP_VOLTBL_STEP_COPP
D/ACDB-LOADER(  179): ACDB -> AUDIO_SET_AUDPROC_VOL_CAL
D/AudioHardwareMSM8660(  179): addToTable stream 1
D/CAT     (  702): CatService: SIM ready. Reporting STK service running now...
D/memalloc(  176): ion: Freeing buffer base:0x448e2000 size:3674112 fd:67
D/memalloc(  176): ion: Unmapping buffer  base:0x448e2000 size:3674112
D/MediaProvider(  650): object removed 9975
D/MediaProvider(  650): object removed 9976
D/MediaProvider(  650): object removed 9977
D/MediaProvider(  650): object removed 9978
D/MediaProvider(  650): object removed 9979
D/MediaProvider(  650): object removed 9980
D/MediaProvider(  650): object removed 9981
D/MediaProvider(  650): object removed 9982
D/MediaProvider(  650): object removed 9983
D/MediaProvider(  650): object removed 9984
D/MediaProvider(  650): object removed 9985
D/MediaProvider(  650): object removed 9986
D/MediaProvider(  650): object removed 9987
D/MediaProvider(  650): object removed 9988
D/MediaProvider(  650): object removed 9989
D/MediaProvider(  650): object removed 9990
D/MediaProvider(  650): object removed 9991
D/MediaProvider(  650): object removed 9992
D/MediaProvider(  650): object removed 9993
D/MediaProvider(  650): object removed 9994
D/MediaProvider(  650): object removed 9995
D/MediaProvider(  650): object removed 9996
D/MediaProvider(  650): object removed 9997
D/MediaProvider(  650): object removed 9998
D/MediaProvider(  650): object removed 9999
D/MediaProvider(  650): object removed 10000
D/MediaProvider(  650): object removed 10001
D/MediaProvider(  650): object removed 10002
D/MediaProvider(  650): object removed 10003
D/MediaProvider(  650): object removed 10004
D/MediaProvider(  650): object removed 10005
D/MediaProvider(  650): object removed 10006
D/MediaProvider(  650): object removed 10007
D/MediaProvider(  650): object removed 10008
D/MediaProvider(  650): object removed 10009
D/MediaProvider(  650): object removed 10010
D/MediaProvider(  650): object removed 10011
D/MediaProvider(  650): object removed 10012
D/MediaProvider(  650): object removed 10013
D/MediaProvider(  650): object removed 10014
D/MediaProvider(  650): object removed 10015
D/MediaProvider(  650): object removed 10016
D/MediaProvider(  650): object removed 10017
D/MediaProvider(  650): object removed 10018
D/MediaProvider(  650): object removed 10019
D/MediaProvider(  650): object removed 10020
D/MediaProvider(  650): object removed 10021
D/MediaProvider(  650): object removed 10022
D/MediaProvider(  650): object removed 10023
D/MediaProvider(  650): object removed 10024
D/MediaProvider(  650): object removed 10025
D/MediaProvider(  650): object removed 10026
D/MediaProvider(  650): object removed 10027
D/MediaProvider(  650): object removed 10028
D/MediaProvider(  650): object removed 10029
D/MediaProvider(  650): object removed 10030
D/MediaProvider(  650): object removed 10031
D/MediaProvider(  650): object removed 10032
D/MediaProvider(  650): object removed 10033
D/MediaProvider(  650): object removed 10034
D/MediaProvider(  650): object removed 10035
D/MediaProvider(  650): object removed 10036
D/MediaProvider(  650): object removed 10037
D/MediaProvider(  650): object removed 10038
D/MediaProvider(  650): object removed 10039
D/MediaProvider(  650): object removed 10040
D/MediaProvider(  650): object removed 10041
D/MediaProvider(  650): object removed 10042
D/MediaProvider(  650): object removed 10043
D/MediaProvider(  650): object removed 10044
D/MediaProvider(  650): object removed 10045
D/MediaProvider(  650): object removed 10046
D/MediaProvider(  650): object removed 10047
D/MediaProvider(  650): object removed 10048
D/MediaProvider(  650): object removed 10049
D/MediaProvider(  650): object removed 10050
D/MediaProvider(  650): object removed 10051
D/MediaProvider(  650): object removed 10052
D/MediaProvider(  650): object removed 10053
D/MediaProvider(  650): object removed 10054
D/MediaProvider(  650): object removed 10055
D/MediaProvider(  650): object removed 10056
D/MediaProvider(  650): object removed 10057
D/MediaProvider(  650): object removed 10058
D/MediaProvider(  650): object removed 10059
D/MediaProvider(  650): object removed 10060
D/MediaProvider(  650): object removed 10061
D/MediaProvider(  650): object removed 10062
D/MediaProvider(  650): object removed 10063
D/MediaProvider(  650): object removed 10064
D/MediaProvider(  650): object removed 10065
D/MediaProvider(  650): object removed 10066
D/MediaProvider(  650): object removed 10067
D/MediaProvider(  650): object removed 10068
D/MediaProvider(  650): object removed 10069
D/MediaProvider(  650): object removed 10070
D/MediaProvider(  650): object removed 10071
D/MediaProvider(  650): object removed 10072
D/MediaProvider(  650): object removed 10073
D/MediaProvider(  650): object removed 10074
D/MediaProvider(  650): object removed 10075
D/MccTable(  702): updateMccMncConfiguration: mcc=460, mnc=1
D/MccTable(  702): locale set to zh_cn
D/MccTable(  702): WIFI_COUNTRY_CODE set to cn
I/WifiService(  498): WifiService trying to set country code to cn with persist set to true
I/ActivityManager(  498): Config changed: {1.0 460mcc1mnc zh_CN sw360dp w360dp h615dp nrml long port finger -keyb/v/h dpad/v s.5 themeResource=null}
D/memalloc(  718): ion: Unmapping buffer  base:0x5dc38000 size:3768320
D/memalloc(  718): ion: Unmapping buffer  base:0x5e22e000 size:3768320
D/memalloc(  718): ion: Unmapping buffer  base:0x5e706000 size:3768320
D/memalloc(  718): ion: Unmapping buffer  base:0x5ed03000 size:3768320
D/memalloc(  176): ion: Freeing buffer base:0x45ca2000 size:3768320 fd:93
D/memalloc(  176): ion: Unmapping buffer  base:0x45ca2000 size:3768320
D/memalloc(  176): ion: Freeing buffer base:0x46100000 size:3768320 fd:96
D/memalloc(  176): ion: Unmapping buffer  base:0x46100000 size:3768320
D/memalloc(  176): ion: Freeing buffer base:0x4649b000 size:3768320 fd:99
D/memalloc(  176): ion: Unmapping buffer  base:0x4649b000 size:3768320
D/memalloc(  176): ion: Freeing buffer base:0x4590a000 size:3768320 fd:80
D/memalloc(  176): ion: Unmapping buffer  base:0x4590a000 size:3768320
W/ResourceType(  718): Attempt to retrieve bag 0x7f0d0017 which is invalid or in a cycle.
W/ResourceType(  718): Attempt to retrieve bag 0x7f0d0017 which is invalid or in a cycle.
W/ResourceType(  718): Attempt to retrieve bag 0x7f0d0017 which is invalid or in a cycle.
W/ResourceType(  718): Attempt to retrieve bag 0x7f0d0017 which is invalid or in a cycle.
W/ResourceType(  718): Attempt to retrieve bag 0x7f0d0017 which is invalid or in a cycle.
D/Launcher.Model(  718): Reload apps on config change. curr_mcc:460 prevmcc:0
I/Adreno200-EGLSUB(  718): <ConfigWindowMatch:2078>: Format RGBA_8888.
D/memalloc(  176): ion: Allocated buffer base:0x42a28000 size:3768320 fd:37
D/memalloc(  718): ion: Mapped buffer base:0x5e22e000 size:3768320 offset:0 fd:65
D/memalloc(  176): ion: Allocated buffer base:0x42dc5000 size:3768320 fd:40
D/memalloc(  718): ion: Mapped buffer base:0x5dc38000 size:3768320 offset:0 fd:64
D/memalloc(  176): ion: Allocated buffer base:0x43237000 size:3768320 fd:43
I/Adreno200-EGLSUB(  176): <CreateImage:893>: Android Image
I/Adreno200-EGLSUB(  176): <GetImageAttributes:1102>: RGBA_8888
D/memalloc(  718): ion: Mapped buffer base:0x5e706000 size:3768320 offset:0 fd:70
I/Adreno200-EGLSUB(  176): <CreateImage:893>: Android Image
I/Adreno200-EGLSUB(  176): <GetImageAttributes:1102>: RGBA_8888
D/memalloc(  176): ion: Allocated buffer base:0x436fd000 size:3768320 fd:46
D/memalloc(  718): ion: Mapped buffer base:0x60456000 size:3768320 offset:0 fd:74
I/Adreno200-EGLSUB(  176): <CreateImage:893>: Android Image
I/Adreno200-EGLSUB(  176): <GetImageAttributes:1102>: RGBA_8888
I/Adreno200-EGLSUB(  176): <CreateImage:893>: Android Image
I/Adreno200-EGLSUB(  176): <GetImageAttributes:1102>: RGBA_8888
D/dalvikvm(  718): GC_CONCURRENT freed 3601K, 45% free 6865K/12419K, paused 13ms+8ms, total 73ms
D/MediaProvider(  650): object removed 10076
D/MediaProvider(  650): object removed 10077
D/MediaProvider(  650): object removed 10078
D/MediaProvider(  650): object removed 10079
W/ActivityManager(  498): Permission denied: checkComponentPermission() owningUid=1000
W/BroadcastQueue(  498): Permission Denial: broadcasting Intent { act=android.appwidget.action.APPWIDGET_UPDATE_OPTIONS flg=0x10 cmp=com.android.settings/.widget.SettingsAppWidgetProvider (has extras) } from android (pid=718, uid=10042) is not exported from uid 1000 due to receiver com.android.settings/com.android.settings.widget.SettingsAppWidgetProvider
D/MediaProvider(  650): object removed 10080
D/MediaProvider(  650): object removed 10081
D/MediaProvider(  650): object removed 10082
D/MediaProvider(  650): object removed 10083
D/MediaProvider(  650): object removed 10084
D/MediaProvider(  650): object removed 10085
D/MediaProvider(  650): object removed 10086
D/MediaProvider(  650): object removed 10087
D/MediaProvider(  650): object removed 10088
D/MediaProvider(  650): object removed 10089
D/MediaProvider(  650): object removed 10090
D/MediaProvider(  650): object removed 10091
D/MediaProvider(  650): object removed 10092
D/MediaProvider(  650): object removed 10093
D/MediaProvider(  650): object removed 10094
D/MediaProvider(  650): object removed 10095
D/MediaProvider(  650): object removed 10096
D/MediaProvider(  650): object removed 10097
D/MediaProvider(  650): object removed 10098
D/MediaProvider(  650): object removed 10099
D/MediaProvider(  650): object removed 10100
D/MediaProvider(  650): object removed 10101
D/MediaProvider(  650): object removed 10102
D/MediaProvider(  650): object removed 10103
D/MediaProvider(  650): object removed 10104
D/MediaProvider(  650): object removed 10105
D/MediaProvider(  650): object removed 10106
D/MediaProvider(  650): object removed 10107
D/MediaProvider(  650): object removed 10108
D/MediaProvider(  650): object removed 10109
D/MediaProvider(  650): object removed 10110
D/MediaProvider(  650): object removed 10111
D/MediaProvider(  650): object removed 10112
D/MediaProvider(  650): object removed 10113
D/MediaProvider(  650): object removed 10114
D/MediaProvider(  650): object removed 10115
D/MediaProvider(  650): object removed 10116
D/MediaProvider(  650): object removed 10117
D/MediaProvider(  650): object removed 10118
D/MediaProvider(  650): object removed 10119
D/MediaProvider(  650): object removed 10120
D/MediaProvider(  650): object removed 10121
D/MediaProvider(  650): object removed 10122
D/MediaProvider(  650): object removed 10123
D/MediaProvider(  650): object removed 10124
D/MediaProvider(  650): object removed 10125
D/MediaProvider(  650): object removed 10126
D/MediaProvider(  650): object removed 10127
D/MediaProvider(  650): object removed 10128
D/MediaProvider(  650): object removed 10129
D/MediaProvider(  650): object removed 10130
D/MediaProvider(  650): object removed 10131
D/MediaProvider(  650): object removed 10132
D/MediaProvider(  650): object removed 10133
D/MediaProvider(  650): object removed 10134
D/MediaProvider(  650): object removed 10135
D/MediaProvider(  650): object removed 10136
D/MediaProvider(  650): object removed 10137
D/MediaProvider(  650): object removed 10138
D/MediaProvider(  650): object removed 10139
D/MediaProvider(  650): object removed 10140
D/MediaProvider(  650): object removed 10141
D/MediaProvider(  650): object removed 10142
D/AlarmManagerService(  498): Kernel timezone updated to -480 minutes west of GMT
D/MediaProvider(  650): object removed 10143
D/MediaProvider(  650): object removed 10144
D/MediaProvider(  650): object removed 10145
D/MediaProvider(  650): object removed 10146
D/MediaProvider(  650): object removed 10147
D/MediaProvider(  650): object removed 10148
D/MediaProvider(  650): object removed 10149
D/MediaProvider(  650): object removed 10150
D/MediaProvider(  650): object removed 10151
D/MediaProvider(  650): object removed 10152
D/AlarmManagerService(  498): Kernel timezone updated to -480 minutes west of GMT
D/MediaProvider(  650): object removed 10153
D/MediaProvider(  650): object removed 10154
D/MediaProvider(  650): object removed 10155
D/MediaProvider(  650): object removed 10156
D/MediaProvider(  650): object removed 10157
D/MediaProvider(  650): object removed 10158
D/MediaProvider(  650): object removed 10159
D/MediaProvider(  650): object removed 10160
D/MediaProvider(  650): object removed 10161
D/MediaProvider(  650): object removed 10162
D/MediaProvider(  650): object removed 10163
D/MediaProvider(  650): object removed 10164
D/MediaProvider(  650): object removed 10165
D/MediaProvider(  650): object removed 10166
D/MediaProvider(  650): object removed 10167
D/MediaProvider(  650): object removed 10168
D/MediaProvider(  650): object removed 10169
D/MediaProvider(  650): object removed 10170
D/MediaProvider(  650): object removed 10171
D/MediaProvider(  650): object removed 10172
D/MediaProvider(  650): object removed 10173
D/MediaProvider(  650): object removed 10174
D/MediaProvider(  650): object removed 10175
D/MediaProvider(  650): object removed 10176
D/AudioHardwareMSM8660(  179): AudioStreamOutMSM8x60::standby()
D/AudioHardwareMSM8660(  179): Deroute pcm stream
D/AudioHardwareMSM8660(  179): deleteFromTable stream 1
E/AudioHardwareMSM8660(  179): value of device and enable is 2 0 ALSA dev id:2
D/dalvikvm(  498): WAIT_FOR_CONCURRENT_GC blocked 0ms
D/dalvikvm(  498): GC_EXPLICIT freed 436K, 48% free 6405K/12288K, paused 2ms+6ms, total 52ms
D/MediaProvider(  650): object removed 10177
D/MediaProvider(  650): object removed 10178
D/MediaProvider(  650): object removed 10179
D/MediaProvider(  650): object removed 10180
D/MediaProvider(  650): object removed 10181
D/MediaProvider(  650): object removed 10182
D/MediaProvider(  650): object removed 10183
D/MediaProvider(  650): object removed 10184
D/MediaProvider(  650): object removed 10185
D/MediaProvider(  650): object removed 10186
D/MediaProvider(  650): object removed 10187
D/MediaProvider(  650): object removed 10188
D/MediaProvider(  650): object removed 10189
D/MediaProvider(  650): object removed 10190
D/MediaProvider(  650): object removed 10191
D/MediaProvider(  650): object removed 10192
D/MediaProvider(  650): object removed 10193
D/MediaProvider(  650): object removed 10194
D/MediaProvider(  650): object removed 10195
D/MediaProvider(  650): object removed 10196
D/MediaProvider(  650): object removed 10197
D/MediaProvider(  650): object removed 10198
D/MediaProvider(  650): object removed 10199
D/MediaProvider(  650): object removed 10200
D/MediaProvider(  650): object removed 10201
D/MediaProvider(  650): object removed 10202
D/MediaProvider(  650): object removed 10203
D/MediaProvider(  650): object removed 10204
D/MediaProvider(  650): object removed 10205
D/MediaProvider(  650): object removed 10206
D/MediaProvider(  650): object removed 10207
D/MediaProvider(  650): object removed 10208
D/MediaProvider(  650): object removed 10209
D/MediaProvider(  650): object removed 10210
D/MediaProvider(  650): object removed 10211
D/MediaProvider(  650): object removed 10212
D/MediaProvider(  650): object removed 10213
D/MediaProvider(  650): object removed 10214
D/MediaProvider(  650): object removed 10215
D/MediaProvider(  650): object removed 10216
D/MediaProvider(  650): object removed 10217
D/MediaProvider(  650): object removed 10218
D/MediaProvider(  650): object removed 10219
D/MediaProvider(  650): object removed 10220
D/MediaProvider(  650): object removed 10221
D/MediaProvider(  650): object removed 10222
D/MediaProvider(  650): object removed 10223
D/MediaProvider(  650): object removed 10224
D/MediaProvider(  650): object removed 10225
D/MediaProvider(  650): object removed 10226
D/MediaProvider(  650): object removed 10227
D/MediaProvider(  650): object removed 10228
D/MediaProvider(  650): object removed 10229
D/MediaProvider(  650): object removed 10230
D/MediaProvider(  650): object removed 10231
D/MediaProvider(  650): object removed 10232
D/MediaProvider(  650): object removed 10233
D/MediaProvider(  650): object removed 10234
D/MediaProvider(  650): object removed 10235
D/MediaProvider(  650): object removed 10236
D/MediaProvider(  650): object removed 10237
D/MediaProvider(  650): object removed 10238
D/MediaProvider(  650): object removed 10239
D/MediaProvider(  650): object removed 10240
D/MediaProvider(  650): object removed 10241
D/MediaProvider(  650): object removed 10242
D/MediaProvider(  650): object removed 10243
D/MediaProvider(  650): object removed 10244
D/MediaProvider(  650): object removed 10245
D/MediaProvider(  650): object removed 10246
D/MediaProvider(  650): object removed 10247
D/MediaProvider(  650): object removed 10248
D/MediaProvider(  650): object removed 10249
D/MediaProvider(  650): object removed 10250
D/MediaProvider(  650): object removed 10251
D/MediaProvider(  650): object removed 10252
D/MediaProvider(  650): object removed 10253
D/MediaProvider(  650): object removed 10254
D/MediaProvider(  650): object removed 10255
D/MediaProvider(  650): object removed 10256
D/MediaProvider(  650): object removed 10257
D/MediaProvider(  650): object removed 10258
D/MediaProvider(  650): object removed 10259
D/MediaProvider(  650): object removed 10260
D/MediaProvider(  650): object removed 10261
D/MediaProvider(  650): object removed 10262
D/MediaProvider(  650): object removed 10263
D/MediaProvider(  650): object removed 10264
D/MediaProvider(  650): object removed 10265
D/MediaProvider(  650): object removed 10266
D/MediaProvider(  650): object removed 10267
D/MediaProvider(  650): object removed 10268
D/MediaProvider(  650): object removed 10269
D/MediaProvider(  650): object removed 10270
D/MediaProvider(  650): object removed 10271
D/MediaProvider(  650): object removed 10272
D/MediaProvider(  650): object removed 10273
D/MediaProvider(  650): object removed 10274
D/MediaProvider(  650): object removed 10275
D/MediaProvider(  650): object removed 10276
D/MediaProvider(  650): object removed 10277
D/AlarmManagerService(  498): Kernel timezone updated to -480 minutes west of GMT
D/MediaProvider(  650): object removed 10278
D/MediaProvider(  650): object removed 10279
D/MediaProvider(  650): object removed 10280
D/MediaProvider(  650): object removed 10281
D/MediaProvider(  650): object removed 10282
D/MediaProvider(  650): object removed 10283
D/MediaProvider(  650): object removed 10284
D/MediaProvider(  650): object removed 10285
D/MediaProvider(  650): object removed 10286
D/MediaProvider(  650): object removed 10287
D/MediaProvider(  650): object removed 10288
D/MediaProvider(  650): object removed 10289
D/MediaProvider(  650): object removed 10290
D/MediaProvider(  650): object removed 10291
D/MediaProvider(  650): object removed 10292
D/MediaProvider(  650): object removed 10293
D/MediaProvider(  650): object removed 10294
D/MediaProvider(  650): object removed 10295
D/MediaProvider(  650): object removed 10296
D/MediaProvider(  650): object removed 10297
D/MediaProvider(  650): object removed 10298
D/MediaProvider(  650): object removed 10299
D/MediaProvider(  650): object removed 10300
D/MediaProvider(  650): object removed 10301
D/MediaProvider(  650): object removed 10302
D/MediaProvider(  650): object removed 10303
D/MediaProvider(  650): object removed 10304
D/MediaProvider(  650): object removed 10305
D/MediaProvider(  650): object removed 10306
D/MediaProvider(  650): object removed 10307
D/MediaProvider(  650): object removed 10308
D/MediaProvider(  650): object removed 10309
D/MediaProvider(  650): object removed 10310
D/MediaProvider(  650): object removed 10311
D/MediaProvider(  650): object removed 10312
D/MediaProvider(  650): object removed 10313
D/MediaProvider(  650): object removed 10314
D/MediaProvider(  650): object removed 10315
D/MediaProvider(  650): object removed 10316
D/MediaProvider(  650): object removed 10317
D/MediaProvider(  650): object removed 10318
D/MediaProvider(  650): object removed 10319
D/MediaProvider(  650): object removed 10320
D/MediaProvider(  650): object removed 10321
D/MediaProvider(  650): object removed 10322
D/MediaProvider(  650): object removed 10323
D/MediaProvider(  650): object removed 10324
D/MediaProvider(  650): object removed 10325
D/MediaProvider(  650): object removed 10326
D/MediaProvider(  650): object removed 10327
D/MediaProvider(  650): object removed 10328
D/MediaProvider(  650): object removed 10329
D/MediaProvider(  650): object removed 10330
D/MediaProvider(  650): object removed 10331
D/MediaProvider(  650): object removed 10332
D/MediaProvider(  650): object removed 10333
D/MediaProvider(  650): object removed 10334
D/MediaProvider(  650): object removed 10335
D/MediaProvider(  650): object removed 10336
D/MediaProvider(  650): object removed 10337
D/MediaProvider(  650): object removed 10338
D/MediaProvider(  650): object removed 10339
D/MediaProvider(  650): object removed 10340
D/MediaProvider(  650): object removed 10341
D/MediaProvider(  650): object removed 10342
D/MediaProvider(  650): object removed 10343
D/MediaProvider(  650): object removed 10344
D/MediaProvider(  650): object removed 10345
D/MediaProvider(  650): object removed 10346
D/MediaProvider(  650): object removed 10347
D/MediaProvider(  650): object removed 10348
D/MediaProvider(  650): object removed 10349
D/MediaProvider(  650): object removed 10350
D/MediaProvider(  650): object removed 10351
D/MediaProvider(  650): object removed 10352
D/MediaProvider(  650): object removed 10353
D/MediaProvider(  650): object removed 10354
D/MediaProvider(  650): object removed 10355
D/MediaProvider(  650): object removed 10356
D/MediaProvider(  650): object removed 10357
D/MediaProvider(  650): object removed 10358
D/MediaProvider(  650): object removed 10359
D/MediaProvider(  650): object removed 10360
D/MediaProvider(  650): object removed 10361
D/MediaProvider(  650): object removed 10362
D/MediaProvider(  650): object removed 10363
D/MediaProvider(  650): object removed 10364
D/MediaProvider(  650): object removed 10365
D/MediaProvider(  650): object removed 10366
D/MediaProvider(  650): object removed 10367
D/MediaProvider(  650): object removed 10368
D/MediaProvider(  650): object removed 10369
D/MediaProvider(  650): object removed 10370
D/MediaProvider(  650): object removed 10371
D/MediaProvider(  650): object removed 10372
D/MediaProvider(  650): object removed 10373
D/MediaProvider(  650): object removed 10374
D/MediaProvider(  650): object removed 10375
D/MediaProvider(  650): object removed 10376
D/MediaProvider(  650): object removed 10377
D/MediaProvider(  650): object removed 10378
D/lights  (  498): set_light_buttons: color=0xff000000, tlc=2.
D/MediaProvider(  650): object removed 10379
D/MediaProvider(  650): object removed 10380
D/MediaProvider(  650): object removed 10381
D/MediaProvider(  650): object removed 10382
D/MediaProvider(  650): object removed 10383
D/MediaProvider(  650): object removed 10384
D/MediaProvider(  650): object removed 10385
D/MediaProvider(  650): object removed 10386
D/MediaProvider(  650): object removed 10387
D/MediaProvider(  650): object removed 10388
D/MediaProvider(  650): object removed 10389
D/MediaProvider(  650): object removed 10390
D/MediaProvider(  650): object removed 10391
D/MediaProvider(  650): object removed 10392
D/MediaProvider(  650): object removed 10393
D/MediaProvider(  650): object removed 10394
D/MediaProvider(  650): object removed 10395
D/MediaProvider(  650): object removed 10396
D/MediaProvider(  650): object removed 10397
D/MediaProvider(  650): object removed 10398
D/MediaProvider(  650): object removed 10399
D/MediaProvider(  650): object removed 10400
D/MediaProvider(  650): object removed 10401
D/MediaProvider(  650): object removed 10402
D/MediaProvider(  650): object removed 10403
D/MediaProvider(  650): object removed 10404
D/MediaProvider(  650): object removed 10405
D/MediaProvider(  650): object removed 10406
D/MediaProvider(  650): object removed 10407
D/MediaProvider(  650): object removed 10408
D/MediaProvider(  650): object removed 10409
D/MediaProvider(  650): object removed 10410
D/MediaProvider(  650): object removed 10411
D/MediaProvider(  650): object removed 10412
D/MediaProvider(  650): object removed 10413
D/MediaProvider(  650): object removed 10414
D/MediaProvider(  650): object removed 10415
D/MediaProvider(  650): object removed 10416
D/MediaProvider(  650): object removed 10417
D/MediaProvider(  650): object removed 10418
D/MediaProvider(  650): object removed 10419
D/MediaProvider(  650): object removed 10420
D/MediaProvider(  650): object removed 10421
D/MediaProvider(  650): object removed 10422
D/MediaProvider(  650): object removed 10423
D/MediaProvider(  650): object removed 10424
D/MediaProvider(  650): object removed 10425
D/MediaProvider(  650): object removed 10426
D/MediaProvider(  650): object removed 10427
D/MediaProvider(  650): object removed 10428
D/MediaProvider(  650): object removed 10429
D/MediaProvider(  650): object removed 10430
D/MediaProvider(  650): object removed 10431
D/MediaProvider(  650): object removed 10432
D/MediaProvider(  650): object removed 10433
D/MediaProvider(  650): object removed 10434
D/MediaProvider(  650): object removed 10435
D/MediaProvider(  650): object removed 10436
D/MediaProvider(  650): object removed 10437
D/MediaProvider(  650): object removed 10438
D/MediaProvider(  650): object removed 10439
D/MediaProvider(  650): object removed 10440
D/MediaProvider(  650): object removed 10441
D/MediaProvider(  650): object removed 10442
D/MediaProvider(  650): object removed 10443
D/MediaProvider(  650): object removed 10444
D/MediaProvider(  650): object removed 10445
D/MediaProvider(  650): object removed 10446
D/MediaProvider(  650): object removed 10447
D/MediaProvider(  650): object removed 10448
D/MediaProvider(  650): object removed 10449
D/MediaProvider(  650): object removed 10450
D/MediaProvider(  650): object removed 10451
D/MediaProvider(  650): object removed 10452
D/MediaProvider(  650): object removed 10453
D/MediaProvider(  650): object removed 10454
D/MediaProvider(  650): object removed 10455
D/MediaProvider(  650): object removed 10456
D/MediaProvider(  650): object removed 10457
D/MediaProvider(  650): object removed 10458
D/MediaProvider(  650): object removed 10459
D/MediaProvider(  650): object removed 10460
D/MediaProvider(  650): object removed 10461
D/MediaProvider(  650): object removed 10462
D/MediaProvider(  650): object removed 10463
D/MediaProvider(  650): object removed 10464
D/MediaProvider(  650): object removed 10465
D/MediaProvider(  650): object removed 10466
D/MediaProvider(  650): object removed 10467
D/MediaProvider(  650): object removed 10468
D/MediaProvider(  650): object removed 10469
D/MediaProvider(  650): object removed 10470
D/MediaProvider(  650): object removed 10471
D/MediaProvider(  650): object removed 10472
D/MediaProvider(  650): object removed 10473
D/MediaProvider(  650): object removed 10474
D/MediaProvider(  650): object removed 10475
D/MediaProvider(  650): object removed 10476
D/MediaProvider(  650): object removed 10477
D/MediaProvider(  650): object removed 10478
D/MediaProvider(  650): object removed 10479
D/MediaProvider(  650): object removed 10480
D/MediaProvider(  650): object removed 10481
D/MediaProvider(  650): object removed 10482
D/MediaProvider(  650): object removed 10483
D/MediaProvider(  650): object removed 10484
D/MediaProvider(  650): object removed 10485
D/MediaProvider(  650): object removed 10486
D/MediaProvider(  650): object removed 10487
D/MediaProvider(  650): object removed 10488
D/MediaProvider(  650): object removed 10489
D/MediaProvider(  650): object removed 10490
D/MediaProvider(  650): object removed 10491
D/MediaProvider(  650): object removed 10492
D/MediaProvider(  650): object removed 10493
D/MediaProvider(  650): object removed 10494
D/MediaProvider(  650): object removed 10495
D/MediaProvider(  650): object removed 10496
D/MediaProvider(  650): object removed 10497
D/MediaProvider(  650): object removed 10498
D/MediaProvider(  650): object removed 10499
D/MediaProvider(  650): object removed 10500
D/MediaProvider(  650): object removed 10501
D/MediaProvider(  650): object removed 10502
D/MediaProvider(  650): object removed 10503
D/MediaProvider(  650): object removed 10504
D/MediaProvider(  650): object removed 10505
D/MediaProvider(  650): object removed 10506
D/MediaProvider(  650): object removed 10507
D/MediaProvider(  650): object removed 10508
D/MediaProvider(  650): object removed 10509
D/MediaProvider(  650): object removed 10510
D/MediaProvider(  650): object removed 10511
D/MediaProvider(  650): object removed 10512
D/MediaProvider(  650): object removed 10513
D/MediaProvider(  650): object removed 10514
D/MediaProvider(  650): object removed 10515
D/MediaProvider(  650): object removed 10516
D/MediaProvider(  650): object removed 10517
D/MediaProvider(  650): object removed 10518
D/MediaProvider(  650): object removed 10519
D/MediaProvider(  650): object removed 10520
D/MediaProvider(  650): object removed 10521
D/MediaProvider(  650): object removed 10522
D/MediaProvider(  650): object removed 10523
D/MediaProvider(  650): object removed 10524
D/MediaProvider(  650): object removed 10525
D/MediaProvider(  650): object removed 10526
D/MediaProvider(  650): object removed 10527
D/MediaProvider(  650): object removed 10528
D/MediaProvider(  650): object removed 10529
D/MediaProvider(  650): object removed 10530
D/MediaProvider(  650): object removed 10531
D/MediaProvider(  650): object removed 10532
D/MediaProvider(  650): object removed 10533
D/MediaProvider(  650): object removed 10534
D/MediaProvider(  650): object removed 10535
D/MediaProvider(  650): object removed 10536
D/MediaProvider(  650): object removed 10537
D/MediaProvider(  650): object removed 10538
D/MediaProvider(  650): object removed 10539
D/MediaProvider(  650): object removed 10540
D/MediaProvider(  650): object removed 10541
D/MediaProvider(  650): object removed 10542
D/MediaProvider(  650): object removed 10543
D/MediaProvider(  650): object removed 10544
D/MediaProvider(  650): object removed 10545
D/MediaProvider(  650): object removed 10546
D/MediaProvider(  650): object removed 10547
D/MediaProvider(  650): object removed 10548
D/MediaProvider(  650): object removed 10549
D/MediaProvider(  650): object removed 10550
D/MediaProvider(  650): object removed 10551
D/MediaProvider(  650): object removed 10552
D/MediaProvider(  650): object removed 10553
D/MediaProvider(  650): object removed 10554
D/MediaProvider(  650): object removed 10555
D/MediaProvider(  650): object removed 10556
D/MediaProvider(  650): object removed 10557
D/MediaProvider(  650): object removed 10558
D/MediaProvider(  650): object removed 10559
D/MediaProvider(  650): object removed 10560
D/MediaProvider(  650): object removed 10561
D/MediaProvider(  650): object removed 10562
D/MediaProvider(  650): object removed 10563
D/MediaProvider(  650): object removed 10564
D/MediaProvider(  650): object removed 10565
D/MediaProvider(  650): object removed 10566
D/MediaProvider(  650): object removed 10567
D/MediaProvider(  650): object removed 10568
D/MediaProvider(  650): object removed 10569
D/MediaProvider(  650): object removed 10570
D/MediaProvider(  650): object removed 10571
D/MediaProvider(  650): object removed 10572
D/MediaProvider(  650): object removed 10573
D/MediaProvider(  650): object removed 10574
D/MediaProvider(  650): object removed 10575
D/MediaProvider(  650): object removed 10576
D/MediaProvider(  650): object removed 10577
D/MediaProvider(  650): object removed 10578
D/MediaProvider(  650): object removed 10579
D/MediaProvider(  650): object removed 10580
D/MediaProvider(  650): object removed 10581
D/MediaProvider(  650): object removed 10582
D/MediaProvider(  650): object removed 10583
D/MediaProvider(  650): object removed 10584
D/MediaProvider(  650): object removed 10585
D/MediaProvider(  650): object removed 10586
D/MediaProvider(  650): object removed 10587
D/MediaProvider(  650): object removed 10588
D/MediaProvider(  650): object removed 10589
D/MediaProvider(  650): object removed 10590
D/MediaProvider(  650): object removed 10591
D/MediaProvider(  650): object removed 10592
D/MediaProvider(  650): object removed 10593
D/MediaProvider(  650): object removed 10594
D/MediaProvider(  650): object removed 10595
D/MediaProvider(  650): object removed 10596
D/MediaProvider(  650): object removed 10597
D/MediaProvider(  650): object removed 10598
D/MediaProvider(  650): object removed 10599
D/MediaProvider(  650): object removed 10600
D/MediaProvider(  650): object removed 10601
D/MediaProvider(  650): object removed 10602
D/MediaProvider(  650): object removed 10603
D/MediaProvider(  650): object removed 10604
D/MediaProvider(  650): object removed 10605
D/MediaProvider(  650): object removed 10606
D/MediaProvider(  650): object removed 10607
D/MediaProvider(  650): object removed 10608
D/MediaProvider(  650): object removed 10609
D/MediaProvider(  650): object removed 10610
D/MediaProvider(  650): object removed 10611
D/MediaProvider(  650): object removed 10612
D/MediaProvider(  650): object removed 10613
D/MediaProvider(  650): object removed 10614
D/MediaProvider(  650): object removed 10615
D/MediaProvider(  650): object removed 10616
D/MediaProvider(  650): object removed 10617
D/MediaProvider(  650): object removed 10618
D/MediaProvider(  650): object removed 10619
D/MediaProvider(  650): object removed 10620
D/MediaProvider(  650): object removed 10621
D/MediaProvider(  650): object removed 10622
D/MediaProvider(  650): object removed 10623
D/MediaProvider(  650): object removed 10624
D/MediaProvider(  650): object removed 10625
D/MediaProvider(  650): object removed 10626
D/MediaProvider(  650): object removed 10627
D/MediaProvider(  650): object removed 10628
D/MediaProvider(  650): object removed 10629
D/MediaProvider(  650): object removed 10630
D/MediaProvider(  650): object removed 10631
D/MediaProvider(  650): object removed 10632
D/MediaProvider(  650): object removed 10633
D/MediaProvider(  650): object removed 10634
D/MediaProvider(  650): object removed 10635
D/MediaProvider(  650): object removed 10636
D/MediaProvider(  650): object removed 10637
D/MediaProvider(  650): object removed 10638
D/MediaProvider(  650): object removed 10639
D/MediaProvider(  650): object removed 10640
D/MediaProvider(  650): object removed 10641
D/MediaProvider(  650): object removed 10642
D/MediaProvider(  650): object removed 10643
D/MediaProvider(  650): object removed 10644
D/MediaProvider(  650): object removed 10645
D/MediaProvider(  650): object removed 10646
D/MediaProvider(  650): object removed 10647
D/MediaProvider(  650): object removed 10648
D/MediaProvider(  650): object removed 10649
D/MediaProvider(  650): object removed 10650
D/MediaProvider(  650): object removed 10651
D/MediaProvider(  650): object removed 10652
D/MediaProvider(  650): object removed 10653
D/MediaProvider(  650): object removed 10654
D/MediaProvider(  650): object removed 10655
D/MediaProvider(  650): object removed 10656
D/MediaProvider(  650): object removed 10657
D/MediaProvider(  650): object removed 10658
D/MediaProvider(  650): object removed 10659
D/MediaProvider(  650): object removed 10660
D/MediaProvider(  650): object removed 10661
D/MediaProvider(  650): object removed 10662
D/MediaProvider(  650): object removed 10663
D/MediaProvider(  650): object removed 10664
I//system/bin/fsck_msdos(  170): ** Phase 4 - Checking for Lost Files
D/MediaProvider(  650): object removed 10665
D/MediaProvider(  650): object removed 10666
D/MediaProvider(  650): object removed 10667
D/MediaProvider(  650): object removed 10668
D/MediaProvider(  650): object removed 10669
I//system/bin/fsck_msdos(  170): 22374 files, 1294656 free (80916 clusters)
D/MediaProvider(  650): object removed 10670
D/MediaProvider(  650): object removed 10671
D/MediaProvider(  650): object removed 10672
D/MediaProvider(  650): object removed 10673
D/MediaProvider(  650): object removed 10674
D/MediaProvider(  650): object removed 10675
D/MediaProvider(  650): object removed 10676
D/MediaProvider(  650): object removed 10677
D/MediaProvider(  650): object removed 10678
D/MediaProvider(  650): object removed 10679
D/MediaProvider(  650): object removed 10680
D/MediaProvider(  650): object removed 10681
I/Vold    (  170): Filesystem check completed OK
I/Vold    (  170): Device /dev/block/vold/179:28, target /storage/sdcard0 mounted @ /mnt/secure/staging
I/PackageManager(  498): Updating external media status from unmounted to mounted
D/Vold    (  170): Volume sdcard state changing 3 (Checking) -> 4 (Mounted)
D/MountService(  498): volume state changed for /storage/sdcard0 (checking -> mounted)
E/VoldConnector(  498): NDC Command {4 volume mount /storage/sdcard0} took too long (13189ms)
I/StorageNotification(  591): Media {/storage/sdcard0} state changed from {checking} -> {mounted} (primary = true)
D/MountService(  498): sendStorageIntent Intent { act=android.intent.action.MEDIA_MOUNTED dat=file:///storage/sdcard0 (has extras) }
D/VoldCmdListener(  170): asec list
D/PhoneStatusBar(  591): addNotification score=0
D/MediaScannerReceiver(  650): action: android.intent.action.MEDIA_MOUNTED path: /storage/sdcard0
I/PackageManager(  498): No secure containers on sdcard
E/VoldConnector(  498): NDC Command {5 asec list} took too long (951ms)
W/PackageManager(  498): Unknown permission com.google.android.googleapps.permission.GOOGLE_AUTH.mail in package com.android.contacts
W/PackageManager(  498): Unknown permission com.android.launcher.permission.INSTALL_SHORTCUT in package com.android.contacts
W/PackageManager(  498): Unknown permission android.permission.ADD_SYSTEM_SERVICE in package com.android.phone
W/PackageManager(  498): Unknown permission com.google.android.googleapps.permission.GOOGLE_AUTH in package com.android.providers.calendar
W/PackageManager(  498): Unknown permission com.google.android.googleapps.permission.GOOGLE_AUTH.cl in package com.android.providers.calendar
W/PackageManager(  498): Unknown permission com.google.android.googleapps.permission.GOOGLE_AUTH.mail in package com.android.calendar
W/PackageManager(  498): Not granting permission android.permission.SEND_DOWNLOAD_COMPLETED_INTENTS to package com.android.browser (protectionLevel=2 flags=0x9be45)
W/PackageManager(  498): Unknown permission com.android.launcher.permission.INSTALL_SHORTCUT in package com.android.browser
W/PackageManager(  498): Unknown permission com.google.android.c2dm.permission.RECEIVE in package com.koushikdutta.rommanager
W/PackageManager(  498): Unknown permission com.android.vending.BILLING in package com.koushikdutta.rommanager
W/PackageManager(  498): Unknown permission com.google.android.googleapps.permission.GOOGLE_AUTH in package com.android.settings
W/PackageManager(  498): Unknown permission com.android.launcher.permission.READ_SETTINGS in package com.android.settings
W/PackageManager(  498): Unknown permission com.android.launcher.permission.WRITE_SETTINGS in package com.android.settings
W/PackageManager(  498): Unknown permission com.google.android.googleapps.permission.GOOGLE_AUTH in package com.android.providers.contacts
W/PackageManager(  498): Unknown permission com.google.android.googleapps.permission.GOOGLE_AUTH.cp in package com.android.providers.contacts
W/PackageManager(  498): Unknown permission android.permission.ACCESS_4G_RADIO_DISABLE in package com.android.systemui
W/PackageManager(  498): Unknown permission android.permission.ACCESS_4G_STATE in package com.android.systemui
W/PackageManager(  498): Unknown permission android.permission.CHANGE_4G_STATE in package com.android.systemui
W/PackageManager(  498): Unknown permission com.google.android.googleapps.permission.ACCESS_GOOGLE_PASSWORD in package com.android.development
W/PackageManager(  498): Unknown permission com.google.android.googleapps.permission.GOOGLE_AUTH in package com.android.development
W/PackageManager(  498): Unknown permission com.google.android.googleapps.permission.GOOGLE_AUTH.ALL_SERVICES in package com.android.development
W/PackageManager(  498): Unknown permission com.google.android.googleapps.permission.GOOGLE_AUTH.YouTubeUser in package com.android.development
W/PackageManager(  498): Not granting permission android.permission.DEVICE_POWER to package com.android.deskclock (protectionLevel=2 flags=0x8be45)
D/AlarmManagerService(  498): Kernel timezone updated to -480 minutes west of GMT
D/DHCP    (  248): ===== DHCP message:
D/DHCP    (  248): op = BOOTREQUEST (1), htype = 1, hlen = 6, hops = 0
D/DHCP    (  248): xid = 0xd38a0000 secs = 0, flags = 0x8000 optlen = 14
D/DHCP    (  248): ciaddr = 0.0.0.0
D/DHCP    (  248): yiaddr = 0.0.0.0
D/DHCP    (  248): siaddr = 0.0.0.0
D/DHCP    (  248): giaddr = 0.0.0.0
D/DHCP    (  248): chaddr = { 00  00  00  00  00  00 }
D/DHCP    (  248): sname = ''
D/DHCP    (  248): file = ''
D/DHCP    (  248): op 53 len 1 { 01 } discover
D/DHCP    (  248): op 55 len 4 { 01  03  06  1c } 
D/DHCP    (  248): ===== DHCP message:
D/DHCP    (  248): op = BOOTREPLY (2), htype = 1, hlen = 6, hops = 0
D/DHCP    (  248): xid = 0xd38a0000 secs = 0, flags = 0x8000 optlen = 42
D/DHCP    (  248): ciaddr = 0.0.0.0
D/DHCP    (  248): yiaddr = 172.18.213.224
D/DHCP    (  248): siaddr = 172.18.213.225
D/DHCP    (  248): giaddr = 0.0.0.0
D/DHCP    (  248): chaddr = { 00  00  00  00  00  00 }
D/DHCP    (  248): sname = ''
D/DHCP    (  248): file = ''
D/DHCP    (  248): op 53 len 1 { 02 } offer
D/DHCP    (  248): op 1 len 4 { ff  ff  ff  fc } 
D/DHCP    (  248): op 3 len 4 { ac  12  d5  e1 } 
D/DHCP    (  248): op 6 len 8 { ca  6a  c3  44  ca  6a  2e  97 } 
D/DHCP    (  248): op 51 len 4 { 00  00  1c  20 } 
D/DHCP    (  248): op 54 len 4 { ac  12  d5  e1 } 
D/DHCP    (  248): --- dhcp offer (2) ---
D/DHCP    (  248): ip 172.18.213.224 gw 172.18.213.225 prefixLength 30
D/DHCP    (  248): dns1: 202.106.195.68
D/DHCP    (  248): dns2: 202.106.46.151
D/DHCP    (  248): server 172.18.213.225, lease 7200 seconds
D/DHCP    (  248): ===== DHCP message:
D/DHCP    (  248): op = BOOTREQUEST (1), htype = 1, hlen = 6, hops = 0
D/DHCP    (  248): xid = 0xd48a0000 secs = 0, flags = 0x8000 optlen = 26
D/DHCP    (  248): ciaddr = 0.0.0.0
D/DHCP    (  248): yiaddr = 0.0.0.0
D/DHCP    (  248): siaddr = 0.0.0.0
D/DHCP    (  248): giaddr = 0.0.0.0
D/DHCP    (  248): chaddr = { 00  00  00  00  00  00 }
D/DHCP    (  248): sname = ''
D/DHCP    (  248): file = ''
D/DHCP    (  248): op 53 len 1 { 03 } request
D/DHCP    (  248): op 55 len 4 { 01  03  06  1c } 
D/DHCP    (  248): op 50 len 4 { ac  12  d5  e0 } 
D/DHCP    (  248): op 54 len 4 { ac  12  d5  e1 } 
D/DHCP    (  248): ===== DHCP message:
D/DHCP    (  248): op = BOOTREPLY (2), htype = 1, hlen = 6, hops = 0
D/DHCP    (  248): xid = 0xd48a0000 secs = 0, flags = 0x8000 optlen = 42
D/DHCP    (  248): ciaddr = 0.0.0.0
D/DHCP    (  248): yiaddr = 172.18.213.224
D/DHCP    (  248): siaddr = 172.18.213.225
D/DHCP    (  248): giaddr = 0.0.0.0
D/DHCP    (  248): chaddr = { 00  00  00  00  00  00 }
D/DHCP    (  248): sname = ''
D/DHCP    (  248): file = ''
D/DHCP    (  248): op 53 len 1 { 05 } ack
D/DHCP    (  248): op 1 len 4 { ff  ff  ff  fc } 
D/DHCP    (  248): op 3 len 4 { ac  12  d5  e1 } 
D/DHCP    (  248): op 6 len 8 { ca  6a  c3  44  ca  6a  2e  97 } 
D/DHCP    (  248): op 54 len 4 { ac  12  d5  e1 } 
D/DHCP    (  248): op 51 len 4 { 00  00  1c  20 } 
D/DHCP    (  248): --- dhcp ack (5) ---
D/DHCP    (  248): ip 172.18.213.224 gw 172.18.213.225 prefixLength 30
D/DHCP    (  248): dns1: 202.106.195.68
D/DHCP    (  248): dns2: 202.106.46.151
D/DHCP    (  248): server 172.18.213.225, lease 7200 seconds
D/DHCP    (  248): configuring rmnet0
D/ConnectivityService(  498): ConnectivityChange for mobile: CONNECTED/CONNECTED
D/dalvikvm(  650): GC_CONCURRENT freed 1615K, 80% free 2504K/12288K, paused 11ms+2ms, total 35ms
D/Tethering(  498): MasterInitialState.processMessage what=3
D/lights  (  498): set_light_buttons: color=0xff666666, tlc=1.
D/memalloc(  591): ion: Unmapping buffer  base:0x5d32a000 size:188416
D/memalloc(  591): ion: Unmapping buffer  base:0x5d386000 size:188416
D/memalloc(  591): ion: Unmapping buffer  base:0x5d3c4000 size:188416
D/memalloc(  591): ion: Unmapping buffer  base:0x5d442000 size:188416
D/memalloc(  176): ion: Freeing buffer base:0x41c47000 size:188416 fd:61
D/memalloc(  176): ion: Unmapping buffer  base:0x41c47000 size:188416
D/memalloc(  176): ion: Freeing buffer base:0x41e20000 size:188416 fd:84
D/memalloc(  176): ion: Unmapping buffer  base:0x41e20000 size:188416
D/memalloc(  176): ion: Freeing buffer base:0x41f26000 size:188416 fd:90
D/memalloc(  176): ion: Unmapping buffer  base:0x41f26000 size:188416
I/Adreno200-EGLSUB(  591): <ConfigWindowMatch:2078>: Format RGBA_8888.
D/memalloc(  176): ion: Allocated buffer base:0x42690000 size:3768320 fd:49
D/memalloc(  591): ion: Mapped buffer base:0x5d79f000 size:3768320 offset:0 fd:55
D/memalloc(  176): ion: Allocated buffer base:0x43e89000 size:3768320 fd:58
D/memalloc(  591): ion: Mapped buffer base:0x5dcf7000 size:3768320 offset:0 fd:59
D/PhoneStatusBar(  591): disable: < expand icons alerts TICKER* system_info back home recent clock >
I/Adreno200-EGLSUB(  176): <CreateImage:893>: Android Image
I/Adreno200-EGLSUB(  176): <GetImageAttributes:1102>: RGBA_8888
D/memalloc(  176): ion: Freeing buffer base:0x41e81000 size:188416 fd:87
D/memalloc(  176): ion: Unmapping buffer  base:0x41e81000 size:188416
D/memalloc(  176): ion: Allocated buffer base:0x44221000 size:3768320 fd:61
D/memalloc(  591): ion: Mapped buffer base:0x5e08f000 size:3768320 offset:0 fd:62
I/Adreno200-EGLSUB(  176): <CreateImage:893>: Android Image
I/Adreno200-EGLSUB(  176): <GetImageAttributes:1102>: RGBA_8888
D/memalloc(  176): ion: Allocated buffer base:0x448e2000 size:3768320 fd:64
D/memalloc(  591): ion: Mapped buffer base:0x5e5e7000 size:3768320 offset:0 fd:65
I/Adreno200-EGLSUB(  176): <CreateImage:893>: Android Image
I/Adreno200-EGLSUB(  176): <GetImageAttributes:1102>: RGBA_8888
I/Adreno200-EGLSUB(  176): <CreateImage:893>: Android Image
I/Adreno200-EGLSUB(  176): <GetImageAttributes:1102>: RGBA_8888
D/BluetoothAdapterStateMachine(  498): HotOff process message: 1
D/BluetoothAdapterStateMachine(  498): Bluetooth state 10 -> 11
E/AudioHardwareMSM8660(  179): write(): dec_id = 1 cur_rx = 2
E/AudioHardwareMSM8660(  179): cur_rx for pcm playback = 2
E/AudioHardwareMSM8660(  179): value of device and enable is 2 1 ALSA dev id:2
I/ActivityManager(  498): Start proc com.android.bluetooth for broadcast com.android.bluetooth/.pbap.BluetoothPbapReceiver: pid=1359 uid=10003 gids={3003, 3002, 3001, 1015, 1028}
D/ACDB-LOADER(  179): ACDB -> send_audio_cal, acdb_id = 2, path =  0
D/ACDB-LOADER(  179): ACDB -> send_adm_topology
D/ACDB-LOADER(  179): ACDB -> ACDB_CMD_GET_AUDPROC_COMMON_TOPOLOGY_ID
D/ACDB-LOADER(  179): ACDB -> send_audtable
D/ACDB-LOADER(  179): ACDB samplerate = 256
D/ACDB-LOADER(  179): ACDB -> ACDB_CMD_GET_AUDPROC_COMMON_TABLE
D/ACDB-LOADER(  179): ACDB -> AUDIO_SET_AUDPROC_CAL
D/ACDB-LOADER(  179): ACDB -> send_audvoltable
D/ACDB-LOADER(  179): ACDB -> ACDB_CMD_GET_AUDPROC_GAIN_DEP_VOLTBL_STEP_COPP
D/ACDB-LOADER(  179): ACDB -> AUDIO_SET_AUDPROC_VOL_CAL
D/AudioHardwareMSM8660(  179): addToTable stream 1
D/ActivityThread( 1359): setTargetHeapUtilization:0.25
D/ActivityThread( 1359): setTargetHeapIdealFree:8388608
D/ActivityThread( 1359): setTargetHeapConcurrentStart:2097152
I/ActivityThread( 1359): Pub com.android.bluetooth.opp: com.android.bluetooth.opp.BluetoothOppProvider
D/BluetoothEventLoop(  498): Property Changed: Powered : true
D/BluetoothEventLoop(  498): Property Changed: Pairable : true
D/BluetoothAdapterStateMachine(  498): Switching process message: 54
D/BluetoothEventLoop(  498): Property Changed: Class : 5898764
D/BluetoothEventLoop(  498): Property Changed: Pairable : true
D/BluetoothEventLoop(  498): Property Changed: Discoverable : false
D/BluetoothAdapterStateMachine(  498): Switching process message: 53
D/BluetoothAdapterStateMachine(  498): Bluetooth state 11 -> 12
D/LocalBluetoothProfileManager(  799): Adding local A2DP profile
D/LocalBluetoothProfileManager(  799): Adding local HEADSET profile
D/LocalBluetoothProfileManager(  799): Adding local OPP profile
D/DockEventReceiver(  799): finishStartingService: stopping service
I/BtOppRfcommListener( 1359): Accept thread started on channel 12
D/dalvikvm(  650): GC_CONCURRENT freed 1611K, 80% free 2476K/12288K, paused 17ms+5ms, total 71ms
D/dalvikvm(  498): WAIT_FOR_CONCURRENT_GC blocked 0ms
D/dalvikvm(  498): GC_EXPLICIT freed 685K, 48% free 6410K/12288K, paused 3ms+4ms, total 65ms
D/WifiService(  498): setWifiEnabled: true pid=591, uid=10038
D/Tethering(  498): sendTetherStateChangedBroadcast 1, 0, 0
D/Tethering(  498): InitialState.processMessage what=4
D/Tethering(  498): sendTetherStateChangedBroadcast 0, 0, 0
D/SoftapController(  173): Softap fwReload - Ok
D/CommandListener(  173): Setting iface cfg
D/CommandListener(  173): Trying to bring down wlan0
E/WifiHW  (  498): Unable to open connection to supplicant on "wlan0": No such file or directory
I/wpa_supplicant( 1400): rfkill: Cannot open RFKILL control device
D/Tethering(  498): sendTetherStateChangedBroadcast 1, 0, 0
I/wpa_supplicant( 1400): rfkill: Cannot open RFKILL control device
D/BluetoothAdapterStateMachine(  498): BluetoothOn process message: 2
