--------- beginning of /dev/log/main
I/cm      (  162): Welcome to Android 4.1.1 / CyanogenMod-10-20120829-UNOFFICIAL-celoxhd 
I/cm      (  163):                                                 _  
I/cm      (  164):  __ __ _ ___  _ _  __  ___  __ _ _  _  _  __  __)) 
I/cm      (  165): ((_ \(/'((_( ((\( ((_)((_( (('((\( ((`1( ((_)((_(  
I/cm      (  166):      ))                 _)) 
I/cm      (  167):   
I/DEBUG   (  174): debuggerd: Aug 27 2012 12:21:06
--------- beginning of /dev/log/system
I/Vold    (  170): Vold 2.1 (the revenge) firing up
D/Vold    (  170): Volume sdcard state changing -1 (Initializing) -> 0 (No-Media)
D/Vold    (  170): Volume external_sd state changing -1 (Initializing) -> 0 (No-Media)
D/Vold    (  170): Volume sda state changing -1 (Initializing) -> 0 (No-Media)
D/Vold    (  170): Volume sdcard state changing 0 (No-Media) -> 2 (Pending)
D/DirectVolume(  170): DirectVolume::handlePartitionAdded -> MAJOR 179, MINOR 1, PARTN 1
D/DirectVolume(  170): DirectVolume::handlePartitionAdded -> MAJOR 179, MINOR 2, PARTN 2
D/DirectVolume(  170): DirectVolume::handlePartitionAdded -> MAJOR 179, MINOR 3, PARTN 3
D/DirectVolume(  170): DirectVolume::handlePartitionAdded -> MAJOR 179, MINOR 4, PARTN 4
D/DirectVolume(  170): DirectVolume::handlePartitionAdded -> MAJOR 179, MINOR 5, PARTN 5
D/DirectVolume(  170): DirectVolume::handlePartitionAdded -> MAJOR 179, MINOR 6, PARTN 6
D/DirectVolume(  170): DirectVolume::handlePartitionAdded -> MAJOR 179, MINOR 7, PARTN 7
D/Vold    (  170): Volume sdcard state changing 2 (Pending) -> 1 (Idle-Unmounted)
D/DirectVolume(  170): DirectVolume::handlePartitionAdded -> MAJOR 179, MINOR 8, PARTN 8
W/Vold    (  170): Duplicate state (1)
D/DirectVolume(  170): DirectVolume::handlePartitionAdded -> MAJOR 179, MINOR 9, PARTN 9
W/Vold    (  170): Duplicate state (1)
D/DirectVolume(  170): DirectVolume::handlePartitionAdded -> MAJOR 179, MINOR 10, PARTN 10
W/Vold    (  170): Duplicate state (1)
D/DirectVolume(  170): DirectVolume::handlePartitionAdded -> MAJOR 179, MINOR 11, PARTN 11
W/Vold    (  170): Duplicate state (1)
D/DirectVolume(  170): DirectVolume::handlePartitionAdded -> MAJOR 179, MINOR 12, PARTN 12
W/Vold    (  170): Duplicate state (1)
D/DirectVolume(  170): DirectVolume::handlePartitionAdded -> MAJOR 179, MINOR 13, PARTN 13
W/Vold    (  170): Duplicate state (1)
D/DirectVolume(  170): DirectVolume::handlePartitionAdded -> MAJOR 179, MINOR 14, PARTN 14
W/Vold    (  170): Duplicate state (1)
D/DirectVolume(  170): DirectVolume::handlePartitionAdded -> MAJOR 179, MINOR 15, PARTN 15
W/Vold    (  170): Duplicate state (1)
D/DirectVolume(  170): DirectVolume::handlePartitionAdded -> MAJOR 179, MINOR 16, PARTN 16
W/Vold    (  170): Duplicate state (1)
D/DirectVolume(  170): DirectVolume::handlePartitionAdded -> MAJOR 179, MINOR 17, PARTN 17
W/Vold    (  170): Duplicate state (1)
D/DirectVolume(  170): DirectVolume::handlePartitionAdded -> MAJOR 179, MINOR 18, PARTN 18
W/Vold    (  170): Duplicate state (1)
D/DirectVolume(  170): DirectVolume::handlePartitionAdded -> MAJOR 179, MINOR 19, PARTN 19
W/Vold    (  170): Duplicate state (1)
D/DirectVolume(  170): DirectVolume::handlePartitionAdded -> MAJOR 179, MINOR 20, PARTN 20
W/Vold    (  170): Duplicate state (1)
D/DirectVolume(  170): DirectVolume::handlePartitionAdded -> MAJOR 179, MINOR 21, PARTN 21
W/Vold    (  170): Duplicate state (1)
D/DirectVolume(  170): DirectVolume::handlePartitionAdded -> MAJOR 179, MINOR 22, PARTN 22
W/Vold    (  170): Duplicate state (1)
D/DirectVolume(  170): DirectVolume::handlePartitionAdded -> MAJOR 179, MINOR 23, PARTN 23
W/Vold    (  170): Duplicate state (1)
D/DirectVolume(  170): DirectVolume::handlePartitionAdded -> MAJOR 179, MINOR 24, PARTN 24
W/Vold    (  170): Duplicate state (1)
D/DirectVolume(  170): DirectVolume::handlePartitionAdded -> MAJOR 179, MINOR 25, PARTN 25
W/Vold    (  170): Duplicate state (1)
D/DirectVolume(  170): DirectVolume::handlePartitionAdded -> MAJOR 179, MINOR 26, PARTN 26
W/Vold    (  170): Duplicate state (1)
D/DirectVolume(  170): DirectVolume::handlePartitionAdded -> MAJOR 179, MINOR 27, PARTN 27
W/Vold    (  170): Duplicate state (1)
D/DirectVolume(  170): DirectVolume::handlePartitionAdded -> MAJOR 179, MINOR 28, PARTN 28
W/Vold    (  170): Duplicate state (1)
D/Vold    (  170): Volume external_sd state changing 0 (No-Media) -> 2 (Pending)
D/DirectVolume(  170): DirectVolume::handlePartitionAdded -> MAJOR 179, MINOR 33, PARTN 1
D/Vold    (  170): Volume external_sd state changing 2 (Pending) -> 1 (Idle-Unmounted)
I/Netd    (  173): Netd 1.0 starting
E/kickstart(  233): RUNNING:	/system/bin/ks -o -v -p /dev/ttyHSL1 -d 10:/system/etc/firmware/dbl.mbn
E/kickstart(  253): ERROR: function: dload_max_write_bytes:178 No data received from the target - timeout occured
E/kickstart(  253): ERROR: function: dload_image:86 Get the device parameter's maximum write size option failed, failing the test
E/kickstart(  253): ERROR: function: main:234 Uploading the image in DLOAD mode failed
E/kickstart(  233): ERROR: Dload return code was 256, something failed
E/kickstart(  233): RUNNING:	/system/bin/ks -o -v -p /dev/ttyHSL1 -d 10:/system/etc/firmware/dbl.mbn
E/BandwidthController(  173): runIptablesCmd(): failed /system/bin/iptables -t raw -N bw_raw_PREROUTING res=768
E/BandwidthController(  173): runIptablesCmd(): failed /system/bin/ip6tables -t raw -N bw_raw_PREROUTING res=768
D/AndroidRuntime(  177): 
D/AndroidRuntime(  177): >>>>>> AndroidRuntime START com.android.internal.os.ZygoteInit <<<<<<
D/AndroidRuntime(  177): CheckJNI is OFF
I/SurfaceFlinger(  176): SurfaceFlinger is starting
I/SurfaceFlinger(  176): use dithering
I/SurfaceFlinger(  176): SurfaceFlinger's main thread ready to run. Initializing graphics H/W...
E/BandwidthController(  173): runIptablesCmd(): failed /system/bin/iptables -t raw -A bw_raw_PREROUTING ! -i lo+ -m owner --socket-exists res=768
I/gralloc (  176): using (fd=14)
I/gralloc (  176): id           = msmfb40_80201
I/gralloc (  176): xres         = 720 px
I/gralloc (  176): yres         = 1280 px
I/gralloc (  176): xres_virtual = 720 px
I/gralloc (  176): yres_virtual = 3840 px
I/gralloc (  176): bpp          = 32
I/gralloc (  176): r            = 24:8
I/gralloc (  176): g            = 16:8
I/gralloc (  176): b            =  8:8
I/gralloc (  176): width        = 58 mm (315.310333 dpi)
I/gralloc (  176): height       = 103 mm (315.650482 dpi)
I/gralloc (  176): refresh rate = 60.00 Hz
D/CALCFPS (  176): DEBUG_CALC_FPS: 0
D/CALCFPS (  176): period: 10
E/BandwidthController(  173): runIptablesCmd(): failed /system/bin/ip6tables -t raw -A bw_raw_PREROUTING ! -i lo+ -m owner --socket-exists res=768
D/CALCFPS (  176): ignorethresh_us: 500000
D/CALCFPS (  176): DEBUG_CALC_FPS: 0
D/CALCFPS (  176): period: 10
D/CALCFPS (  176): ignorethresh_us: 500000
D/MDnsDS  (  173): MDnsSdListener::Hander starting up
D/MDnsDS  (  173): MDnsSdListener starting to monitor
D/MDnsDS  (  173): Going to poll with pollCount 1
D/libEGL  (  176): loaded /system/lib/egl/libEGL_adreno200.so
D/libEGL  (  176): loaded /system/lib/egl/libGLESv1_CM_adreno200.so
D/libEGL  (  176): loaded /system/lib/egl/libGLESv2_adreno200.so
D/        (  175): StartMulticlient:
D/        (  175): StartMulticlient() START
D/        (  175): StartMulticlient() fd=15 END
D/        (  175): [TID] MulticlientLoop(438)
D/        (  175): MulticlientLoop start...
D/        (  175): set_multiclient_max_fd:
D/        (  175): set_multiclient_max_fd: maxfd=15
D/        (  175): set_multiclient_fd_set:
I/mediaserver(  179): ServiceManager: 0x698ce0
I/AudioFlinger(  179): Using default 3000 mSec as standby time.
I/CameraService(  179): CameraService started (pid=179)
E/QualcommCamera(  179): Qint android::get_number_of_cameras(): E
I/QualcommCameraHardware(  179): getCameraInfo: IN
I/Adreno200-EGLSUB(  176): <ConfigWindowMatch:2078>: Format RGBA_8888.
I/QualcommCameraHardware(  179): getCameraInfo: loading libqcamera at 0x400318a4
V/QualcommCameraHardware(  179):  Storing the current target type as 6 
I/QualcommCameraHardware(  179): getCameraInfo: numOfCameras = 2
I/QualcommCameraHardware(  179): Camera sensor 0 info:
I/QualcommCameraHardware(  179): camera_id: 0
I/QualcommCameraHardware(  179): modes_supported: 9
I/QualcommCameraHardware(  179): position: 0
I/QualcommCameraHardware(  179): sensor_mount_angle: 0
I/QualcommCameraHardware(  179): Camera sensor 1 info:
I/QualcommCameraHardware(  179): camera_id: 1
I/QualcommCameraHardware(  179): modes_supported: 5
I/QualcommCameraHardware(  179): position: 1
I/QualcommCameraHardware(  179): sensor_mount_angle: 180
V/QualcommCameraHardware(  179): getCameraInfo: dlclose(libqcamera)
I/QualcommCameraHardware(  179): getCameraInfo: OUT
I/AudioPolicyManagerBase(  179): loadAudioPolicyConfig() loaded /system/etc/audio_policy.conf
E/        (  176): Can't open file for reading
E/        (  176): Can't open file for reading
I/SurfaceFlinger(  176): EGL informations:
I/SurfaceFlinger(  176): # of configs : 36
I/SurfaceFlinger(  176): vendor    : Android
I/SurfaceFlinger(  176): version   : 1.4 Android META-EGL
I/SurfaceFlinger(  176): extensions: EGL_KHR_image EGL_KHR_image_base EGL_KHR_gl_texture_2D_image EGL_KHR_gl_texture_cubemap_image EGL_KHR_gl_renderbuffer_image EGL_KHR_fence_sync EGL_ANDROID_image_native_buffer 
I/SurfaceFlinger(  176): Client API: OpenGL_ES
I/SurfaceFlinger(  176): EGLSurface: 8-8-8-8, config=0x4
I/SurfaceFlinger(  176): OpenGL informations:
I/SurfaceFlinger(  176): vendor    : Qualcomm
I/SurfaceFlinger(  176): renderer  : Adreno (TM) 220
I/SurfaceFlinger(  176): version   : OpenGL ES-CM 1.1
I/SurfaceFlinger(  176): extensions: GL_EXT_debug_marker GL_AMD_compressed_ATC_texture GL_AMD_performance_monitor GL_APPLE_texture_2D_limited_npot GL_ARB_vertex_buffer_object GL_EXT_texture_filter_anisotropic GL_EXT_texture_format_BGRA8888 GL_EXT_texture_type_2_10_10_10_REV GL_OES_blend_equation_separate GL_OES_blend_func_separate GL_OES_blend_subtract GL_OES_compressed_ETC1_RGB8_texture GL_OES_compressed_paletted_texture GL_OES_depth_texture GL_OES_depth24 GL_OES_draw_texture GL_OES_EGL_image GL_OES_EGL_image_external GL_OES_framebuffer_object GL_OES_matrix_palette GL_OES_packed_depth_stencil GL_OES_point_size_array GL_OES_point_sprite GL_OES_read_format GL_OES_rgb8_rgba8 GL_OES_stencil_wrap GL_OES_texture_cube_map GL_OES_texture_env_crossbar GL_OES_texture_float GL_OES_texture_half_float GL_OES_texture_half_float_linear GL_OES_texture_npot GL_OES_texture_mirrored_repeat GL_QCOM_binning_control GL_QCOM_extended_get GL_QCOM_tiled_rendering GL_AMD_compressed_3DC_texture 
I/SurfaceFlinger(  176): GL_MAX_TEXTURE_SIZE = 4096
I/SurfaceFlinger(  176): GL_MAX_VIEWPORT_DIMS = 4096 x 4096
I/SurfaceFlinger(  176): flags = 00000000
D/dalvikvm(  177): Trying to load lib libjavacore.so 0x0
E/HAL     (  176): load: module=/system/lib/hw/hwcomposer.msm8660.so
E/HAL     (  176): Cannot load library: link_image[1916]:   176 could not load needed library 'libQcomUI.so' for 'hwcomposer.msm8660.so' (load_library[1118]: Library 'libQcomUI.so' not found)
W/SurfaceFlinger(  176): hwcomposer module not found
I/SurfaceFlinger(  176): EventThread ready to run.
D/dalvikvm(  177): Added shared lib libjavacore.so 0x0
D/AudioHardwareMSM8660(  179): msm_mixer_open: Opening the device
D/AudioHardwareMSM8660(  179): msm_mixer_count:mixer_cnt =155
I/AudioFlinger(  179): loadHwModule() Loaded primary audio interface from QCOM Audio HW HAL (audio) handle 1
I/AudioFlinger(  179): HAL output buffer size 1200 frames, normal mix buffer size 1200 frames
D/libEGL  (  453): loaded /system/lib/egl/libEGL_adreno200.so
D/libEGL  (  453): loaded /system/lib/egl/libGLESv1_CM_adreno200.so
D/libEGL  (  453): loaded /system/lib/egl/libGLESv2_adreno200.so
I/Adreno200-EGLSUB(  453): <ConfigWindowMatch:2089>: Format RGBX_8888.
D/memalloc(  176): ion: Allocated buffer base:0x42690000 size:3768320 fd:37
D/memalloc(  453): ion: Mapped buffer base:0x411a2000 size:3768320 offset:0 fd:25
E/        (  453): Can't open file for reading
E/        (  453): Can't open file for reading
D/dalvikvm(  177): Trying to load lib libnativehelper.so 0x0
D/dalvikvm(  177): Added shared lib libnativehelper.so 0x0
I/AudioMixer(  179): found effect "Multichannel Downmix To Stereo" from The Android Open Source Project
I/AudioFlinger(  179): Using module 1 has the primary audio interface
D/AudioHardwareInterface(  179): setMode(NORMAL)
I/AudioHardwareMSM8660(  179): Set master volume to 7.
I/AudioFlinger(  179): AudioFlinger's thread 0x6a6ca8 ready to run
W/AudioFlinger(  179): Thread AudioOut_2 cannot connect to the power manager service
D/AudioHardwareMSM8660(  179): AudioStreamOutMSM8x60::standby()
W/AudioFlinger(  179): Thread AudioOut_2 cannot connect to the power manager service
I/AudioHardwareMSM8660(  179): Routing audio to Speakerphone
D/AudioHardwareMSM8660(  179): new_rx = 2
D/AudioHardwareMSM8660(  179): new_tx = 3
D/AudioHardwareMSM8660(  179): updateDeviceInfo() called for default case
D/AudioHardwareMSM8660(  179): updateDeviceInfo: E
D/AudioHardwareMSM8660(  179): simple device switch
E/AudioHardwareMSM8660(  179):  unknown stream 
E/AudioHardwareMSM8660(  179):  AudioHardware::openOutputStream Only one output stream allowed 
I/AudioFlinger(  179): loadHwModule() Loaded a2dp audio interface from A2DP Audio HW HAL (audio) handle 4
I/AudioPolicyService(  179): Loaded audio policy from LEGACY Audio Policy HAL (audio_policy)
D/memalloc(  176): ion: Allocated buffer base:0x42ac8000 size:3768320 fd:40
D/memalloc(  453): ion: Mapped buffer base:0x4322a000 size:3768320 offset:0 fd:30
I/Adreno200-EGLSUB(  176): <CreateImage:893>: Android Image
I/Adreno200-EGLSUB(  176): <GetImageAttributes:1158>: RGBX_8888
D/memalloc(  176): ion: Allocated buffer base:0x42e60000 size:3768320 fd:43
D/memalloc(  453): ion: Mapped buffer base:0x4393a000 size:3768320 offset:0 fd:33
I/Adreno200-EGLSUB(  176): <CreateImage:893>: Android Image
I/Adreno200-EGLSUB(  176): <GetImageAttributes:1158>: RGBX_8888
D/memalloc(  176): ion: Allocated buffer base:0x4322c000 size:3768320 fd:46
D/memalloc(  453): ion: Mapped buffer base:0x43cd2000 size:3768320 offset:0 fd:36
I/Adreno200-EGLSUB(  176): <CreateImage:893>: Android Image
I/Adreno200-EGLSUB(  176): <GetImageAttributes:1158>: RGBX_8888
I/Adreno200-EGLSUB(  176): <CreateImage:893>: Android Image
I/Adreno200-EGLSUB(  176): <GetImageAttributes:1158>: RGBX_8888
I/SamplingProfilerIntegration(  177): Profiling disabled.
I/Zygote  (  177): Preloading classes...
D/dalvikvm(  177): WAIT_FOR_CONCURRENT_GC blocked 0ms
D/dalvikvm(  177): GC_EXPLICIT freed 37K, 90% free 420K/4096K, paused 1ms+1ms, total 3ms
W/Zygote  (  177): Class not found for preloading: android.animation.ValueAnimator$2
W/Zygote  (  177): Class not found for preloading: android.animation.ValueAnimator$3
W/Zygote  (  177): Class not found for preloading: android.animation.ValueAnimator$4
W/Zygote  (  177): Class not found for preloading: android.animation.ValueAnimator$5
W/Zygote  (  177): Class not found for preloading: android.content.res.Resources$1
W/Zygote  (  177): Class not found for preloading: android.database.sqlite.SQLiteCompiledSql
W/Zygote  (  177): Class not found for preloading: android.database.sqlite.SQLiteDatabase$DatabaseReentrantLock
D/TextLayoutCache(  177): Using debug level = 0 - Debug Enabled = 0
I/dalvikvm(  177): threadid=1: recursive native library load attempt (/system/lib/libmedia_jni.so)
D/MtpDeviceJNI(  177): register_android_mtp_MtpDevice
I/dalvikvm(  177): threadid=1: recursive native library load attempt (/system/lib/libmedia_jni.so)
I/dalvikvm(  177): threadid=1: recursive native library load attempt (/system/lib/libmedia_jni.so)
W/Zygote  (  177): Class not found for preloading: android.media.IRemoteControlClientDispatcher
W/Zygote  (  177): Class not found for preloading: android.media.IRemoteControlClientDispatcher$Stub
W/Zygote  (  177): Class not found for preloading: android.os.Power
W/Zygote  (  177): Class not found for preloading: android.text.TextDirectionHeuristics$CharCount
W/Zygote  (  177): Class not found for preloading: android.text.method.WordIterator$1
W/Zygote  (  177): Class not found for preloading: android.view.InputHandler
W/Zygote  (  177): Class not found for preloading: android.view.InputQueue$FinishedCallback
W/Zygote  (  177): Class not found for preloading: android.view.ViewRootImpl$3
E/kickstart(  233): Dload completed successfully
I/dalvikvm(  177): threadid=1: recursive native library load attempt (/system/lib/libwebcore.so)
D/dalvikvm(  177): No JNI_OnLoad found in /system/lib/libchromium_net.so 0x0, skipping init
W/Zygote  (  177): Class not found for preloading: android.widget.EdgeGlow
D/dalvikvm(  177): GC_FOR_ALLOC freed 636K, 61% free 1626K/4096K, paused 16ms, total 16ms
W/Zygote  (  177): Class not found for preloading: android.widget.TextView$Blink
W/Zygote  (  177): Class not found for preloading: android.widget.TextView$EasyEditSpanController
W/Zygote  (  177): Class not found for preloading: android.widget.TextView$InputContentType
W/Zygote  (  177): Class not found for preloading: android.widget.TextView$InputMethodState
W/Zygote  (  177): Class not found for preloading: android.widget.TextView$TextAlign
E/PhonePolicy(  177): Could not preload class for phone policy: com.android.internal.policy.impl.PhoneWindow$ContextMenuCallback
E/kickstart(  233): RUNNING:	/system/bin/ks -v  -w /tombstones/mdm/ -p /dev/tty_sdio_00 -s 11:/system/etc/firmware/osbl.mbn -s 2:/system/etc/firmware/amss.mbn -s 8:/system/etc/firmware/dsp1.mbn -s 12:/system/etc/firmware/dsp2.mbn -s 16:/data/qcks/efs1.bin -s 17:/data/qcks/efs2.bin -s 20:/data/qcks/efs3.bin
I/System  (  177): Loaded time zone names for  in 287ms (284ms in ICU)
I/System  (  177): Loaded time zone names for en_US in 148ms (143ms in ICU)
I/System  (  177): Loaded time zone names for zh_CN in 166ms (162ms in ICU)
I/Zygote  (  177): ...preloaded 2282 classes in 2398ms.
D/dalvikvm(  177): WAIT_FOR_CONCURRENT_GC blocked 0ms
D/dalvikvm(  177): GC_EXPLICIT freed 1026K, 47% free 2196K/4096K, paused 2ms+3ms, total 35ms
I/Zygote  (  177): Preload resources disabled, skipped.
D/dalvikvm(  177): WAIT_FOR_CONCURRENT_GC blocked 0ms
D/dalvikvm(  177): GC_EXPLICIT freed 9K, 47% free 2188K/4096K, paused 2ms+2ms, total 23ms
D/dalvikvm(  177): WAIT_FOR_CONCURRENT_GC blocked 0ms
D/dalvikvm(  177): GC_EXPLICIT freed <1K, 47% free 2187K/4096K, paused 2ms+2ms, total 25ms
D/dalvikvm(  177): WAIT_FOR_CONCURRENT_GC blocked 0ms
D/dalvikvm(  177): GC_EXPLICIT freed <1K, 47% free 2187K/4096K, paused 3ms+2ms, total 25ms
I/dalvikvm(  177): System server process 498 has been created
I/Zygote  (  177): Accepting command socket connections
D/dalvikvm(  498): WAIT_FOR_CONCURRENT_GC blocked 0ms
I/sysproc (  498): Entered system_init()
I/sysproc (  498): ServiceManager: 0x28c968
D/SensorService(  498): nuSensorService starting...
E/SensorService(  498): couldn't load sensors module (No such file or directory)
I/sysproc (  498): System server: starting Android runtime.
I/sysproc (  498): System server: starting Android services.
I/sysproc (  498): System server: entering thread pool.
I/SystemServer(  498): Entered the Android system server!
I/SystemServer(  498): Entropy Mixer
E/msm8660 PowerHAL(  498): Error opening /sys/devices/system/cpu/cpufreq/ondemand/sampling_rate: No such file or directory
I/SystemServer(  498): Power Manager
I/SystemServer(  498): Activity Manager
I/ActivityManager(  498): Memory class: 64
I/SystemServer(  498): Telephony Registry
I/SystemServer(  498): Scheduling Policy
I/SystemServer(  498): Package Manager
W/PackageParser(  498): No actions in intent filter at /system/app/Bluetooth.apk Binary XML file line #159
W/PackageParser(  498): No actions in intent filter at /system/app/Contacts.apk Binary XML file line #546
W/PackageManager(  498): Package com.android.gallery3d desires unavailable shared library com.google.android.media.effects; ignoring!
E/kickstart(  233): Sahara transfer completed successfully
D/PackageManager(  498): No files in app dir /vendor/app
I/installd(  181): new connection
I/Installer(  498): connecting...
I/PackageManager(  498): Time to scan packages: 2.089 seconds
W/PackageManager(  498): Unknown permission com.google.android.googleapps.permission.GOOGLE_AUTH.mail in package com.android.contacts
W/PackageManager(  498): Unknown permission com.android.launcher.permission.INSTALL_SHORTCUT in package com.android.contacts
W/PackageManager(  498): Unknown permission android.permission.ADD_SYSTEM_SERVICE in package com.android.phone
W/PackageManager(  498): Unknown permission com.google.android.googleapps.permission.GOOGLE_AUTH in package com.android.providers.calendar
W/PackageManager(  498): Unknown permission com.google.android.googleapps.permission.GOOGLE_AUTH.cl in package com.android.providers.calendar
W/PackageManager(  498): Unknown permission com.google.android.googleapps.permission.GOOGLE_AUTH.mail in package com.android.calendar
W/PackageManager(  498): Not granting permission android.permission.SEND_DOWNLOAD_COMPLETED_INTENTS to package com.android.browser (protectionLevel=2 flags=0x9be45)
W/PackageManager(  498): Unknown permission com.android.launcher.permission.INSTALL_SHORTCUT in package com.android.browser
W/PackageManager(  498): Unknown permission com.google.android.c2dm.permission.RECEIVE in package com.koushikdutta.rommanager
W/PackageManager(  498): Unknown permission com.android.vending.BILLING in package com.koushikdutta.rommanager
W/PackageManager(  498): Unknown permission com.google.android.googleapps.permission.GOOGLE_AUTH in package com.android.settings
W/PackageManager(  498): Unknown permission com.android.launcher.permission.READ_SETTINGS in package com.android.settings
W/PackageManager(  498): Unknown permission com.android.launcher.permission.WRITE_SETTINGS in package com.android.settings
W/PackageManager(  498): Unknown permission com.google.android.googleapps.permission.GOOGLE_AUTH in package com.android.providers.contacts
W/PackageManager(  498): Unknown permission com.google.android.googleapps.permission.GOOGLE_AUTH.cp in package com.android.providers.contacts
W/PackageManager(  498): Unknown permission android.permission.ACCESS_4G_RADIO_DISABLE in package com.android.systemui
W/PackageManager(  498): Unknown permission android.permission.ACCESS_4G_STATE in package com.android.systemui
W/PackageManager(  498): Unknown permission android.permission.CHANGE_4G_STATE in package com.android.systemui
W/PackageManager(  498): Unknown permission com.google.android.googleapps.permission.ACCESS_GOOGLE_PASSWORD in package com.android.development
W/PackageManager(  498): Unknown permission com.google.android.googleapps.permission.GOOGLE_AUTH in package com.android.development
W/PackageManager(  498): Unknown permission com.google.android.googleapps.permission.GOOGLE_AUTH.ALL_SERVICES in package com.android.development
W/PackageManager(  498): Unknown permission com.google.android.googleapps.permission.GOOGLE_AUTH.YouTubeUser in package com.android.development
W/PackageManager(  498): Not granting permission android.permission.DEVICE_POWER to package com.android.deskclock (protectionLevel=2 flags=0x8be45)
D/dalvikvm(  498): WAIT_FOR_CONCURRENT_GC blocked 0ms
D/dalvikvm(  498): GC_EXPLICIT freed 2042K, 69% free 3885K/12288K, paused 2ms+6ms, total 42ms
I/SystemServer(  498): Account Manager
D/PackageManager(  498): generateServicesMap(android.accounts.AccountAuthenticator): 2 services unchanged
I/SystemServer(  498): Content Manager
D/PackageManager(  498): generateServicesMap(android.content.SyncAdapter): 4 services unchanged
I/ActivityThread(  498): Pub settings: com.android.providers.settings.SettingsProvider
I/SystemServer(  498): System Content Providers
D/SettingsProvider(  498): cache for settings table 'secure' rows=42; fullycached=true
D/SettingsProvider(  498): cache for settings table 'system' rows=58; fullycached=true
I/SystemServer(  498): Lights Service
I/SystemServer(  498): Battery Service
I/SystemServer(  498): Vibrator Service
I/libsuspend(  498): Selected early suspend
E/msm8660 PowerHAL(  498): Error opening /sys/devices/system/cpu/cpufreq/ondemand/sampling_rate: No such file or directory
D/lights  (  498): set_light_buttons: color=0xff666666, tlc=1.
D/AlarmManagerService(  498): Kernel timezone updated to -480 minutes west of GMT
I/SystemServer(  498): Alarm Manager
I/SystemServer(  498): Init Watchdog
I/SystemServer(  498): Window Manager
I/InputManager(  498): Initializing input manager
W/StatusBarManager(  498): warning: no STATUS_BAR_SERVICE
D/PermissionCache(  176): checking android.permission.ACCESS_SURFACE_FLINGER for uid=1000 => granted (457 us)
D/EventHub(  498): No input device configuration file found for device 'sec_touchkey'.
I/InputManager(  498): Starting input manager
I/SystemServer(  498): Bluetooth Service
I/BluetoothProfileState(  498): Message:Entering Stable State
I/BluetoothProfileState(  498): Message:Entering Stable State
I/BluetoothProfileState(  498): Message:Entering Stable State
W/WVMExtractor(  179): Failed to open libwvm.so
D/BluetoothA2dpService(  498): has_special_extra_keys: com.amazon.mp3.metachanged
D/BluetoothA2dpService(  498): key_name: com.amazon.mp3.metachanged_track
I/EventHub(  498): New device: id=1, fd=97, path='/dev/input/event10', name='sec_touchkey', classes=0x1, configuration='', keyLayout='/system/usr/keylayout/Generic.kl', keyCharacterMap='/system/usr/keychars/Generic.kcm', builtinKeyboard=false, usingSuspendBlockIoctl=false, usingClockIoctl=false
D/EventHub(  498): No input device configuration file found for device 'orientation_sensor'.
W/QComExtractorFactory(  179): Didn't match the sniff <=== status = 5 
W/QComExtractorFactory(  179): Didn't match the sniff <=== status = 1 
W/QComExtractorFactory(  179): Didn't match the sniff <=== status = 1 
W/QComExtractorFactory(  179): Didn't match the sniff <=== status = 1 
E/MM_OSAL (  179): FileSourceHelper::ValidateAACFile failed
W/QComExtractorFactory(  179): Didn't match the sniff <=== status = 1 
D/BluetoothAdapterStateMachine(  498): PowerOff process message: 5
D/BluetoothA2dpService(  498): com.amazon.mp3.metachanged_track: com.amazon.mp3.track
D/BluetoothA2dpService(  498): key_name: com.amazon.mp3.metachanged_artist
D/BluetoothA2dpService(  498): com.amazon.mp3.metachanged_artist: com.amazon.mp3.artist
D/BluetoothA2dpService(  498): key_name: com.amazon.mp3.metachanged_album
D/BluetoothA2dpService(  498): com.amazon.mp3.metachanged_album: com.amazon.mp3.album
D/BluetoothA2dpService(  498): key_name: com.amazon.mp3.metachanged_id
D/BluetoothA2dpService(  498): com.amazon.mp3.metachanged_id: com.amazon.mp3.id
D/BluetoothA2dpService(  498): has_special_extra_keys: com.amazon.mp3.playstatechanged
D/BluetoothA2dpService(  498): key_name: com.amazon.mp3.playstatechanged_track
D/BluetoothA2dpService(  498): com.amazon.mp3.playstatechanged_track: com.amazon.mp3.track
D/BluetoothA2dpService(  498): key_name: com.amazon.mp3.playstatechanged_artist
D/BluetoothA2dpService(  498): com.amazon.mp3.playstatechanged_artist: com.amazon.mp3.artist
D/BluetoothA2dpService(  498): key_name: com.amazon.mp3.playstatechanged_album
D/BluetoothA2dpService(  498): com.amazon.mp3.playstatechanged_album: com.amazon.mp3.album
D/BluetoothA2dpService(  498): key_name: com.amazon.mp3.playstatechanged_id
D/BluetoothA2dpService(  498): com.amazon.mp3.playstatechanged_id: com.amazon.mp3.id
I/SystemServer(  498): Input Method Service
W/InputMethodManagerService(  498): Couldn't create dir.: /data/system/inputmethod
W/WVMExtractor(  179): Failed to open libwvm.so
W/QComExtractorFactory(  179): Didn't match the sniff <=== status = 5 
W/QComExtractorFactory(  179): Didn't match the sniff <=== status = 1 
W/QComExtractorFactory(  179): Didn't match the sniff <=== status = 1 
W/QComExtractorFactory(  179): Didn't match the sniff <=== status = 1 
E/MM_OSAL (  179): FileSourceHelper::ValidateAACFile failed
W/QComExtractorFactory(  179): Didn't match the sniff <=== status = 1 
I/SystemServer(  498): Accessibility Manager
I/ActivityManager(  498): Config changed: {1.0 0mcc0mnc zh_CN sw360dp w360dp h615dp nrml long port ?uimode ?night -touch -keyb/v/h -nav/h s.2 themeResource=null}
I/SystemServer(  498): Mount Service
D/MountService(  498): got storage path: /storage/sdcard0 description: 内存设备 primary: true removable: false emulated: false mtpReserve: 0 allowMassStorage: true maxFileSize: 0
D/MountService(  498): got storage path: /storage/sdcard1 description: SD 卡 primary: false removable: true emulated: false mtpReserve: 0 allowMassStorage: true maxFileSize: 0
D/MountService(  498): got storage path: /mnt/usbdisk description: USB 存储器 primary: false removable: true emulated: false mtpReserve: 0 allowMassStorage: false maxFileSize: 0
D/EventHub(  498): No input device configuration file found for device 'gyro_sensor'.
I/bluedroid(  498): Starting hciattach daemon
I/SystemServer(  498): LockSettingsService
I/SystemServer(  498): Device Policy
I/SystemServer(  498): Status Bar
I/SystemServer(  498): Clipboard Service
I/SystemServer(  498): NetworkManagement Service
D/VoldCmdListener(  170): volume list
I/SystemServer(  498): Text Service Manager Service
I/PackageManager(  498): Updating external media status from unmounted to unmounted
I/PackageManager(  498): No secure containers on sdcard
I/SystemServer(  498): NetworkStats Service
D/MountService(  498): volume state changed for /storage/sdcard0 (null -> unmounted)
D/MountService(  498): volume state changed for /storage/sdcard1 (null -> unmounted)
D/MountService(  498): volume state changed for /mnt/usbdisk (null -> removed)
W/MountService(  498): getSecureContainerList() called when storage not mounted
D/VoldCmdListener(  170): asec list
I/SystemServer(  498): NetworkPolicy Service
W/PackageManager(  498): Unknown permission com.google.android.googleapps.permission.GOOGLE_AUTH.mail in package com.android.contacts
W/PackageManager(  498): Unknown permission com.android.launcher.permission.INSTALL_SHORTCUT in package com.android.contacts
W/PackageManager(  498): Unknown permission android.permission.ADD_SYSTEM_SERVICE in package com.android.phone
W/PackageManager(  498): Unknown permission com.google.android.googleapps.permission.GOOGLE_AUTH in package com.android.providers.calendar
W/PackageManager(  498): Unknown permission com.google.android.googleapps.permission.GOOGLE_AUTH.cl in package com.android.providers.calendar
W/PackageManager(  498): Unknown permission com.google.android.googleapps.permission.GOOGLE_AUTH.mail in package com.android.calendar
W/PackageManager(  498): Not granting permission android.permission.SEND_DOWNLOAD_COMPLETED_INTENTS to package com.android.browser (protectionLevel=2 flags=0x9be45)
W/PackageManager(  498): Unknown permission com.android.launcher.permission.INSTALL_SHORTCUT in package com.android.browser
I/SystemServer(  498): Wi-Fi P2pService
W/PackageManager(  498): Unknown permission com.google.android.c2dm.permission.RECEIVE in package com.koushikdutta.rommanager
W/PackageManager(  498): Unknown permission com.android.vending.BILLING in package com.koushikdutta.rommanager
W/PackageManager(  498): Unknown permission com.google.android.googleapps.permission.GOOGLE_AUTH in package com.android.settings
W/PackageManager(  498): Unknown permission com.android.launcher.permission.READ_SETTINGS in package com.android.settings
W/PackageManager(  498): Unknown permission com.android.launcher.permission.WRITE_SETTINGS in package com.android.settings
W/PackageManager(  498): Unknown permission com.google.android.googleapps.permission.GOOGLE_AUTH in package com.android.providers.contacts
W/PackageManager(  498): Unknown permission com.google.android.googleapps.permission.GOOGLE_AUTH.cp in package com.android.providers.contacts
W/PackageManager(  498): Unknown permission android.permission.ACCESS_4G_RADIO_DISABLE in package com.android.systemui
W/PackageManager(  498): Unknown permission android.permission.ACCESS_4G_STATE in package com.android.systemui
W/PackageManager(  498): Unknown permission android.permission.CHANGE_4G_STATE in package com.android.systemui
W/PackageManager(  498): Unknown permission com.google.android.googleapps.permission.ACCESS_GOOGLE_PASSWORD in package com.android.development
W/PackageManager(  498): Unknown permission com.google.android.googleapps.permission.GOOGLE_AUTH in package com.android.development
W/PackageManager(  498): Unknown permission com.google.android.googleapps.permission.GOOGLE_AUTH.ALL_SERVICES in package com.android.development
W/PackageManager(  498): Unknown permission com.google.android.googleapps.permission.GOOGLE_AUTH.YouTubeUser in package com.android.development
W/PackageManager(  498): Not granting permission android.permission.DEVICE_POWER to package com.android.deskclock (protectionLevel=2 flags=0x8be45)
D/EventHub(  498): No input device configuration file found for device 'light_sensor'.
I/SystemServer(  498): Wi-Fi Service
E/CommandListener(  173): Failed to open /proc/sys/net/ipv6/conf/wlan0/disable_ipv6: No such file or directory
E/WifiStateMachine(  498): Failed to disable IPv6: java.lang.IllegalStateException: command '1 interface ipv6 wlan0 disable' failed with '400 1 Failed to change IPv6 state (No such file or directory)'
I/SystemServer(  498): Connectivity Service
D/ConnectivityService(  498): ConnectivityService starting up
E/ConnectivityService(  498): Ignoring protectedNetwork 10
E/ConnectivityService(  498): Ignoring protectedNetwork 11
E/ConnectivityService(  498): Ignoring protectedNetwork 12
E/MobileDataStateTracker(  498): default: Ignoring feature request because could not acquire PhoneService
E/MobileDataStateTracker(  498): default: Could not enable APN type "default"
I/WifiService(  498): WifiService starting up with Wi-Fi disabled
I/SystemServer(  498): Network Service Discovery Service
D/NsdService(  498): Network service discovery enabled true
I/SystemServer(  498): Throttle Service
I/SystemServer(  498): UpdateLock Service
I/SystemServer(  498): Profile Manager
D/ProfileService(  498): Found active: 318015cb-c6bb-44d3-873a-0b3d9b1a1fae
D/EventHub(  498): No input device configuration file found for device 'proximity_sensor'.
D/ProfileService(  498): Set active profile to: 318015cb-c6bb-44d3-873a-0b3d9b1a1fae - Default
D/ProfileService(  498): Saving profile data...
D/ProfileService(  498): Save completed.
I/SystemServer(  498): Notification Manager
I/SystemServer(  498): Device Storage Monitor
I/SystemServer(  498): Location Manager
I/SystemServer(  498): Country Detector
I/SystemServer(  498): Search Service
I/SystemServer(  498): DropBox Service
I/SystemServer(  498): Wallpaper Service
I/SystemServer(  498): Audio Service
D/EventHub(  498): No input device configuration file found for device 'sec_touchscreen'.
I/EventHub(  498): New device: id=6, fd=164, path='/dev/input/event3', name='sec_touchscreen', classes=0x15, configuration='', keyLayout='/system/usr/keylayout/Generic.kl', keyCharacterMap='/system/usr/keychars/Generic.kcm', builtinKeyboard=false, usingSuspendBlockIoctl=false, usingClockIoctl=false
E/EventHub(  498): could not get driver version for /dev/input/mice, Not a typewriter
I/SystemServer(  498): Dock Observer
I/SystemServer(  498): Wired Accessory Observer
W/WiredAccessoryObserver(  498): This kernel does not have usb audio support
I/SystemServer(  498): USB Service
I/SystemServer(  498): Serial Service
I/SystemServer(  498): UI Mode Manager Service
I/SystemServer(  498): Backup Service
D/EventHub(  498): No input device configuration file found for device 'sec_jack'.
D/dalvikvm(  498): GC_CONCURRENT freed 1537K, 67% free 4151K/12288K, paused 20ms+3ms, total 72ms
I/EventHub(  498): New device: id=7, fd=171, path='/dev/input/event1', name='sec_jack', classes=0x1, configuration='', keyLayout='/system/usr/keylayout/Generic.kl', keyCharacterMap='/system/usr/keychars/Generic.kcm', builtinKeyboard=false, usingSuspendBlockIoctl=false, usingClockIoctl=false
D/EventHub(  498): No input device configuration file found for device 'sii9234_rcp'.
I/EventHub(  498): New device: id=8, fd=47, path='/dev/input/event0', name='sii9234_rcp', classes=0x21, configuration='', keyLayout='/system/usr/keylayout/sii9234_rcp.kl', keyCharacterMap='/system/usr/keychars/Generic.kcm', builtinKeyboard=false, usingSuspendBlockIoctl=false, usingClockIoctl=false
D/EventHub(  498): No input device configuration file found for device 'fsa9480'.
V/BackupManagerService(  498): Initializing package tracking
V/BackupManagerService(  498): No ancestral data
I/EventHub(  498): New device: id=9, fd=52, path='/dev/input/event7', name='fsa9480', classes=0x1, configuration='', keyLayout='/system/usr/keylayout/Generic.kl', keyCharacterMap='/system/usr/keychars/Generic.kcm', builtinKeyboard=false, usingSuspendBlockIoctl=false, usingClockIoctl=false
D/EventHub(  498): No input device configuration file found for device 'pmic8xxx_pwrkey'.
I/EventHub(  498): New device: id=10, fd=112, path='/dev/input/event4', name='pmic8xxx_pwrkey', classes=0x1, configuration='', keyLayout='/system/usr/keylayout/Generic.kl', keyCharacterMap='/system/usr/keychars/Generic.kcm', builtinKeyboard=false, usingSuspendBlockIoctl=false, usingClockIoctl=false
D/EventHub(  498): No input device configuration file found for device 'ffa-keypad'.
I/EventHub(  498): New device: id=11, fd=172, path='/dev/input/event2', name='ffa-keypad', classes=0x1, configuration='', keyLayout='/system/usr/keylayout/ffa-keypad.kl', keyCharacterMap='/system/usr/keychars/Generic.kcm', builtinKeyboard=true, usingSuspendBlockIoctl=false, usingClockIoctl=false
V/BackupManagerService(  498): addPackageParticipantsLocked: all
I/BackupManagerService(  498): New app android never backed up; scheduling
D/BackupManagerService(  498): Now staging backup of android
I/InputReader(  498): Device added: id=-1, name='Virtual', sources=0x00000301
I/InputReader(  498): Device added: id=0, name='ffa-keypad', sources=0x00000101
I/InputReader(  498): Device added: id=10, name='pmic8xxx_pwrkey', sources=0x00000101
I/InputReader(  498): Device added: id=9, name='fsa9480', sources=0x00000101
I/InputReader(  498): Device added: id=8, name='sii9234_rcp', sources=0x00000301
I/InputReader(  498): Device added: id=7, name='sec_jack', sources=0x00000101
I/InputReader(  498):   Touch device 'sec_touchscreen' could not query the properties of its associated display 0.  The device will be inoperable until the display size becomes available.
I/InputReader(  498): Device added: id=6, name='sec_touchscreen', sources=0x00001103
I/InputReader(  498): Device added: id=1, name='sec_touchkey', sources=0x00000101
I/InputReader(  498): Reconfiguring input devices.  changes=0x00000004
I/InputReader(  498): Device reconfigured: id=6, name='sec_touchscreen', surface size is now 720x1280, mode is 1
I/ActivityManager(  498): Config changed: {1.0 0mcc0mnc zh_CN sw360dp w360dp h615dp nrml long port ?uimode ?night finger -keyb/v/h dpad/v s.3 themeResource=null}
E/brcm_patchram_plus(  556): Done setting line discpline
I/BackupManagerService(  498): New app com.android.browser never backed up; scheduling
D/BackupManagerService(  498): Now staging backup of com.android.browser
I/BackupManagerService(  498): New app com.android.calendar never backed up; scheduling
D/BackupManagerService(  498): Now staging backup of com.android.calendar
I/BackupManagerService(  498): New app com.android.inputmethod.latin never backed up; scheduling
D/BackupManagerService(  498): Now staging backup of com.android.inputmethod.latin
I/BackupManagerService(  498): New app com.android.nfc never backed up; scheduling
D/BackupManagerService(  498): Now staging backup of com.android.nfc
I/BackupManagerService(  498): New app com.android.providers.settings never backed up; scheduling
D/BackupManagerService(  498): Now staging backup of com.android.providers.settings
I/BackupManagerService(  498): New app com.android.providers.userdictionary never backed up; scheduling
W/bluedroid(  498): Bluetoothd already started, unexpectedly!
I/bluedroid(  498): Starting bluetoothd deamon
E/BluetoothEventLoop.cpp(  498): get_adapter_path: D-Bus error: org.freedesktop.DBus.Error.ServiceUnknown (The name org.bluez was not provided by any .service files)
D/BackupManagerService(  498): Now staging backup of com.android.providers.userdictionary
E/BluetoothEventLoop.cpp(  498): get_adapter_path: D-Bus error: org.freedesktop.DBus.Error.ServiceUnknown (The name org.bluez was not provided by any .service files)
I/BackupManagerService(  498): New app com.android.sharedstoragebackup never backed up; scheduling
D/BackupManagerService(  498): Now staging backup of com.android.sharedstoragebackup
E/BluetoothEventLoop.cpp(  498): get_adapter_path: D-Bus error: org.freedesktop.DBus.Error.ServiceUnknown (The name org.bluez was not provided by any .service files)
V/BackupManagerService(  498): Registering transport android/com.android.internal.backup.LocalTransport = com.android.internal.backup.LocalTransport@40ef6700
V/BackupManagerService(  498): Starting with transport com.google.android.backup/.BackupTransportService
V/BackupManagerService(  498): Google transport not present
I/BackupManagerService(  498): Found stale backup journal, scheduling
E/BluetoothEventLoop.cpp(  498): get_adapter_path: D-Bus error: org.freedesktop.DBus.Error.ServiceUnknown (The name org.bluez was not provided by any .service files)
I/BackupManagerService(  498):   android
I/BackupManagerService(  498):   com.android.browser
I/BackupManagerService(  498):   com.android.calendar
I/BackupManagerService(  498):   com.android.inputmethod.latin
I/BackupManagerService(  498):   com.android.nfc
I/BackupManagerService(  498):   com.android.providers.settings
I/BackupManagerService(  498):   com.android.providers.userdictionary
I/BackupManagerService(  498):   com.android.sharedstoragebackup
E/BluetoothEventLoop.cpp(  498): get_adapter_path: D-Bus error: org.freedesktop.DBus.Error.ServiceUnknown (The name org.bluez was not provided by any .service files)
I/BackupManagerService(  498): Backup enabled => false
I/BackupManagerService(  498): Opting out of backup
I/SystemServer(  498): AppWidget Service
I/SystemServer(  498): Recognition Service
I/SystemServer(  498): DiskStats Service
I/SystemServer(  498): SamplingProfiler Service
I/SystemServer(  498): NetworkTimeUpdateService
I/SystemServer(  498): CommonTimeManagementService
I/SystemServer(  498): CertBlacklister
I/SystemServer(  498): AssetRedirectionManager Service
I/WindowManager(  498): SAFE MODE not enabled
D/dalvikvm(  498): JIT started for system_server
E/BluetoothEventLoop.cpp(  498): get_adapter_path: D-Bus error: org.freedesktop.DBus.Error.ServiceUnknown (The name org.bluez was not provided by any .service files)
E/BluetoothEventLoop.cpp(  498): get_adapter_path: D-Bus error: org.freedesktop.DBus.Error.ServiceUnknown (The name org.bluez was not provided by any .service files)
D/PowerManagerService(  498): system ready!
E/BluetoothEventLoop.cpp(  498): get_adapter_path: D-Bus error: org.bluez.Error.NoSuchAdapter (No such adapter)
E/BluetoothEventLoop.cpp(  498): failure setting up Event Loop!
V/LockPatternKeyguardView(  498): Set visibility on com.android.internal.policy.impl.LockPatternKeyguardView$5@40e95b28 to 0
I/Zygote  (  498): Process: zygote socket opened
I/ActivityManager(  498): System now ready
I/SystemServer(  498): Making services ready
D/SystemServer(  498): Starting service: Intent { cmp=com.android.systemui/.SystemUIService }
I/ActivityManager(  498): Start proc com.android.systemui for service com.android.systemui/.SystemUIService: pid=591 uid=10038 gids={1028, 1015, 3002, 3001}
D/NetworkManagementService(  498): enabling bandwidth control
D/ActivityThread(  591): setTargetHeapUtilization:0.25
D/ActivityThread(  591): setTargetHeapIdealFree:8388608
D/ActivityThread(  591): setTargetHeapConcurrentStart:2097152
D/dalvikvm(  498): GC_CONCURRENT freed 704K, 58% free 5211K/12288K, paused 6ms+3ms, total 56ms
D/dalvikvm(  498): WAIT_FOR_CONCURRENT_GC blocked 47ms
E/BandwidthController(  173): runIptablesCmd(): failed /system/bin/iptables -t raw -A bw_raw_PREROUTING ! -i lo+ -m owner --socket-exists res=768
D/SystemUIService(  591): loading: class com.android.systemui.statusbar.phone.PhoneStatusBar
D/SystemUIService(  591): running: com.android.systemui.statusbar.phone.PhoneStatusBar@40ebca70
E/BandwidthController(  173): runIptablesCmd(): failed /system/bin/ip6tables -t raw -A bw_raw_PREROUTING ! -i lo+ -m owner --socket-exists res=768
F/NetworkManagementService(  498): problem enabling bandwidth controls
F/NetworkManagementService(  498): com.android.server.NativeDaemonConnector$NativeDaemonFailureException: command '2 bandwidth enable' failed with '400 2 Bandwidth command failed'
F/NetworkManagementService(  498): 	at com.android.server.NativeDaemonConnector.execute(NativeDaemonConnector.java:345)
F/NetworkManagementService(  498): 	at com.android.server.NativeDaemonConnector.executeForList(NativeDaemonConnector.java:282)
F/NetworkManagementService(  498): 	at com.android.server.NativeDaemonConnector.execute(NativeDaemonConnector.java:248)
F/NetworkManagementService(  498): 	at com.android.server.NetworkManagementService.prepareNativeDaemon(NetworkManagementService.java:293)
F/NetworkManagementService(  498): 	at com.android.server.NetworkManagementService.systemReady(NetworkManagementService.java:189)
F/NetworkManagementService(  498): 	at com.android.server.ServerThread$1.run(SystemServer.java:819)
F/NetworkManagementService(  498): 	at com.android.server.am.ActivityManagerService.systemReady(ActivityManagerService.java:7638)
F/NetworkManagementService(  498): 	at com.android.server.ServerThread.run(SystemServer.java:808)
V/TransportControlView(  498): Create TCV com.android.internal.widget.TransportControlView@41033320
I/StatusBarManagerService(  498): registerStatusBar bar=com.android.internal.statusbar.IStatusBar$Stub$Proxy@40fc5528
W/NetworkStats(  498): bandwidth controls disabled, unable to track stats
W/NetworkPolicy(  498): bandwidth controls disabled, unable to enforce policy
I/ActivityManager(  498): Config changed: {1.0 0mcc0mnc zh_CN sw360dp w360dp h615dp nrml long port finger -keyb/v/h dpad/v s.4 themeResource=null}
W/RecognitionManagerService(  498): no available voice recognition services found
I/ActivityManager(  498): Start proc android.process.media for broadcast com.android.providers.media/.UsbReceiver: pid=650 uid=10014 gids={1015, 1023, 1024, 1028, 2001, 3003, 3007}
V/KeyguardViewManager(  498): KGVM: Set visibility on com.android.internal.policy.impl.KeyguardViewManager$KeyguardViewHost@410f5b40 to 6291456
D/ActivityThread(  650): setTargetHeapUtilization:0.25
D/ActivityThread(  650): setTargetHeapIdealFree:8388608
D/ActivityThread(  650): setTargetHeapConcurrentStart:2097152
I/ActivityThread(  650): Pub media: com.android.providers.media.MediaProvider
I/ActivityThread(  650): Pub downloads: com.android.providers.downloads.DownloadProvider
I/PowerWidget(  591): Clearing any old widget stuffs
I/PowerWidget(  591): Setting up widget
I/PowerWidget(  591): Default buttons being loaded
I/PowerWidget(  591): Button list: toggleWifi|toggleBluetooth|toggleGPS|toggleSound
D/libEGL  (  498): loaded /system/lib/egl/libEGL_adreno200.so
D/libEGL  (  498): loaded /system/lib/egl/libGLESv1_CM_adreno200.so
D/libEGL  (  498): loaded /system/lib/egl/libGLESv2_adreno200.so
I/ActivityManager(  498): Start proc com.android.phasebeam for service com.android.phasebeam/.PhaseBeamWallpaper: pid=669 uid=10028 gids={1028}
W/InputMethodManagerService(  498): Ignoring setImeWindowStatus of uid 1000 token: null
I/ActivityThread(  650): Pub drm: com.android.providers.drm.DrmProvider
I/DownloadManager(  650): in removeSpuriousFiles
I/Adreno200-EGLSUB(  498): <ConfigWindowMatch:2078>: Format RGBA_8888.
D/memalloc(  176): ion: Allocated buffer base:0x43771000 size:3768320 fd:49
D/memalloc(  498): ion: Mapped buffer base:0x611b9000 size:3768320 offset:0 fd:206
E/        (  498): Can't open file for reading
E/        (  498): Can't open file for reading
D/OpenGLRenderer(  498): Enabling debug mode 0
D/BluetoothEventLoop(  498): Property Changed: Pairable : false
D/BluetoothEventLoop(  498): Property Changed: Powered : false
D/BluetoothEventLoop(  498): Property Changed: UUIDs : 5
I/ActivityManager(  498): Start proc com.android.inputmethod.latin for service com.android.inputmethod.latin/.LatinIME: pid=680 uid=10021 gids={1028}
I/LocationManagerService(  498): Setting GPS Source to: 0
V/LockPatternKeyguardView(  498): Set visibility on com.android.internal.policy.impl.LockPatternKeyguardView$5@40e95b28 to 8388608
I/CommonTimeManagementService(  498): No common time service detected on this platform.  Common time services will be unavailable.
I/InputReader(  498): Reconfiguring input devices.  changes=0x00000020
D/ActivityThread(  669): setTargetHeapUtilization:0.25
D/ActivityThread(  669): setTargetHeapIdealFree:8388608
D/ActivityThread(  669): setTargetHeapConcurrentStart:2097152
I/InputReader(  498): Reconfiguring input devices.  changes=0x00000010
E/BluetoothService.cpp(  498): setBluetoothTetheringNative true
I/ActivityManager(  498): Start proc com.android.phone for added application com.android.phone: pid=702 uid=1001 gids={3002, 3001, 3003, 1015, 1028}
D/BluetoothAdapterStateMachine(  498): WarmUp process message: 54
W/ThrottleService(  498): unable to find stats for iface rmnet_sdio0
D/BluetoothEventLoop(  498): Property Changed: UUIDs : 6
D/BluetoothEventLoop(  498): Property Changed: UUIDs : 7
D/BluetoothEventLoop(  498): Property Changed: UUIDs : 8
I/ActivityManager(  498): Start proc com.android.nfc for added application com.android.nfc: pid=709 uid=1027 gids={3002, 3001, 1015, 1028}
