D/MediaProvider(  658): object removed 11444
D/memalloc( 1372): ion: Mapped buffer base:0x5ed05000 size:3768320 offset:0 fd:72
D/MediaProvider(  658): object removed 11445
D/MediaProvider(  658): object removed 11446
D/MediaProvider(  658): object removed 11447
D/MediaProvider(  658): object removed 11448
I/Adreno200-EGLSUB(  176): <CreateImage:893>: Android Image
I/Adreno200-EGLSUB(  176): <GetImageAttributes:1102>: RGBA_8888
D/MediaProvider(  658): object removed 11449
D/MediaProvider(  658): object removed 11450
D/MediaProvider(  658): object removed 11451
D/MediaProvider(  658): object removed 11452
D/MediaProvider(  658): object removed 11453
D/MediaProvider(  658): object removed 11454
W/ActivityManager(  500): Permission denied: checkComponentPermission() owningUid=1000
W/BroadcastQueue(  500): Permission Denial: broadcasting Intent { act=android.appwidget.action.APPWIDGET_UPDATE_OPTIONS flg=0x10 cmp=com.android.settings/.widget.SettingsAppWidgetProvider (has extras) } from android (pid=1372, uid=10042) is not exported from uid 1000 due to receiver com.android.settings/com.android.settings.widget.SettingsAppWidgetProvider
D/AudioHardwareMSM8660(  179): AudioStreamOutMSM8x60::standby()
D/AudioHardwareMSM8660(  179): Deroute pcm stream
D/AudioHardwareMSM8660(  179): deleteFromTable stream 1
E/AudioHardwareMSM8660(  179): value of device and enable is 2 0 ALSA dev id:2
D/MediaProvider(  658): object removed 11455
D/MediaProvider(  658): object removed 11456
D/MediaProvider(  658): object removed 11457
D/MediaProvider(  658): object removed 11458
D/MediaProvider(  658): object removed 11459
D/MediaProvider(  658): object removed 11460
D/MediaProvider(  658): object removed 11461
D/MediaProvider(  658): object removed 11462
D/MediaProvider(  658): object removed 11463
D/MediaProvider(  658): object removed 11464
D/MediaProvider(  658): object removed 11465
D/MediaProvider(  658): object removed 11466
D/MediaProvider(  658): object removed 11467
D/MediaProvider(  658): object removed 11468
D/MediaProvider(  658): object removed 11469
D/MediaProvider(  658): object removed 11470
D/MediaProvider(  658): object removed 11471
D/MediaProvider(  658): object removed 11472
D/MediaProvider(  658): object removed 11473
D/MediaProvider(  658): object removed 11474
D/MediaProvider(  658): object removed 11475
D/MediaProvider(  658): object removed 11476
D/MediaProvider(  658): object removed 11477
D/MediaProvider(  658): object removed 11478
D/MediaProvider(  658): object removed 11479
D/MediaProvider(  658): object removed 11480
D/MediaProvider(  658): object removed 11481
D/MediaProvider(  658): object removed 11482
D/MediaProvider(  658): object removed 11483
D/MediaProvider(  658): object removed 11484
D/MediaProvider(  658): object removed 11485
D/MediaProvider(  658): object removed 11486
D/MediaProvider(  658): object removed 11487
D/MediaProvider(  658): object removed 11488
D/MediaProvider(  658): object removed 11489
D/MediaProvider(  658): object removed 11490
D/MediaProvider(  658): object removed 11491
D/MediaProvider(  658): object removed 11492
D/MediaProvider(  658): object removed 11493
D/MediaProvider(  658): object removed 11494
D/MediaProvider(  658): object removed 11495
D/MediaProvider(  658): object removed 11496
D/MediaProvider(  658): object removed 11497
D/MediaProvider(  658): object removed 11498
D/MediaProvider(  658): object removed 11499
D/MediaProvider(  658): object removed 11500
D/MediaProvider(  658): object removed 11501
D/MediaProvider(  658): object removed 11502
D/MediaProvider(  658): object removed 11503
D/MediaProvider(  658): object removed 11504
D/MediaProvider(  658): object removed 11505
D/MediaProvider(  658): object removed 11506
D/MediaProvider(  658): object removed 11507
D/MediaProvider(  658): object removed 11508
D/MediaProvider(  658): object removed 11509
D/MediaProvider(  658): object removed 11510
D/MediaProvider(  658): object removed 11511
D/MediaProvider(  658): object removed 11512
D/MediaProvider(  658): object removed 11513
D/MediaProvider(  658): object removed 11514
D/MediaProvider(  658): object removed 11515
D/MediaProvider(  658): object removed 11516
D/MediaProvider(  658): object removed 11517
D/MediaProvider(  658): object removed 11518
D/MediaProvider(  658): object removed 11519
D/MediaProvider(  658): object removed 11520
D/MediaProvider(  658): object removed 11521
D/MediaProvider(  658): object removed 11522
D/MediaProvider(  658): object removed 11523
D/MediaProvider(  658): object removed 11524
D/MediaProvider(  658): object removed 11525
D/MediaProvider(  658): object removed 11526
D/MediaProvider(  658): object removed 11527
D/MediaProvider(  658): object removed 11528
D/MediaProvider(  658): object removed 11529
D/MediaProvider(  658): object removed 11530
D/MediaProvider(  658): object removed 11531
D/MediaProvider(  658): object removed 11532
D/MediaProvider(  658): object removed 11533
D/MediaProvider(  658): object removed 11534
D/MediaProvider(  658): object removed 11535
D/MediaProvider(  658): object removed 11536
D/MediaProvider(  658): object removed 11537
D/MediaProvider(  658): object removed 11538
D/MediaProvider(  658): object removed 11539
D/MediaProvider(  658): object removed 11540
D/MediaProvider(  658): object removed 11541
D/MediaProvider(  658): object removed 11542
D/MediaProvider(  658): object removed 11543
D/MediaProvider(  658): object removed 11544
D/MediaProvider(  658): object removed 11545
D/MediaProvider(  658): object removed 11546
D/MediaProvider(  658): object removed 11547
D/MediaProvider(  658): object removed 11548
D/MediaProvider(  658): object removed 11549
D/MediaProvider(  658): object removed 11550
D/MediaProvider(  658): object removed 11551
D/MediaProvider(  658): object removed 11552
D/MediaProvider(  658): object removed 11553
D/MediaProvider(  658): object removed 11554
D/MediaProvider(  658): object removed 11555
I/Adreno200-EGLSUB(  176): <CreateImage:893>: Android Image
I/Adreno200-EGLSUB(  176): <GetImageAttributes:1102>: RGBA_8888
E/AudioHardwareMSM8660(  179): write(): dec_id = 1 cur_rx = 2
E/AudioHardwareMSM8660(  179): cur_rx for pcm playback = 2
E/AudioHardwareMSM8660(  179): value of device and enable is 2 1 ALSA dev id:2
D/libloc  (  500): loc_eng_deferred_action_thread signalled
D/libloc  (  500): qct_loc_eng_inject_xtra_data, xtra size = 38556, data ptr = 0xc68710
D/libloc  (  500): qct_loc_eng_inject_xtra_data, part 1/38, len = 1024, total = 0
D/libloc  (  500): loc_ioctl XTRA injected length: 1024
D/libloc  (  500): qct_loc_eng_inject_xtra_data, part 2/38, len = 1024, total = 1024
D/libloc  (  500): loc_ioctl XTRA injected length: 2048
D/libloc  (  500): qct_loc_eng_inject_xtra_data, part 3/38, len = 1024, total = 2048
D/RPC     (  500): 3000008c:00050000 sending call (XID 5).
D/RPC     (  500): 3000008c:00050000 received REPLY (XID 5), grabbing mutex to wake up client.
D/RPC     (  500): 3000008c:00050000 call success.
D/RPC     (  500): 3000008c:00050000 sending call (XID 6).
D/RPC     (  500): 3000008c:00050000 received REPLY (XID 6), grabbing mutex to wake up client.
D/RPC     (  500): 3000008c:00050000 call success.
D/RPC     (  500): 3000008c:00050000 sending call (XID 7).
D/libloc  (  500): loc_ioctl XTRA injected length: 3072
D/libloc  (  500): qct_loc_eng_inject_xtra_data, part 4/38, len = 1024, total = 3072
D/RPC     (  500): 3000008c:00050000 received REPLY (XID 7), grabbing mutex to wake up client.
D/RPC     (  500): 3000008c:00050000 call success.
D/RPC     (  500): 3000008c:00050000 sending call (XID 8).
D/ACDB-LOADER(  179): ACDB -> send_audio_cal, acdb_id = 2, path =  0
D/ACDB-LOADER(  179): ACDB -> send_adm_topology
D/ACDB-LOADER(  179): ACDB -> ACDB_CMD_GET_AUDPROC_COMMON_TOPOLOGY_ID
D/ACDB-LOADER(  179): ACDB -> send_audtable
D/ACDB-LOADER(  179): ACDB samplerate = 256
D/ACDB-LOADER(  179): ACDB -> ACDB_CMD_GET_AUDPROC_COMMON_TABLE
D/ACDB-LOADER(  179): ACDB -> AUDIO_SET_AUDPROC_CAL
D/ACDB-LOADER(  179): ACDB -> send_audvoltable
D/ACDB-LOADER(  179): ACDB -> ACDB_CMD_GET_AUDPROC_GAIN_DEP_VOLTBL_STEP_COPP
D/ACDB-LOADER(  179): ACDB -> AUDIO_SET_AUDPROC_VOL_CAL
D/libloc  (  500): loc_ioctl XTRA injected length: 4096
D/libloc  (  500): qct_loc_eng_inject_xtra_data, part 5/38, len = 1024, total = 4096
D/libloc  (  500): loc_ioctl XTRA injected length: 5120
D/libloc  (  500): qct_loc_eng_inject_xtra_data, part 6/38, len = 1024, total = 5120
D/libloc  (  500): loc_ioctl XTRA injected length: 6144
D/libloc  (  500): qct_loc_eng_inject_xtra_data, part 7/38, len = 1024, total = 6144
D/libloc  (  500): loc_ioctl XTRA injected length: 7168
D/libloc  (  500): qct_loc_eng_inject_xtra_data, part 8/38, len = 1024, total = 7168
D/RPC     (  500): 3000008c:00050000 received REPLY (XID 8), grabbing mutex to wake up client.
D/RPC     (  500): 3000008c:00050000 call success.
D/RPC     (  500): 3000008c:00050000 sending call (XID 9).
D/RPC     (  500): 3000008c:00050000 received REPLY (XID 9), grabbing mutex to wake up client.
D/RPC     (  500): 3000008c:00050000 call success.
D/RPC     (  500): 3000008c:00050000 sending call (XID 10).
D/RPC     (  500): 3000008c:00050000 received REPLY (XID 10), grabbing mutex to wake up client.
D/RPC     (  500): 3000008c:00050000 call success.
D/RPC     (  500): 3000008c:00050000 sending call (XID 11).
D/RPC     (  500): 3000008c:00050000 received REPLY (XID 11), grabbing mutex to wake up client.
D/RPC     (  500): 3000008c:00050000 call success.
D/RPC     (  500): 3000008c:00050000 sending call (XID 12).
D/libloc  (  500): loc_ioctl XTRA injected length: 8192
D/libloc  (  500): qct_loc_eng_inject_xtra_data, part 9/38, len = 1024, total = 8192
D/AudioHardwareMSM8660(  179): addToTable stream 1
D/libloc  (  500): loc_ioctl XTRA injected length: 9216
D/libloc  (  500): qct_loc_eng_inject_xtra_data, part 10/38, len = 1024, total = 9216
D/RPC     (  500): 3000008c:00050000 received REPLY (XID 12), grabbing mutex to wake up client.
D/RPC     (  500): 3000008c:00050000 call success.
D/RPC     (  500): 3000008c:00050000 sending call (XID 13).
D/RPC     (  500): 3000008c:00050000 received REPLY (XID 13), grabbing mutex to wake up client.
D/RPC     (  500): 3000008c:00050000 call success.
D/RPC     (  500): 3000008c:00050000 sending call (XID 14).
D/libloc  (  500): loc_ioctl XTRA injected length: 10240
D/libloc  (  500): qct_loc_eng_inject_xtra_data, part 11/38, len = 1024, total = 10240
D/libloc  (  500): loc_ioctl XTRA injected length: 11264
D/libloc  (  500): qct_loc_eng_inject_xtra_data, part 12/38, len = 1024, total = 11264
D/libloc  (  500): loc_ioctl XTRA injected length: 12288
D/libloc  (  500): qct_loc_eng_inject_xtra_data, part 13/38, len = 1024, total = 12288
D/libloc  (  500): loc_ioctl XTRA injected length: 13312
D/libloc  (  500): qct_loc_eng_inject_xtra_data, part 14/38, len = 1024, total = 13312
D/RPC     (  500): 3000008c:00050000 received REPLY (XID 14), grabbing mutex to wake up client.
D/RPC     (  500): 3000008c:00050000 call success.
D/RPC     (  500): 3000008c:00050000 sending call (XID 15).
D/RPC     (  500): 3000008c:00050000 received REPLY (XID 15), grabbing mutex to wake up client.
D/RPC     (  500): 3000008c:00050000 call success.
D/RPC     (  500): 3000008c:00050000 sending call (XID 16).
D/RPC     (  500): 3000008c:00050000 received REPLY (XID 16), grabbing mutex to wake up client.
D/RPC     (  500): 3000008c:00050000 call success.
D/RPC     (  500): 3000008c:00050000 sending call (XID 17).
D/RPC     (  500): 3000008c:00050000 received REPLY (XID 17), grabbing mutex to wake up client.
D/RPC     (  500): 3000008c:00050000 call success.
D/RPC     (  500): 3000008c:00050000 sending call (XID 18).
D/libloc  (  500): loc_ioctl XTRA injected length: 14336
D/libloc  (  500): qct_loc_eng_inject_xtra_data, part 15/38, len = 1024, total = 14336
D/libloc  (  500): loc_ioctl XTRA injected length: 15360
D/libloc  (  500): qct_loc_eng_inject_xtra_data, part 16/38, len = 1024, total = 15360
D/libloc  (  500): loc_ioctl XTRA injected length: 16384
D/libloc  (  500): qct_loc_eng_inject_xtra_data, part 17/38, len = 1024, total = 16384
D/RPC     (  500): 3000008c:00050000 received REPLY (XID 18), grabbing mutex to wake up client.
D/RPC     (  500): 3000008c:00050000 call success.
D/RPC     (  500): 3000008c:00050000 sending call (XID 19).
D/RPC     (  500): 3000008c:00050000 received REPLY (XID 19), grabbing mutex to wake up client.
D/RPC     (  500): 3000008c:00050000 call success.
D/RPC     (  500): 3000008c:00050000 sending call (XID 20).
D/RPC     (  500): 3000008c:00050000 received REPLY (XID 20), grabbing mutex to wake up client.
D/RPC     (  500): 3000008c:00050000 call success.
D/RPC     (  500): 3000008c:00050000 sending call (XID 21).
D/libloc  (  500): loc_ioctl XTRA injected length: 17408
D/libloc  (  500): qct_loc_eng_inject_xtra_data, part 18/38, len = 1024, total = 17408
D/libloc  (  500): loc_ioctl XTRA injected length: 18432
D/libloc  (  500): qct_loc_eng_inject_xtra_data, part 19/38, len = 1024, total = 18432
D/RPC     (  500): 3000008c:00050000 received REPLY (XID 21), grabbing mutex to wake up client.
D/RPC     (  500): 3000008c:00050000 call success.
D/RPC     (  500): 3000008c:00050000 sending call (XID 22).
D/RPC     (  500): 3000008c:00050000 received REPLY (XID 22), grabbing mutex to wake up client.
D/RPC     (  500): 3000008c:00050000 call success.
D/RPC     (  500): 3000008c:00050000 sending call (XID 23).
D/libloc  (  500): loc_ioctl XTRA injected length: 19456
D/libloc  (  500): qct_loc_eng_inject_xtra_data, part 20/38, len = 1024, total = 19456
D/libloc  (  500): loc_ioctl XTRA injected length: 20480
D/libloc  (  500): qct_loc_eng_inject_xtra_data, part 21/38, len = 1024, total = 20480
D/RPC     (  500): 3000008c:00050000 received REPLY (XID 23), grabbing mutex to wake up client.
D/RPC     (  500): 3000008c:00050000 call success.
D/RPC     (  500): 3000008c:00050000 sending call (XID 24).
D/RPC     (  500): 3000008c:00050000 received REPLY (XID 24), grabbing mutex to wake up client.
D/RPC     (  500): 3000008c:00050000 call success.
D/RPC     (  500): 3000008c:00050000 sending call (XID 25).
D/libloc  (  500): loc_ioctl XTRA injected length: 21504
D/libloc  (  500): qct_loc_eng_inject_xtra_data, part 22/38, len = 1024, total = 21504
D/libloc  (  500): loc_ioctl XTRA injected length: 22528
D/libloc  (  500): qct_loc_eng_inject_xtra_data, part 23/38, len = 1024, total = 22528
D/libloc  (  500): loc_ioctl XTRA injected length: 23552
D/libloc  (  500): qct_loc_eng_inject_xtra_data, part 24/38, len = 1024, total = 23552
D/RPC     (  500): 3000008c:00050000 received REPLY (XID 25), grabbing mutex to wake up client.
D/RPC     (  500): 3000008c:00050000 call success.
D/RPC     (  500): 3000008c:00050000 sending call (XID 26).
D/RPC     (  500): 3000008c:00050000 received REPLY (XID 26), grabbing mutex to wake up client.
D/RPC     (  500): 3000008c:00050000 call success.
D/RPC     (  500): 3000008c:00050000 sending call (XID 27).
D/RPC     (  500): 3000008c:00050000 received REPLY (XID 27), grabbing mutex to wake up client.
D/RPC     (  500): 3000008c:00050000 call success.
D/RPC     (  500): 3000008c:00050000 sending call (XID 28).
D/RPC     (  500): 3000008c:00050000 received REPLY (XID 28), grabbing mutex to wake up client.
D/dalvikvm( 1372): WAIT_FOR_CONCURRENT_GC blocked 0ms
D/libloc  (  500): loc_ioctl XTRA injected length: 24576
D/libloc  (  500): qct_loc_eng_inject_xtra_data, part 25/38, len = 1024, total = 24576
D/libloc  (  500): loc_ioctl XTRA injected length: 25600
D/libloc  (  500): qct_loc_eng_inject_xtra_data, part 26/38, len = 1024, total = 25600
D/libloc  (  500): loc_ioctl XTRA injected length: 26624
D/libloc  (  500): qct_loc_eng_inject_xtra_data, part 27/38, len = 1024, total = 26624
D/libloc  (  500): loc_ioctl XTRA injected length: 27648
D/libloc  (  500): qct_loc_eng_inject_xtra_data, part 28/38, len = 1024, total = 27648
D/libloc  (  500): loc_ioctl XTRA injected length: 28672
D/libloc  (  500): qct_loc_eng_inject_xtra_data, part 29/38, len = 1024, total = 28672
D/libloc  (  500): loc_ioctl XTRA injected length: 29696
D/libloc  (  500): qct_loc_eng_inject_xtra_data, part 30/38, len = 1024, total = 29696
D/RPC     (  500): 3000008c:00050000 call success.
D/RPC     (  500): 3000008c:00050000 sending call (XID 29).
D/RPC     (  500): 3000008c:00050000 received REPLY (XID 29), grabbing mutex to wake up client.
D/RPC     (  500): 3000008c:00050000 call success.
D/RPC     (  500): 3000008c:00050000 sending call (XID 30).
D/RPC     (  500): 3000008c:00050000 received REPLY (XID 30), grabbing mutex to wake up client.
D/RPC     (  500): 3000008c:00050000 call success.
D/RPC     (  500): 3000008c:00050000 sending call (XID 31).
D/RPC     (  500): 3000008c:00050000 received REPLY (XID 31), grabbing mutex to wake up client.
D/RPC     (  500): 3000008c:00050000 call success.
D/RPC     (  500): 3000008c:00050000 sending call (XID 32).
D/RPC     (  500): 3000008c:00050000 received REPLY (XID 32), grabbing mutex to wake up client.
D/RPC     (  500): 3000008c:00050000 call success.
D/RPC     (  500): 3000008c:00050000 sending call (XID 33).
D/RPC     (  500): 3000008c:00050000 received REPLY (XID 33), grabbing mutex to wake up client.
D/RPC     (  500): 3000008c:00050000 call success.
D/RPC     (  500): 3000008c:00050000 sending call (XID 34).
D/libloc  (  500): loc_ioctl XTRA injected length: 30720
D/libloc  (  500): qct_loc_eng_inject_xtra_data, part 31/38, len = 1024, total = 30720
D/libloc  (  500): loc_ioctl XTRA injected length: 31744
D/libloc  (  500): qct_loc_eng_inject_xtra_data, part 32/38, len = 1024, total = 31744
D/libloc  (  500): loc_ioctl XTRA injected length: 32768
D/libloc  (  500): qct_loc_eng_inject_xtra_data, part 33/38, len = 1024, total = 32768
D/libloc  (  500): loc_ioctl XTRA injected length: 33792
D/libloc  (  500): qct_loc_eng_inject_xtra_data, part 34/38, len = 1024, total = 33792
D/libloc  (  500): loc_ioctl XTRA injected length: 34816
D/libloc  (  500): qct_loc_eng_inject_xtra_data, part 35/38, len = 1024, total = 34816
D/libloc  (  500): loc_ioctl XTRA injected length: 35840
D/libloc  (  500): qct_loc_eng_inject_xtra_data, part 36/38, len = 1024, total = 35840
D/RPC     (  500): 3000008c:00050000 received REPLY (XID 34), grabbing mutex to wake up client.
D/RPC     (  500): 3000008c:00050000 call success.
D/RPC     (  500): 3000008c:00050000 sending call (XID 35).
D/RPC     (  500): 3000008c:00050000 received REPLY (XID 35), grabbing mutex to wake up client.
D/RPC     (  500): 3000008c:00050000 call success.
D/RPC     (  500): 3000008c:00050000 sending call (XID 36).
D/RPC     (  500): 3000008c:00050000 received REPLY (XID 36), grabbing mutex to wake up client.
D/RPC     (  500): 3000008c:00050000 call success.
D/RPC     (  500): 3000008c:00050000 sending call (XID 37).
D/RPC     (  500): 3000008c:00050000 received REPLY (XID 37), grabbing mutex to wake up client.
D/RPC     (  500): 3000008c:00050000 call success.
D/RPC     (  500): 3000008c:00050000 sending call (XID 38).
D/RPC     (  500): 3000008c:00050000 received REPLY (XID 38), grabbing mutex to wake up client.
D/RPC     (  500): 3000008c:00050000 call success.
D/RPC     (  500): 3000008c:00050000 sending call (XID 39).
D/RPC     (  500): 3000008c:00050000 received REPLY (XID 39), grabbing mutex to wake up client.
D/RPC     (  500): 3000008c:00050000 call success.
D/RPC     (  500): 3000008c:00050000 sending call (XID 40).
D/libloc  (  500): loc_ioctl XTRA injected length: 36864
D/libloc  (  500): qct_loc_eng_inject_xtra_data, part 37/38, len = 1024, total = 36864
D/libloc  (  500): loc_ioctl XTRA injected length: 37888
D/libloc  (  500): qct_loc_eng_inject_xtra_data, part 38/38, len = 668, total = 37888
D/libloc  (  500): loc_eng_ioctl called: client = 0, ioctl_type = RPC_LOC_IOCTL_INJECT_PREDICTED_ORBITS_DATA
D/RPC     (  500): 3000008c:00050000 received REPLY (XID 40), grabbing mutex to wake up client.
D/RPC     (  500): 3000008c:00050000 call success.
D/RPC     (  500): 3000008c:00050000 sending call (XID 41).
D/RPC     (  500): 3000008c:00050000 received REPLY (XID 41), grabbing mutex to wake up client.
D/RPC     (  500): 3000008c:00050000 call success.
D/RPC     (  500): 3000008c:00050000 sending call (XID 42).
D/RPC     (  500): 3000008c:00050000 received REPLY (XID 42), grabbing mutex to wake up client.
D/RPC     (  500): 3000008c:00050000 call success.
D/dalvikvm( 1372): GC_EXPLICIT freed 3575K, 51% free 6132K/12288K, paused 3ms+3ms, total 36ms
D/RPC     (  500): 3000008c:00050000 received CALL.
D/RPC     (  500): 3000008c:00050000 dispatching RPC call (XID 443, xdr 0xca5240) for callback client 3100008c:00050001.
D/libloc  (  500): loc_eng_ioctl result: client = 0, ioctl_type = RPC_LOC_IOCTL_INJECT_PREDICTED_ORBITS_DATA, RPC_LOC_API_SUCCESS
D/libloc  (  500): loc_eng_deferred_action_thread. waiting for events
D/RPC     (  500): 3100008c:327681 sending RPC reply (XID 443)
D/AlarmManagerService(  500): Kernel timezone updated to -480 minutes west of GMT
D/MediaProvider(  658): object removed 11556
D/MediaProvider(  658): object removed 11557
D/MediaProvider(  658): object removed 11558
D/MediaProvider(  658): object removed 11559
D/MediaProvider(  658): object removed 11560
D/MediaProvider(  658): object removed 11561
D/MediaProvider(  658): object removed 11562
D/MediaProvider(  658): object removed 11563
D/MediaProvider(  658): object removed 11564
D/MediaProvider(  658): object removed 11565
D/MediaProvider(  658): object removed 11566
D/MediaProvider(  658): object removed 11567
D/MediaProvider(  658): object removed 11568
D/MediaProvider(  658): object removed 11569
D/MediaProvider(  658): object removed 11570
D/MediaProvider(  658): object removed 11571
D/MediaProvider(  658): object removed 11572
D/MediaProvider(  658): object removed 11573
D/MediaProvider(  658): object removed 11574
D/MediaProvider(  658): object removed 11575
D/MediaProvider(  658): object removed 11576
D/MediaProvider(  658): object removed 11577
D/MediaProvider(  658): object removed 11578
D/MediaProvider(  658): object removed 11579
D/MediaProvider(  658): object removed 11580
D/MediaProvider(  658): object removed 11581
D/MediaProvider(  658): object removed 11582
D/MediaProvider(  658): object removed 11583
D/MediaProvider(  658): object removed 11584
D/MediaProvider(  658): object removed 11585
D/MediaProvider(  658): object removed 11586
D/MediaProvider(  658): object removed 11587
D/MediaProvider(  658): object removed 11588
D/MediaProvider(  658): object removed 11589
D/MediaProvider(  658): object removed 11590
D/MediaProvider(  658): object removed 11591
D/MediaProvider(  658): object removed 11592
D/MediaProvider(  658): object removed 11593
D/MediaProvider(  658): object removed 11594
D/MediaProvider(  658): object removed 11595
D/MediaProvider(  658): object removed 11596
D/MediaProvider(  658): object removed 11597
D/MediaProvider(  658): object removed 11598
D/MediaProvider(  658): object removed 11599
D/MediaProvider(  658): object removed 11600
D/MediaProvider(  658): object removed 11601
D/MediaProvider(  658): object removed 11602
D/MediaProvider(  658): object removed 11603
D/MediaProvider(  658): object removed 11604
D/MediaProvider(  658): object removed 11605
D/MediaProvider(  658): object removed 11606
D/MediaProvider(  658): object removed 11607
D/MediaProvider(  658): object removed 11608
D/MediaProvider(  658): object removed 11609
D/MediaProvider(  658): object removed 11610
D/MediaProvider(  658): object removed 11611
D/MediaProvider(  658): object removed 11612
D/MediaProvider(  658): object removed 11613
D/MediaProvider(  658): object removed 11614
D/MediaProvider(  658): object removed 11615
D/MediaProvider(  658): object removed 11616
D/MediaProvider(  658): object removed 11617
D/MediaProvider(  658): object removed 11618
D/MediaProvider(  658): object removed 11619
D/MediaProvider(  658): object removed 11620
D/MediaProvider(  658): object removed 11621
D/MediaProvider(  658): object removed 11622
D/MediaProvider(  658): object removed 11623
D/MediaProvider(  658): object removed 11624
D/MediaProvider(  658): object removed 11625
D/MediaProvider(  658): object removed 11626
D/MediaProvider(  658): object removed 11627
D/MediaProvider(  658): object removed 11628
D/MediaProvider(  658): object removed 11629
D/MediaProvider(  658): object removed 11630
D/MediaProvider(  658): object removed 11631
D/MediaProvider(  658): object removed 11632
D/MediaProvider(  658): object removed 11633
D/MediaProvider(  658): object removed 11634
D/MediaProvider(  658): object removed 11635
D/MediaProvider(  658): object removed 11636
D/MediaProvider(  658): object removed 11637
D/MediaProvider(  658): object removed 11638
D/MediaProvider(  658): object removed 11639
D/MediaProvider(  658): object removed 11640
D/MediaProvider(  658): object removed 11641
D/MediaProvider(  658): object removed 11642
D/MediaProvider(  658): object removed 11643
D/MediaProvider(  658): object removed 11644
D/MediaProvider(  658): object removed 11645
D/MediaProvider(  658): object removed 11646
D/MediaProvider(  658): object removed 11647
D/MediaProvider(  658): object removed 11648
D/MediaProvider(  658): object removed 11649
D/MediaProvider(  658): object removed 11650
D/MediaProvider(  658): object removed 11651
D/MediaProvider(  658): object removed 11652
D/MediaProvider(  658): object removed 11653
D/MediaProvider(  658): object removed 11654
D/MediaProvider(  658): object removed 11655
D/MediaProvider(  658): object removed 11656
D/DHCP    (  248): ===== DHCP message:
D/DHCP    (  248): op = BOOTREQUEST (1), htype = 1, hlen = 6, hops = 0
D/DHCP    (  248): xid = 0x27780000 secs = 0, flags = 0x8000 optlen = 14
D/DHCP    (  248): ciaddr = 0.0.0.0
D/DHCP    (  248): yiaddr = 0.0.0.0
D/DHCP    (  248): siaddr = 0.0.0.0
D/DHCP    (  248): giaddr = 0.0.0.0
D/DHCP    (  248): chaddr = { 00  00  00  00  00  00 }
D/DHCP    (  248): sname = ''
D/DHCP    (  248): file = ''
D/DHCP    (  248): op 53 len 1 { 01 } discover
D/DHCP    (  248): op 55 len 4 { 01  03  06  1c } 
D/DHCP    (  248): ===== DHCP message:
D/DHCP    (  248): op = BOOTREPLY (2), htype = 1, hlen = 6, hops = 0
D/DHCP    (  248): xid = 0x27780000 secs = 0, flags = 0x8000 optlen = 42
D/DHCP    (  248): ciaddr = 0.0.0.0
D/DHCP    (  248): yiaddr = 10.5.66.4
D/DHCP    (  248): siaddr = 10.5.66.5
D/DHCP    (  248): giaddr = 0.0.0.0
D/DHCP    (  248): chaddr = { 00  00  00  00  00  00 }
D/DHCP    (  248): sname = ''
D/DHCP    (  248): file = ''
D/DHCP    (  248): op 53 len 1 { 02 } offer
D/DHCP    (  248): op 1 len 4 { ff  ff  ff  fc } 
D/DHCP    (  248): op 3 len 4 { 0a  05  42  05 } 
D/DHCP    (  248): op 6 len 8 { ca  6a  c3  44  ca  6a  2e  97 } 
D/DHCP    (  248): op 51 len 4 { 00  00  1c  20 } 
D/DHCP    (  248): op 54 len 4 { 0a  05  42  05 } 
D/DHCP    (  248): --- dhcp offer (2) ---
D/DHCP    (  248): ip 10.5.66.4 gw 10.5.66.5 prefixLength 30
D/DHCP    (  248): dns1: 202.106.195.68
D/DHCP    (  248): dns2: 202.106.46.151
D/DHCP    (  248): server 10.5.66.5, lease 7200 seconds
D/DHCP    (  248): ===== DHCP message:
D/DHCP    (  248): op = BOOTREQUEST (1), htype = 1, hlen = 6, hops = 0
D/DHCP    (  248): xid = 0x28780000 secs = 0, flags = 0x8000 optlen = 26
D/DHCP    (  248): ciaddr = 0.0.0.0
D/DHCP    (  248): yiaddr = 0.0.0.0
D/DHCP    (  248): siaddr = 0.0.0.0
D/DHCP    (  248): giaddr = 0.0.0.0
D/DHCP    (  248): chaddr = { 00  00  00  00  00  00 }
D/DHCP    (  248): sname = ''
D/DHCP    (  248): file = ''
D/DHCP    (  248): op 53 len 1 { 03 } request
D/DHCP    (  248): op 55 len 4 { 01  03  06  1c } 
D/DHCP    (  248): op 50 len 4 { 0a  05  42  04 } 
D/DHCP    (  248): op 54 len 4 { 0a  05  42  05 } 
D/DHCP    (  248): ===== DHCP message:
D/DHCP    (  248): op = BOOTREPLY (2), htype = 1, hlen = 6, hops = 0
D/DHCP    (  248): xid = 0x28780000 secs = 0, flags = 0x8000 optlen = 42
D/DHCP    (  248): ciaddr = 0.0.0.0
D/DHCP    (  248): yiaddr = 10.5.66.4
D/DHCP    (  248): siaddr = 10.5.66.5
D/DHCP    (  248): giaddr = 0.0.0.0
D/DHCP    (  248): chaddr = { 00  00  00  00  00  00 }
D/DHCP    (  248): sname = ''
D/DHCP    (  248): file = ''
D/DHCP    (  248): op 53 len 1 { 05 } ack
D/DHCP    (  248): op 1 len 4 { ff  ff  ff  fc } 
D/DHCP    (  248): op 3 len 4 { 0a  05  42  05 } 
D/DHCP    (  248): op 6 len 8 { ca  6a  c3  44  ca  6a  2e  97 } 
D/DHCP    (  248): op 54 len 4 { 0a  05  42  05 } 
D/DHCP    (  248): op 51 len 4 { 00  00  1c  20 } 
D/DHCP    (  248): --- dhcp ack (5) ---
D/DHCP    (  248): ip 10.5.66.4 gw 10.5.66.5 prefixLength 30
D/DHCP    (  248): dns1: 202.106.195.68
D/DHCP    (  248): dns2: 202.106.46.151
D/DHCP    (  248): server 10.5.66.5, lease 7200 seconds
D/DHCP    (  248): configuring rmnet0
D/dalvikvm( 1372): GC_FOR_ALLOC freed 3951K, 51% free 7955K/16195K, paused 21ms, total 28ms
D/ConnectivityService(  500): ConnectivityChange for mobile: CONNECTED/CONNECTED
E/Adreno200-ES20( 1372): <qgl2DrvAPI_glStartTilingQCOM:176>: GL_INVALID_OPERATION
E/TileRenderer( 1372): glStartTilingQCOM: 0x502
I/ActivityManager(  500): START {act=android.intent.action.MAIN cat=[android.intent.category.LAUNCHER] flg=0x10200000 cmp=com.android.gallery3d/com.android.camera.CameraLauncher u=0} from pid 1372
D/PermissionCache(  176): checking android.permission.READ_FRAME_BUFFER for uid=1000 => granted (183 us)
I/UsageStats(  500): No package stats for pkg:com.cyanogenmod.trebuchet
D/memalloc(  176): ion: Allocated buffer base:0x436eb000 size:3768320 fd:52
D/memalloc(  500): ion: Mapped buffer base:0x612bc000 size:3768320 offset:0 fd:226
I/ActivityManager(  500): Start proc com.android.gallery3d for activity com.android.gallery3d/com.android.camera.CameraLauncher: pid=1418 uid=10018 gids={1006, 3003, 1015, 1028}
I/Adreno200-EGLSUB(  176): <CreateImage:893>: Android Image
I/Adreno200-EGLSUB(  176): <GetImageAttributes:1102>: RGBA_8888
D/NetUtils(  500): android_net_utils_resetConnections in env=0xac68d0 clazz=0x37200001 iface=rmnet0 mask=0x3
D/ConnectivityService(  500): ConnectivityChange for mobile: DISCONNECTED/DISCONNECTED
D/ConnectivityService(  500): Attempting to switch to WIFI
D/ConnectivityService(  500): Attempting to switch to BLUETOOTH_TETHER
D/ConnectivityService(  500): resetConnections(rmnet0, 3)
D/ActivityThread( 1418): setTargetHeapUtilization:0.25
D/ActivityThread( 1418): setTargetHeapIdealFree:8388608
D/ActivityThread( 1418): setTargetHeapConcurrentStart:2097152
D/memalloc( 1372): ion: Unmapping buffer  base:0x5dce8000 size:3768320
D/memalloc( 1372): ion: Unmapping buffer  base:0x5e230000 size:3768320
D/memalloc( 1372): ion: Unmapping buffer  base:0x5e708000 size:3768320
D/memalloc( 1372): ion: Unmapping buffer  base:0x5ed05000 size:3768320
D/memalloc(  176): ion: Freeing buffer base:0x42794000 size:3768320 fd:37
D/memalloc(  176): ion: Unmapping buffer  base:0x42794000 size:3768320
D/memalloc(  176): ion: Freeing buffer base:0x42b4e000 size:3768320 fd:41
D/memalloc(  176): ion: Unmapping buffer  base:0x42b4e000 size:3768320
D/memalloc(  176): ion: Freeing buffer base:0x43353000 size:3768320 fd:47
D/memalloc(  176): ion: Unmapping buffer  base:0x43353000 size:3768320
D/dalvikvm( 1372): GC_FOR_ALLOC freed 4717K, 49% free 9362K/18051K, paused 26ms, total 33ms
I/ActivityThread( 1418): Pub com.android.gallery3d.provider: com.android.gallery3d.provider.GalleryProvider
D/MediaProvider(  658): object removed 11657
D/MediaProvider(  658): object removed 11658
D/MediaProvider(  658): object removed 11659
D/MediaProvider(  658): object removed 11660
D/MediaProvider(  658): object removed 11661
D/MediaProvider(  658): object removed 11662
D/MediaProvider(  658): object removed 11663
D/MediaProvider(  658): object removed 11664
D/MediaProvider(  658): object removed 11665
D/MediaProvider(  658): object removed 11666
D/MediaProvider(  658): object removed 11667
D/MediaProvider(  658): object removed 11668
D/MediaProvider(  658): object removed 11669
D/MediaProvider(  658): object removed 11670
D/MediaProvider(  658): object removed 11671
D/MediaProvider(  658): object removed 11672
D/MediaProvider(  658): object removed 11673
D/MediaProvider(  658): object removed 11674
D/MediaProvider(  658): object removed 11675
D/MediaProvider(  658): object removed 11676
D/MediaProvider(  658): object removed 11677
D/MediaProvider(  658): object removed 11678
D/MediaProvider(  658): object removed 11679
D/MediaProvider(  658): object removed 11680
D/MediaProvider(  658): object removed 11681
D/MediaProvider(  658): object removed 11682
D/MediaProvider(  658): object removed 11683
D/MediaProvider(  658): object removed 11684
D/MediaProvider(  658): object removed 11685
D/MediaProvider(  658): object removed 11686
D/MediaProvider(  658): object removed 11687
D/MediaProvider(  658): object removed 11688
D/MediaProvider(  658): object removed 11689
D/MediaProvider(  658): object removed 11690
D/MediaProvider(  658): object removed 11691
D/MediaProvider(  658): object removed 11692
D/MediaProvider(  658): object removed 11693
D/MediaProvider(  658): object removed 11694
D/MediaProvider(  658): object removed 11695
D/MediaProvider(  658): object removed 11696
D/MediaProvider(  658): object removed 11697
D/MediaProvider(  658): object removed 11698
D/MediaProvider(  658): object removed 11699
D/MediaProvider(  658): object removed 11700
D/MediaProvider(  658): object removed 11701
D/MediaProvider(  658): object removed 11702
D/MediaProvider(  658): object removed 11703
D/MediaProvider(  658): object removed 11704
D/MediaProvider(  658): object removed 11705
D/MediaProvider(  658): object removed 11706
D/MediaProvider(  658): object removed 11707
D/MediaProvider(  658): object removed 11708
D/MediaProvider(  658): object removed 11709
D/MediaProvider(  658): object removed 11710
D/MediaProvider(  658): object removed 11711
D/MediaProvider(  658): object removed 11712
D/MediaProvider(  658): object removed 11713
D/MediaProvider(  658): object removed 11714
D/MediaProvider(  658): object removed 11715
D/MediaProvider(  658): object removed 11716
D/MediaProvider(  658): object removed 11717
D/MediaProvider(  658): object removed 11718
D/MediaProvider(  658): object removed 11719
D/MediaProvider(  658): object removed 11720
D/MediaProvider(  658): object removed 11721
D/MediaProvider(  658): object removed 11722
D/MediaProvider(  658): object removed 11723
D/MediaProvider(  658): object removed 11724
D/MediaProvider(  658): object removed 11725
D/MediaProvider(  658): object removed 11726
D/MediaProvider(  658): object removed 11727
D/MediaProvider(  658): object removed 11728
D/MediaProvider(  658): object removed 11729
D/MediaProvider(  658): object removed 11730
D/MediaProvider(  658): object removed 11731
D/MediaProvider(  658): object removed 11732
D/MediaProvider(  658): object removed 11733
D/MediaProvider(  658): object removed 11734
D/MediaProvider(  658): object removed 11735
D/memalloc(  176): ion: Freeing buffer base:0x42f6b000 size:3768320 fd:44
D/memalloc(  176): ion: Unmapping buffer  base:0x42f6b000 size:3768320
D/MediaProvider(  658): object removed 11736
D/MediaProvider(  658): object removed 11737
D/MediaProvider(  658): object removed 11738
D/MediaProvider(  658): object removed 11739
D/MediaProvider(  658): object removed 11740
D/MediaProvider(  658): object removed 11741
D/MediaProvider(  658): object removed 11742
D/MediaProvider(  658): object removed 11743
D/MediaProvider(  658): object removed 11744
D/MediaProvider(  658): object removed 11745
D/MediaProvider(  658): object removed 11746
D/MediaProvider(  658): object removed 11747
D/MediaProvider(  658): object removed 11748
D/MediaProvider(  658): object removed 11749
D/MediaProvider(  658): object removed 11750
D/MediaProvider(  658): object removed 11751
D/MediaProvider(  658): object removed 11752
D/MediaProvider(  658): object removed 11753
D/MediaProvider(  658): object removed 11754
D/MediaProvider(  658): object removed 11755
D/MediaProvider(  658): object removed 11756
D/MediaProvider(  658): object removed 11757
E/QualcommCamera(  179): Qint android::get_camera_info(int, camera_info*): E
I/QualcommCameraHardware(  179): Found a matching camera info for ID 0
I/QualcommCameraHardware(  179): HAL_getCameraInfo: facing = 0, orientation = 90
E/QualcommCamera(  179): Qint android::get_camera_info(int, camera_info*): E
I/QualcommCameraHardware(  179): Found a matching camera info for ID 1
I/QualcommCameraHardware(  179): HAL_getCameraInfo: facing = 1, orientation = 270
V/CameraHolder( 1418): open camera 0
E/QualcommCamera(  179): Qint android::get_camera_info(int, camera_info*): E
I/QualcommCameraHardware(  179): Found a matching camera info for ID 0
I/QualcommCameraHardware(  179): HAL_getCameraInfo: facing = 0, orientation = 90
I/CameraService(  179): Opening camera 0
E/QualcommCamera(  179): Qint android::camera_device_open(const hw_module_t*, const char*, hw_device_t**): E
I/QualcommCameraHardware(  179): openCameraHardware: call createInstance
I/QualcommCameraHardware(  179): openCameraHardware:Valid camera ID 0
I/QualcommCameraHardware(  179): HAL_openCameraHardware: HAL_currentSnapshotMode = 4 HAL_currentCameraMode = 1
I/QualcommCameraHardware(  179): createInstance: E
I/QualcommCameraHardware(  179): QualcommCameraHardware constructor E
V/QualcommCameraHardware(  179): MMCameraDL: E
V/QualcommCameraHardware(  179): Open MM camera DL libeomcamera loaded at 0x4010d1bc 
V/QualcommCameraHardware(  179): MMCameraDL: X
V/QualcommCameraHardware(  179):  Storing the current target type as 6 
V/QualcommCameraHardware(  179):  ### mDisEnabled = 0 , mVpeEnabled = 1!!! ###
V/QualcommCameraHardware(  179): constructor EX
I/QualcommCameraHardware(  179): createInstance: created hardware=0x168f810
V/QualcommCameraHardware(  179): startCamera E
V/QualcommCameraHardware(  179): loading liboemcamera at 0x4010d1bc
V/QualcommCameraHardware(  179):  openCamera : E
E/mm-camera(  179): mm_camera_exec: controlFd is valid 29 29
V/QualcommCameraHardware(  179): openCamera : X
V/QualcommCameraHardware(  179): startCamera X
I/QualcommCameraHardware(  179): initDefaultParameters E
V/QualcommCameraHardware(  179): DISABLE DIS
V/QualcommCameraHardware(  179):  type:main - previewSizeCount = 6 
V/QualcommCameraHardware(  179):  type:main - VideoSizesCount = 6 
V/QualcommCameraHardware(  179):  type:main - zoom set = mMaxZoom :30, zoomSupported:1 
I/QualcommCameraHardware(  179): initDefaultParameters: setting num-snaps-per-shutter to 1
V/QualcommCameraHardware(  179): setParameters:E 
I/QualcommCameraHardware(  179): ZSL is enabled  0
V/QualcommCameraHardware(  179): requested preview frame rate is 30
V/QualcommCameraHardware(  179): setFrameRate: 30 (14000-30000)
V/QualcommCameraHardware(  179): native_set_ext_config E (cmd = 10)
E/QualcommCameraHardware(  179): setPreviewSize (mVtMode=0) : requested preview size 640 x 480
E/QualcommCameraHardware(  179): Requested record size : NULL
E/QualcommCameraHardware(  179): Requested video size : NULL
I/QualcommCameraHardware(  179): setRecordSize: preview dimensions: 640x480
V/QualcommCameraHardware(  179): No Record Size requested, use the preview dimensions
I/QualcommCameraHardware(  179): setRecordSize: video dimensions: 640x480
V/QualcommCameraHardware(  179): setPreviewFormat : 1
V/QualcommCameraHardware(  179): requested picture size 3264 x 2448
V/QualcommCameraHardware(  179): setPictureFormat : jpeg 
V/QualcommCameraHardware(  179): requested jpeg thumbnail size 320 x 240
V/QualcommCameraHardware(  179):  setSceneMode E : auto
V/QualcommCameraHardware(  179): native_set_ext_config E (cmd = 1)
V/QualcommCameraHardware(  179): setWhiteBalance E : auto
V/QualcommCameraHardware(  179): native_set_ext_config E (cmd = 6)
V/QualcommCameraHardware(  179):  setFlash E : off 
V/QualcommCameraHardware(  179): native_set_ext_config E (cmd = 0)
V/QualcommCameraHardware(  179): WDR(Auto Contrast) E: -1, ord_wdr = -1
V/QualcommCameraHardware(  179): setParameters X: success
V/QualcommCameraHardware(  179): native_get_ext_config 222E (cmd = 33)
V/QualcommCameraHardware(  179): setExifFixAttribute X
I/QualcommCameraHardware(  179): initDefaultParameters X
I/QualcommCameraHardware(  179): createInstance: X
E/QualcommCamera(  179): Qvoid android::set_callbacks(camera_device*, void (*)(int32_t, int32_t, int32_t, void*), void (*)(int32_t, const camera_memory_t*, unsigned int, camera_frame_metadata_t*, void*), void (*)(int64_t, int32_t, const camera_memory_t*, unsigned int, void*), camera_memory_t* (*)(int, size_t, unsigned int, void*), void*): E
E/QualcommCamera(  179): cam_nt_cb =0x0,cam_dt_cb=0x0,cam_dt_timestamp_cb=0x0
I/AwesomePlayer(  179): setDataSource_l('/system/media/audio/ui/camera_click.ogg')
W/WVMExtractor(  179): Failed to open libwvm.so
W/QComExtractorFactory(  179): Didn't match the sniff <=== status = 5 
W/QComExtractorFactory(  179): Didn't match the sniff <=== status = 1 
W/QComExtractorFactory(  179): Didn't match the sniff <=== status = 1 
W/QComExtractorFactory(  179): Didn't match the sniff <=== status = 1 
E/MM_OSAL (  179): FileSourceHelper::ValidateAACFile failed
W/QComExtractorFactory(  179): Didn't match the sniff <=== status = 1 
I/AwesomePlayer(  179): setDataSource_l('/system/media/audio/ui/VideoRecord.ogg')
W/WVMExtractor(  179): Failed to open libwvm.so
W/QComExtractorFactory(  179): Didn't match the sniff <=== status = 5 
W/QComExtractorFactory(  179): Didn't match the sniff <=== status = 1 
W/QComExtractorFactory(  179): Didn't match the sniff <=== status = 1 
W/QComExtractorFactory(  179): Didn't match the sniff <=== status = 1 
E/MM_OSAL (  179): FileSourceHelper::ValidateAACFile failed
W/QComExtractorFactory(  179): Didn't match the sniff <=== status = 1 
E/QualcommCamera(  179): Qchar* android::get_parameters(camera_device*): E
V/QualcommCameraHardware(  179): getParameters: EX
E/QualcommCamera(  179): get_parameters X
E/QualcommCamera(  179): Qvoid android::put_parameters(camera_device*, char*): E
E/QualcommCamera(  179): put_parameters X
E/QualcommCamera(  179): Qchar* android::get_parameters(camera_device*): E
V/QualcommCameraHardware(  179): getParameters: EX
E/QualcommCamera(  179): get_parameters X
E/QualcommCamera(  179): Qvoid android::put_parameters(camera_device*, char*): E
E/QualcommCamera(  179): put_parameters X
V/StateManager( 1418): startState class com.android.gallery3d.app.PhotoPage
D/MediaProvider(  658): object removed 11758
D/MediaProvider(  658): object removed 11759
D/OrientationManager( 1418): lock orientation to portrait
D/dalvikvm(  500): WAIT_FOR_CONCURRENT_GC blocked 0ms
D/MediaProvider(  658): object removed 11760
D/MediaProvider(  658): object removed 11761
D/MediaProvider(  658): object removed 11762
D/MediaProvider(  658): object removed 11763
D/MediaProvider(  658): object removed 11764
D/MediaProvider(  658): object removed 11765
D/MediaProvider(  658): object removed 11766
D/MediaProvider(  658): object removed 11767
D/MediaProvider(  658): object removed 11768
D/MediaProvider(  658): object removed 11769
D/MediaProvider(  658): object removed 11770
D/MediaProvider(  658): object removed 11771
D/MediaProvider(  658): object removed 11772
D/MediaProvider(  658): object removed 11773
D/MediaProvider(  658): object removed 11774
D/MediaProvider(  658): object removed 11775
D/MediaProvider(  658): object removed 11776
D/MediaProvider(  658): object removed 11777
D/MediaProvider(  658): object removed 11778
D/MediaProvider(  658): object removed 11779
D/MediaProvider(  658): object removed 11780
D/MediaProvider(  658): object removed 11781
D/MediaProvider(  658): object removed 11782
D/MediaProvider(  658): object removed 11783
D/MediaProvider(  658): object removed 11784
D/MediaProvider(  658): object removed 11785
D/MediaProvider(  658): object removed 11786
D/MediaProvider(  658): object removed 11787
D/MediaProvider(  658): object removed 11788
D/MediaProvider(  658): object removed 11789
D/MediaProvider(  658): object removed 11790
D/MediaProvider(  658): object removed 11791
D/MediaProvider(  658): object removed 11792
D/MediaProvider(  658): object removed 11793
D/MediaProvider(  658): object removed 11794
D/MediaProvider(  658): object removed 11795
D/MediaProvider(  658): object removed 11796
D/MediaProvider(  658): object removed 11797
D/MediaProvider(  658): object removed 11798
D/MediaProvider(  658): object removed 11799
D/MediaProvider(  658): object removed 11800
D/MediaProvider(  658): object removed 11801
D/MediaProvider(  658): object removed 11802
D/MediaProvider(  658): object removed 11803
D/MediaProvider(  658): object removed 11804
D/MediaProvider(  658): object removed 11805
D/MediaProvider(  658): object removed 11806
D/MediaProvider(  658): object removed 11807
D/MediaProvider(  658): object removed 11808
D/MediaProvider(  658): object removed 11809
D/MediaProvider(  658): object removed 11810
D/MediaProvider(  658): object removed 11811
D/MediaProvider(  658): object removed 11812
D/MediaProvider(  658): object removed 11813
D/MediaProvider(  658): object removed 11814
D/MediaProvider(  658): object removed 11815
D/MediaProvider(  658): object removed 11816
D/MediaProvider(  658): object removed 11817
D/MediaProvider(  658): object removed 11818
D/MediaProvider(  658): object removed 11819
D/MediaProvider(  658): object removed 11820
D/MediaProvider(  658): object removed 11821
D/MediaProvider(  658): object removed 11822
D/MediaProvider(  658): object removed 11823
D/MediaProvider(  658): object removed 11824
D/MediaProvider(  658): object removed 11825
D/MediaProvider(  658): object removed 11826
D/MediaProvider(  658): object removed 11827
D/MediaProvider(  658): object removed 11828
D/dalvikvm(  500): GC_EXPLICIT freed 528K, 44% free 6886K/12288K, paused 3ms+4ms, total 86ms
D/MediaProvider(  658): object removed 11829
D/MediaProvider(  658): object removed 11830
D/MediaProvider(  658): object removed 11831
E/QualcommCamera(  179): Qchar* android::get_parameters(camera_device*): E
V/QualcommCameraHardware(  179): getParameters: EX
E/QualcommCamera(  179): get_parameters X
E/QualcommCamera(  179): Qvoid android::put_parameters(camera_device*, char*): E
E/QualcommCamera(  179): put_parameters X
D/MediaProvider(  658): object removed 11832
D/MediaProvider(  658): object removed 11833
D/MediaProvider(  658): object removed 11834
D/MediaProvider(  658): object removed 11835
D/MediaProvider(  658): object removed 11836
W/ApplicationContext( 1418): Unable to create external cache directory
D/MediaProvider(  658): object removed 11837
D/MediaProvider(  658): object removed 11838
D/MediaProvider(  658): object removed 11839
D/MediaProvider(  658): object removed 11840
D/MediaProvider(  658): object removed 11841
D/MediaProvider(  658): object removed 11842
D/MediaProvider(  658): object removed 11843
D/MediaProvider(  658): object removed 11844
D/MediaProvider(  658): object removed 11845
V/camera  ( 1418): Preview size is 640x480
V/camera  ( 1418): mSceneMode auto
D/MediaProvider(  658): object removed 11846
V/camera  ( 1418): Color effect value =none
V/camera  ( 1418): autoExposure value =center
V/camera  ( 1418): antiBanding value =auto
D/MediaProvider(  658): object removed 11847
