D/MediaProvider(  658): object removed 10917
D/MediaProvider(  658): object removed 10918
D/MediaProvider(  658): object removed 10919
D/MediaProvider(  658): object removed 10920
D/MediaProvider(  658): object removed 10921
D/MediaProvider(  658): object removed 10922
D/MediaProvider(  658): object removed 10923
D/MediaProvider(  658): object removed 10924
D/MediaProvider(  658): object removed 10925
D/MediaProvider(  658): object removed 10926
D/MediaProvider(  658): object removed 10927
D/MediaProvider(  658): object removed 10928
D/MediaProvider(  658): object removed 10929
D/MediaProvider(  658): object removed 10930
D/MediaProvider(  658): object removed 10931
D/MediaProvider(  658): object removed 10932
D/MediaProvider(  658): object removed 10933
D/MediaProvider(  658): object removed 10934
D/MediaProvider(  658): object removed 10935
D/MediaProvider(  658): object removed 10936
D/MediaProvider(  658): object removed 10937
D/MediaProvider(  658): object removed 10938
D/MediaProvider(  658): object removed 10939
D/MediaProvider(  658): object removed 10940
D/MediaProvider(  658): object removed 10941
D/MediaProvider(  658): object removed 10942
D/MediaProvider(  658): object removed 10943
D/MediaProvider(  658): object removed 10944
D/MediaProvider(  658): object removed 10945
D/MediaProvider(  658): object removed 10946
D/MediaProvider(  658): object removed 10947
D/MediaProvider(  658): object removed 10948
D/MediaProvider(  658): object removed 10949
D/MccTable(  736): updateMccMncConfiguration: mcc=460, mnc=1
D/MccTable(  736): locale set to zh_cn
D/MccTable(  736): WIFI_COUNTRY_CODE set to cn
I/WifiService(  500): WifiService trying to set country code to cn with persist set to true
I/ActivityManager(  500): Config changed: {1.0 460mcc1mnc zh_CN sw360dp w360dp h615dp nrml long port finger -keyb/v/h dpad/v s.5 themeResource=null}
D/memalloc(  762): ion: Unmapping buffer  base:0x5dc38000 size:3768320
D/memalloc(  762): ion: Unmapping buffer  base:0x5e22e000 size:3768320
D/memalloc(  762): ion: Unmapping buffer  base:0x5e706000 size:3768320
D/memalloc(  762): ion: Unmapping buffer  base:0x5ed03000 size:3768320
D/memalloc(  176): ion: Freeing buffer base:0x45e6f000 size:3768320 fd:93
D/memalloc(  176): ion: Unmapping buffer  base:0x45e6f000 size:3768320
D/memalloc(  176): ion: Freeing buffer base:0x46279000 size:3768320 fd:96
D/memalloc(  176): ion: Unmapping buffer  base:0x46279000 size:3768320
D/memalloc(  176): ion: Freeing buffer base:0x4667d000 size:3768320 fd:99
D/memalloc(  176): ion: Unmapping buffer  base:0x4667d000 size:3768320
D/memalloc(  176): ion: Freeing buffer base:0x45a07000 size:3768320 fd:90
D/memalloc(  176): ion: Unmapping buffer  base:0x45a07000 size:3768320
W/ResourceType(  762): Attempt to retrieve bag 0x7f0d0017 which is invalid or in a cycle.
W/ResourceType(  762): Attempt to retrieve bag 0x7f0d0017 which is invalid or in a cycle.
W/ResourceType(  762): Attempt to retrieve bag 0x7f0d0017 which is invalid or in a cycle.
W/ResourceType(  762): Attempt to retrieve bag 0x7f0d0017 which is invalid or in a cycle.
W/ResourceType(  762): Attempt to retrieve bag 0x7f0d0017 which is invalid or in a cycle.
D/Launcher.Model(  762): Reload apps on config change. curr_mcc:460 prevmcc:0
I/Adreno200-EGLSUB(  762): <ConfigWindowMatch:2078>: Format RGBA_8888.
D/memalloc(  176): ion: Allocated buffer base:0x42b2c000 size:3768320 fd:37
D/memalloc(  762): ion: Mapped buffer base:0x5e22e000 size:3768320 offset:0 fd:65
D/memalloc(  176): ion: Allocated buffer base:0x42f01000 size:3768320 fd:40
D/memalloc(  762): ion: Mapped buffer base:0x5e706000 size:3768320 offset:0 fd:64
I/Adreno200-EGLSUB(  176): <CreateImage:893>: Android Image
I/Adreno200-EGLSUB(  176): <GetImageAttributes:1102>: RGBA_8888
D/memalloc(  176): ion: Allocated buffer base:0x43371000 size:3768320 fd:43
D/memalloc(  762): ion: Mapped buffer base:0x5ed03000 size:3768320 offset:0 fd:70
I/Adreno200-EGLSUB(  176): <CreateImage:893>: Android Image
I/Adreno200-EGLSUB(  176): <GetImageAttributes:1102>: RGBA_8888
D/memalloc(  176): ion: Allocated buffer base:0x45a07000 size:3768320 fd:46
D/memalloc(  762): ion: Mapped buffer base:0x60452000 size:3768320 offset:0 fd:74
D/dalvikvm(  762): GC_CONCURRENT freed 5649K, 63% free 4611K/12288K, paused 12ms+6ms, total 62ms
I/Adreno200-EGLSUB(  176): <CreateImage:893>: Android Image
I/Adreno200-EGLSUB(  176): <GetImageAttributes:1102>: RGBA_8888
D/MediaProvider(  658): object removed 10950
D/MediaProvider(  658): object removed 10951
D/MediaProvider(  658): object removed 10952
D/MediaProvider(  658): object removed 10953
D/MediaProvider(  658): object removed 10954
D/MediaProvider(  658): object removed 10955
D/MediaProvider(  658): object removed 10956
D/MediaProvider(  658): object removed 10957
D/MediaProvider(  658): object removed 10958
D/MediaProvider(  658): object removed 10959
I/Adreno200-EGLSUB(  176): <CreateImage:893>: Android Image
I/Adreno200-EGLSUB(  176): <GetImageAttributes:1102>: RGBA_8888
D/MediaProvider(  658): object removed 10960
D/MediaProvider(  658): object removed 10961
D/MediaProvider(  658): object removed 10962
D/MediaProvider(  658): object removed 10963
D/MediaProvider(  658): object removed 10964
D/MediaProvider(  658): object removed 10965
D/MediaProvider(  658): object removed 10966
D/MediaProvider(  658): object removed 10967
D/MediaProvider(  658): object removed 10968
D/MediaProvider(  658): object removed 10969
D/MediaProvider(  658): object removed 10970
D/MediaProvider(  658): object removed 10971
D/MediaProvider(  658): object removed 10972
D/MediaProvider(  658): object removed 10973
D/MediaProvider(  658): object removed 10974
D/MediaProvider(  658): object removed 10975
D/MediaProvider(  658): object removed 10976
D/MediaProvider(  658): object removed 10977
D/MediaProvider(  658): object removed 10978
D/MediaProvider(  658): object removed 10979
D/MediaProvider(  658): object removed 10980
D/MediaProvider(  658): object removed 10981
D/MediaProvider(  658): object removed 10982
D/MediaProvider(  658): object removed 10983
D/MediaProvider(  658): object removed 10984
D/MediaProvider(  658): object removed 10985
D/MediaProvider(  658): object removed 10986
D/MediaProvider(  658): object removed 10987
D/MediaProvider(  658): object removed 10988
D/MediaProvider(  658): object removed 10989
D/MediaProvider(  658): object removed 10990
D/MediaProvider(  658): object removed 10991
D/MediaProvider(  658): object removed 10992
D/MediaProvider(  658): object removed 10993
D/MediaProvider(  658): object removed 10994
D/MediaProvider(  658): object removed 10995
D/MediaProvider(  658): object removed 10996
D/MediaProvider(  658): object removed 10997
D/MediaProvider(  658): object removed 10998
D/MediaProvider(  658): object removed 10999
D/MediaProvider(  658): object removed 11000
W/ActivityManager(  500): Permission denied: checkComponentPermission() owningUid=1000
W/BroadcastQueue(  500): Permission Denial: broadcasting Intent { act=android.appwidget.action.APPWIDGET_UPDATE_OPTIONS flg=0x10 cmp=com.android.settings/.widget.SettingsAppWidgetProvider (has extras) } from android (pid=762, uid=10042) is not exported from uid 1000 due to receiver com.android.settings/com.android.settings.widget.SettingsAppWidgetProvider
D/MediaProvider(  658): object removed 11001
D/MediaProvider(  658): object removed 11002
D/MediaProvider(  658): object removed 11003
D/MediaProvider(  658): object removed 11004
D/MediaProvider(  658): object removed 11005
D/MediaProvider(  658): object removed 11006
D/MediaProvider(  658): object removed 11007
D/MediaProvider(  658): object removed 11008
D/MediaProvider(  658): object removed 11009
D/MediaProvider(  658): object removed 11010
D/MediaProvider(  658): object removed 11011
D/MediaProvider(  658): object removed 11012
D/MediaProvider(  658): object removed 11013
D/MediaProvider(  658): object removed 11014
D/MediaProvider(  658): object removed 11015
D/MediaProvider(  658): object removed 11016
D/MediaProvider(  658): object removed 11017
D/MediaProvider(  658): object removed 11018
D/MediaProvider(  658): object removed 11019
D/MediaProvider(  658): object removed 11020
D/MediaProvider(  658): object removed 11021
D/MediaProvider(  658): object removed 11022
D/MediaProvider(  658): object removed 11023
D/MediaProvider(  658): object removed 11024
D/MediaProvider(  658): object removed 11025
D/MediaProvider(  658): object removed 11026
D/MediaProvider(  658): object removed 11027
D/MediaProvider(  658): object removed 11028
D/MediaProvider(  658): object removed 11029
D/MediaProvider(  658): object removed 11030
D/MediaProvider(  658): object removed 11031
D/MediaProvider(  658): object removed 11032
D/MediaProvider(  658): object removed 11033
D/MediaProvider(  658): object removed 11034
D/MediaProvider(  658): object removed 11035
D/MediaProvider(  658): object removed 11036
D/MediaProvider(  658): object removed 11037
D/MediaProvider(  658): object removed 11038
D/MediaProvider(  658): object removed 11039
D/MediaProvider(  658): object removed 11040
D/MediaProvider(  658): object removed 11041
D/MediaProvider(  658): object removed 11042
D/MediaProvider(  658): object removed 11043
D/MediaProvider(  658): object removed 11044
D/MediaProvider(  658): object removed 11045
D/MediaProvider(  658): object removed 11046
D/MediaProvider(  658): object removed 11047
D/MediaProvider(  658): object removed 11048
D/MediaProvider(  658): object removed 11049
D/MediaProvider(  658): object removed 11050
E/msm8660 PowerHAL(  500): Error opening boostpulse: No such file or directory
D/lights  (  500): set_light_buttons: color=0xff666666, tlc=1.
D/AlarmManagerService(  500): Kernel timezone updated to -480 minutes west of GMT
D/AlarmManagerService(  500): Kernel timezone updated to -480 minutes west of GMT
D/memalloc(  500): ion: Unmapping buffer  base:0x612bc000 size:3674112
D/memalloc(  500): ion: Unmapping buffer  base:0x61c48000 size:3674112
D/memalloc(  500): ion: Unmapping buffer  base:0x620e0000 size:3674112
D/memalloc(  500): ion: Unmapping buffer  base:0x62461000 size:3674112
D/memalloc(  176): ion: Freeing buffer base:0x43720000 size:3674112 fd:49
D/memalloc(  176): ion: Unmapping buffer  base:0x43720000 size:3674112
D/memalloc(  176): ion: Freeing buffer base:0x44173000 size:3674112 fd:58
D/memalloc(  176): ion: Unmapping buffer  base:0x44173000 size:3674112
D/memalloc(  176): ion: Freeing buffer base:0x4453b000 size:3674112 fd:61
D/memalloc(  176): ion: Unmapping buffer  base:0x4453b000 size:3674112
D/PhoneStatusBar(  597): disable: < expand icons alerts ticker system_info BACK HOME recent* CLOCK >
E/AudioHardwareMSM8660(  179): write(): dec_id = 1 cur_rx = 2
E/AudioHardwareMSM8660(  179): cur_rx for pcm playback = 2
D/AudioHardwareMSM8660(  179): Calling acdb_loader_init_ACDB()
D/PhoneStatusBar(  597): disable: < expand icons alerts ticker system_info back* home* recent clock* >
D/ACDB-LOADER(  179): ACDB -> ACDB_CMD_INITIALIZE
E/        (  179): [ACDB RTC]->rtc init done!->result [0]
E/        (  179): actp_diag_init: call diag init function with 40ED73B1
E/        (  179): actp_diag_init: diag init failed
E/        (  179): [ACDB ACPH]->actp diag init done!
D/ACDB-LOADER(  179): ACDB -> MMAP PMEM from ACDB driver
D/ACDB-LOADER(  179): No existing PMEM info in ACDB driver
D/ACDB-LOADER(  179): ACDB -> PMEM_ALLOCATE
D/ACDB-LOADER(  179): ACDB -> register PMEM to ACDB driver: 0x416a1000
D/ACDB-LOADER(  179): ACDB -> send_asm_topology
D/ACDB-LOADER(  179): ACDB -> ACDB_CMD_GET_AUDPROC_STREAM_TOPOLOGY_ID
D/ACDB-LOADER(  179): send mbhc data
E/ACDB-LOADER(  179): Error reading MBHC general config returned = fffffff3
D/ACDB-LOADER(  179): send tabla anc data
D/ACDB-LOADER(  179): ACDB -> ACDB_CMD_GET_ANC_SETTING
E/ACDB-LOADER(  179): Error: ACDB ANC returned = -8
D/ACDB-LOADER(  179): ACDB -> ACDB_CMD_GET_ANC_SETTING
E/ACDB-LOADER(  179): Error: ACDB ANC returned = -8
D/ACDB-LOADER(  179): ACDB -> ACDB_CMD_GET_ANC_SETTING
E/ACDB-LOADER(  179): Error: ACDB ANC returned = -8
D/ACDB-LOADER(  179): ACDB -> ACDB_CMD_GET_ANC_SETTING
E/ACDB-LOADER(  179): Error: ACDB ANC returned = -8
D/ACDB-LOADER(  179): ACDB -> ACDB_CMD_GET_ANC_SETTING
E/ACDB-LOADER(  179): Error: ACDB ANC returned = -8
D/ACDB-LOADER(  179): ACDB -> ACDB_CMD_GET_ANC_SETTING
E/ACDB-LOADER(  179): Error: ACDB ANC returned = -8
D/ACDB-LOADER(  179): ACDB -> init done!
D/AudioHardwareMSM8660(  179): acdb_loader_init_ACDB() successful
E/AudioHardwareMSM8660(  179): value of device and enable is 2 1 ALSA dev id:2
D/ACDB-LOADER(  179): ACDB -> send_audio_cal, acdb_id = 2, path =  0
D/ACDB-LOADER(  179): ACDB -> send_adm_topology
D/ACDB-LOADER(  179): ACDB -> ACDB_CMD_GET_AUDPROC_COMMON_TOPOLOGY_ID
D/ACDB-LOADER(  179): ACDB -> send_audtable
D/ACDB-LOADER(  179): ACDB samplerate = 256
D/ACDB-LOADER(  179): ACDB -> ACDB_CMD_GET_AUDPROC_COMMON_TABLE
D/ACDB-LOADER(  179): ACDB -> AUDIO_SET_AUDPROC_CAL
D/ACDB-LOADER(  179): ACDB -> send_audvoltable
D/ACDB-LOADER(  179): ACDB -> ACDB_CMD_GET_AUDPROC_GAIN_DEP_VOLTBL_STEP_COPP
D/ACDB-LOADER(  179): ACDB -> AUDIO_SET_AUDPROC_VOL_CAL
D/AudioHardwareMSM8660(  179): addToTable stream 1
D/memalloc(  176): ion: Freeing buffer base:0x43d54000 size:3674112 fd:54
D/memalloc(  176): ion: Unmapping buffer  base:0x43d54000 size:3674112
D/Tethering(  500): MasterInitialState.processMessage what=3
D/Tethering(  500): MasterInitialState.processMessage what=3
D/MediaProvider(  658): object removed 11051
D/MediaProvider(  658): object removed 11052
D/MediaProvider(  658): object removed 11053
D/MediaProvider(  658): object removed 11054
D/MediaProvider(  658): object removed 11055
D/MediaProvider(  658): object removed 11056
D/MediaProvider(  658): object removed 11057
D/MediaProvider(  658): object removed 11058
D/MediaProvider(  658): object removed 11059
D/MediaProvider(  658): object removed 11060
D/MediaProvider(  658): object removed 11061
D/MediaProvider(  658): object removed 11062
D/MediaProvider(  658): object removed 11063
D/MediaProvider(  658): object removed 11064
D/MediaProvider(  658): object removed 11065
D/MediaProvider(  658): object removed 11066
D/MediaProvider(  658): object removed 11067
D/MediaProvider(  658): object removed 11068
D/MediaProvider(  658): object removed 11069
D/MediaProvider(  658): object removed 11070
D/MediaProvider(  658): object removed 11071
D/MediaProvider(  658): object removed 11072
D/MediaProvider(  658): object removed 11073
D/MediaProvider(  658): object removed 11074
D/MediaProvider(  658): object removed 11075
D/MediaProvider(  658): object removed 11076
D/MediaProvider(  658): object removed 11077
D/MediaProvider(  658): object removed 11078
D/MediaProvider(  658): object removed 11079
D/MediaProvider(  658): object removed 11080
D/MediaProvider(  658): object removed 11081
D/MediaProvider(  658): object removed 11082
D/MediaProvider(  658): object removed 11083
D/MediaProvider(  658): object removed 11084
D/MediaProvider(  658): object removed 11085
D/MediaProvider(  658): object removed 11086
D/MediaProvider(  658): object removed 11087
D/MediaProvider(  658): object removed 11088
D/MediaProvider(  658): object removed 11089
D/MediaProvider(  658): object removed 11090
D/MediaProvider(  658): object removed 11091
D/MediaProvider(  658): object removed 11092
D/MediaProvider(  658): object removed 11093
D/MediaProvider(  658): object removed 11094
D/MediaProvider(  658): object removed 11095
D/MediaProvider(  658): object removed 11096
D/MediaProvider(  658): object removed 11097
D/MediaProvider(  658): object removed 11098
D/MediaProvider(  658): object removed 11099
D/MediaProvider(  658): object removed 11100
D/MediaProvider(  658): object removed 11101
D/MediaProvider(  658): object removed 11102
D/MediaProvider(  658): object removed 11103
D/MediaProvider(  658): object removed 11104
D/MediaProvider(  658): object removed 11105
D/MediaProvider(  658): object removed 11106
D/MediaProvider(  658): object removed 11107
D/MediaProvider(  658): object removed 11108
D/MediaProvider(  658): object removed 11109
D/MediaProvider(  658): object removed 11110
D/MediaProvider(  658): object removed 11111
D/MediaProvider(  658): object removed 11112
D/MediaProvider(  658): object removed 11113
D/MediaProvider(  658): object removed 11114
D/MediaProvider(  658): object removed 11115
D/MediaProvider(  658): object removed 11116
D/MediaProvider(  658): object removed 11117
D/MediaProvider(  658): object removed 11118
D/MediaProvider(  658): object removed 11119
D/MediaProvider(  658): object removed 11120
D/MediaProvider(  658): object removed 11121
D/MediaProvider(  658): object removed 11122
D/MediaProvider(  658): object removed 11123
D/MediaProvider(  658): object removed 11124
D/MediaProvider(  658): object removed 11125
D/MediaProvider(  658): object removed 11126
D/MediaProvider(  658): object removed 11127
D/MediaProvider(  658): object removed 11128
D/MediaProvider(  658): object removed 11129
D/MediaProvider(  658): object removed 11130
D/MediaProvider(  658): object removed 11131
D/MediaProvider(  658): object removed 11132
D/MediaProvider(  658): object removed 11133
D/MediaProvider(  658): object removed 11134
D/MediaProvider(  658): object removed 11135
D/MediaProvider(  658): object removed 11136
D/MediaProvider(  658): object removed 11137
D/MediaProvider(  658): object removed 11138
D/MediaProvider(  658): object removed 11139
D/MediaProvider(  658): object removed 11140
D/MediaProvider(  658): object removed 11141
D/MediaProvider(  658): object removed 11142
D/MediaProvider(  658): object removed 11143
D/MediaProvider(  658): object removed 11144
D/MediaProvider(  658): object removed 11145
D/MediaProvider(  658): object removed 11146
D/MediaProvider(  658): object removed 11147
D/MediaProvider(  658): object removed 11148
D/MediaProvider(  658): object removed 11149
D/MediaProvider(  658): object removed 11150
D/MediaProvider(  658): object removed 11151
D/dalvikvm(  500): WAIT_FOR_CONCURRENT_GC blocked 0ms
D/dalvikvm(  500): GC_EXPLICIT freed 676K, 48% free 6487K/12288K, paused 11ms+6ms, total 88ms
D/SystemClock(  500): Setting time of day to sec=1346314336
W/SystemClock(  500): Unable to set rtc to 1346314336: Invalid argument
D/dalvikvm(  762): WAIT_FOR_CONCURRENT_GC blocked 0ms
D/AlarmManagerService(  500): Kernel timezone updated to -480 minutes west of GMT
D/dalvikvm(  762): GC_EXPLICIT freed 2612K, 42% free 7242K/12355K, paused 2ms+3ms, total 52ms
D/GpsLocationProvider(  500): NTP server returned: 1346314336965 (Thu Aug 30 16:12:16 格林尼治标准时间+0800 2012) reference: 25975 certainty: 146 system time offset: -29
D/libloc  (  500): loc_eng_inject_time, uncertainty = 146
D/libloc  (  500): loc_eng_ioctl called: client = 0, ioctl_type = RPC_LOC_IOCTL_INJECT_UTC_TIME
D/RPC     (  500): 3000008c:00050000 sending call (XID 4).
I/ActivityManager(  500): Start proc com.koushikdutta.rommanager for broadcast com.koushikdutta.rommanager/.CheckinReceiver: pid=1317 uid=10032 gids={1015, 3003, 1028}
D/RPC     (  500): 3000008c:00050000 received REPLY (XID 4), grabbing mutex to wake up client.
D/RPC     (  500): 3000008c:00050000 waiting for XDR input buffer to be consumed.
D/RPC     (  500): 3000008c:00050000 call success.
D/ActivityThread( 1317): setTargetHeapUtilization:0.25
D/ActivityThread( 1317): setTargetHeapIdealFree:8388608
D/ActivityThread( 1317): setTargetHeapConcurrentStart:2097152
D/RPC     (  500): 3000008c:00050000 received CALL.
D/RPC     (  500): 3000008c:00050000 dispatching RPC call (XID 315, xdr 0xca5240) for callback client 3100008c:00050001.
D/RPC     (  500): 3100008c:327681 sending RPC reply (XID 315)
D/libloc  (  500): loc_eng_ioctl result: client = 0, ioctl_type = RPC_LOC_IOCTL_INJECT_UTC_TIME, RPC_LOC_API_SUCCESS
D/MediaProvider(  658): object removed 11152
D/MediaProvider(  658): object removed 11153
D/MediaProvider(  658): object removed 11154
D/MediaProvider(  658): object removed 11155
D/MediaProvider(  658): object removed 11156
D/MediaProvider(  658): object removed 11157
D/MediaProvider(  658): object removed 11158
D/MediaProvider(  658): object removed 11159
D/MediaProvider(  658): object removed 11160
D/MediaProvider(  658): object removed 11161
D/MediaProvider(  658): object removed 11162
D/MediaProvider(  658): object removed 11163
D/MediaProvider(  658): object removed 11164
D/MediaProvider(  658): object removed 11165
D/MediaProvider(  658): object removed 11166
D/MediaProvider(  658): object removed 11167
D/MediaProvider(  658): object removed 11168
D/MediaProvider(  658): object removed 11169
D/MediaProvider(  658): object removed 11170
D/MediaProvider(  658): object removed 11171
D/MediaProvider(  658): object removed 11172
D/MediaProvider(  658): object removed 11173
D/MediaProvider(  658): object removed 11174
D/MediaProvider(  658): object removed 11175
D/MediaProvider(  658): object removed 11176
D/MediaProvider(  658): object removed 11177
D/MediaProvider(  658): object removed 11178
D/MediaProvider(  658): object removed 11179
I/PurchasingManager( 1317): Purchasing Framework initialization complete. Build ID 1.0.3
D/MediaProvider(  658): object removed 11180
D/MediaProvider(  658): object removed 11181
D/MediaProvider(  658): object removed 11182
D/MediaProvider(  658): object removed 11183
D/MediaProvider(  658): object removed 11184
D/MediaProvider(  658): object removed 11185
D/MediaProvider(  658): object removed 11186
D/PurchasingManager( 1317): In App Purchasing SDK - Sandbox Mode: PurchasingObserver registered: com.clockworkmod.billing.b@40ed2af0
D/MediaProvider(  658): object removed 11187
D/MediaProvider(  658): object removed 11188
D/MediaProvider(  658): object removed 11189
D/MediaProvider(  658): object removed 11190
D/MediaProvider(  658): object removed 11191
D/MediaProvider(  658): object removed 11192
D/MediaProvider(  658): object removed 11193
D/MediaProvider(  658): object removed 11194
D/MediaProvider(  658): object removed 11195
D/MediaProvider(  658): object removed 11196
D/MediaProvider(  658): object removed 11197
D/MediaProvider(  658): object removed 11198
D/SandboxRequestHandler( 1317): In App Purchasing SDK - Sandbox Mode: sendGetUserIdRequest
D/MediaProvider(  658): object removed 11199
W/ActivityManager(  500): Unable to start service Intent { act=com.amazon.testclient.iap.appUserId flg=0x10000000 (has extras) }: not found
D/MediaProvider(  658): object removed 11200
D/MediaProvider(  658): object removed 11201
D/MediaProvider(  658): object removed 11202
D/MediaProvider(  658): object removed 11203
D/MediaProvider(  658): object removed 11204
D/MediaProvider(  658): object removed 11205
D/MediaProvider(  658): object removed 11206
D/MediaProvider(  658): object removed 11207
D/MediaProvider(  658): object removed 11208
D/MediaProvider(  658): object removed 11209
D/MediaProvider(  658): object removed 11210
D/MediaProvider(  658): object removed 11211
D/MediaProvider(  658): object removed 11212
D/MediaProvider(  658): object removed 11213
D/MediaProvider(  658): object removed 11214
D/MediaProvider(  658): object removed 11215
D/MediaProvider(  658): object removed 11216
D/MediaProvider(  658): object removed 11217
D/MediaProvider(  658): object removed 11218
D/MediaProvider(  658): object removed 11219
D/MediaProvider(  658): object removed 11220
D/MediaProvider(  658): object removed 11221
D/MediaProvider(  658): object removed 11222
D/MediaProvider(  658): object removed 11223
D/MediaProvider(  658): object removed 11224
D/MediaProvider(  658): object removed 11225
D/MediaProvider(  658): object removed 11226
D/MediaProvider(  658): object removed 11227
D/MediaProvider(  658): object removed 11228
D/MediaProvider(  658): object removed 11229
D/MediaProvider(  658): object removed 11230
D/MediaProvider(  658): object removed 11231
D/MediaProvider(  658): object removed 11232
D/MediaProvider(  658): object removed 11233
D/MediaProvider(  658): object removed 11234
D/MediaProvider(  658): object removed 11235
D/MediaProvider(  658): object removed 11236
D/MediaProvider(  658): object removed 11237
D/MediaProvider(  658): object removed 11238
D/MediaProvider(  658): object removed 11239
D/MediaProvider(  658): object removed 11240
D/MediaProvider(  658): object removed 11241
D/MediaProvider(  658): object removed 11242
D/MediaProvider(  658): object removed 11243
D/MediaProvider(  658): object removed 11244
D/MediaProvider(  658): object removed 11245
D/MediaProvider(  658): object removed 11246
D/MediaProvider(  658): object removed 11247
D/MediaProvider(  658): object removed 11248
D/MediaProvider(  658): object removed 11249
D/MediaProvider(  658): object removed 11250
D/MediaProvider(  658): object removed 11251
D/MediaProvider(  658): object removed 11252
W/System.err( 1317): java.lang.Exception: no proof string
W/System.err( 1317): 	at com.clockworkmod.billing.aa.a(Unknown Source)
W/System.err( 1317): 	at com.clockworkmod.billing.aa.a(Unknown Source)
W/System.err( 1317): 	at com.koushikdutta.rommanager.as.c(Unknown Source)
W/System.err( 1317): 	at com.koushikdutta.rommanager.as.a(Unknown Source)
W/System.err( 1317): 	at com.koushikdutta.rommanager.CheckinReceiver.onReceive(Unknown Source)
W/System.err( 1317): 	at android.app.ActivityThread.handleReceiver(ActivityThread.java:2355)
W/System.err( 1317): 	at android.app.ActivityThread.access$1500(ActivityThread.java:142)
W/System.err( 1317): 	at android.app.ActivityThread$H.handleMessage(ActivityThread.java:1284)
W/System.err( 1317): 	at android.os.Handler.dispatchMessage(Handler.java:99)
W/System.err( 1317): 	at android.os.Looper.loop(Looper.java:137)
W/System.err( 1317): 	at android.app.ActivityThread.main(ActivityThread.java:4928)
W/System.err( 1317): 	at java.lang.reflect.Method.invokeNative(Native Method)
W/System.err( 1317): 	at java.lang.reflect.Method.invoke(Method.java:511)
W/System.err( 1317): 	at com.android.internal.os.ZygoteInit$MethodAndArgsCaller.run(ZygoteInit.java:791)
W/System.err( 1317): 	at com.android.internal.os.ZygoteInit.main(ZygoteInit.java:558)
W/System.err( 1317): 	at dalvik.system.NativeStart.main(Native Method)
V/AlarmClock(  867): AlarmInitReceiver finished
D/AlarmManagerService(  500): Kernel timezone updated to -480 minutes west of GMT
F/libc    (  762): Fatal signal 11 (SIGSEGV) at 0x00001cd4 (code=1), thread 1342 (AsyncTask #3)
D/dalvikvm(  762): GC_CONCURRENT freed 4596K, 45% free 9563K/17347K, paused 12ms+4ms, total 55ms
D/dalvikvm(  762): WAIT_FOR_CONCURRENT_GC blocked 24ms
I/DEBUG   (  174): *** *** *** *** *** *** *** *** *** *** *** *** *** *** *** ***
I/DEBUG   (  174): Build fingerprint: 'samsung/SGH-I757M/SGH-I757M:4.1.1/IMM76D/UCLF6:user/release-keys'
I/DEBUG   (  174): pid: 762, tid: 1342, name: AsyncTask #3  >>> com.cyanogenmod.trebuchet <<<
I/DEBUG   (  174): signal 11 (SIGSEGV), code 1 (SEGV_MAPERR), fault addr 00001cd4
D/MediaProvider(  658): object removed 11253
D/MediaProvider(  658): object removed 11254
D/MediaProvider(  658): object removed 11255
D/MediaProvider(  658): object removed 11256
D/MediaProvider(  658): object removed 11257
D/MediaProvider(  658): object removed 11258
D/MediaProvider(  658): object removed 11259
D/MediaProvider(  658): object removed 11260
D/MediaProvider(  658): object removed 11261
D/MediaProvider(  658): object removed 11262
D/MediaProvider(  658): object removed 11263
D/MediaProvider(  658): object removed 11264
D/MediaProvider(  658): object removed 11265
D/MediaProvider(  658): object removed 11266
D/MediaProvider(  658): object removed 11267
D/MediaProvider(  658): object removed 11268
D/MediaProvider(  658): object removed 11269
D/MediaProvider(  658): object removed 11270
D/MediaProvider(  658): object removed 11271
D/MediaProvider(  658): object removed 11272
D/MediaProvider(  658): object removed 11273
D/MediaProvider(  658): object removed 11274
D/MediaProvider(  658): object removed 11275
D/MediaProvider(  658): object removed 11276
D/MediaProvider(  658): object removed 11277
D/MediaProvider(  658): object removed 11278
D/MediaProvider(  658): object removed 11279
D/MediaProvider(  658): object removed 11280
D/MediaProvider(  658): object removed 11281
D/MediaProvider(  658): object removed 11282
D/MediaProvider(  658): object removed 11283
D/MediaProvider(  658): object removed 11284
D/MediaProvider(  658): object removed 11285
D/MediaProvider(  658): object removed 11286
D/MediaProvider(  658): object removed 11287
D/MediaProvider(  658): object removed 11288
D/MediaProvider(  658): object removed 11289
D/MediaProvider(  658): object removed 11290
D/MediaProvider(  658): object removed 11291
D/MediaProvider(  658): object removed 11292
D/MediaProvider(  658): object removed 11293
D/MediaProvider(  658): object removed 11294
D/MediaProvider(  658): object removed 11295
D/MediaProvider(  658): object removed 11296
D/MediaProvider(  658): object removed 11297
D/MediaProvider(  658): object removed 11298
D/MediaProvider(  658): object removed 11299
D/MediaProvider(  658): object removed 11300
D/MediaProvider(  658): object removed 11301
D/MediaProvider(  658): object removed 11302
D/MediaProvider(  658): object removed 11303
D/MediaProvider(  658): object removed 11304
D/MediaProvider(  658): object removed 11305
D/MediaProvider(  658): object removed 11306
D/MediaProvider(  658): object removed 11307
D/MediaProvider(  658): object removed 11308
D/MediaProvider(  658): object removed 11309
D/MediaProvider(  658): object removed 11310
D/MediaProvider(  658): object removed 11311
D/MediaProvider(  658): object removed 11312
D/MediaProvider(  658): object removed 11313
D/MediaProvider(  658): object removed 11314
D/MediaProvider(  658): object removed 11315
D/MediaProvider(  658): object removed 11316
D/MediaProvider(  658): object removed 11317
D/MediaProvider(  658): object removed 11318
D/MediaProvider(  658): object removed 11319
D/MediaProvider(  658): object removed 11320
D/MediaProvider(  658): object removed 11321
D/MediaProvider(  658): object removed 11322
D/MediaProvider(  658): object removed 11323
D/MediaProvider(  658): object removed 11324
D/MediaProvider(  658): object removed 11325
D/MediaProvider(  658): object removed 11326
D/MediaProvider(  658): object removed 11327
D/MediaProvider(  658): object removed 11328
D/MediaProvider(  658): object removed 11329
D/MediaProvider(  658): object removed 11330
D/MediaProvider(  658): object removed 11331
D/MediaProvider(  658): object removed 11332
D/MediaProvider(  658): object removed 11333
D/MediaProvider(  658): object removed 11334
D/MediaProvider(  658): object removed 11335
D/MediaProvider(  658): object removed 11336
D/MediaProvider(  658): object removed 11337
D/MediaProvider(  658): object removed 11338
D/MediaProvider(  658): object removed 11339
D/MediaProvider(  658): object removed 11340
D/MediaProvider(  658): object removed 11341
D/MediaProvider(  658): object removed 11342
D/MediaProvider(  658): object removed 11343
D/MediaProvider(  658): object removed 11344
D/MediaProvider(  658): object removed 11345
D/MediaProvider(  658): object removed 11346
D/MediaProvider(  658): object removed 11347
D/MediaProvider(  658): object removed 11348
D/MediaProvider(  658): object removed 11349
D/MediaProvider(  658): object removed 11350
D/MediaProvider(  658): object removed 11351
D/MediaProvider(  658): object removed 11352
D/MediaProvider(  658): object removed 11353
I/DEBUG   (  174):     r0 5f67b25c  r1 5f67b254  r2 00cf83c8  r3 00cf83c8
I/DEBUG   (  174):     r4 000000f6  r5 00000003  r6 00001cd4  r7 00000001
I/DEBUG   (  174):     r8 00000002  r9 0000003d  sl 00000000  fp 5f67b250
I/DEBUG   (  174):     ip 0000003c  sp 5f67b218  lr 4028c7ec  pc 4028cf70  cpsr 20030010
I/DEBUG   (  174):     d0  0000000041700000  d1  42f7000000000000
I/DEBUG   (  174):     d2  3f00000043760000  d3  3f00000000000000
I/DEBUG   (  174):     d4  8000000000000000  d5  3f80000080000000
I/DEBUG   (  174):     d6  3f0000000000000f  d7  3f00000041780000
I/DEBUG   (  174):     d8  000000003f000000  d9  000000f600000000
I/DEBUG   (  174):     d10 0000000000000000  d11 0000000000000000
I/DEBUG   (  174):     d12 0000000000000000  d13 0000000000000000
I/DEBUG   (  174):     d14 0000000000000000  d15 0000000000000000
I/DEBUG   (  174):     d16 ff2d2d2d00000000  d17 0000000000000000
I/DEBUG   (  174):     d18 4f0d0d0daf1e1e1e  d19 0000000000000000
I/DEBUG   (  174):     d20 4f0d0d0daf1e1e1e  d21 ff2d2d2d00000000
I/DEBUG   (  174):     d22 0707070703030303  d23 0000000000000000
I/DEBUG   (  174):     d24 0051005100510051  d25 00b100b100b100b1
I/DEBUG   (  174):     d26 0100010001000100  d27 0001000100010001
I/DEBUG   (  174):     d28 0100010001000100  d29 0100010001000100
I/DEBUG   (  174):     d30 0000000d0000000d  d31 0000000d0000000d
I/DEBUG   (  174):     scr 20000013
I/DEBUG   (  174): 
I/DEBUG   (  174): backtrace:
I/DEBUG   (  174):     #00  pc 00048f70  /system/lib/libskia.so (S32_opaque_D32_nofilter_DX(SkBitmapProcState const&, unsigned int const*, int, unsigned int*)+104)
I/DEBUG   (  174):     #01  pc 000487e8  /system/lib/libskia.so (SkBitmapProcShader::shadeSpan(int, int, unsigned int*, int)+200)
I/DEBUG   (  174):     #02  pc 000596b0  /system/lib/libskia.so (SkARGB32_Shader_Blitter::blitH(int, int, int)+76)
I/DEBUG   (  174):     #03  pc 000541d8  /system/lib/libskia.so (SkBlitter::blitRect(int, int, int, int)+60)
I/DEBUG   (  174):     #04  pc 0008d6ec  /system/lib/libskia.so (SkScan::FillIRect(SkIRect const&, SkRegion const*, SkBlitter*)+260)
I/DEBUG   (  174):     #05  pc 0008d844  /system/lib/libskia.so (SkScan::FillRect(SkRect const&, SkRegion const*, SkBlitter*)+152)
I/DEBUG   (  174):     #06  pc 0008da2c  /system/lib/libskia.so (SkScan::FillRect(SkRect const&, SkRasterClip const&, SkBlitter*)+160)
I/DEBUG   (  174):     #07  pc 0006d688  /system/lib/libskia.so
I/DEBUG   (  174):     #08  pc 00060330  /system/lib/libskia.so (SkCanvas::drawRect(SkRect const&, SkPaint const&)+508)
I/DEBUG   (  174):     #09  pc 000625c8  /system/lib/libskia.so (SkCanvas::drawRectCoords(float, float, float, float, SkPaint const&)+44)
I/DEBUG   (  174):     #10  pc 0001dff0  /system/lib/libdvm.so (dvmPlatformInvoke+112)
I/DEBUG   (  174):     #11  pc 0004cd9f  /system/lib/libdvm.so (dvmCallJNIMethod(unsigned int const*, JValue*, Method const*, Thread*)+394)
I/DEBUG   (  174):     #12  pc 00027420  /system/lib/libdvm.so
I/DEBUG   (  174):     #13  pc 0002ba30  /system/lib/libdvm.so (dvmInterpret(Thread*, Method const*, JValue*)+180)
I/DEBUG   (  174):     #14  pc 0005f51d  /system/lib/libdvm.so (dvmCallMethodV(Thread*, Method const*, Object*, bool, JValue*, std::__va_list)+272)
I/DEBUG   (  174):     #15  pc 0005f547  /system/lib/libdvm.so (dvmCallMethod(Thread*, Method const*, Object*, JValue*, ...)+20)
I/DEBUG   (  174):     #16  pc 000540e7  /system/lib/libdvm.so
I/DEBUG   (  174):     #17  pc 00013204  /system/lib/libc.so (__thread_entry+48)
I/DEBUG   (  174):     #18  pc 00012da0  /system/lib/libc.so (pthread_create+180)
I/DEBUG   (  174): 
I/DEBUG   (  174): stack:
I/DEBUG   (  174):          5f67b1d8  5f67b2d0  
I/DEBUG   (  174):          5f67b1dc  40299f58  /system/lib/libskia.so (SkBlitter::Choose(SkBitmap const&, SkMatrix const&, SkPaint const&, void*, unsigned int)+460)
I/DEBUG   (  174):          5f67b1e0  00000000  
I/DEBUG   (  174):          5f67b1e4  00000000  
I/DEBUG   (  174):          5f67b1e8  00000000  
I/DEBUG   (  174):          5f67b1ec  00000000  
I/DEBUG   (  174):          5f67b1f0  00000000  
I/DEBUG   (  174):          5f67b1f4  41400000  /dev/ashmem/dalvik-heap (deleted)
I/DEBUG   (  174):          5f67b1f8  5f67b250  
I/DEBUG   (  174):          5f67b1fc  40292660  /system/lib/libskia.so
I/DEBUG   (  174):          5f67b200  3f000000  
I/DEBUG   (  174):          5f67b204  00000000  
I/DEBUG   (  174):          5f67b208  5f67b34a  
I/DEBUG   (  174):          5f67b20c  0000007b  
I/DEBUG   (  174):          5f67b210  df0027ad  
I/DEBUG   (  174):          5f67b214  00000000  
I/DEBUG   (  174):     #00  5f67b218  000000f6  
I/DEBUG   (  174):          5f67b21c  000000f6  
I/DEBUG   (  174):          5f67b220  000000f6  
I/DEBUG   (  174):          5f67b224  00cf87a0  [heap]
I/DEBUG   (  174):          5f67b228  4028cf08  /system/lib/libskia.so (S32_opaque_D32_nofilter_DX(SkBitmapProcState const&, unsigned int const*, int, unsigned int*))
I/DEBUG   (  174):          5f67b22c  000000fe  
I/DEBUG   (  174):          5f67b230  40292dc8  /system/lib/libskia.so
I/DEBUG   (  174):          5f67b234  4028c7ec  /system/lib/libskia.so (SkBitmapProcShader::shadeSpan(int, int, unsigned int*, int)+204)
I/DEBUG   (  174):     #01  5f67b238  0000000f  
I/DEBUG   (  174):          5f67b23c  5f67b2d0  
I/DEBUG   (  174):          5f67b240  00000000  
I/DEBUG   (  174):          5f67b244  4028cf08  /system/lib/libskia.so (S32_opaque_D32_nofilter_DX(SkBitmapProcState const&, unsigned int const*, int, unsigned int*))
I/DEBUG   (  174):          5f67b248  00cfa95c  [heap]
I/DEBUG   (  174):          5f67b24c  0000000f  
I/DEBUG   (  174):          5f67b250  0000000f  
I/DEBUG   (  174):          5f67b254  00010000  
I/DEBUG   (  174):          5f67b258  00030002  
I/DEBUG   (  174):          5f67b25c  00050004  
I/DEBUG   (  174):          5f67b260  00070006  
I/DEBUG   (  174):          5f67b264  00090008  
I/DEBUG   (  174):          5f67b268  000b000a  
I/DEBUG   (  174):          5f67b26c  000d000c  
I/DEBUG   (  174):          5f67b270  000f000e  
I/DEBUG   (  174):          5f67b274  00110010  
I/DEBUG   (  174):          ........  ........
I/DEBUG   (  174):     #02  5f67b478  000000f6  
I/DEBUG   (  174):          5f67b47c  00000000  
I/DEBUG   (  174):          5f67b480  0000000f  
I/DEBUG   (  174):          5f67b484  00000000  
I/DEBUG   (  174):          5f67b488  3fab2164  
I/DEBUG   (  174):          5f67b48c  0000006c  
I/DEBUG   (  174):          5f67b490  5f67ba18  
I/DEBUG   (  174):          5f67b494  00000010  
I/DEBUG   (  174):          5f67b498  000000f6  
I/DEBUG   (  174):          5f67b49c  402981dc  /system/lib/libskia.so (SkBlitter::blitRect(int, int, int, int)+64)
I/DEBUG   (  174): 
I/DEBUG   (  174): memory near r0:
I/DEBUG   (  174):     5f67b23c 5f67b2d0 00000000 4028cf08 00cfa95c  ..g_......(@\...
I/DEBUG   (  174):     5f67b24c 0000000f 0000000f 00010000 00030002  ................
I/DEBUG   (  174):     5f67b25c 00050004 00070006 00090008 000b000a  ................
I/DEBUG   (  174):     5f67b26c 000d000c 000f000e 00110010 00130012  ................
I/DEBUG   (  174):     5f67b27c 00150014 00170016 00190018 001b001a  ................
I/DEBUG   (  174): 
I/DEBUG   (  174): memory near r1:
I/DEBUG   (  174):     5f67b234 4028c7ec 0000000f 5f67b2d0 00000000  ..(@......g_....
I/DEBUG   (  174):     5f67b244 4028cf08 00cfa95c 0000000f 0000000f  ..(@\...........
I/DEBUG   (  174):     5f67b254 00010000 00030002 00050004 00070006  ................
I/DEBUG   (  174):     5f67b264 00090008 000b000a 000d000c 000f000e  ................
I/DEBUG   (  174):     5f67b274 00110010 00130012 00150014 00170016  ................
I/DEBUG   (  174): 
I/DEBUG   (  174): memory near r2:
I/DEBUG   (  174):     00cf83a8 0013a040 00000000 008dfe78 00000001  @.......x.......
I/DEBUG   (  174):     00cf83b8 00000000 00000000 00000268 000003e2  ........h.......
I/DEBUG   (  174):     00cf83c8 ff2d2d2d ff2d2d2d ff2d2d2d ff2d2d2d  ---.---.---.---.
I/DEBUG   (  174):     00cf83d8 ff2d2d2d ff2d2d2d ff2d2d2d ff2d2d2d  ---.---.---.---.
I/DEBUG   (  174):     00cf83e8 ff2d2d2d ff2d2d2d ff2d2d2d ff2d2d2d  ---.---.---.---.
I/DEBUG   (  174): 
I/DEBUG   (  174): memory near r3:
I/DEBUG   (  174):     00cf83a8 0013a040 00000000 008dfe78 00000001  @.......x.......
I/DEBUG   (  174):     00cf83b8 00000000 00000000 00000268 000003e2  ........h.......
I/DEBUG   (  174):     00cf83c8 ff2d2d2d ff2d2d2d ff2d2d2d ff2d2d2d  ---.---.---.---.
I/DEBUG   (  174):     00cf83d8 ff2d2d2d ff2d2d2d ff2d2d2d ff2d2d2d  ---.---.---.---.
I/DEBUG   (  174):     00cf83e8 ff2d2d2d ff2d2d2d ff2d2d2d ff2d2d2d  ---.---.---.---.
I/DEBUG   (  174): 
I/DEBUG   (  174): memory near r6:
I/DEBUG   (  174):     00001cb4 ffffffff ffffffff ffffffff ffffffff  ................
I/DEBUG   (  174):     00001cc4 ffffffff ffffffff ffffffff ffffffff  ................
I/DEBUG   (  174):     00001cd4 ffffffff ffffffff ffffffff ffffffff  ................
I/DEBUG   (  174):     00001ce4 ffffffff ffffffff ffffffff ffffffff  ................
I/DEBUG   (  174):     00001cf4 ffffffff ffffffff ffffffff ffffffff  ................
I/DEBUG   (  174): 
I/DEBUG   (  174): memory near fp:
I/DEBUG   (  174):     5f67b230 40292dc8 4028c7ec 0000000f 5f67b2d0  .-)@..(@......g_
I/DEBUG   (  174):     5f67b240 00000000 4028cf08 00cfa95c 0000000f  ......(@\.......
I/DEBUG   (  174):     5f67b250 0000000f 00010000 00030002 00050004  ................
I/DEBUG   (  174):     5f67b260 00070006 00090008 000b000a 000d000c  ................
I/DEBUG   (  174):     5f67b270 000f000e 00110010 00130012 00150014  ................
I/DEBUG   (  174): 
I/DEBUG   (  174): memory near sp:
I/DEBUG   (  174):     5f67b1f8 5f67b250 40292660 3f000000 00000000  P.g_`&)@...?....
I/DEBUG   (  174):     5f67b208 5f67b34a 0000007b df0027ad 00000000  J.g_{....'......
I/DEBUG   (  174):     5f67b218 000000f6 000000f6 000000f6 00cf87a0  ................
I/DEBUG   (  174):     5f67b228 4028cf08 000000fe 40292dc8 4028c7ec  ..(@.....-)@..(@
I/DEBUG   (  174):     5f67b238 0000000f 5f67b2d0 00000000 4028cf08  ......g_......(@
I/DEBUG   (  174): 
I/DEBUG   (  174): code around pc:
I/DEBUG   (  174):     4028cf50 e5908000 e25cc001 e5905004 e2800008  ......\..P......
I/DEBUG   (  174):     4028cf60 e6ffa078 e1a07828 e6ff8075 e1a05825  x...(x..u...%X..
I/DEBUG   (  174):     4028cf70 e796a10a e7967107 e7968108 e7965105  .....q.......Q..
I/DEBUG   (  174):     4028cf80 e582a000 e9820180 e582500c e2822010  .........P... ..
I/DEBUG   (  174):     4028cf90 1affffee e0811189 e0833209 e2144003  .........2...@..
I/DEBUG   (  174): 
I/DEBUG   (  174): code around lr:
I/DEBUG   (  174):     4028c7cc e1a0100b e12fff3a e1a03007 e59d0010  ....:./..0......
I/DEBUG   (  174):     4028c7dc e1a0100b e1a02004 e0877104 e12fff38  ..... ...q..8./.
I/DEBUG   (  174):     4028c7ec e0555004 1affffec eaffffd7 e59fe0a8  .PU.............
I/DEBUG   (  174):     4028c7fc e28da018 e79fc00e e154000c 158db010  ..........T.....
I/DEBUG   (  174):     4028c80c 11a0b008 11a08004 0a000013 e59d3010  .............0..
I/DEBUG   (  174): 
I/DEBUG   (  174): memory map around fault addr 00001cd4:
I/DEBUG   (  174):     (no map below)
I/DEBUG   (  174):     (no map for address)
I/DEBUG   (  174):     00008000-0000a000 /system/bin/app_process
I/ActivityManager(  500): Process com.cyanogenmod.trebuchet (pid 762) has died.
I/WindowState(  500): WIN DEATH: Window{40f11828 com.cyanogenmod.trebuchet/com.cyanogenmod.trebuchet.Launcher paused=false}
D/memalloc(  176): ion: Freeing buffer base:0x42f01000 size:3768320 fd:40
D/memalloc(  176): ion: Unmapping buffer  base:0x42f01000 size:3768320
D/memalloc(  176): ion: Freeing buffer base:0x43371000 size:3768320 fd:43
D/memalloc(  176): ion: Unmapping buffer  base:0x43371000 size:3768320
D/memalloc(  176): ion: Freeing buffer base:0x45a07000 size:3768320 fd:46
D/memalloc(  176): ion: Unmapping buffer  base:0x45a07000 size:3768320
D/Zygote  (  177): Process 762 terminated by signal (11)
D/memalloc(  176): ion: Freeing buffer base:0x42b2c000 size:3768320 fd:37
D/memalloc(  176): ion: Unmapping buffer  base:0x42b2c000 size:3768320
I/ActivityManager(  500): Start proc com.cyanogenmod.trebuchet for activity com.cyanogenmod.trebuchet/.Launcher: pid=1372 uid=10042 gids={1028}
D/ActivityThread( 1372): setTargetHeapUtilization:0.25
D/ActivityThread( 1372): setTargetHeapIdealFree:8388608
D/ActivityThread( 1372): setTargetHeapConcurrentStart:2097152
I/ActivityThread( 1372): Pub com.cyanogenmod.trebuchet.settings: com.cyanogenmod.trebuchet.LauncherProvider
W/ResourceType( 1372): Attempt to retrieve bag 0x7f0d0017 which is invalid or in a cycle.
W/ResourceType( 1372): Attempt to retrieve bag 0x7f0d0017 which is invalid or in a cycle.
W/ResourceType( 1372): Attempt to retrieve bag 0x7f0d0017 which is invalid or in a cycle.
W/ResourceType( 1372): Attempt to retrieve bag 0x7f0d0017 which is invalid or in a cycle.
W/ResourceType( 1372): Attempt to retrieve bag 0x7f0d0017 which is invalid or in a cycle.
D/libEGL  ( 1372): loaded /system/lib/egl/libEGL_adreno200.so
D/libEGL  ( 1372): loaded /system/lib/egl/libGLESv1_CM_adreno200.so
D/libEGL  ( 1372): loaded /system/lib/egl/libGLESv2_adreno200.so
I/Adreno200-EGLSUB( 1372): <ConfigWindowMatch:2078>: Format RGBA_8888.
D/memalloc(  176): ion: Allocated buffer base:0x42794000 size:3768320 fd:37
D/memalloc( 1372): ion: Mapped buffer base:0x5dce8000 size:3768320 offset:0 fd:61
E/        ( 1372): Can't open file for reading
E/        ( 1372): Can't open file for reading
D/OpenGLRenderer( 1372): Enabling debug mode 0
W/InputMethodManagerService(  500): Got RemoteException sending setActive(false) notification to pid 762 uid 10042
D/memalloc(  176): ion: Allocated buffer base:0x42b4e000 size:3768320 fd:41
D/memalloc( 1372): ion: Mapped buffer base:0x5e230000 size:3768320 offset:0 fd:65
I/Adreno200-EGLSUB(  176): <CreateImage:893>: Android Image
I/Adreno200-EGLSUB(  176): <GetImageAttributes:1102>: RGBA_8888
I/ActivityManager(  500): Displayed com.cyanogenmod.trebuchet/.Launcher: +477ms
D/MediaProvider(  658): object removed 11354
D/MediaProvider(  658): object removed 11355
D/MediaProvider(  658): object removed 11356
D/MediaProvider(  658): object removed 11357
D/MediaProvider(  658): object removed 11358
D/MediaProvider(  658): object removed 11359
D/MediaProvider(  658): object removed 11360
D/MediaProvider(  658): object removed 11361
D/MediaProvider(  658): object removed 11362
D/MediaProvider(  658): object removed 11363
D/MediaProvider(  658): object removed 11364
D/MediaProvider(  658): object removed 11365
D/MediaProvider(  658): object removed 11366
D/MediaProvider(  658): object removed 11367
D/MediaProvider(  658): object removed 11368
D/MediaProvider(  658): object removed 11369
D/MediaProvider(  658): object removed 11370
D/MediaProvider(  658): object removed 11371
D/MediaProvider(  658): object removed 11372
D/MediaProvider(  658): object removed 11373
D/MediaProvider(  658): object removed 11374
D/MediaProvider(  658): object removed 11375
D/MediaProvider(  658): object removed 11376
D/MediaProvider(  658): object removed 11377
D/MediaProvider(  658): object removed 11378
D/MediaProvider(  658): object removed 11379
D/MediaProvider(  658): object removed 11380
D/MediaProvider(  658): object removed 11381
D/MediaProvider(  658): object removed 11382
D/MediaProvider(  658): object removed 11383
D/MediaProvider(  658): object removed 11384
D/memalloc(  176): ion: Allocated buffer base:0x42f6b000 size:3768320 fd:44
D/memalloc( 1372): ion: Mapped buffer base:0x5e708000 size:3768320 offset:0 fd:68
D/MediaProvider(  658): object removed 11385
D/MediaProvider(  658): object removed 11386
D/MediaProvider(  658): object removed 11387
D/MediaProvider(  658): object removed 11388
D/MediaProvider(  658): object removed 11389
D/MediaProvider(  658): object removed 11390
D/MediaProvider(  658): object removed 11391
D/MediaProvider(  658): object removed 11392
I/Adreno200-EGLSUB(  176): <CreateImage:893>: Android Image
I/Adreno200-EGLSUB(  176): <GetImageAttributes:1102>: RGBA_8888
D/MediaProvider(  658): object removed 11393
D/MediaProvider(  658): object removed 11394
D/MediaProvider(  658): object removed 11395
D/MediaProvider(  658): object removed 11396
D/MediaProvider(  658): object removed 11397
D/MediaProvider(  658): object removed 11398
D/MediaProvider(  658): object removed 11399
D/MediaProvider(  658): object removed 11400
D/MediaProvider(  658): object removed 11401
D/MediaProvider(  658): object removed 11402
D/MediaProvider(  658): object removed 11403
D/MediaProvider(  658): object removed 11404
D/MediaProvider(  658): object removed 11405
D/MediaProvider(  658): object removed 11406
D/MediaProvider(  658): object removed 11407
D/MediaProvider(  658): object removed 11408
D/MediaProvider(  658): object removed 11409
D/MediaProvider(  658): object removed 11410
D/MediaProvider(  658): object removed 11411
D/MediaProvider(  658): object removed 11412
D/MediaProvider(  658): object removed 11413
D/MediaProvider(  658): object removed 11414
D/MediaProvider(  658): object removed 11415
D/MediaProvider(  658): object removed 11416
D/MediaProvider(  658): object removed 11417
D/MediaProvider(  658): object removed 11418
D/MediaProvider(  658): object removed 11419
D/MediaProvider(  658): object removed 11420
D/MediaProvider(  658): object removed 11421
D/MediaProvider(  658): object removed 11422
D/MediaProvider(  658): object removed 11423
D/MediaProvider(  658): object removed 11424
D/MediaProvider(  658): object removed 11425
D/MediaProvider(  658): object removed 11426
D/MediaProvider(  658): object removed 11427
D/MediaProvider(  658): object removed 11428
D/MediaProvider(  658): object removed 11429
D/MediaProvider(  658): object removed 11430
D/MediaProvider(  658): object removed 11431
D/MediaProvider(  658): object removed 11432
D/MediaProvider(  658): object removed 11433
D/MediaProvider(  658): object removed 11434
D/MediaProvider(  658): object removed 11435
D/MediaProvider(  658): object removed 11436
D/MediaProvider(  658): object removed 11437
D/MediaProvider(  658): object removed 11438
D/MediaProvider(  658): object removed 11439
D/MediaProvider(  658): object removed 11440
D/MediaProvider(  658): object removed 11441
D/MediaProvider(  658): object removed 11442
D/MediaProvider(  658): object removed 11443
D/memalloc(  176): ion: Allocated buffer base:0x43353000 size:3768320 fd:47
