E/mm-camera(  179): camera_issue_command2: register_buffers error (Invalid argument), fd=29, cmd=1074031874
E/QualcommCameraHardware(  179): native_start_ops: type 11 error Invalid argument
E/QualcommCameraHardware(  179): Came back from register call to kernel
D/memalloc(  176): ion: Allocated buffer base:0x41f80000 size:462848 fd:37
D/memalloc( 1530): ion: Mapped buffer base:0x5d518000 size:462848 offset:0 fd:58
D/memalloc(  179): ion: Mapped buffer base:0x42df0000 size:462848 offset:0 fd:60
E/QualcommCameraHardware(  179): Handle 0x16b3b28, Fd passed:60, Base:0x42df0000, Size 0x71000
E/QualcommCameraHardware(  179): Got the following from get_mem data: 0x42f57000, handle :23811552, release : 0x404abc05, size: 462848
E/QualcommCameraHardware(  179): Registering buffer 2 with fd :60 with kernel
E/mm-camera(  179): camera_issue_command2: register_buffers error (Invalid argument), fd=29, cmd=1074031874
E/QualcommCameraHardware(  179): native_start_ops: type 11 error Invalid argument
E/QualcommCameraHardware(  179): Came back from register call to kernel
D/memalloc(  176): ion: Allocated buffer base:0x42199000 size:462848 fd:44
D/memalloc( 1530): ion: Mapped buffer base:0x5d589000 size:462848 offset:0 fd:61
D/memalloc(  176): ion: Freeing buffer base:0x42199000 size:462848 fd:44
D/memalloc(  176): ion: Unmapping buffer  base:0x42199000 size:462848
D/memalloc(  179): ion: Mapped buffer base:0x43072000 size:462848 offset:0 fd:64
E/QualcommCameraHardware(  179): Handle 0x16b3cd8, Fd passed:64, Base:0x43072000, Size 0x71000
E/QualcommCameraHardware(  179): Got the following from get_mem data: 0x4310c000, handle :23805216, release : 0x404abc05, size: 462848
E/QualcommCameraHardware(  179): Registering buffer 3 with fd :64 with kernel
E/mm-camera(  179): camera_issue_command2: register_buffers error (Invalid argument), fd=29, cmd=1074031874
E/QualcommCameraHardware(  179): native_start_ops: type 11 error Invalid argument
W/WVMExtractor(  179): Failed to open libwvm.so
E/QualcommCameraHardware(  179): Came back from register call to kernel
W/QComExtractorFactory(  179): Didn't match the sniff <=== status = 5 
W/QComExtractorFactory(  179): Didn't match the sniff <=== status = 1 
W/QComExtractorFactory(  179): Didn't match the sniff <=== status = 1 
W/QComExtractorFactory(  179): Didn't match the sniff <=== status = 1 
E/MM_OSAL (  179): FileSourceHelper::ValidateAACFile failed
W/QComExtractorFactory(  179): Didn't match the sniff <=== status = 1 
D/memalloc(  176): ion: Allocated buffer base:0x4208f000 size:462848 fd:41
D/memalloc( 1530): ion: Mapped buffer base:0x5d5fa000 size:462848 offset:0 fd:64
D/memalloc(  176): ion: Freeing buffer base:0x4208f000 size:462848 fd:41
D/memalloc(  179): ion: Mapped buffer base:0x43203000 size:462848 offset:0 fd:68
D/memalloc(  176): ion: Unmapping buffer  base:0x4208f000 size:462848
E/QualcommCameraHardware(  179): Handle 0x16b3f18, Fd passed:68, Base:0x43203000, Size 0x71000
E/QualcommCameraHardware(  179): Got the following from get_mem data: 0x43358000, handle :23809952, release : 0x404abc05, size: 462848
E/QualcommCameraHardware(  179): Registering buffer 4 with fd :68 with kernel
E/mm-camera(  179): camera_issue_command2: register_buffers error (Invalid argument), fd=29, cmd=1074031874
E/QualcommCameraHardware(  179): native_start_ops: type 11 error Invalid argument
E/QualcommCameraHardware(  179): Came back from register call to kernel
D/memalloc(  176): ion: Allocated buffer base:0x4208f000 size:462848 fd:41
D/memalloc( 1530): ion: Mapped buffer base:0x5d66b000 size:462848 offset:0 fd:68
D/memalloc(  176): ion: Freeing buffer base:0x4208f000 size:462848 fd:41
D/memalloc(  176): ion: Unmapping buffer  base:0x4208f000 size:462848
D/memalloc(  179): ion: Mapped buffer base:0x43417000 size:462848 offset:0 fd:72
E/QualcommCameraHardware(  179): Handle 0x16b3f60, Fd passed:72, Base:0x43417000, Size 0x71000
E/QualcommCameraHardware(  179): Got the following from get_mem data: 0x434cb000, handle :23830584, release : 0x404abc05, size: 462848
E/QualcommCameraHardware(  179): Registering buffer 5 with fd :72 with kernel
E/mm-camera(  179): camera_issue_command2: register_buffers error (Invalid argument), fd=29, cmd=1074031874
E/QualcommCameraHardware(  179): native_start_ops: type 11 error Invalid argument
E/QualcommCameraHardware(  179): Came back from register call to kernel
E/QualcommCameraHardware(  179): getBuffersAndStartPreview:Done Register PreviewBuffer) 
D/memalloc(  176): ion: Allocated buffer base:0x4208f000 size:462848 fd:41
D/memalloc( 1530): ion: Mapped buffer base:0x5d6dc000 size:462848 offset:0 fd:71
D/memalloc(  176): ion: Freeing buffer base:0x4208f000 size:462848 fd:41
D/memalloc(  176): ion: Unmapping buffer  base:0x4208f000 size:462848
D/memalloc(  179): ion: Mapped buffer base:0x43601000 size:462848 offset:0 fd:76
E/QualcommCameraHardware(  179):  : dequeing thumbnail buffer fd 76
E/QualcommCameraHardware(  179):  Cancelling preview buffers(4) 68 
E/QualcommCameraHardware(  179):  Cancelling preview buffers(5) 72 
E/QualcommCameraHardware(  179): setPreviewWindow: Starting preview after buffer allocation
V/QualcommCameraHardware(  179): in startPreviewInternal : E
E/QualcommCameraHardware(  179): bool android::QualcommCameraHardware::initPreview() Got preview dimension as 640 x 480 
V/QualcommCameraHardware(  179): No Record Size requested, use the preview dimensions
V/QualcommCameraHardware(  179): initPreview E: preview size=640x480 videosize = 640 x 480
V/QualcommCameraHardware(  179): initPreview : preview size=640x480 videosize = 640 x 480
V/QualcommCameraHardware(  179): mDimension.prev_format = 1
V/QualcommCameraHardware(  179): mDimension.display_luma_width = 640
V/QualcommCameraHardware(  179): mDimension.display_luma_height = 480
V/QualcommCameraHardware(  179): mDimension.display_chroma_width = 640
V/QualcommCameraHardware(  179): mDimension.display_chroma_height = 480
V/QualcommCameraHardware(  179): CAMERA_PARM_DIMENSION
E/mm-camera(  179): vfe_util_get_sensor_info: mode=3
E/mm-camera(  179): m5mo_video_config, sfd = 30
D/memalloc(  176): ion: Freeing buffer base:0x41f80000 size:462848 fd:37
D/memalloc(  176): ion: Unmapping buffer  base:0x41f80000 size:462848
W/OrientationEventListener( 1530): Cannot detect sensors. Not enabled
D/CameraStorage( 1530): External storage state=mounted
D/libEGL  ( 1530): loaded /system/lib/egl/libEGL_adreno200.so
D/libEGL  ( 1530): loaded /system/lib/egl/libGLESv1_CM_adreno200.so
D/libEGL  ( 1530): loaded /system/lib/egl/libGLESv2_adreno200.so
I/Adreno200-EGLSUB( 1530): <ConfigWindowMatch:2078>: Format RGBA_8888.
D/memalloc(  176): ion: Allocated buffer base:0x42794000 size:3768320 fd:37
D/memalloc( 1530): ion: Mapped buffer base:0x5e12d000 size:3768320 offset:0 fd:85
E/        ( 1530): Can't open file for reading
E/        ( 1530): Can't open file for reading
D/OpenGLRenderer( 1530): Enabling debug mode 0
D/ActivityBase( 1530): set CameraRelativeFrame as Rect(0, 0 - 720, 960)
D/PhotoView( 1530): compensation = 0, CameraRelativeFrame = Rect(0, 0 - 720, 960), mCameraRect = Rect(0, 0 - 720, 960)
I/GalleryEGLConfigChooser( 1530): Config chosen: R5 G6 B5 A0 D24 S8 ID3 CAVEAT12344 
I/Adreno200-EGLSUB( 1530): <ConfigWindowMatch:2101>: Format RGB_565.
D/memalloc(  176): ion: Allocated buffer base:0x42b70000 size:1884160 fd:41
D/memalloc( 1530): ion: Mapped buffer base:0x5e793000 size:1884160 offset:0 fd:83
I/GLRootView( 1530): onSurfaceChanged: 720x1280, gl10: com.google.android.gles_jni.GLImpl@415107c8
I/GLRootView( 1530): layout content pane 720x1280 (compensation 0)
D/PhotoView( 1530): compensation = 0, CameraRelativeFrame = Rect(0, 0 - 720, 960), mCameraRect = Rect(0, 0 - 720, 960)
D/dalvikvm( 1530): GC_FOR_ALLOC freed 2407K, 43% free 7066K/12288K, paused 34ms, total 35ms
D/memalloc(  176): ion: Allocated buffer base:0x42e1b000 size:3768320 fd:48
D/memalloc( 1530): ion: Mapped buffer base:0x5efcd000 size:3768320 offset:0 fd:89
I/Adreno200-EGLSUB(  176): <CreateImage:893>: Android Image
I/Adreno200-EGLSUB(  176): <GetImageAttributes:1102>: RGBA_8888
I/ActivityManager(  500): Displayed com.android.gallery3d/com.android.camera.CameraLauncher: +895ms (total +4s171ms)
D/dalvikvm( 1530): GC_FOR_ALLOC freed 2144K, 35% free 10704K/16387K, paused 29ms, total 29ms
D/memalloc(  176): ion: Allocated buffer base:0x43703000 size:1884160 fd:53
D/memalloc( 1530): ion: Mapped buffer base:0x5f495000 size:1884160 offset:0 fd:92
D/memalloc(  176): ion: Allocated buffer base:0x43995000 size:1884160 fd:58
D/memalloc( 1530): ion: Mapped buffer base:0x5f6a1000 size:1884160 offset:0 fd:95
I/Adreno200-EGLSUB(  176): <CreateImage:893>: Android Image
I/Adreno200-EGLSUB(  176): <GetImageAttributes:1088>: RGB_565
I/Adreno200-EGLSUB(  176): <CreateImage:893>: Android Image
I/Adreno200-EGLSUB(  176): <GetImageAttributes:1088>: RGB_565
V/QualcommCameraHardware(  179): initREcord E
I/QualcommCameraHardware(  179): initRecord: mDimension.video_width = 640 mDimension.video_height = 480
V/QualcommCameraHardware(  179): mRecordFrameSize = 462848
V/QualcommCameraHardware(  179): initRecord:Done Record buffer(kRecordBufferCount =9)
E/QualcommCameraHardware(  179): Received following info for record mapped data:0x42a9d000,handle:0x16c39f0, size:462848,release:0x404abc05
E/QualcommCameraHardware(  179): Registering buffer 0 with kernel (fd = 52 )
E/mm-camera(  179): camera_issue_command2: register_buffers error (Invalid argument), fd=29, cmd=1074031874
E/QualcommCameraHardware(  179): native_start_ops: type 11 error Invalid argument
E/QualcommCameraHardware(  179): Came back from register call to kernel
E/QualcommCameraHardware(  179): Received following info for record mapped data:0x42d4e000,handle:0x16c3a90, size:462848,release:0x404abc05
E/QualcommCameraHardware(  179): Registering buffer 1 with kernel (fd = 75 )
E/mm-camera(  179): camera_issue_command2: register_buffers error (Invalid argument), fd=29, cmd=1074031874
E/QualcommCameraHardware(  179): native_start_ops: type 11 error Invalid argument
E/QualcommCameraHardware(  179): Came back from register call to kernel
E/QualcommCameraHardware(  179): Received following info for record mapped data:0x42e61000,handle:0x16c3b48, size:462848,release:0x404abc05
E/QualcommCameraHardware(  179): Registering buffer 2 with kernel (fd = 81 )
E/mm-camera(  179): camera_issue_command2: register_buffers error (Invalid argument), fd=29, cmd=1074031874
E/QualcommCameraHardware(  179): native_start_ops: type 11 error Invalid argument
E/QualcommCameraHardware(  179): Came back from register call to kernel
E/QualcommCameraHardware(  179): Received following info for record mapped data:0x42fc8000,handle:0x16c3c28, size:462848,release:0x404abc05
E/QualcommCameraHardware(  179): Registering buffer 3 with kernel (fd = 84 )
E/mm-camera(  179): camera_issue_command2: register_buffers error (Invalid argument), fd=29, cmd=1074031874
E/QualcommCameraHardware(  179): native_start_ops: type 11 error Invalid argument
E/QualcommCameraHardware(  179): Came back from register call to kernel
E/QualcommCameraHardware(  179): Received following info for record mapped data:0x4317d000,handle:0x16c3d08, size:462848,release:0x404abc05
E/QualcommCameraHardware(  179): Registering buffer 4 with kernel (fd = 87 )
E/mm-camera(  179): camera_issue_command2: register_buffers error (Invalid argument), fd=29, cmd=1074031874
E/QualcommCameraHardware(  179): native_start_ops: type 11 error Invalid argument
E/QualcommCameraHardware(  179): Came back from register call to kernel
E/QualcommCameraHardware(  179): Received following info for record mapped data:0x43274000,handle:0x16c3df8, size:462848,release:0x404abc05
E/QualcommCameraHardware(  179): Registering buffer 5 with kernel (fd = 90 )
E/mm-camera(  179): camera_issue_command2: register_buffers error (Invalid argument), fd=29, cmd=1074031874
E/QualcommCameraHardware(  179): native_start_ops: type 11 error Invalid argument
E/QualcommCameraHardware(  179): Came back from register call to kernel
E/QualcommCameraHardware(  179): Received following info for record mapped data:0x4353c000,handle:0x16c3ee8, size:462848,release:0x404abc05
E/QualcommCameraHardware(  179): Registering buffer 6 with kernel (fd = 93 )
E/mm-camera(  179): camera_issue_command2: register_buffers error (Invalid argument), fd=29, cmd=1074031874
E/QualcommCameraHardware(  179): native_start_ops: type 11 error Invalid argument
E/QualcommCameraHardware(  179): Came back from register call to kernel
E/QualcommCameraHardware(  179): Received following info for record mapped data:0x43672000,handle:0x16c3fd8, size:462848,release:0x404abc05
E/QualcommCameraHardware(  179): Registering buffer 7 with kernel (fd = 96 )
E/mm-camera(  179): camera_issue_command2: register_buffers error (Invalid argument), fd=29, cmd=1074031874
E/QualcommCameraHardware(  179): native_start_ops: type 11 error Invalid argument
E/QualcommCameraHardware(  179): Came back from register call to kernel
E/QualcommCameraHardware(  179): Received following info for record mapped data:0x43758000,handle:0x16c40c8, size:462848,release:0x404abc05
E/QualcommCameraHardware(  179): Registering buffer 8 with kernel (fd = 99 )
E/mm-camera(  179): camera_issue_command2: register_buffers error (Invalid argument), fd=29, cmd=1074031874
E/QualcommCameraHardware(  179): native_start_ops: type 11 error Invalid argument
E/QualcommCameraHardware(  179): Came back from register call to kernel
V/QualcommCameraHardware(  179): initRecord:Done Record buffer
V/QualcommCameraHardware(  179): cam_frame_flush_video: in n = 0
V/QualcommCameraHardware(  179): cam_frame_flush_video: out n = 0
V/QualcommCameraHardware(  179): initREcord X
E/mm-camera(  179): Waiting for frame thread to start ! 
D/QualcommCameraHardware(  179): frame_thread E
V/QualcommCameraHardware(  179): runFrameThread E
E/mm-camera(  179): cam_set_vtmode : Enter with vtmode - (0)
E/mm-camera(  179): cam_set_vtCameraID : Enter with vtCameraID - (0)
E/mm-camera(  179): cam_set_vtOrientation : Enter with Orientation - (0)
E/mm-camera(  179): cam_set_vtDimension : Enter : width-(0), height-(0)
E/mm-camera(  179): Wait over, frame thread ready !!!! 
V/QualcommCameraHardware(  179): initPreview X: 1
E/QualcommCameraHardware(  179): Calling CAMERA_OPS_STREAMING_VIDEO
E/mm-camera(  179): vfe_reset_vfe: vfe_util_sendcmd:3(rc = 1) 
E/CAM_FD  (  179): Sensor Mode HFR off
E/mm-camera(  179): vfe_util_get_sensor_info: mode=3
E/CAM_FD  (  179): MSM_CAM_IOCTL_AXI_CONFIG failed!
I/QualcommCameraHardware(  179): preview_thread E
D/memalloc(  176): ion: Allocated buffer base:0x43d54000 size:3768320 fd:61
D/memalloc( 1530): ion: Mapped buffer base:0x5f87d000 size:3768320 offset:0 fd:98
I/Adreno200-EGLSUB(  176): <CreateImage:893>: Android Image
I/Adreno200-EGLSUB(  176): <GetImageAttributes:1102>: RGBA_8888
D/memalloc(  176): ion: Allocated buffer base:0x440f5000 size:3768320 fd:84
D/memalloc( 1530): ion: Mapped buffer base:0x5fc15000 size:3768320 offset:0 fd:82
D/memalloc(  500): ion: Unmapping buffer  base:0x612bc000 size:3768320
I/Adreno200-EGLSUB(  176): <CreateImage:893>: Android Image
I/Adreno200-EGLSUB(  176): <GetImageAttributes:1102>: RGBA_8888
D/memalloc(  176): ion: Allocated buffer base:0x44547000 size:1884160 fd:92
D/memalloc(  176): ion: Freeing buffer base:0x4336b000 size:3768320 fd:45
D/memalloc(  176): ion: Unmapping buffer  base:0x4336b000 size:3768320
D/memalloc( 1530): ion: Mapped buffer base:0x601ad000 size:1884160 offset:0 fd:104
I/Adreno200-EGLSUB(  176): <CreateImage:893>: Android Image
I/Adreno200-EGLSUB(  176): <GetImageAttributes:1088>: RGB_565
I/Adreno200-EGLSUB(  176): <CreateImage:893>: Android Image
I/Adreno200-EGLSUB(  176): <GetImageAttributes:1088>: RGB_565
D/dalvikvm( 1530): GC_FOR_ALLOC freed 685K, 31% free 13806K/19971K, paused 24ms, total 24ms
D/dalvikvm( 1530): GC_FOR_ALLOC freed 8K, 27% free 17403K/23619K, paused 23ms, total 23ms
D/AudioHardwareMSM8660(  179): AudioStreamOutMSM8x60::standby()
D/AudioHardwareMSM8660(  179): Deroute pcm stream
D/AudioHardwareMSM8660(  179): deleteFromTable stream 1
E/AudioHardwareMSM8660(  179): value of device and enable is 2 0 ALSA dev id:2
E/mm-camera(  179): camera_issue_ctrl_cmd: error (Connection timed out): type 57, length 0, status 36376, fd=29, cmd=1074031876
E/QualcommCameraHardware(  179): native_start_ops: type 2 error Connection timed out
E/QualcommCameraHardware(  179): : Calling CAMERA_OPS_STREAMING_VIDEO 0
I/QualcommCameraHardware(  179): deinitPreview E
I/QualcommCameraHardware(  179): deinitPreview X
I/QualcommCameraHardware(  179): preview_thread X
V/QualcommCameraHardware(  179): relinquishBuffers: E 
E/QualcommCameraHardware(  179):  Cancelling preview buffers 47 
V/QualcommCameraHardware(  179): cam_frame_flush_video: in n = 0
V/QualcommCameraHardware(  179): cam_frame_flush_video: out n = 0
E/QualcommCameraHardware(  179): startPreview X: native_start_ops: CAMERA_OPS_STREAMING_PREVIEW ioctl failed!
E/QualcommCameraHardware(  179): release preview buffers
I/QualcommCameraHardware(  179):  getBuffersAndStartPreview (retVal:-2147483648) : X  
V/QualcommCameraHardware(  179): startPreview X
E/QualcommCamera(  179): Qint android::start_preview(camera_device*): X
E/QualcommCamera(  179): Qvoid android::disable_msg_type(camera_device*, int32_t): E
E/QualcommCamera(  179): Qvoid android::disable_msg_type(camera_device*, int32_t): E
E/QualcommCamera(  179): Qvoid android::stop_preview(camera_device*): E
V/QualcommCameraHardware(  179): stopPreview: E
E/QualcommCameraHardware(  179): stopPreview:  Cancelling postview buffer 76 
E/QualcommCameraHardware(  179): stoppreview : display lock
E/QualcommCameraHardware(  179):  Cancelling preview buffers 55 
E/QualcommCameraHardware(  179): release preview buffers
E/QualcommCameraHardware(  179):  Cancelling preview buffers 60 
E/QualcommCameraHardware(  179): release preview buffers
E/QualcommCameraHardware(  179):  Cancelling preview buffers 64 
E/QualcommCameraHardware(  179): release preview buffers
E/BufferQueue( 1530): [unnamed-1530-0] cancelBuffer: slot 4 is not owned by the client (state=0)
E/QualcommCameraHardware(  179): release preview buffers
E/BufferQueue( 1530): [unnamed-1530-0] cancelBuffer: slot 5 is not owned by the client (state=0)
E/QualcommCameraHardware(  179): release preview buffers
V/QualcommCameraHardware(  179): relinquishBuffers: X 
E/QualcommCameraHardware(  179): stopPreview : after cancelling thumbnail buffer
E/QualcommCameraHardware(  179): stoppreview : display unlock
I/QualcommCameraHardware(  179): stopPreviewInternal E: 0
E/QualcommCameraHardware(  179): stopPreviewInternal, mCameraRunning = 0
E/QualcommCameraHardware(  179): stopPreviewInternal, before calling deinitpre mPreviewInitialized = 0
I/QualcommCameraHardware(  179): stopPreviewInternal X: 0
V/QualcommCameraHardware(  179): stopPreview: X
E/QualcommCamera(  179): Qint android::cancel_picture(camera_device*): E
I/QualcommCameraHardware(  179): cancelPicture: E
I/QualcommCameraHardware(  179): cancelPicture: setting mSnapshotCancel to true
I/QualcommCameraHardware(  179): cancelPicture: X: 0
E/QualcommCamera(  179): Qvoid android::release(camera_device*): E
I/QualcommCameraHardware(  179): release E
I/QualcommCameraHardware(  179): release :err_cnt = 0
I/QualcommCameraHardware(  179): release: mCameraRunning = 0
V/QualcommCameraHardware(  179): deinitRaw E
E/QualcommCameraHardware(  179): deinitRaw , clearing/cancelling thumbnail buffers:
E/QualcommCameraHardware(  179): deinitraw : display lock
E/QualcommCameraHardware(  179): deinitRaw:  Cancelling postview buffer 76 
E/BufferQueue( 1530): [unnamed-1530-0] cancelBuffer: slot 6 is not owned by the client (state=0)
E/QualcommCameraHardware(  179): deinitraw : display unlock
V/QualcommCameraHardware(  179): deinitRaw , clearing raw memory and jpeg memory
V/QualcommCameraHardware(  179): deinitRaw X
V/QualcommCameraHardware(  179): deinitRawSnapshot E
E/QualcommCameraHardware(  179): deinitRawSnapshot , clearing/cancelling thumbnail buffers:
E/QualcommCameraHardware(  179): deinitRawSnapshot : display lock
E/QualcommCameraHardware(  179): deinitRawSnapshot:  Cancelling postview buffer 76 
E/BufferQueue( 1530): [unnamed-1530-0] cancelBuffer: slot 6 is not owned by the client (state=0)
E/QualcommCameraHardware(  179): deinitRawSnapshot : display unlock
E/QualcommCameraHardware(  179): deinitRawSnapshot , Unregister and de allocated memory for Raw Snapshot:
V/QualcommCameraHardware(  179): deinitRawSnapshot X 0
I/QualcommCameraHardware(  179): release: clearing resources done.
V/QualcommCameraHardware(  179): release : Clearing the mThumbnailHeap and mDisplayHeap
E/CAM_FD  (  179): cam_conf: CAMERA_EXIT
I/QualcommCameraHardware(  179): release X: mCameraRunning = 0, mFrameThreadRunning = 1
I/QualcommCameraHardware(  179): mVideoThreadRunning = 0, mSnapshotThreadRunning = 0, mJpegThreadRunning = 0
I/QualcommCameraHardware(  179): camframe_timeout_flag = 0, mAutoFocusThreadRunning = 0
V/QualcommCameraHardware(  179): release: waiting for old frame thread to complete.
E/QualcommCameraHardware(  179): unregistering all preview buffers
I/QualcommCameraHardware(  179): runFrameThread: unregister 9 record buffers with camera driver
V/QualcommCameraHardware(  179): runFrameThread X
V/QualcommCameraHardware(  179): release: old frame thread completed.
E/QualcommCamera(  179): Qint android::set_preview_window(camera_device*, preview_stream_ops*): E window = 0x0
E/QualcommCameraHardware(  179): : set_preview_window
V/QualcommCameraHardware(  179):  setPreviewWindow: E 
W/QualcommCameraHardware(  179):  Setting NULL preview window 
V/QualcommCameraHardware(  179):  setPreviewWindow : X 
E/QualcommCamera(  179): Qint android::set_preview_window(camera_device*, preview_stream_ops*): E window = 0x0
E/QualcommCameraHardware(  179): : set_preview_window
V/QualcommCameraHardware(  179):  setPreviewWindow: E 
W/QualcommCameraHardware(  179):  Setting NULL preview window 
V/QualcommCameraHardware(  179):  setPreviewWindow : X 
D/memalloc(  179): ion: Unmapping buffer  base:0x426e1000 size:462848
D/memalloc(  179): ion: Unmapping buffer  base:0x42a2c000 size:462848
D/memalloc(  179): ion: Unmapping buffer  base:0x42df0000 size:462848
D/memalloc(  179): ion: Unmapping buffer  base:0x43072000 size:462848
D/memalloc(  179): ion: Unmapping buffer  base:0x43203000 size:462848
D/memalloc(  179): ion: Unmapping buffer  base:0x43417000 size:462848
D/memalloc(  179): ion: Unmapping buffer  base:0x43601000 size:462848
D/memalloc( 1530): ion: Unmapping buffer  base:0x5d436000 size:462848
D/memalloc( 1530): ion: Unmapping buffer  base:0x5d4a7000 size:462848
D/memalloc( 1530): ion: Unmapping buffer  base:0x5d518000 size:462848
D/memalloc( 1530): ion: Unmapping buffer  base:0x5d589000 size:462848
D/memalloc( 1530): ion: Unmapping buffer  base:0x5d5fa000 size:462848
D/memalloc( 1530): ion: Unmapping buffer  base:0x5d66b000 size:462848
D/memalloc( 1530): ion: Unmapping buffer  base:0x5d6dc000 size:462848
I/CameraService(  179): Destroying camera 0
E/QualcommCamera(  179): Qint android::close_camera_device(hw_device_t*): device =0x167f648 E
I/QualcommCamera(  179): void android::close_Hal_obj(camera_device*): E
I/QualcommCamera(  179): void android::close_Hal_obj(camera_device*): clear hw
I/QualcommCameraHardware(  179): ~QualcommCameraHardware E
V/QualcommCameraHardware(  179): ~MMCameraDL: E
E/mm-camera(  179): mm_camera_destroy: controlFd is valid 29 0
D/QualcommCameraHardware(  179): frame_thread X
V/QualcommCameraHardware(  179): closed MM Camera DL 
V/QualcommCameraHardware(  179): ~MMCameraDL: X
I/QualcommCameraHardware(  179): ~QualcommCameraHardware X
I/QualcommCamera(  179): void android::close_Hal_obj(camera_device*): X
W/dalvikvm( 1530): threadid=13: thread exiting with uncaught exception (group=0x40ac8300)
E/AndroidRuntime( 1530): FATAL EXCEPTION: Camera Handler Thread
E/AndroidRuntime( 1530): java.lang.RuntimeException: startPreview failed
E/AndroidRuntime( 1530): 	at android.hardware.Camera.startPreview(Native Method)
E/AndroidRuntime( 1530): 	at com.android.camera.CameraManager$CameraHandler.handleMessage(CameraManager.java:128)
E/AndroidRuntime( 1530): 	at android.os.Handler.dispatchMessage(Handler.java:99)
E/AndroidRuntime( 1530): 	at android.os.Looper.loop(Looper.java:137)
E/AndroidRuntime( 1530): 	at android.os.HandlerThread.run(HandlerThread.java:60)
W/AudioFlinger(  179): session id 16 not found for pid 179
W/AudioFlinger(  179): session id 17 not found for pid 179
W/ActivityManager(  500):   Force finishing activity com.android.gallery3d/com.android.camera.CameraLauncher
W/WindowManager(  500): Failure taking screenshot for (328x583) to layer 21015
W/OrientationEventListener( 1530): Cannot detect sensors. Invalid disable
D/memalloc( 1530): ion: Unmapping buffer  base:0x5e793000 size:1884160
D/memalloc( 1530): ion: Unmapping buffer  base:0x5f495000 size:1884160
D/memalloc( 1530): ion: Unmapping buffer  base:0x5f6a1000 size:1884160
D/memalloc( 1530): ion: Unmapping buffer  base:0x601ad000 size:1884160
D/memalloc(  176): ion: Freeing buffer base:0x42b70000 size:1884160 fd:41
D/memalloc(  176): ion: Unmapping buffer  base:0x42b70000 size:1884160
D/memalloc(  176): ion: Freeing buffer base:0x43703000 size:1884160 fd:53
D/memalloc(  176): ion: Unmapping buffer  base:0x43703000 size:1884160
D/memalloc(  176): ion: Freeing buffer base:0x43995000 size:1884160 fd:58
D/memalloc(  176): ion: Unmapping buffer  base:0x43995000 size:1884160
D/memalloc(  176): ion: Allocated buffer base:0x41f80000 size:544768 fd:41
D/memalloc(  500): ion: Mapped buffer base:0x60a35000 size:544768 offset:0 fd:231
I/Adreno200-EGLSUB(  176): <CreateImage:893>: Android Image
I/Adreno200-EGLSUB(  176): <GetImageAttributes:1102>: RGBA_8888
W/ActivityManager(  500): Activity destroy timeout for ActivityRecord{40ffe408 com.android.gallery3d/com.android.camera.CameraLauncher}
W/ActivityManager(  500): Activity pause timeout for ActivityRecord{4101f350 com.android.gallery3d/com.android.camera.CameraLauncher}
I/Adreno200-EGLSUB( 1372): <ConfigWindowMatch:2078>: Format RGBA_8888.
D/memalloc(  176): ion: Allocated buffer base:0x431b3000 size:3768320 fd:46
D/memalloc( 1372): ion: Mapped buffer base:0x5dce8000 size:3768320 offset:0 fd:47
D/memalloc(  176): ion: Allocated buffer base:0x43578000 size:3768320 fd:56
D/memalloc( 1372): ion: Mapped buffer base:0x5e708000 size:3768320 offset:0 fd:61
I/Adreno200-EGLSUB(  176): <CreateImage:893>: Android Image
I/Adreno200-EGLSUB(  176): <GetImageAttributes:1102>: RGBA_8888
D/memalloc(  176): ion: Allocated buffer base:0x4208f000 size:544768 fd:59
D/memalloc(  500): ion: Mapped buffer base:0x60bd5000 size:544768 offset:0 fd:240
I/Adreno200-EGLSUB(  176): <CreateImage:893>: Android Image
I/Adreno200-EGLSUB(  176): <GetImageAttributes:1102>: RGBA_8888
D/memalloc(  176): ion: Allocated buffer base:0x425bf000 size:544768 fd:95
D/memalloc(  500): ion: Mapped buffer base:0x61101000 size:544768 offset:0 fd:244
I/Adreno200-EGLSUB(  176): <CreateImage:893>: Android Image
I/Adreno200-EGLSUB(  176): <GetImageAttributes:1102>: RGBA_8888
I/Process ( 1530): Sending signal. PID: 1530 SIG: 9
E/AudioHardwareMSM8660(  179): write(): dec_id = 1 cur_rx = 2
E/AudioHardwareMSM8660(  179): cur_rx for pcm playback = 2
E/AudioHardwareMSM8660(  179): value of device and enable is 2 1 ALSA dev id:2
I/ActivityManager(  500): Process com.android.gallery3d (pid 1530) has died.
I/WindowState(  500): WIN DEATH: Window{410143f0 com.android.gallery3d/com.android.camera.CameraLauncher paused=false}
W/WindowManager(  500): Force-removing child win Window{4105e338 SurfaceView paused=false} from container Window{410143f0 com.android.gallery3d/com.android.camera.CameraLauncher paused=false}
W/WindowManager(  500): Failed looking up window
W/WindowManager(  500): java.lang.IllegalArgumentException: Requested window android.os.BinderProxy@40f2c458 does not exist
W/WindowManager(  500): 	at com.android.server.wm.WindowManagerService.windowForClientLocked(WindowManagerService.java:7675)
W/WindowManager(  500): 	at com.android.server.wm.WindowManagerService.windowForClientLocked(WindowManagerService.java:7666)
W/WindowManager(  500): 	at com.android.server.wm.WindowState$DeathRecipient.binderDied(WindowState.java:854)
W/WindowManager(  500): 	at android.os.BinderProxy.sendDeathNotice(Binder.java:449)
W/WindowManager(  500): 	at dalvik.system.NativeStart.run(Native Method)
D/memalloc(  176): ion: Freeing buffer base:0x42794000 size:3768320 fd:37
D/memalloc(  176): ion: Unmapping buffer  base:0x42794000 size:3768320
D/memalloc(  176): ion: Freeing buffer base:0x42e1b000 size:3768320 fd:48
D/memalloc(  176): ion: Unmapping buffer  base:0x42e1b000 size:3768320
D/memalloc(  176): ion: Freeing buffer base:0x440f5000 size:3768320 fd:84
D/memalloc(  176): ion: Unmapping buffer  base:0x440f5000 size:3768320
I/WindowState(  500): WIN DEATH: null
D/memalloc(  176): ion: Freeing buffer base:0x44547000 size:1884160 fd:92
D/memalloc(  176): ion: Unmapping buffer  base:0x44547000 size:1884160
D/memalloc(  176): ion: Freeing buffer base:0x43d54000 size:3768320 fd:61
D/memalloc(  176): ion: Unmapping buffer  base:0x43d54000 size:3768320
D/ACDB-LOADER(  179): ACDB -> send_audio_cal, acdb_id = 2, path =  0
D/ACDB-LOADER(  179): ACDB -> send_adm_topology
D/ACDB-LOADER(  179): ACDB -> ACDB_CMD_GET_AUDPROC_COMMON_TOPOLOGY_ID
D/ACDB-LOADER(  179): ACDB -> send_audtable
D/ACDB-LOADER(  179): ACDB samplerate = 256
D/ACDB-LOADER(  179): ACDB -> ACDB_CMD_GET_AUDPROC_COMMON_TABLE
D/ACDB-LOADER(  179): ACDB -> AUDIO_SET_AUDPROC_CAL
D/ACDB-LOADER(  179): ACDB -> send_audvoltable
D/ACDB-LOADER(  179): ACDB -> ACDB_CMD_GET_AUDPROC_GAIN_DEP_VOLTBL_STEP_COPP
D/ACDB-LOADER(  179): ACDB -> AUDIO_SET_AUDPROC_VOL_CAL
D/AudioHardwareMSM8660(  179): addToTable stream 1
D/memalloc(  500): ion: Unmapping buffer  base:0x60bd5000 size:544768
D/memalloc(  500): ion: Unmapping buffer  base:0x61101000 size:544768
D/memalloc(  176): ion: Freeing buffer base:0x4208f000 size:544768 fd:59
D/memalloc(  176): ion: Unmapping buffer  base:0x4208f000 size:544768
D/memalloc(  176): ion: Freeing buffer base:0x425bf000 size:544768 fd:95
D/memalloc(  176): ion: Unmapping buffer  base:0x425bf000 size:544768
D/memalloc(  500): ion: Unmapping buffer  base:0x60a35000 size:544768
D/memalloc(  176): ion: Freeing buffer base:0x41f80000 size:544768 fd:41
D/memalloc(  176): ion: Unmapping buffer  base:0x41f80000 size:544768
D/memalloc(  176): ion: Allocated buffer base:0x42794000 size:3768320 fd:37
D/memalloc( 1372): ion: Mapped buffer base:0x602b1000 size:3768320 offset:0 fd:65
I/Adreno200-EGLSUB(  176): <CreateImage:893>: Android Image
I/Adreno200-EGLSUB(  176): <GetImageAttributes:1102>: RGBA_8888
E/Adreno200-ES20( 1372): <qgl2DrvAPI_glStartTilingQCOM:176>: GL_INVALID_OPERATION
E/TileRenderer( 1372): glStartTilingQCOM: 0x502
D/memalloc(  176): ion: Allocated buffer base:0x42bdf000 size:3768320 fd:41
D/memalloc( 1372): ion: Mapped buffer base:0x60649000 size:3768320 offset:0 fd:68
I/Adreno200-EGLSUB(  176): <CreateImage:893>: Android Image
I/Adreno200-EGLSUB(  176): <GetImageAttributes:1102>: RGBA_8888
I/ActivityManager(  500): START {act=android.intent.action.MAIN cat=[android.intent.category.LAUNCHER] flg=0x10200000 cmp=com.android.gallery3d/com.android.camera.CameraLauncher u=0} from pid 1372
D/dalvikvm(  500): GC_FOR_ALLOC freed 980K, 36% free 7944K/12288K, paused 46ms, total 54ms
D/memalloc(  176): ion: Allocated buffer base:0x43d54000 size:3768320 fd:44
D/memalloc(  500): ion: Mapped buffer base:0x612bc000 size:3768320 offset:0 fd:226
I/ActivityManager(  500): Start proc com.android.gallery3d for activity com.android.gallery3d/com.android.camera.CameraLauncher: pid=1595 uid=10018 gids={1006, 3003, 1015, 1028}
I/Adreno200-EGLSUB(  176): <CreateImage:893>: Android Image
I/Adreno200-EGLSUB(  176): <GetImageAttributes:1102>: RGBA_8888
D/ActivityThread( 1595): setTargetHeapUtilization:0.25
D/ActivityThread( 1595): setTargetHeapIdealFree:8388608
D/ActivityThread( 1595): setTargetHeapConcurrentStart:2097152
D/memalloc( 1372): ion: Unmapping buffer  base:0x5dce8000 size:3768320
D/memalloc( 1372): ion: Unmapping buffer  base:0x5e708000 size:3768320
D/memalloc( 1372): ion: Unmapping buffer  base:0x602b1000 size:3768320
D/memalloc( 1372): ion: Unmapping buffer  base:0x60649000 size:3768320
D/memalloc(  176): ion: Freeing buffer base:0x42bdf000 size:3768320 fd:41
D/memalloc(  176): ion: Unmapping buffer  base:0x42bdf000 size:3768320
D/memalloc(  176): ion: Freeing buffer base:0x431b3000 size:3768320 fd:46
D/memalloc(  176): ion: Unmapping buffer  base:0x431b3000 size:3768320
D/memalloc(  176): ion: Freeing buffer base:0x43578000 size:3768320 fd:56
D/memalloc(  176): ion: Unmapping buffer  base:0x43578000 size:3768320
I/ActivityThread( 1595): Pub com.android.gallery3d.provider: com.android.gallery3d.provider.GalleryProvider
E/QualcommCamera(  179): Qint android::get_camera_info(int, camera_info*): E
I/QualcommCameraHardware(  179): Found a matching camera info for ID 0
I/QualcommCameraHardware(  179): HAL_getCameraInfo: facing = 0, orientation = 90
E/QualcommCamera(  179): Qint android::get_camera_info(int, camera_info*): E
I/QualcommCameraHardware(  179): Found a matching camera info for ID 1
I/QualcommCameraHardware(  179): HAL_getCameraInfo: facing = 1, orientation = 270
V/CameraHolder( 1595): open camera 0
E/QualcommCamera(  179): Qint android::get_camera_info(int, camera_info*): E
I/QualcommCameraHardware(  179): Found a matching camera info for ID 0
I/QualcommCameraHardware(  179): HAL_getCameraInfo: facing = 0, orientation = 90
I/CameraService(  179): Opening camera 0
E/QualcommCamera(  179): Qint android::camera_device_open(const hw_module_t*, const char*, hw_device_t**): E
I/QualcommCameraHardware(  179): openCameraHardware: call createInstance
I/QualcommCameraHardware(  179): openCameraHardware:Valid camera ID 0
I/QualcommCameraHardware(  179): HAL_openCameraHardware: HAL_currentSnapshotMode = 4 HAL_currentCameraMode = 1
I/QualcommCameraHardware(  179): createInstance: E
I/QualcommCameraHardware(  179): QualcommCameraHardware constructor E
V/QualcommCameraHardware(  179): MMCameraDL: E
V/QualcommCameraHardware(  179): Open MM camera DL libeomcamera loaded at 0x4010d2e0 
V/QualcommCameraHardware(  179): MMCameraDL: X
V/QualcommCameraHardware(  179):  Storing the current target type as 6 
V/QualcommCameraHardware(  179):  ### mDisEnabled = 0 , mVpeEnabled = 1!!! ###
V/QualcommCameraHardware(  179): constructor EX
I/QualcommCameraHardware(  179): createInstance: created hardware=0x168f810
V/QualcommCameraHardware(  179): startCamera E
V/QualcommCameraHardware(  179): loading liboemcamera at 0x4010d2e0
V/QualcommCameraHardware(  179):  openCamera : E
E/mm-camera(  179): mm_camera_exec: controlFd is valid 29 29
V/QualcommCameraHardware(  179): openCamera : X
V/QualcommCameraHardware(  179): startCamera X
I/QualcommCameraHardware(  179): initDefaultParameters E
V/QualcommCameraHardware(  179): DISABLE DIS
V/QualcommCameraHardware(  179):  type:main - previewSizeCount = 6 
V/QualcommCameraHardware(  179):  type:main - VideoSizesCount = 6 
V/QualcommCameraHardware(  179):  type:main - zoom set = mMaxZoom :30, zoomSupported:1 
I/QualcommCameraHardware(  179): initDefaultParameters: setting num-snaps-per-shutter to 1
V/QualcommCameraHardware(  179): setParameters:E 
I/QualcommCameraHardware(  179): ZSL is enabled  0
V/QualcommCameraHardware(  179): requested preview frame rate is 30
V/QualcommCameraHardware(  179): setFrameRate: 30 (14000-30000)
V/QualcommCameraHardware(  179): native_set_ext_config E (cmd = 10)
E/QualcommCameraHardware(  179): setPreviewSize (mVtMode=0) : requested preview size 640 x 480
E/QualcommCameraHardware(  179): Requested record size : NULL
E/QualcommCameraHardware(  179): Requested video size : NULL
I/QualcommCameraHardware(  179): setRecordSize: preview dimensions: 640x480
V/QualcommCameraHardware(  179): No Record Size requested, use the preview dimensions
I/QualcommCameraHardware(  179): setRecordSize: video dimensions: 640x480
V/QualcommCameraHardware(  179): setPreviewFormat : 1
V/QualcommCameraHardware(  179): requested picture size 3264 x 2448
V/QualcommCameraHardware(  179): setPictureFormat : jpeg 
V/QualcommCameraHardware(  179): requested jpeg thumbnail size 320 x 240
V/QualcommCameraHardware(  179):  setSceneMode E : auto
V/QualcommCameraHardware(  179): setWhiteBalance E : auto
V/QualcommCameraHardware(  179):  setFlash E : off 
V/QualcommCameraHardware(  179): native_set_ext_config E (cmd = 0)
V/QualcommCameraHardware(  179): WDR(Auto Contrast) E: -1, ord_wdr = -1
V/QualcommCameraHardware(  179): setParameters X: success
V/QualcommCameraHardware(  179): native_get_ext_config 222E (cmd = 33)
V/QualcommCameraHardware(  179): setExifFixAttribute X
I/QualcommCameraHardware(  179): initDefaultParameters X
I/QualcommCameraHardware(  179): createInstance: X
E/QualcommCamera(  179): Qvoid android::set_callbacks(camera_device*, void (*)(int32_t, int32_t, int32_t, void*), void (*)(int32_t, const camera_memory_t*, unsigned int, camera_frame_metadata_t*, void*), void (*)(int64_t, int32_t, const camera_memory_t*, unsigned int, void*), camera_memory_t* (*)(int, size_t, unsigned int, void*), void*): E
E/QualcommCamera(  179): cam_nt_cb =0x0,cam_dt_cb=0x0,cam_dt_timestamp_cb=0x0
I/AwesomePlayer(  179): setDataSource_l('/system/media/audio/ui/camera_click.ogg')
W/WVMExtractor(  179): Failed to open libwvm.so
W/QComExtractorFactory(  179): Didn't match the sniff <=== status = 5 
W/QComExtractorFactory(  179): Didn't match the sniff <=== status = 1 
W/QComExtractorFactory(  179): Didn't match the sniff <=== status = 1 
W/QComExtractorFactory(  179): Didn't match the sniff <=== status = 1 
E/MM_OSAL (  179): FileSourceHelper::ValidateAACFile failed
W/QComExtractorFactory(  179): Didn't match the sniff <=== status = 1 
I/AwesomePlayer(  179): setDataSource_l('/system/media/audio/ui/VideoRecord.ogg')
V/StateManager( 1595): startState class com.android.gallery3d.app.PhotoPage
W/WVMExtractor(  179): Failed to open libwvm.so
W/QComExtractorFactory(  179): Didn't match the sniff <=== status = 5 
W/QComExtractorFactory(  179): Didn't match the sniff <=== status = 1 
W/QComExtractorFactory(  179): Didn't match the sniff <=== status = 1 
W/QComExtractorFactory(  179): Didn't match the sniff <=== status = 1 
E/MM_OSAL (  179): FileSourceHelper::ValidateAACFile failed
W/QComExtractorFactory(  179): Didn't match the sniff <=== status = 1 
D/OrientationManager( 1595): lock orientation to portrait
E/QualcommCamera(  179): Qchar* android::get_parameters(camera_device*): E
V/QualcommCameraHardware(  179): getParameters: EX
E/QualcommCamera(  179): get_parameters X
E/QualcommCamera(  179): Qvoid android::put_parameters(camera_device*, char*): E
E/QualcommCamera(  179): put_parameters X
E/QualcommCamera(  179): Qchar* android::get_parameters(camera_device*): E
V/QualcommCameraHardware(  179): getParameters: EX
E/QualcommCamera(  179): get_parameters X
E/QualcommCamera(  179): Qvoid android::put_parameters(camera_device*, char*): E
E/QualcommCamera(  179): put_parameters X
E/QualcommCamera(  179): Qchar* android::get_parameters(camera_device*): E
V/QualcommCameraHardware(  179): getParameters: EX
E/QualcommCamera(  179): get_parameters X
E/QualcommCamera(  179): Qvoid android::put_parameters(camera_device*, char*): E
E/QualcommCamera(  179): put_parameters X
D/memalloc(  176): ion: Freeing buffer base:0x42794000 size:3768320 fd:37
D/memalloc(  176): ion: Unmapping buffer  base:0x42794000 size:3768320
V/camera  ( 1595): Preview size is 640x480
V/camera  ( 1595): mSceneMode auto
V/camera  ( 1595): Color effect value =none
V/camera  ( 1595): autoExposure value =center
V/camera  ( 1595): antiBanding value =auto
D/CameraSettings( 1595): Parameters: [antibanding-values=off,50hz,60hz,auto, antibanding=auto, auto-exposure=frame-average, cam_mode=0, camera-mode=0, contrast-max=10, denoise-values=denoise-off,denoise-on, denoise=denoise-off, effect-values=none,mono,negative,sepia,aqua, effect=none, exposure-compensation-step=0.5, exposure-compensation=0, face-detection-values=, face-detection=off, flash-mode-values=off,auto,on,torch, flash-mode=auto, focal-length=3.97, focus-areas=(-1000,-1000,1000,1000,1000), focus-distances=0.15,1.20,Infinity, focus-mode-values=auto,infinity,macro,fixed,continuous-video,facedetect, focus-mode=auto, full-video-snap-supported=false, hdr-values=enable,disable, hdr=disable, histogram-values=enable,disable, histogram=disable, horizontal-view-angle=60.5, iso-values=auto,50,100,200,400,800,1600, iso=auto, jpeg-quality=90, jpeg-thumbnail-height=240, jpeg-thumbnail-quality=90, jpeg-thumbnail-size-values=320x240,400x240,160x120,0x0, jpeg-thumbnail-width=320, lensshade-values=enable,disable, lensshade=enable, luma-adaptation=3, max-exposure-compensation=4, max-num-focus-areas=0, max-num-metering-areas=0, max-zoom=30, mce-values=enable,disable, mce=enable, metering-areas=(-1000,-1000,1000,1000,1000), min-exposure-compensation=-4, num-snaps-per-shutter=1, picture-format-values=jpeg,raw, picture-format=jpeg, picture-size-values=3264x2448,3264x1968,2048x1536,2048x1232,800x480,640x480, picture-size=3264x2448, preferred-preview-size-for-video=176x144, preview-format-values=yuv420sp,yuv420sp-adreno,yuv420p, preview-format=yuv420sp, preview-fps-range-values=(14000,30000), preview-fps-range=14000,30000, preview-frame-rate-mode=frame-rate-auto, preview-frame-rate-values=15,30, preview-frame-rate=30, preview-size-values=1280x720,800x480,720x480,640x480,320x240,176x144, preview-size=640x480, record-size=, recording-hint=false, redeye-reduction-values=enable,disable, redeye-reduction=disable, saturation-max=10, scene-detect-values=off,on, scene-detect=off, scene-mode-values=auto,portrait,landscape,night,beach,snow,sunset,fireworks,sports,party,candlelight,dusk-dawn,fall-color,back-light,text, scene-mode=auto, selectable-zone-af-values=auto,spot-metering,center-weighted,frame-average, selectable-zone-af=auto, sharpness-max=30, skinToneEnhancement-values=enable,disable, skinToneEnhancement=disable, strtextures=OFF, touch-af-aec-values=touch-off,touch-on, touch-af-aec=touch-off, touchAfAec-dx=100, touchAfAec-dy=100, vertical-view-angle=47.1, video-frame-format=yuv420sp, video-size-values=1920x1080,1280x720,720x480,640x480,320x240,176x144, video-size=, video-snapshot-supported=false, video-zoom-support=true, whitebalance-values=auto,incandescent,fluorescent,daylight,cloudy-daylight, whitebalance=auto, zoom-ratios=100,102,104,109,111,113,119,121,124,131,134,138,146,150,155,159,165,170,182,189,200,213,222,232,243,255,283,300,319,364,400, zoom-supported=true, zoom=0, zsl-values=off,on, zsl=off]
E/QualcommCamera(  179): Qint android::set_parameters(camera_device*, const char*): E
V/QualcommCameraHardware(  179): setParameters:E 
I/QualcommCameraHardware(  179): ZSL is enabled  0
V/QualcommCameraHardware(  179): fps same as previous fps (30 fps)
E/QualcommCameraHardware(  179): setPreviewSize (mVtMode=0) : requested preview size 640 x 480
E/QualcommCameraHardware(  179): Requested record size : NULL
E/QualcommCameraHardware(  179): Requested video size : NULL
I/QualcommCameraHardware(  179): setRecordSize: preview dimensions: 640x480
V/QualcommCameraHardware(  179): No Record Size requested, use the preview dimensions
I/QualcommCameraHardware(  179): setRecordSize: video dimensions: 640x480
V/QualcommCameraHardware(  179): setPreviewFormat : 1
V/QualcommCameraHardware(  179): requested picture size 3264 x 2448
V/QualcommCameraHardware(  179): setPictureFormat : jpeg 
V/QualcommCameraHardware(  179):  setJpegQuality E : quality= 90
V/QualcommCameraHardware(  179): native_set_ext_config E (cmd = 21)
V/QualcommCameraHardware(  179): requested jpeg thumbnail size 320 x 240
V/QualcommCameraHardware(  179):  setSceneMode E : auto
V/QualcommCameraHardware(  179): setWhiteBalance E : auto
V/QualcommCameraHardware(  179):  setFlash E : auto 
V/QualcommCameraHardware(  179): native_set_ext_config E (cmd = 0)
V/QualcommCameraHardware(  179): WDR(Auto Contrast) E: -1, ord_wdr = -1
V/QualcommCameraHardware(  179): setParameters X: success
W/OrientationEventListener( 1595): Cannot detect sensors. Not enabled
E/QualcommCamera(  179): Qint android::get_camera_info(int, camera_info*): E
I/QualcommCameraHardware(  179): Found a matching camera info for ID 0
I/QualcommCameraHardware(  179): HAL_getCameraInfo: facing = 0, orientation = 90
E/QualcommCamera(  179): Qint android::get_camera_info(int, camera_info*): E
I/QualcommCameraHardware(  179): Found a matching camera info for ID 0
I/QualcommCameraHardware(  179): HAL_getCameraInfo: facing = 0, orientation = 90
V/camera  ( 1595): Preview size is 640x480
V/camera  ( 1595): mSceneMode auto
V/camera  ( 1595): Color effect value =none
V/camera  ( 1595): autoExposure value =center
V/camera  ( 1595): antiBanding value =auto
D/CameraSettings( 1595): Parameters: [antibanding-values=off,50hz,60hz,auto, antibanding=auto, auto-exposure=frame-average, cam_mode=0, camera-mode=0, contrast-max=10, denoise-values=denoise-off,denoise-on, denoise=denoise-off, effect-values=none,mono,negative,sepia,aqua, effect=none, exposure-compensation-step=0.5, exposure-compensation=0, face-detection-values=, face-detection=off, flash-mode-values=off,auto,on,torch, flash-mode=auto, focal-length=3.97, focus-areas=(-1000,-1000,1000,1000,1000), focus-distances=0.15,1.20,Infinity, focus-mode-values=auto,infinity,macro,fixed,continuous-video,facedetect, focus-mode=auto, full-video-snap-supported=false, hdr-values=enable,disable, hdr=disable, histogram-values=enable,disable, histogram=disable, horizontal-view-angle=60.5, iso-values=auto,50,100,200,400,800,1600, iso=auto, jpeg-quality=90, jpeg-thumbnail-height=240, jpeg-thumbnail-quality=90, jpeg-thumbnail-size-values=320x240,400x240,160x120,0x0, jpeg-thumbnail-width=320, lensshade-values=enable,disable, lensshade=enable, luma-adaptation=3, max-exposure-compensation=4, max-num-focus-areas=0, max-num-metering-areas=0, max-zoom=30, mce-values=enable,disable, mce=enable, metering-areas=(-1000,-1000,1000,1000,1000), min-exposure-compensation=-4, num-snaps-per-shutter=1, picture-format-values=jpeg,raw, picture-format=jpeg, picture-size-values=3264x2448,3264x1968,2048x1536,2048x1232,800x480,640x480, picture-size=3264x2448, preferred-preview-size-for-video=176x144, preview-format-values=yuv420sp,yuv420sp-adreno,yuv420p, preview-format=yuv420sp, preview-fps-range-values=(14000,30000), preview-fps-range=14000,30000, preview-frame-rate-mode=frame-rate-auto, preview-frame-rate-values=15,30, preview-frame-rate=30, preview-size-values=1280x720,800x480,720x480,640x480,320x240,176x144, preview-size=640x480, record-size=, recording-hint=false, redeye-reduction-values=enable,disable, redeye-reduction=disable, saturation-max=10, scene-detect-values=off,on, scene-detect=off, scene-mode-values=auto,portrait,landscape,night,beach,snow,sunset,fireworks,sports,party,candlelight,dusk-dawn,fall-color,back-light,text, scene-mode=auto, selectable-zone-af-values=auto,spot-metering,center-weighted,frame-average, selectable-zone-af=auto, sharpness-max=30, skinToneEnhancement-values=enable,disable, skinToneEnhancement=disable, strtextures=OFF, touch-af-aec-values=touch-off,touch-on, touch-af-aec=touch-off, touchAfAec-dx=100, touchAfAec-dy=100, vertical-view-angle=47.1, video-frame-format=yuv420sp, video-size-values=1920x1080,1280x720,720x480,640x480,320x240,176x144, video-size=, video-snapshot-supported=false, video-zoom-support=true, whitebalance-values=auto,incandescent,fluorescent,daylight,cloudy-daylight, whitebalance=auto, zoom-ratios=100,102,104,109,111,113,119,121,124,131,134,138,146,150,155,159,165,170,182,189,200,213,222,232,243,255,283,300,319,364,400, zoom-supported=true, zoom=0, zsl-values=off,on, zsl=off]
E/QualcommCamera(  179): Qint android::set_parameters(camera_device*, const char*): E
V/QualcommCameraHardware(  179): setParameters:E 
I/QualcommCameraHardware(  179): ZSL is enabled  0
V/QualcommCameraHardware(  179): fps same as previous fps (30 fps)
E/QualcommCameraHardware(  179): setPreviewSize (mVtMode=0) : requested preview size 640 x 480
E/QualcommCameraHardware(  179): Requested record size : NULL
E/QualcommCameraHardware(  179): Requested video size : NULL
I/QualcommCameraHardware(  179): setRecordSize: preview dimensions: 640x480
V/QualcommCameraHardware(  179): No Record Size requested, use the preview dimensions
I/QualcommCameraHardware(  179): setRecordSize: video dimensions: 640x480
V/QualcommCameraHardware(  179): setPreviewFormat : 1
V/QualcommCameraHardware(  179): requested picture size 3264 x 2448
V/QualcommCameraHardware(  179): setPictureFormat : jpeg 
V/QualcommCameraHardware(  179):  setJpegQuality E : quality= 90
V/QualcommCameraHardware(  179): native_set_ext_config E (cmd = 21)
V/QualcommCameraHardware(  179): requested jpeg thumbnail size 320 x 240
V/QualcommCameraHardware(  179):  setSceneMode E : auto
V/QualcommCameraHardware(  179): setWhiteBalance E : auto
V/QualcommCameraHardware(  179):  setFlash E : auto 
V/QualcommCameraHardware(  179): WDR(Auto Contrast) E: -1, ord_wdr = -1
V/QualcommCameraHardware(  179): setParameters X: success
W/WVMExtractor(  179): Failed to open libwvm.so
W/QComExtractorFactory(  179): Didn't match the sniff <=== status = 5 
E/QualcommCamera(  179): Qint android::preview_enabled(camera_device*): E
E/QualcommCameraHardware(  179):  : mCameraRunning : 0 mPreviewWindow = 0
E/QualcommCamera(  179): Qint android::set_preview_window(camera_device*, preview_stream_ops*): E window = 0x16c0cd8
E/QualcommCameraHardware(  179): : set_preview_window
V/QualcommCameraHardware(  179):  setPreviewWindow: E 
V/QualcommCameraHardware(  179):  setPreviewWindow : X 
V/camera  ( 1595): startPreview
E/QualcommCamera(  179): Qint android::preview_enabled(camera_device*): E
