I/Adreno200-EGLSUB(  176): <GetImageAttributes:1102>: RGBA_8888
I/Adreno200-EGLSUB(  176): <CreateImage:893>: Android Image
I/Adreno200-EGLSUB(  176): <GetImageAttributes:1102>: RGBA_8888
I/Adreno200-EGLSUB(  176): <CreateImage:893>: Android Image
I/Adreno200-EGLSUB(  176): <GetImageAttributes:1102>: RGBA_8888
I//system/bin/fsck_msdos(  170): ** Phase 4 - Checking for Lost Files
D/MediaProvider(  658): object removed 11960
D/MediaProvider(  658): object removed 11961
D/MediaProvider(  658): object removed 11962
D/MediaProvider(  658): object removed 11963
D/MediaProvider(  658): object removed 11964
D/MediaProvider(  658): object removed 11965
D/MediaProvider(  658): object removed 11966
D/MediaProvider(  658): object removed 11967
D/MediaProvider(  658): object removed 11968
D/MediaProvider(  658): object removed 11969
D/MediaProvider(  658): object removed 11970
D/MediaProvider(  658): object removed 11971
D/MediaProvider(  658): object removed 11972
I//system/bin/fsck_msdos(  170): Next free cluster in FSInfo block (217586) not free
I//system/bin/fsck_msdos(  170): FIXED
I//system/bin/fsck_msdos(  170): 22373 files, 1294512 free (80907 clusters)
D/MediaProvider(  658): object removed 11973
D/MediaProvider(  658): object removed 11974
D/MediaProvider(  658): object removed 11975
D/MediaProvider(  658): object removed 11976
D/MediaProvider(  658): object removed 11977
D/MediaProvider(  658): object removed 11978
D/MediaProvider(  658): object removed 11979
D/MediaProvider(  658): object removed 11980
D/MediaProvider(  658): object removed 11981
D/memalloc( 1418): ion: Unmapping buffer  base:0x5df17000 size:991232
D/memalloc( 1418): ion: Unmapping buffer  base:0x5f1ac000 size:991232
D/memalloc( 1418): ion: Unmapping buffer  base:0x6071e000 size:991232
D/memalloc( 1418): ion: Unmapping buffer  base:0x60810000 size:991232
D/memalloc(  176): ion: Freeing buffer base:0x42794000 size:991232 fd:37
D/memalloc(  176): ion: Unmapping buffer  base:0x42794000 size:991232
D/memalloc(  176): ion: Freeing buffer base:0x4371a000 size:991232 fd:100
D/memalloc(  176): ion: Unmapping buffer  base:0x4371a000 size:991232
D/memalloc(  176): ion: Freeing buffer base:0x438cd000 size:991232 fd:103
D/memalloc(  176): ion: Unmapping buffer  base:0x438cd000 size:991232
D/MediaProvider(  658): object removed 11982
D/MediaProvider(  658): object removed 11983
D/MediaProvider(  658): object removed 11984
D/MediaProvider(  658): object removed 11985
D/MediaProvider(  658): object removed 11986
D/MediaProvider(  658): object removed 11987
D/MediaProvider(  658): object removed 11988
D/MediaProvider(  658): object removed 11989
D/MediaProvider(  658): object removed 11990
D/MediaProvider(  658): object removed 11991
D/MediaProvider(  658): object removed 11992
D/memalloc(  176): ion: Allocated buffer base:0x42794000 size:991232 fd:37
D/memalloc( 1418): ion: Mapped buffer base:0x5de17000 size:991232 offset:0 fd:86
D/MediaProvider(  658): object removed 11993
W/WindowManager(  500): Failure taking screenshot for (328x583) to layer 21025
D/MediaProvider(  658): object removed 11994
I/Adreno200-EGLSUB(  176): <CreateImage:893>: Android Image
I/Adreno200-EGLSUB(  176): <GetImageAttributes:1102>: RGBA_8888
D/memalloc(  176): ion: Freeing buffer base:0x42f91000 size:991232 fd:48
D/memalloc(  176): ion: Unmapping buffer  base:0x42f91000 size:991232
D/memalloc( 1418): ion: Unmapping buffer  base:0x5de17000 size:991232
W/OrientationEventListener( 1418): Cannot detect sensors. Invalid disable
E/AudioHardwareMSM8660(  179): write(): dec_id = 1 cur_rx = 2
E/AudioHardwareMSM8660(  179): cur_rx for pcm playback = 2
E/AudioHardwareMSM8660(  179): value of device and enable is 2 1 ALSA dev id:2
D/MediaProvider(  658): object removed 11995
D/MediaProvider(  658): object removed 11996
D/MediaProvider(  658): object removed 11997
D/MediaProvider(  658): object removed 11998
D/MediaProvider(  658): object removed 11999
D/MediaProvider(  658): object removed 12000
D/MediaProvider(  658): object removed 12001
D/MediaProvider(  658): object removed 12002
D/MediaProvider(  658): object removed 12003
D/MediaProvider(  658): object removed 12004
D/memalloc( 1418): ion: Unmapping buffer  base:0x5e6a3000 size:1884160
D/memalloc( 1418): ion: Unmapping buffer  base:0x5f2ce000 size:1884160
D/memalloc( 1418): ion: Unmapping buffer  base:0x5f4aa000 size:1884160
D/memalloc( 1418): ion: Unmapping buffer  base:0x60452000 size:1884160
D/memalloc(  176): ion: Freeing buffer base:0x42d0a000 size:1884160 fd:45
D/memalloc(  176): ion: Unmapping buffer  base:0x42d0a000 size:1884160
D/memalloc(  176): ion: Freeing buffer base:0x430a6000 size:1884160 fd:57
D/memalloc(  176): ion: Unmapping buffer  base:0x430a6000 size:1884160
D/memalloc(  176): ion: Freeing buffer base:0x4345c000 size:1884160 fd:52
D/memalloc(  176): ion: Unmapping buffer  base:0x4345c000 size:1884160
D/MediaProvider(  658): object removed 12005
D/MediaProvider(  658): object removed 12006
D/MediaProvider(  658): object removed 12007
D/MediaProvider(  658): object removed 12008
D/MediaProvider(  658): object removed 12009
D/MediaProvider(  658): object removed 12010
D/MediaProvider(  658): object removed 12011
D/MediaProvider(  658): object removed 12012
D/MediaProvider(  658): object removed 12013
D/MediaProvider(  658): object removed 12014
D/MediaProvider(  658): object removed 12015
D/MediaProvider(  658): object removed 12016
D/MediaProvider(  658): object removed 12017
D/MediaProvider(  658): object removed 12018
D/MediaProvider(  658): object removed 12019
D/MediaProvider(  658): object removed 12020
D/MediaProvider(  658): object removed 12021
D/MediaProvider(  658): object removed 12022
D/MediaProvider(  658): object removed 12023
D/MediaProvider(  658): object removed 12024
D/MediaProvider(  658): object removed 12025
D/MediaProvider(  658): object removed 12026
D/MediaProvider(  658): object removed 12027
D/MediaProvider(  658): object removed 12028
D/MediaProvider(  658): object removed 12029
D/MediaProvider(  658): object removed 12030
D/MediaProvider(  658): object removed 12031
D/MediaProvider(  658): object removed 12032
D/MediaProvider(  658): object removed 12033
D/MediaProvider(  658): object removed 12034
D/MediaProvider(  658): object removed 12035
D/MediaProvider(  658): object removed 12036
D/MediaProvider(  658): object removed 12037
D/MediaProvider(  658): object removed 12038
D/MediaProvider(  658): object removed 12039
D/MediaProvider(  658): object removed 12040
I/Vold    (  170): Filesystem check completed OK
D/MediaProvider(  658): object removed 12041
D/MediaProvider(  658): object removed 12042
D/MediaProvider(  658): object removed 12043
I/Vold    (  170): Device /dev/block/vold/179:28, target /storage/sdcard0 mounted @ /mnt/secure/staging
D/Vold    (  170): Volume sdcard state changing 3 (Checking) -> 4 (Mounted)
D/MountService(  500): volume state changed for /storage/sdcard0 (checking -> mounted)
I/PackageManager(  500): Updating external media status from unmounted to mounted
D/ACDB-LOADER(  179): ACDB -> send_audio_cal, acdb_id = 2, path =  0
D/ACDB-LOADER(  179): ACDB -> send_adm_topology
D/ACDB-LOADER(  179): ACDB -> ACDB_CMD_GET_AUDPROC_COMMON_TOPOLOGY_ID
D/ACDB-LOADER(  179): ACDB -> send_audtable
D/ACDB-LOADER(  179): ACDB samplerate = 256
D/ACDB-LOADER(  179): ACDB -> ACDB_CMD_GET_AUDPROC_COMMON_TABLE
D/ACDB-LOADER(  179): ACDB -> AUDIO_SET_AUDPROC_CAL
D/ACDB-LOADER(  179): ACDB -> send_audvoltable
D/ACDB-LOADER(  179): ACDB -> ACDB_CMD_GET_AUDPROC_GAIN_DEP_VOLTBL_STEP_COPP
D/ACDB-LOADER(  179): ACDB -> AUDIO_SET_AUDPROC_VOL_CAL
E/VoldConnector(  500): NDC Command {4 volume mount /storage/sdcard0} took too long (16071ms)
D/VoldCmdListener(  170): asec list
I/StorageNotification(  597): Media {/storage/sdcard0} state changed from {checking} -> {mounted} (primary = true)
D/PhoneStatusBar(  597): addNotification score=0
D/MountService(  500): sendStorageIntent Intent { act=android.intent.action.MEDIA_MOUNTED dat=file:///storage/sdcard0 (has extras) }
D/AudioHardwareMSM8660(  179): addToTable stream 1
D/MediaScannerReceiver(  658): action: android.intent.action.MEDIA_MOUNTED path: /storage/sdcard0
D/MediaProvider(  658): object removed 12044
D/MediaProvider(  658): object removed 12045
D/MediaProvider(  658): object removed 12046
D/MediaProvider(  658): object removed 12047
D/MediaProvider(  658): object removed 12048
D/MediaProvider(  658): object removed 12049
D/MediaProvider(  658): object removed 12050
D/MediaProvider(  658): object removed 12051
D/MediaProvider(  658): object removed 12052
D/MediaProvider(  658): object removed 12053
D/MediaProvider(  658): object removed 12054
D/MediaProvider(  658): object removed 12055
I/PackageManager(  500): No secure containers on sdcard
D/MediaProvider(  658): object removed 12056
D/MediaProvider(  658): object removed 12057
D/MediaProvider(  658): object removed 12058
D/MediaProvider(  658): object removed 12059
W/PackageManager(  500): Unknown permission com.google.android.googleapps.permission.GOOGLE_AUTH.mail in package com.android.contacts
W/PackageManager(  500): Unknown permission com.android.launcher.permission.INSTALL_SHORTCUT in package com.android.contacts
W/PackageManager(  500): Unknown permission android.permission.ADD_SYSTEM_SERVICE in package com.android.phone
W/PackageManager(  500): Unknown permission com.google.android.googleapps.permission.GOOGLE_AUTH in package com.android.providers.calendar
W/PackageManager(  500): Unknown permission com.google.android.googleapps.permission.GOOGLE_AUTH.cl in package com.android.providers.calendar
D/MediaProvider(  658): object removed 12060
W/PackageManager(  500): Unknown permission com.google.android.googleapps.permission.GOOGLE_AUTH.mail in package com.android.calendar
W/PackageManager(  500): Not granting permission android.permission.SEND_DOWNLOAD_COMPLETED_INTENTS to package com.android.browser (protectionLevel=2 flags=0x9be45)
W/PackageManager(  500): Unknown permission com.android.launcher.permission.INSTALL_SHORTCUT in package com.android.browser
W/PackageManager(  500): Unknown permission com.google.android.c2dm.permission.RECEIVE in package com.koushikdutta.rommanager
W/PackageManager(  500): Unknown permission com.android.vending.BILLING in package com.koushikdutta.rommanager
W/PackageManager(  500): Unknown permission com.google.android.googleapps.permission.GOOGLE_AUTH in package com.android.settings
W/PackageManager(  500): Unknown permission com.android.launcher.permission.READ_SETTINGS in package com.android.settings
W/PackageManager(  500): Unknown permission com.android.launcher.permission.WRITE_SETTINGS in package com.android.settings
W/PackageManager(  500): Unknown permission com.google.android.googleapps.permission.GOOGLE_AUTH in package com.android.providers.contacts
W/PackageManager(  500): Unknown permission com.google.android.googleapps.permission.GOOGLE_AUTH.cp in package com.android.providers.contacts
W/PackageManager(  500): Unknown permission android.permission.ACCESS_4G_RADIO_DISABLE in package com.android.systemui
W/PackageManager(  500): Unknown permission android.permission.ACCESS_4G_STATE in package com.android.systemui
W/PackageManager(  500): Unknown permission android.permission.CHANGE_4G_STATE in package com.android.systemui
W/PackageManager(  500): Unknown permission com.google.android.googleapps.permission.ACCESS_GOOGLE_PASSWORD in package com.android.development
W/PackageManager(  500): Unknown permission com.google.android.googleapps.permission.GOOGLE_AUTH in package com.android.development
W/PackageManager(  500): Unknown permission com.google.android.googleapps.permission.GOOGLE_AUTH.ALL_SERVICES in package com.android.development
W/PackageManager(  500): Unknown permission com.google.android.googleapps.permission.GOOGLE_AUTH.YouTubeUser in package com.android.development
W/PackageManager(  500): Not granting permission android.permission.DEVICE_POWER to package com.android.deskclock (protectionLevel=2 flags=0x8be45)
I/dalvikvm(  500): Jit: resizing JitTable from 4096 to 8192
W/ActivityManager(  500): Activity pause timeout for ActivityRecord{40ffe408 com.android.gallery3d/com.android.camera.CameraLauncher}
I/Adreno200-EGLSUB( 1372): <ConfigWindowMatch:2078>: Format RGBA_8888.
D/memalloc(  176): ion: Allocated buffer base:0x42d04000 size:3768320 fd:45
D/memalloc( 1372): ion: Mapped buffer base:0x5dce8000 size:3768320 offset:0 fd:47
W/InputMethodManagerService(  500): Window already focused, ignoring focus gain of: com.android.internal.view.IInputMethodClient$Stub$Proxy@410400f8 attribute=null
D/memalloc(  176): ion: Allocated buffer base:0x4345c000 size:3768320 fd:48
D/memalloc( 1372): ion: Mapped buffer base:0x5e708000 size:3768320 offset:0 fd:61
I/Adreno200-EGLSUB(  176): <CreateImage:893>: Android Image
I/Adreno200-EGLSUB(  176): <GetImageAttributes:1102>: RGBA_8888
D/memalloc(  176): ion: Freeing buffer base:0x42794000 size:991232 fd:37
D/memalloc(  176): ion: Unmapping buffer  base:0x42794000 size:991232
E/mm-camera(  179): camera_issue_ctrl_cmd: error (Connection timed out): type 57, length 0, status 3608, fd=29, cmd=1074031876
E/QualcommCameraHardware(  179): native_start_ops: type 2 error Connection timed out
E/QualcommCameraHardware(  179): : Calling CAMERA_OPS_STREAMING_VIDEO 0
I/QualcommCameraHardware(  179): deinitPreview E
I/QualcommCameraHardware(  179): deinitPreview X
I/QualcommCameraHardware(  179): preview_thread X
V/QualcommCameraHardware(  179): relinquishBuffers: E 
E/QualcommCameraHardware(  179):  Cancelling preview buffers 47 
V/QualcommCameraHardware(  179): cam_frame_flush_video: in n = 0
V/QualcommCameraHardware(  179): cam_frame_flush_video: out n = 0
E/QualcommCameraHardware(  179): release preview buffers
E/QualcommCameraHardware(  179): startPreview X: native_start_ops: CAMERA_OPS_STREAMING_PREVIEW ioctl failed!
I/QualcommCameraHardware(  179):  getBuffersAndStartPreview (retVal:-2147483648) : X  
V/QualcommCameraHardware(  179): startPreview X
E/QualcommCamera(  179): Qint android::start_preview(camera_device*): X
E/QualcommCameraHardware(  179):  Cancelling preview buffers 52 
E/QualcommCameraHardware(  179): release preview buffers
E/QualcommCameraHardware(  179):  Cancelling preview buffers 56 
E/QualcommCameraHardware(  179): release preview buffers
E/QualcommCameraHardware(  179):  Cancelling preview buffers 60 
E/QualcommCameraHardware(  179): release preview buffers
E/BufferQueue( 1418): [unnamed-1418-0] cancelBuffer: slot 4 is not owned by the client (state=0)
E/QualcommCameraHardware(  179): release preview buffers
E/BufferQueue( 1418): [unnamed-1418-0] cancelBuffer: slot 5 is not owned by the client (state=0)
E/QualcommCameraHardware(  179): release preview buffers
V/QualcommCameraHardware(  179): relinquishBuffers: X 
E/QualcommCameraHardware(  179): unregistering all preview buffers
I/QualcommCameraHardware(  179): runFrameThread: unregister 9 record buffers with camera driver
V/QualcommCameraHardware(  179): runFrameThread X
D/QualcommCameraHardware(  179): frame_thread X
E/QualcommCamera(  179): Qvoid android::disable_msg_type(camera_device*, int32_t): E
E/QualcommCamera(  179): Qvoid android::disable_msg_type(camera_device*, int32_t): E
E/QualcommCamera(  179): Qvoid android::stop_preview(camera_device*): E
V/QualcommCameraHardware(  179): stopPreview: E
E/QualcommCameraHardware(  179): stopPreview:  Cancelling postview buffer 72 
E/QualcommCameraHardware(  179): stoppreview : display lock
E/QualcommCameraHardware(  179): stopPreview : after cancelling thumbnail buffer
E/QualcommCameraHardware(  179): stoppreview : display unlock
I/QualcommCameraHardware(  179): stopPreviewInternal E: 0
E/QualcommCameraHardware(  179): stopPreviewInternal, mCameraRunning = 0
E/QualcommCameraHardware(  179): stopPreviewInternal, before calling deinitpre mPreviewInitialized = 0
I/QualcommCameraHardware(  179): stopPreviewInternal X: 0
V/QualcommCameraHardware(  179): stopPreview: X
E/QualcommCamera(  179): Qint android::cancel_picture(camera_device*): E
I/QualcommCameraHardware(  179): cancelPicture: E
I/QualcommCameraHardware(  179): cancelPicture: setting mSnapshotCancel to true
I/QualcommCameraHardware(  179): cancelPicture: X: 0
E/QualcommCamera(  179): Qvoid android::release(camera_device*): E
I/QualcommCameraHardware(  179): release E
I/QualcommCameraHardware(  179): release :err_cnt = 0
I/QualcommCameraHardware(  179): release: mCameraRunning = 0
V/QualcommCameraHardware(  179): deinitRaw E
E/QualcommCameraHardware(  179): deinitRaw , clearing/cancelling thumbnail buffers:
E/QualcommCameraHardware(  179): deinitraw : display lock
E/QualcommCameraHardware(  179): deinitRaw:  Cancelling postview buffer 72 
E/BufferQueue( 1418): [unnamed-1418-0] cancelBuffer: slot 6 is not owned by the client (state=0)
E/QualcommCameraHardware(  179): deinitraw : display unlock
V/QualcommCameraHardware(  179): deinitRaw , clearing raw memory and jpeg memory
V/QualcommCameraHardware(  179): deinitRaw X
V/QualcommCameraHardware(  179): deinitRawSnapshot E
E/QualcommCameraHardware(  179): deinitRawSnapshot , clearing/cancelling thumbnail buffers:
E/QualcommCameraHardware(  179): deinitRawSnapshot : display lock
E/QualcommCameraHardware(  179): deinitRawSnapshot:  Cancelling postview buffer 72 
E/BufferQueue( 1418): [unnamed-1418-0] cancelBuffer: slot 6 is not owned by the client (state=0)
E/QualcommCameraHardware(  179): deinitRawSnapshot : display unlock
E/QualcommCameraHardware(  179): deinitRawSnapshot , Unregister and de allocated memory for Raw Snapshot:
V/QualcommCameraHardware(  179): deinitRawSnapshot X 0
I/QualcommCameraHardware(  179): release: clearing resources done.
V/QualcommCameraHardware(  179): release : Clearing the mThumbnailHeap and mDisplayHeap
E/CAM_FD  (  179): cam_conf: CAMERA_EXIT
I/QualcommCameraHardware(  179): release X: mCameraRunning = 0, mFrameThreadRunning = 0
I/QualcommCameraHardware(  179): mVideoThreadRunning = 0, mSnapshotThreadRunning = 0, mJpegThreadRunning = 0
I/QualcommCameraHardware(  179): camframe_timeout_flag = 0, mAutoFocusThreadRunning = 0
E/QualcommCamera(  179): Qint android::set_preview_window(camera_device*, preview_stream_ops*): E window = 0x0
E/QualcommCameraHardware(  179): : set_preview_window
V/QualcommCameraHardware(  179):  setPreviewWindow: E 
W/QualcommCameraHardware(  179):  Setting NULL preview window 
V/QualcommCameraHardware(  179):  setPreviewWindow : X 
E/QualcommCamera(  179): Qint android::set_preview_window(camera_device*, preview_stream_ops*): E window = 0x0
E/QualcommCameraHardware(  179): : set_preview_window
V/QualcommCameraHardware(  179):  setPreviewWindow: E 
W/QualcommCameraHardware(  179):  Setting NULL preview window 
V/QualcommCameraHardware(  179):  setPreviewWindow : X 
D/memalloc(  179): ion: Unmapping buffer  base:0x41e56000 size:462848
D/memalloc(  179): ion: Unmapping buffer  base:0x425e1000 size:462848
D/memalloc(  179): ion: Unmapping buffer  base:0x42b02000 size:462848
D/memalloc(  179): ion: Unmapping buffer  base:0x42cc3000 size:462848
D/memalloc(  179): ion: Unmapping buffer  base:0x42e82000 size:462848
D/memalloc(  179): ion: Unmapping buffer  base:0x42fce000 size:462848
D/memalloc(  179): ion: Unmapping buffer  base:0x431b7000 size:462848
D/memalloc( 1418): ion: Unmapping buffer  base:0x5d022000 size:462848
D/memalloc( 1418): ion: Unmapping buffer  base:0x5d093000 size:462848
D/memalloc( 1418): ion: Unmapping buffer  base:0x5d104000 size:462848
D/memalloc( 1418): ion: Unmapping buffer  base:0x5d175000 size:462848
D/memalloc( 1418): ion: Unmapping buffer  base:0x5d1e6000 size:462848
D/memalloc( 1418): ion: Unmapping buffer  base:0x5d257000 size:462848
D/memalloc( 1418): ion: Unmapping buffer  base:0x5d2c8000 size:462848
I/CameraService(  179): Destroying camera 0
E/QualcommCamera(  179): Qint android::close_camera_device(hw_device_t*): device =0x1681528 E
I/QualcommCamera(  179): void android::close_Hal_obj(camera_device*): E
I/QualcommCamera(  179): void android::close_Hal_obj(camera_device*): clear hw
I/QualcommCameraHardware(  179): ~QualcommCameraHardware E
V/QualcommCameraHardware(  179): ~MMCameraDL: E
E/mm-camera(  179): mm_camera_destroy: controlFd is valid 29 0
V/QualcommCameraHardware(  179): closed MM Camera DL 
V/QualcommCameraHardware(  179): ~MMCameraDL: X
I/QualcommCameraHardware(  179): ~QualcommCameraHardware X
I/QualcommCamera(  179): void android::close_Hal_obj(camera_device*): X
W/dalvikvm( 1418): threadid=13: thread exiting with uncaught exception (group=0x40ac8300)
E/AndroidRuntime( 1418): FATAL EXCEPTION: Camera Handler Thread
E/AndroidRuntime( 1418): java.lang.RuntimeException: startPreview failed
E/AndroidRuntime( 1418): 	at android.hardware.Camera.startPreview(Native Method)
E/AndroidRuntime( 1418): 	at com.android.camera.CameraManager$CameraHandler.handleMessage(CameraManager.java:128)
E/AndroidRuntime( 1418): 	at android.os.Handler.dispatchMessage(Handler.java:99)
E/AndroidRuntime( 1418): 	at android.os.Looper.loop(Looper.java:137)
E/AndroidRuntime( 1418): 	at android.os.HandlerThread.run(HandlerThread.java:60)
W/AudioFlinger(  179): session id 10 not found for pid 179
W/AudioFlinger(  179): session id 11 not found for pid 179
D/dalvikvm(  500): GC_FOR_ALLOC freed 883K, 41% free 7283K/12288K, paused 50ms, total 55ms
D/memalloc(  176): ion: Allocated buffer base:0x437f4000 size:3768320 fd:37
D/memalloc( 1372): ion: Mapped buffer base:0x5faf5000 size:3768320 offset:0 fd:65
I/Adreno200-EGLSUB(  176): <CreateImage:893>: Android Image
I/Adreno200-EGLSUB(  176): <GetImageAttributes:1102>: RGBA_8888
I/ActivityManager(  500): START {act=android.intent.action.MAIN cat=[android.intent.category.LAUNCHER] flg=0x10200000 cmp=com.android.gallery3d/com.android.camera.CameraLauncher u=0} from pid 1372
D/memalloc(  176): ion: Allocated buffer base:0x44484000 size:3768320 fd:53
D/memalloc(  500): ion: Mapped buffer base:0x612bc000 size:3768320 offset:0 fd:232
D/memalloc(  176): ion: Allocated buffer base:0x41fac000 size:544768 fd:58
D/memalloc(  500): ion: Mapped buffer base:0x60a35000 size:544768 offset:0 fd:244
I/Adreno200-EGLSUB(  176): <CreateImage:893>: Android Image
I/Adreno200-EGLSUB(  176): <GetImageAttributes:1102>: RGBA_8888
I/Adreno200-EGLSUB(  176): <CreateImage:893>: Android Image
I/Adreno200-EGLSUB(  176): <GetImageAttributes:1102>: RGBA_8888
D/memalloc( 1372): ion: Unmapping buffer  base:0x5dce8000 size:3768320
D/memalloc( 1372): ion: Unmapping buffer  base:0x5e708000 size:3768320
D/memalloc( 1372): ion: Unmapping buffer  base:0x5faf5000 size:3768320
D/memalloc(  176): ion: Freeing buffer base:0x437f4000 size:3768320 fd:37
D/memalloc(  176): ion: Unmapping buffer  base:0x437f4000 size:3768320
D/memalloc(  176): ion: Freeing buffer base:0x42d04000 size:3768320 fd:45
D/memalloc(  176): ion: Unmapping buffer  base:0x42d04000 size:3768320
D/memalloc(  176): ion: Freeing buffer base:0x4345c000 size:3768320 fd:48
D/memalloc(  176): ion: Unmapping buffer  base:0x4345c000 size:3768320
D/dalvikvm(  500): GC_CONCURRENT freed 777K, 34% free 8221K/12288K, paused 18ms+4ms, total 109ms
D/memalloc(  176): ion: Allocated buffer base:0x425bf000 size:544768 fd:37
D/memalloc(  500): ion: Mapped buffer base:0x60bd5000 size:544768 offset:0 fd:272
I/Adreno200-EGLSUB(  176): <CreateImage:893>: Android Image
I/Adreno200-EGLSUB(  176): <GetImageAttributes:1102>: RGBA_8888
D/memalloc(  176): ion: Allocated buffer base:0x42794000 size:544768 fd:45
D/memalloc(  500): ion: Mapped buffer base:0x61101000 size:544768 offset:0 fd:280
I/Adreno200-EGLSUB(  176): <CreateImage:893>: Android Image
I/Adreno200-EGLSUB(  176): <GetImageAttributes:1102>: RGBA_8888
I/Process ( 1418): Sending signal. PID: 1418 SIG: 9
I/ActivityManager(  500): Process com.android.gallery3d (pid 1418) has died.
W/ActivityManager(  500): Force removing ActivityRecord{40f4ed48 com.android.gallery3d/com.android.camera.CameraLauncher}: app died, no saved state
I/WindowState(  500): WIN DEATH: Window{40fec568 OnScreenHint paused=false}
W/InputDispatcher(  500): channel '40f2bf48 com.android.gallery3d/com.android.camera.CameraLauncher (server)' ~ Consumer closed input channel or an error occurred.  events=0x9
E/InputDispatcher(  500): channel '40f2bf48 com.android.gallery3d/com.android.camera.CameraLauncher (server)' ~ Channel is unrecoverably broken and will be disposed!
W/InputDispatcher(  500): Attempted to unregister already unregistered input channel '40f2bf48 com.android.gallery3d/com.android.camera.CameraLauncher (server)'
D/memalloc(  176): ion: Freeing buffer base:0x41f80000 size:180224 fd:97
D/memalloc(  176): ion: Unmapping buffer  base:0x41f80000 size:180224
D/memalloc(  176): ion: Freeing buffer base:0x4296c000 size:3768320 fd:42
D/memalloc(  176): ion: Unmapping buffer  base:0x4296c000 size:3768320
D/memalloc(  176): ion: Freeing buffer base:0x440ec000 size:3768320 fd:94
D/memalloc(  176): ion: Unmapping buffer  base:0x440ec000 size:3768320
I/WindowState(  500): WIN DEATH: Window{40f2bf48 com.android.gallery3d/com.android.camera.CameraLauncher paused=false}
W/WindowManager(  500): Force-removing child win Window{40fe55d8 SurfaceView paused=false} from container Window{40f2bf48 com.android.gallery3d/com.android.camera.CameraLauncher paused=false}
W/WindowManager(  500): Failed looking up window
W/WindowManager(  500): java.lang.IllegalArgumentException: Requested window android.os.BinderProxy@4105e518 does not exist
W/WindowManager(  500): 	at com.android.server.wm.WindowManagerService.windowForClientLocked(WindowManagerService.java:7675)
W/WindowManager(  500): 	at com.android.server.wm.WindowManagerService.windowForClientLocked(WindowManagerService.java:7666)
W/WindowManager(  500): 	at com.android.server.wm.WindowState$DeathRecipient.binderDied(WindowState.java:854)
W/WindowManager(  500): 	at android.os.BinderProxy.sendDeathNotice(Binder.java:449)
W/WindowManager(  500): 	at com.android.server.SystemServer.init1(Native Method)
W/WindowManager(  500): 	at com.android.server.SystemServer.main(SystemServer.java:990)
W/WindowManager(  500): 	at java.lang.reflect.Method.invokeNative(Native Method)
W/WindowManager(  500): 	at java.lang.reflect.Method.invoke(Method.java:511)
W/WindowManager(  500): 	at com.android.internal.os.ZygoteInit$MethodAndArgsCaller.run(ZygoteInit.java:791)
W/WindowManager(  500): 	at com.android.internal.os.ZygoteInit.main(ZygoteInit.java:558)
W/WindowManager(  500): 	at dalvik.system.NativeStart.main(Native Method)
I/WindowState(  500): WIN DEATH: null
D/memalloc(  176): ion: Freeing buffer base:0x43290000 size:1884160 fd:60
D/memalloc(  176): ion: Unmapping buffer  base:0x43290000 size:1884160
D/memalloc(  176): ion: Freeing buffer base:0x43d54000 size:3768320 fd:63
D/memalloc(  176): ion: Unmapping buffer  base:0x43d54000 size:3768320
I/WindowManager(  500): WINDOW DIED Window{40f2bf48 com.android.gallery3d/com.android.camera.CameraLauncher paused=false}
D/memalloc(  176): ion: Freeing buffer base:0x41e8d000 size:180224 fd:91
D/memalloc(  176): ion: Unmapping buffer  base:0x41e8d000 size:180224
D/memalloc(  500): ion: Unmapping buffer  base:0x612bc000 size:3768320
D/memalloc(  176): ion: Freeing buffer base:0x44484000 size:3768320 fd:53
D/memalloc(  176): ion: Unmapping buffer  base:0x44484000 size:3768320
I/Adreno200-EGLSUB( 1372): <ConfigWindowMatch:2078>: Format RGBA_8888.
D/memalloc(  176): ion: Allocated buffer base:0x42819000 size:3768320 fd:40
D/memalloc( 1372): ion: Mapped buffer base:0x5dce8000 size:3768320 offset:0 fd:47
W/InputMethodManagerService(  500): Window already focused, ignoring focus gain of: com.android.internal.view.IInputMethodClient$Stub$Proxy@4100e9d0 attribute=null
D/memalloc(  176): ion: Allocated buffer base:0x42c3b000 size:3768320 fd:44
D/memalloc( 1372): ion: Mapped buffer base:0x5e230000 size:3768320 offset:0 fd:61
I/Adreno200-EGLSUB(  176): <CreateImage:893>: Android Image
I/Adreno200-EGLSUB(  176): <GetImageAttributes:1102>: RGBA_8888
D/memalloc(  500): ion: Unmapping buffer  base:0x60a35000 size:544768
D/memalloc(  500): ion: Unmapping buffer  base:0x61101000 size:544768
D/memalloc(  176): ion: Freeing buffer base:0x41fac000 size:544768 fd:58
D/memalloc(  176): ion: Unmapping buffer  base:0x41fac000 size:544768
D/memalloc(  176): ion: Freeing buffer base:0x42794000 size:544768 fd:45
D/memalloc(  176): ion: Unmapping buffer  base:0x42794000 size:544768
D/memalloc(  500): ion: Unmapping buffer  base:0x60bd5000 size:544768
D/memalloc(  176): ion: Freeing buffer base:0x425bf000 size:544768 fd:37
D/memalloc(  176): ion: Unmapping buffer  base:0x425bf000 size:544768
E/Adreno200-ES20( 1372): <qgl2DrvAPI_glStartTilingQCOM:176>: GL_INVALID_OPERATION
E/TileRenderer( 1372): glStartTilingQCOM: 0x502
D/memalloc(  176): ion: Allocated buffer base:0x42fd3000 size:3768320 fd:37
D/memalloc( 1372): ion: Mapped buffer base:0x60545000 size:3768320 offset:0 fd:65
I/ActivityManager(  500): START {act=android.intent.action.MAIN cat=[android.intent.category.LAUNCHER] flg=0x10200000 cmp=com.android.gallery3d/com.android.camera.CameraLauncher u=0} from pid 1372
I/Adreno200-EGLSUB(  176): <CreateImage:893>: Android Image
I/Adreno200-EGLSUB(  176): <GetImageAttributes:1102>: RGBA_8888
D/memalloc(  176): ion: Allocated buffer base:0x4336b000 size:3768320 fd:45
D/memalloc(  500): ion: Mapped buffer base:0x612bc000 size:3768320 offset:0 fd:226
I/ActivityManager(  500): Start proc com.android.gallery3d for activity com.android.gallery3d/com.android.camera.CameraLauncher: pid=1530 uid=10018 gids={1006, 3003, 1015, 1028}
I/Adreno200-EGLSUB(  176): <CreateImage:893>: Android Image
I/Adreno200-EGLSUB(  176): <GetImageAttributes:1102>: RGBA_8888
D/ActivityThread( 1530): setTargetHeapUtilization:0.25
D/ActivityThread( 1530): setTargetHeapIdealFree:8388608
D/ActivityThread( 1530): setTargetHeapConcurrentStart:2097152
D/memalloc( 1372): ion: Unmapping buffer  base:0x5dce8000 size:3768320
D/memalloc( 1372): ion: Unmapping buffer  base:0x5e230000 size:3768320
D/memalloc( 1372): ion: Unmapping buffer  base:0x60545000 size:3768320
D/memalloc(  176): ion: Freeing buffer base:0x42fd3000 size:3768320 fd:37
D/memalloc(  176): ion: Unmapping buffer  base:0x42fd3000 size:3768320
D/memalloc(  176): ion: Freeing buffer base:0x42819000 size:3768320 fd:40
D/memalloc(  176): ion: Unmapping buffer  base:0x42819000 size:3768320
I/ActivityThread( 1530): Pub com.android.gallery3d.provider: com.android.gallery3d.provider.GalleryProvider
E/QualcommCamera(  179): Qint android::get_camera_info(int, camera_info*): E
I/QualcommCameraHardware(  179): Found a matching camera info for ID 0
I/QualcommCameraHardware(  179): HAL_getCameraInfo: facing = 0, orientation = 90
E/QualcommCamera(  179): Qint android::get_camera_info(int, camera_info*): E
I/QualcommCameraHardware(  179): Found a matching camera info for ID 1
I/QualcommCameraHardware(  179): HAL_getCameraInfo: facing = 1, orientation = 270
V/CameraHolder( 1530): open camera 0
E/QualcommCamera(  179): Qint android::get_camera_info(int, camera_info*): E
I/QualcommCameraHardware(  179): Found a matching camera info for ID 0
I/QualcommCameraHardware(  179): HAL_getCameraInfo: facing = 0, orientation = 90
I/CameraService(  179): Opening camera 0
E/QualcommCamera(  179): Qint android::camera_device_open(const hw_module_t*, const char*, hw_device_t**): E
I/QualcommCameraHardware(  179): openCameraHardware: call createInstance
I/QualcommCameraHardware(  179): openCameraHardware:Valid camera ID 0
I/QualcommCameraHardware(  179): HAL_openCameraHardware: HAL_currentSnapshotMode = 4 HAL_currentCameraMode = 1
I/QualcommCameraHardware(  179): createInstance: E
I/QualcommCameraHardware(  179): QualcommCameraHardware constructor E
V/QualcommCameraHardware(  179): MMCameraDL: E
V/QualcommCameraHardware(  179): Open MM camera DL libeomcamera loaded at 0x4010d9b8 
V/QualcommCameraHardware(  179): MMCameraDL: X
V/QualcommCameraHardware(  179):  Storing the current target type as 6 
V/QualcommCameraHardware(  179):  ### mDisEnabled = 0 , mVpeEnabled = 1!!! ###
V/QualcommCameraHardware(  179): constructor EX
I/QualcommCameraHardware(  179): createInstance: created hardware=0x168f810
V/QualcommCameraHardware(  179): startCamera E
V/QualcommCameraHardware(  179): loading liboemcamera at 0x4010d9b8
V/QualcommCameraHardware(  179):  openCamera : E
E/mm-camera(  179): mm_camera_exec: controlFd is valid 29 29
D/dalvikvm(  658): GC_CONCURRENT freed 1584K, 80% free 2539K/12288K, paused 13ms+3ms, total 53ms
V/QualcommCameraHardware(  179): openCamera : X
V/QualcommCameraHardware(  179): startCamera X
I/QualcommCameraHardware(  179): initDefaultParameters E
V/QualcommCameraHardware(  179): DISABLE DIS
V/QualcommCameraHardware(  179):  type:main - previewSizeCount = 6 
V/QualcommCameraHardware(  179):  type:main - VideoSizesCount = 6 
V/QualcommCameraHardware(  179):  type:main - zoom set = mMaxZoom :30, zoomSupported:1 
I/QualcommCameraHardware(  179): initDefaultParameters: setting num-snaps-per-shutter to 1
V/QualcommCameraHardware(  179): setParameters:E 
I/QualcommCameraHardware(  179): ZSL is enabled  0
V/QualcommCameraHardware(  179): requested preview frame rate is 30
V/QualcommCameraHardware(  179): setFrameRate: 30 (14000-30000)
V/QualcommCameraHardware(  179): native_set_ext_config E (cmd = 10)
E/QualcommCameraHardware(  179): setPreviewSize (mVtMode=0) : requested preview size 640 x 480
E/QualcommCameraHardware(  179): Requested record size : NULL
E/QualcommCameraHardware(  179): Requested video size : NULL
I/QualcommCameraHardware(  179): setRecordSize: preview dimensions: 640x480
V/QualcommCameraHardware(  179): No Record Size requested, use the preview dimensions
I/QualcommCameraHardware(  179): setRecordSize: video dimensions: 640x480
V/QualcommCameraHardware(  179): setPreviewFormat : 1
V/QualcommCameraHardware(  179): requested picture size 3264 x 2448
V/QualcommCameraHardware(  179): setPictureFormat : jpeg 
V/QualcommCameraHardware(  179): requested jpeg thumbnail size 320 x 240
V/QualcommCameraHardware(  179):  setSceneMode E : auto
V/QualcommCameraHardware(  179): setWhiteBalance E : auto
V/QualcommCameraHardware(  179):  setFlash E : off 
V/QualcommCameraHardware(  179): native_set_ext_config E (cmd = 0)
V/QualcommCameraHardware(  179): WDR(Auto Contrast) E: -1, ord_wdr = -1
V/QualcommCameraHardware(  179): setParameters X: success
V/QualcommCameraHardware(  179): native_get_ext_config 222E (cmd = 33)
V/QualcommCameraHardware(  179): setExifFixAttribute X
I/QualcommCameraHardware(  179): initDefaultParameters X
I/QualcommCameraHardware(  179): createInstance: X
E/QualcommCamera(  179): Qvoid android::set_callbacks(camera_device*, void (*)(int32_t, int32_t, int32_t, void*), void (*)(int32_t, const camera_memory_t*, unsigned int, camera_frame_metadata_t*, void*), void (*)(int64_t, int32_t, const camera_memory_t*, unsigned int, void*), camera_memory_t* (*)(int, size_t, unsigned int, void*), void*): E
E/QualcommCamera(  179): cam_nt_cb =0x0,cam_dt_cb=0x0,cam_dt_timestamp_cb=0x0
I/AwesomePlayer(  179): setDataSource_l('/system/media/audio/ui/camera_click.ogg')
W/WVMExtractor(  179): Failed to open libwvm.so
W/QComExtractorFactory(  179): Didn't match the sniff <=== status = 5 
W/QComExtractorFactory(  179): Didn't match the sniff <=== status = 1 
W/QComExtractorFactory(  179): Didn't match the sniff <=== status = 1 
W/QComExtractorFactory(  179): Didn't match the sniff <=== status = 1 
E/MM_OSAL (  179): FileSourceHelper::ValidateAACFile failed
W/QComExtractorFactory(  179): Didn't match the sniff <=== status = 1 
I/AwesomePlayer(  179): setDataSource_l('/system/media/audio/ui/VideoRecord.ogg')
V/StateManager( 1530): startState class com.android.gallery3d.app.PhotoPage
W/WVMExtractor(  179): Failed to open libwvm.so
W/QComExtractorFactory(  179): Didn't match the sniff <=== status = 5 
W/QComExtractorFactory(  179): Didn't match the sniff <=== status = 1 
W/QComExtractorFactory(  179): Didn't match the sniff <=== status = 1 
W/QComExtractorFactory(  179): Didn't match the sniff <=== status = 1 
E/MM_OSAL (  179): FileSourceHelper::ValidateAACFile failed
W/QComExtractorFactory(  179): Didn't match the sniff <=== status = 1 
D/memalloc(  176): ion: Freeing buffer base:0x42c3b000 size:3768320 fd:44
D/memalloc(  176): ion: Unmapping buffer  base:0x42c3b000 size:3768320
D/OrientationManager( 1530): lock orientation to portrait
E/QualcommCamera(  179): Qchar* android::get_parameters(camera_device*): E
V/QualcommCameraHardware(  179): getParameters: EX
E/QualcommCamera(  179): get_parameters X
E/QualcommCamera(  179): Qvoid android::put_parameters(camera_device*, char*): E
E/QualcommCamera(  179): put_parameters X
E/QualcommCamera(  179): Qchar* android::get_parameters(camera_device*): E
V/QualcommCameraHardware(  179): getParameters: EX
E/QualcommCamera(  179): get_parameters X
E/QualcommCamera(  179): Qvoid android::put_parameters(camera_device*, char*): E
E/QualcommCamera(  179): put_parameters X
E/QualcommCamera(  179): Qchar* android::get_parameters(camera_device*): E
V/QualcommCameraHardware(  179): getParameters: EX
E/QualcommCamera(  179): get_parameters X
E/QualcommCamera(  179): Qvoid android::put_parameters(camera_device*, char*): E
E/QualcommCamera(  179): put_parameters X
V/camera  ( 1530): Preview size is 640x480
V/camera  ( 1530): mSceneMode auto
V/camera  ( 1530): Color effect value =none
V/camera  ( 1530): autoExposure value =center
V/camera  ( 1530): antiBanding value =auto
D/CameraSettings( 1530): Parameters: [antibanding-values=off,50hz,60hz,auto, antibanding=auto, auto-exposure=frame-average, cam_mode=0, camera-mode=0, contrast-max=10, denoise-values=denoise-off,denoise-on, denoise=denoise-off, effect-values=none,mono,negative,sepia,aqua, effect=none, exposure-compensation-step=0.5, exposure-compensation=0, face-detection-values=, face-detection=off, flash-mode-values=off,auto,on,torch, flash-mode=auto, focal-length=3.97, focus-areas=(-1000,-1000,1000,1000,1000), focus-distances=0.15,1.20,Infinity, focus-mode-values=auto,infinity,macro,fixed,continuous-video,facedetect, focus-mode=auto, full-video-snap-supported=false, hdr-values=enable,disable, hdr=disable, histogram-values=enable,disable, histogram=disable, horizontal-view-angle=60.5, iso-values=auto,50,100,200,400,800,1600, iso=auto, jpeg-quality=90, jpeg-thumbnail-height=240, jpeg-thumbnail-quality=90, jpeg-thumbnail-size-values=320x240,400x240,160x120,0x0, jpeg-thumbnail-width=320, lensshade-values=enable,disable, lensshade=enable, luma-adaptation=3, max-exposure-compensation=4, max-num-focus-areas=0, max-num-metering-areas=0, max-zoom=30, mce-values=enable,disable, mce=enable, metering-areas=(-1000,-1000,1000,1000,1000), min-exposure-compensation=-4, num-snaps-per-shutter=1, picture-format-values=jpeg,raw, picture-format=jpeg, picture-size-values=3264x2448,3264x1968,2048x1536,2048x1232,800x480,640x480, picture-size=3264x2448, preferred-preview-size-for-video=176x144, preview-format-values=yuv420sp,yuv420sp-adreno,yuv420p, preview-format=yuv420sp, preview-fps-range-values=(14000,30000), preview-fps-range=14000,30000, preview-frame-rate-mode=frame-rate-auto, preview-frame-rate-values=15,30, preview-frame-rate=30, preview-size-values=1280x720,800x480,720x480,640x480,320x240,176x144, preview-size=640x480, record-size=, recording-hint=false, redeye-reduction-values=enable,disable, redeye-reduction=disable, saturation-max=10, scene-detect-values=off,on, scene-detect=off, scene-mode-values=auto,portrait,landscape,night,beach,snow,sunset,fireworks,sports,party,candlelight,dusk-dawn,fall-color,back-light,text, scene-mode=auto, selectable-zone-af-values=auto,spot-metering,center-weighted,frame-average, selectable-zone-af=auto, sharpness-max=30, skinToneEnhancement-values=enable,disable, skinToneEnhancement=disable, strtextures=OFF, touch-af-aec-values=touch-off,touch-on, touch-af-aec=touch-off, touchAfAec-dx=100, touchAfAec-dy=100, vertical-view-angle=47.1, video-frame-format=yuv420sp, video-size-values=1920x1080,1280x720,720x480,640x480,320x240,176x144, video-size=, video-snapshot-supported=false, video-zoom-support=true, whitebalance-values=auto,incandescent,fluorescent,daylight,cloudy-daylight, whitebalance=auto, zoom-ratios=100,102,104,109,111,113,119,121,124,131,134,138,146,150,155,159,165,170,182,189,200,213,222,232,243,255,283,300,319,364,400, zoom-supported=true, zoom=0, zsl-values=off,on, zsl=off]
E/QualcommCamera(  179): Qint android::set_parameters(camera_device*, const char*): E
V/QualcommCameraHardware(  179): setParameters:E 
I/QualcommCameraHardware(  179): ZSL is enabled  0
V/QualcommCameraHardware(  179): fps same as previous fps (30 fps)
E/QualcommCameraHardware(  179): setPreviewSize (mVtMode=0) : requested preview size 640 x 480
E/QualcommCameraHardware(  179): Requested record size : NULL
E/QualcommCameraHardware(  179): Requested video size : NULL
I/QualcommCameraHardware(  179): setRecordSize: preview dimensions: 640x480
V/QualcommCameraHardware(  179): No Record Size requested, use the preview dimensions
I/QualcommCameraHardware(  179): setRecordSize: video dimensions: 640x480
V/QualcommCameraHardware(  179): setPreviewFormat : 1
V/QualcommCameraHardware(  179): requested picture size 3264 x 2448
V/QualcommCameraHardware(  179): setPictureFormat : jpeg 
V/QualcommCameraHardware(  179):  setJpegQuality E : quality= 90
V/QualcommCameraHardware(  179): native_set_ext_config E (cmd = 21)
V/QualcommCameraHardware(  179): requested jpeg thumbnail size 320 x 240
V/QualcommCameraHardware(  179):  setSceneMode E : auto
V/QualcommCameraHardware(  179): setWhiteBalance E : auto
V/QualcommCameraHardware(  179):  setFlash E : auto 
V/QualcommCameraHardware(  179): native_set_ext_config E (cmd = 0)
V/QualcommCameraHardware(  179): WDR(Auto Contrast) E: -1, ord_wdr = -1
V/QualcommCameraHardware(  179): setParameters X: success
E/QualcommCamera(  179): Qint android::get_camera_info(int, camera_info*): E
I/QualcommCameraHardware(  179): Found a matching camera info for ID 0
I/QualcommCameraHardware(  179): HAL_getCameraInfo: facing = 0, orientation = 90
E/QualcommCamera(  179): Qint android::get_camera_info(int, camera_info*): E
I/QualcommCameraHardware(  179): Found a matching camera info for ID 0
I/QualcommCameraHardware(  179): HAL_getCameraInfo: facing = 0, orientation = 90
V/camera  ( 1530): Preview size is 640x480
V/camera  ( 1530): mSceneMode auto
V/camera  ( 1530): Color effect value =none
V/camera  ( 1530): autoExposure value =center
V/camera  ( 1530): antiBanding value =auto
D/CameraSettings( 1530): Parameters: [antibanding-values=off,50hz,60hz,auto, antibanding=auto, auto-exposure=frame-average, cam_mode=0, camera-mode=0, contrast-max=10, denoise-values=denoise-off,denoise-on, denoise=denoise-off, effect-values=none,mono,negative,sepia,aqua, effect=none, exposure-compensation-step=0.5, exposure-compensation=0, face-detection-values=, face-detection=off, flash-mode-values=off,auto,on,torch, flash-mode=auto, focal-length=3.97, focus-areas=(-1000,-1000,1000,1000,1000), focus-distances=0.15,1.20,Infinity, focus-mode-values=auto,infinity,macro,fixed,continuous-video,facedetect, focus-mode=auto, full-video-snap-supported=false, hdr-values=enable,disable, hdr=disable, histogram-values=enable,disable, histogram=disable, horizontal-view-angle=60.5, iso-values=auto,50,100,200,400,800,1600, iso=auto, jpeg-quality=90, jpeg-thumbnail-height=240, jpeg-thumbnail-quality=90, jpeg-thumbnail-size-values=320x240,400x240,160x120,0x0, jpeg-thumbnail-width=320, lensshade-values=enable,disable, lensshade=enable, luma-adaptation=3, max-exposure-compensation=4, max-num-focus-areas=0, max-num-metering-areas=0, max-zoom=30, mce-values=enable,disable, mce=enable, metering-areas=(-1000,-1000,1000,1000,1000), min-exposure-compensation=-4, num-snaps-per-shutter=1, picture-format-values=jpeg,raw, picture-format=jpeg, picture-size-values=3264x2448,3264x1968,2048x1536,2048x1232,800x480,640x480, picture-size=3264x2448, preferred-preview-size-for-video=176x144, preview-format-values=yuv420sp,yuv420sp-adreno,yuv420p, preview-format=yuv420sp, preview-fps-range-values=(14000,30000), preview-fps-range=14000,30000, preview-frame-rate-mode=frame-rate-auto, preview-frame-rate-values=15,30, preview-frame-rate=30, preview-size-values=1280x720,800x480,720x480,640x480,320x240,176x144, preview-size=640x480, record-size=, recording-hint=false, redeye-reduction-values=enable,disable, redeye-reduction=disable, saturation-max=10, scene-detect-values=off,on, scene-detect=off, scene-mode-values=auto,portrait,landscape,night,beach,snow,sunset,fireworks,sports,party,candlelight,dusk-dawn,fall-color,back-light,text, scene-mode=auto, selectable-zone-af-values=auto,spot-metering,center-weighted,frame-average, selectable-zone-af=auto, sharpness-max=30, skinToneEnhancement-values=enable,disable, skinToneEnhancement=disable, strtextures=OFF, touch-af-aec-values=touch-off,touch-on, touch-af-aec=touch-off, touchAfAec-dx=100, touchAfAec-dy=100, vertical-view-angle=47.1, video-frame-format=yuv420sp, video-size-values=1920x1080,1280x720,720x480,640x480,320x240,176x144, video-size=, video-snapshot-supported=false, video-zoom-support=true, whitebalance-values=auto,incandescent,fluorescent,daylight,cloudy-daylight, whitebalance=auto, zoom-ratios=100,102,104,109,111,113,119,121,124,131,134,138,146,150,155,159,165,170,182,189,200,213,222,232,243,255,283,300,319,364,400, zoom-supported=true, zoom=0, zsl-values=off,on, zsl=off]
E/QualcommCamera(  179): Qint android::set_parameters(camera_device*, const char*): E
V/QualcommCameraHardware(  179): setParameters:E 
I/QualcommCameraHardware(  179): ZSL is enabled  0
V/QualcommCameraHardware(  179): fps same as previous fps (30 fps)
E/QualcommCameraHardware(  179): setPreviewSize (mVtMode=0) : requested preview size 640 x 480
E/QualcommCameraHardware(  179): Requested record size : NULL
E/QualcommCameraHardware(  179): Requested video size : NULL
I/QualcommCameraHardware(  179): setRecordSize: preview dimensions: 640x480
V/QualcommCameraHardware(  179): No Record Size requested, use the preview dimensions
I/QualcommCameraHardware(  179): setRecordSize: video dimensions: 640x480
V/QualcommCameraHardware(  179): setPreviewFormat : 1
V/QualcommCameraHardware(  179): requested picture size 3264 x 2448
V/QualcommCameraHardware(  179): setPictureFormat : jpeg 
V/QualcommCameraHardware(  179):  setJpegQuality E : quality= 90
V/QualcommCameraHardware(  179): native_set_ext_config E (cmd = 21)
V/QualcommCameraHardware(  179): requested jpeg thumbnail size 320 x 240
V/QualcommCameraHardware(  179):  setSceneMode E : auto
V/QualcommCameraHardware(  179): setWhiteBalance E : auto
V/QualcommCameraHardware(  179):  setFlash E : auto 
V/QualcommCameraHardware(  179): WDR(Auto Contrast) E: -1, ord_wdr = -1
V/QualcommCameraHardware(  179): setParameters X: success
W/OrientationEventListener( 1530): Cannot detect sensors. Not enabled
V/camera  ( 1530): startPreview
E/QualcommCamera(  179): Qint android::preview_enabled(camera_device*): E
E/QualcommCameraHardware(  179):  : mCameraRunning : 0 mPreviewWindow = 0
E/QualcommCamera(  179): Qint android::set_preview_window(camera_device*, preview_stream_ops*): E window = 0x1683648
E/QualcommCameraHardware(  179): : set_preview_window
V/QualcommCameraHardware(  179):  setPreviewWindow: E 
V/QualcommCameraHardware(  179):  setPreviewWindow : X 
E/QualcommCamera(  179): Qint android::preview_enabled(camera_device*): E
E/QualcommCameraHardware(  179):  : mCameraRunning : 0 mPreviewWindow = 1683648
E/QualcommCamera(  179): Qint android::set_preview_window(camera_device*, preview_stream_ops*): E window = 0x1683648
E/QualcommCameraHardware(  179): : set_preview_window
V/QualcommCameraHardware(  179):  setPreviewWindow: E 
V/QualcommCameraHardware(  179):  setPreviewWindow : X 
E/QualcommCamera(  179): Qint android::start_preview(camera_device*): E
V/QualcommCameraHardware(  179): startPreview E
V/QualcommCameraHardware(  179):  startPreview : Starting normal preview 
I/QualcommCameraHardware(  179):  getBuffersAndStartPreview : E 
V/QualcommCameraHardware(  179): getBuffersAndStartPreview: Calling native_window_set_buffer
E/QualcommCameraHardware(  179): getBuffersAndStartPreview:START Register PreviewBuffer (mTotalPreviewBufferCount = 6)
D/memalloc(  176): ion: Allocated buffer base:0x41f80000 size:462848 fd:37
D/memalloc( 1530): ion: Mapped buffer base:0x5d436000 size:462848 offset:0 fd:50
D/memalloc(  176): ion: Freeing buffer base:0x41f80000 size:462848 fd:37
D/memalloc(  176): ion: Unmapping buffer  base:0x41f80000 size:462848
D/memalloc(  179): ion: Mapped buffer base:0x426e1000 size:462848 offset:0 fd:47
E/QualcommCameraHardware(  179): Handle 0x16b35a0, Fd passed:47, Base:0x426e1000, Size 0x71000
E/QualcommCameraHardware(  179): Got the following from get_mem data: 0x42880000, handle :23686480, release : 0x404abc05, size: 462848
E/QualcommCameraHardware(  179): Registering buffer 0 with fd :47 with kernel
E/mm-camera(  179): camera_issue_command2: register_buffers error (Invalid argument), fd=29, cmd=1074031874
E/QualcommCameraHardware(  179): native_start_ops: type 11 error Invalid argument
E/QualcommCameraHardware(  179): Came back from register call to kernel
D/memalloc(  176): ion: Allocated buffer base:0x41f80000 size:462848 fd:37
D/memalloc( 1530): ion: Mapped buffer base:0x5d4a7000 size:462848 offset:0 fd:54
D/memalloc(  176): ion: Freeing buffer base:0x41f80000 size:462848 fd:37
D/memalloc(  176): ion: Unmapping buffer  base:0x41f80000 size:462848
D/memalloc(  179): ion: Mapped buffer base:0x42a2c000 size:462848 offset:0 fd:55
E/QualcommCameraHardware(  179): Handle 0x16b3788, Fd passed:55, Base:0x42a2c000, Size 0x71000
E/QualcommCameraHardware(  179): Got the following from get_mem data: 0x42cdd000, handle :23804000, release : 0x404abc05, size: 462848
E/QualcommCameraHardware(  179): Registering buffer 1 with fd :55 with kernel
